#
# There is insufficient memory for the Java Runtime Environment to continue.
# Native memory allocation (malloc) failed to allocate 1712496 bytes. Error detail: Chunk::new
# Possible reasons:
#   The system is out of physical RAM or swap space
#   This process is running with CompressedOops enabled, and the Java Heap may be blocking the growth of the native heap
# Possible solutions:
#   Reduce memory load on the system
#   Increase physical memory or swap space
#   Check if swap backing store is full
#   Decrease Java heap size (-Xmx/-Xms)
#   Decrease number of Java threads
#   Decrease Java thread stack sizes (-Xss)
#   Set larger code cache with -XX:ReservedCodeCacheSize=
#   JVM is running with Unscaled Compressed Oops mode in which the Java heap is
#     placed in the first 4GB address space. The Java Heap base address is the
#     maximum limit for the native heap growth. Please use -XX:HeapBaseMinAddress
#     to set the Java Heap base and to place the Java Heap above 4GB virtual address.
# This output file may be truncated or incomplete.
#
#  Out of Memory Error (arena.cpp:168), pid=30116, tid=27080
#
# JRE version: OpenJDK Runtime Environment Temurin-21.0.11+10 (21.0.11+10) (build 21.0.11+10-LTS)
# Java VM: OpenJDK 64-Bit Server VM Temurin-21.0.11+10 (21.0.11+10-LTS, mixed mode, sharing, tiered, compressed oops, compressed class ptrs, g1 gc, windows-amd64)
# No core dump will be written. Minidumps are not enabled by default on client versions of Windows
#

---------------  S U M M A R Y ------------

Command Line: --add-opens=java.base/java.util=ALL-UNNAMED --add-opens=java.base/java.lang=ALL-UNNAMED --add-opens=java.base/java.lang.invoke=ALL-UNNAMED --add-opens=java.prefs/java.util.prefs=ALL-UNNAMED --add-exports=jdk.compiler/com.sun.tools.javac.api=ALL-UNNAMED --add-exports=jdk.compiler/com.sun.tools.javac.util=ALL-UNNAMED --add-opens=java.base/java.nio.charset=ALL-UNNAMED --add-opens=java.base/java.net=ALL-UNNAMED --add-opens=java.base/java.util.concurrent.atomic=ALL-UNNAMED -XX:MaxMetaspaceSize=384m -XX:+HeapDumpOnOutOfMemoryError -Xms256m -Xmx512m -Dfile.encoding=utf8 -Duser.country=ZW -Duser.language=en -Duser.variant -javaagent:C:\Users\USER\.gradle\wrapper\dists\gradle-8.9-bin\90cnw93cvbtalezasaz0blq0a\gradle-8.9\lib\agents\gradle-instrumentation-agent-8.9.jar org.gradle.launcher.daemon.bootstrap.GradleDaemon 8.9

Host: 13th Gen Intel(R) Core(TM) i3-1315U, 8 cores, 7G,  Windows 11 , 64 bit Build 26100 (10.0.26100.8521)
Time: Tue Jul 14 12:37:32 2026 South Africa Standard Time elapsed time: 172.396140 seconds (0d 0h 2m 52s)

---------------  T H R E A D  ---------------

Current thread (0x000001f37f441480):  JavaThread "C2 CompilerThread0" daemon [_thread_in_native, id=27080, stack(0x000000a601a00000,0x000000a601b00000) (1024K)]


Current CompileTask:
C2:172397 5165       4       java.net.URLClassLoader$1::run (5 bytes)

Stack: [0x000000a601a00000,0x000000a601b00000]
Native frames: (J=compiled Java code, j=interpreted, Vv=VM code, C=native code)
V  [jvm.dll+0x6d7e19]
V  [jvm.dll+0x8b5096]
V  [jvm.dll+0x8b764e]
V  [jvm.dll+0x8b7d33]
V  [jvm.dll+0x284596]
V  [jvm.dll+0xc685d]
V  [jvm.dll+0xc6da1]
V  [jvm.dll+0x3bed6b]
V  [jvm.dll+0x1e4149]
V  [jvm.dll+0x24c853]
V  [jvm.dll+0x24bce0]
V  [jvm.dll+0x1cb4ae]
V  [jvm.dll+0x25baad]
V  [jvm.dll+0x25a03a]
V  [jvm.dll+0x3f868e]
V  [jvm.dll+0x85fb0d]
V  [jvm.dll+0x6d664d]
C  [ucrtbase.dll+0x2cd30]
C  [KERNEL32.DLL+0x2e957]
C  [ntdll.dll+0x87c1c]


---------------  P R O C E S S  ---------------

Threads class SMR info:
_java_thread_list=0x000001f31d50d9a0, length=35, elements={
0x000001f36ba906d0, 0x000001f37f432d30, 0x000001f37f4364c0, 0x000001f37f43d540,
0x000001f37f43dfa0, 0x000001f37f440080, 0x000001f37f4406f0, 0x000001f37f441480,
0x000001f37f4486c0, 0x000001f37f740cc0, 0x000001f37f6d53c0, 0x000001f31c2383e0,
0x000001f31c239e20, 0x000001f31c23b1d0, 0x000001f31c238a70, 0x000001f31c239100,
0x000001f31c239790, 0x000001f31c23a4b0, 0x000001f31c23ab40, 0x000001f31bbbefa0,
0x000001f31bbbe910, 0x000001f31bbbc1b0, 0x000001f31bbbfcc0, 0x000001f31bbbc840,
0x000001f31bbbe280, 0x000001f31bbc0350, 0x000001f31bbbdbf0, 0x000001f31bbbced0,
0x000001f31bbc09e0, 0x000001f31bbbd560, 0x000001f31bbc3140, 0x000001f31bbc1700,
0x000001f31bbc1070, 0x000001f31bbc37d0, 0x000001f31bbc1d90
}

Java Threads: ( => current thread )
  0x000001f36ba906d0 JavaThread "main"                              [_thread_blocked, id=3716, stack(0x000000a600c00000,0x000000a600d00000) (1024K)]
  0x000001f37f432d30 JavaThread "Reference Handler"          daemon [_thread_blocked, id=27816, stack(0x000000a601400000,0x000000a601500000) (1024K)]
  0x000001f37f4364c0 JavaThread "Finalizer"                  daemon [_thread_blocked, id=27820, stack(0x000000a601500000,0x000000a601600000) (1024K)]
  0x000001f37f43d540 JavaThread "Signal Dispatcher"          daemon [_thread_blocked, id=27852, stack(0x000000a601600000,0x000000a601700000) (1024K)]
  0x000001f37f43dfa0 JavaThread "Attach Listener"            daemon [_thread_blocked, id=27876, stack(0x000000a601700000,0x000000a601800000) (1024K)]
  0x000001f37f440080 JavaThread "Service Thread"             daemon [_thread_blocked, id=10736, stack(0x000000a601800000,0x000000a601900000) (1024K)]
  0x000001f37f4406f0 JavaThread "Monitor Deflation Thread"   daemon [_thread_blocked, id=28488, stack(0x000000a601900000,0x000000a601a00000) (1024K)]
=>0x000001f37f441480 JavaThread "C2 CompilerThread0"         daemon [_thread_in_native, id=27080, stack(0x000000a601a00000,0x000000a601b00000) (1024K)]
  0x000001f37f4486c0 JavaThread "C1 CompilerThread0"         daemon [_thread_blocked, id=25084, stack(0x000000a601b00000,0x000000a601c00000) (1024K)]
  0x000001f37f740cc0 JavaThread "Common-Cleaner"             daemon [_thread_blocked, id=14144, stack(0x000000a601c00000,0x000000a601d00000) (1024K)]
  0x000001f37f6d53c0 JavaThread "Notification Thread"        daemon [_thread_blocked, id=27800, stack(0x000000a601d00000,0x000000a601e00000) (1024K)]
  0x000001f31c2383e0 JavaThread "Daemon health stats"               [_thread_blocked, id=9800, stack(0x000000a601e00000,0x000000a601f00000) (1024K)]
  0x000001f31c239e20 JavaThread "Incoming local TCP Connector on port 53750"        [_thread_in_native, id=28532, stack(0x000000a602400000,0x000000a602500000) (1024K)]
  0x000001f31c23b1d0 JavaThread "Daemon periodic checks"            [_thread_blocked, id=25460, stack(0x000000a602500000,0x000000a602600000) (1024K)]
  0x000001f31c238a70 JavaThread "Daemon"                            [_thread_blocked, id=9404, stack(0x000000a602600000,0x000000a602700000) (1024K)]
  0x000001f31c239100 JavaThread "Handler for socket connection from /127.0.0.1:53750 to /127.0.0.1:53757"        [_thread_in_native, id=23452, stack(0x000000a602700000,0x000000a602800000) (1024K)]
  0x000001f31c239790 JavaThread "Cancel handler"                    [_thread_blocked, id=28788, stack(0x000000a602800000,0x000000a602900000) (1024K)]
  0x000001f31c23a4b0 JavaThread "Daemon worker"                     [_thread_in_native, id=16956, stack(0x000000a602900000,0x000000a602a00000) (1024K)]
  0x000001f31c23ab40 JavaThread "Asynchronous log dispatcher for DefaultDaemonConnection: socket connection from /127.0.0.1:53750 to /127.0.0.1:53757"        [_thread_blocked, id=3756, stack(0x000000a602a00000,0x000000a602b00000) (1024K)]
  0x000001f31bbbefa0 JavaThread "Stdin handler"                     [_thread_blocked, id=30600, stack(0x000000a602b00000,0x000000a602c00000) (1024K)]
  0x000001f31bbbe910 JavaThread "Daemon client event forwarder"        [_thread_blocked, id=19888, stack(0x000000a602c00000,0x000000a602d00000) (1024K)]
  0x000001f31bbbc1b0 JavaThread "Cache worker for journal cache (C:\Users\USER\.gradle\caches\journal-1)"        [_thread_blocked, id=33552, stack(0x000000a602d00000,0x000000a602e00000) (1024K)]
  0x000001f31bbbfcc0 JavaThread "File lock request listener"        [_thread_in_native, id=35356, stack(0x000000a602e00000,0x000000a602f00000) (1024K)]
  0x000001f31bbbc840 JavaThread "File lock release action executor"        [_thread_blocked, id=15832, stack(0x000000a602f00000,0x000000a603000000) (1024K)]
  0x000001f31bbbe280 JavaThread "Cache worker for file hash cache (C:\Users\USER\.gradle\caches\8.9\fileHashes)"        [_thread_blocked, id=33716, stack(0x000000a603000000,0x000000a603100000) (1024K)]
  0x000001f31bbc0350 JavaThread "Cache worker for file hash cache (C:\Users\USER\kalimed2\node_modules\@react-native-async-storage\async-storage\android\.gradle\8.9\fileHashes)"        [_thread_blocked, id=28364, stack(0x000000a603200000,0x000000a603300000) (1024K)]
  0x000001f31bbbdbf0 JavaThread "Cache worker for Build Output Cleanup Cache (C:\Users\USER\kalimed2\node_modules\@react-native-async-storage\async-storage\android\.gradle\buildOutputCleanup)"        [_thread_blocked, id=32984, stack(0x000000a603300000,0x000000a603400000) (1024K)]
  0x000001f31bbbced0 JavaThread "File watcher server"        daemon [_thread_in_native, id=28300, stack(0x000000a603400000,0x000000a603500000) (1024K)]
  0x000001f31bbc09e0 JavaThread "File watcher consumer"      daemon [_thread_blocked, id=25172, stack(0x000000a603500000,0x000000a603600000) (1024K)]
  0x000001f31bbbd560 JavaThread "Cache worker for checksums cache (C:\Users\USER\kalimed2\node_modules\@react-native-async-storage\async-storage\android\.gradle\8.9\checksums)"        [_thread_blocked, id=8412, stack(0x000000a603600000,0x000000a603700000) (1024K)]
  0x000001f31bbc3140 JavaThread "Cache worker for file content cache (C:\Users\USER\.gradle\caches\8.9\fileContent)"        [_thread_blocked, id=22184, stack(0x000000a603700000,0x000000a603800000) (1024K)]
  0x000001f31bbc1700 JavaThread "Cache worker for cache directory md-rule (C:\Users\USER\.gradle\caches\8.9\md-rule)"        [_thread_blocked, id=30496, stack(0x000000a603800000,0x000000a603900000) (1024K)]
  0x000001f31bbc1070 JavaThread "Cache worker for cache directory md-supplier (C:\Users\USER\.gradle\caches\8.9\md-supplier)"        [_thread_blocked, id=9440, stack(0x000000a603900000,0x000000a603a00000) (1024K)]
  0x000001f31bbc37d0 JavaThread "jar transforms"                    [_thread_blocked, id=29852, stack(0x000000a603a00000,0x000000a603b00000) (1024K)]
  0x000001f31bbc1d90 JavaThread "jar transforms Thread 2"           [_thread_blocked, id=33092, stack(0x000000a603b00000,0x000000a603c00000) (1024K)]
Total: 35

Other Threads:
  0x000001f37f414350 VMThread "VM Thread"                           [id=27688, stack(0x000000a601300000,0x000000a601400000) (1024K)]
  0x000001f37f403d10 WatcherThread "VM Periodic Task Thread"        [id=27684, stack(0x000000a601200000,0x000000a601300000) (1024K)]
  0x000001f36bab97d0 WorkerThread "GC Thread#0"                     [id=33844, stack(0x000000a600d00000,0x000000a600e00000) (1024K)]
  0x000001f31b1e2000 WorkerThread "GC Thread#1"                     [id=29532, stack(0x000000a601f00000,0x000000a602000000) (1024K)]
  0x000001f31b194e80 WorkerThread "GC Thread#2"                     [id=27328, stack(0x000000a602000000,0x000000a602100000) (1024K)]
  0x000001f31b464010 WorkerThread "GC Thread#3"                     [id=28436, stack(0x000000a602100000,0x000000a602200000) (1024K)]
  0x000001f31b4643c0 WorkerThread "GC Thread#4"                     [id=34860, stack(0x000000a602200000,0x000000a602300000) (1024K)]
  0x000001f31b464770 WorkerThread "GC Thread#5"                     [id=34872, stack(0x000000a602300000,0x000000a602400000) (1024K)]
  0x000001f31c7bd320 WorkerThread "GC Thread#6"                     [id=8024, stack(0x000000a600a00000,0x000000a600b00000) (1024K)]
  0x000001f31c7bcbc0 WorkerThread "GC Thread#7"                     [id=31808, stack(0x000000a600b00000,0x000000a600c00000) (1024K)]
  0x000001f36babeee0 ConcurrentGCThread "G1 Main Marker"            [id=9952, stack(0x000000a600e00000,0x000000a600f00000) (1024K)]
  0x000001f36babf900 WorkerThread "G1 Conc#0"                       [id=32156, stack(0x000000a600f00000,0x000000a601000000) (1024K)]
  0x000001f31c7becf0 WorkerThread "G1 Conc#1"                       [id=17412, stack(0x000000a603100000,0x000000a603200000) (1024K)]
  0x000001f36bb4e890 ConcurrentGCThread "G1 Refine#0"               [id=6416, stack(0x000000a601000000,0x000000a601100000) (1024K)]
  0x000001f37f2d25c0 ConcurrentGCThread "G1 Service"                [id=27680, stack(0x000000a601100000,0x000000a601200000) (1024K)]
Total: 15

Threads with active compile tasks:
C2 CompilerThread0  172651 5165       4       java.net.URLClassLoader$1::run (5 bytes)
Total: 1

VM state: not at safepoint (normal execution)

VM Mutex/Monitor currently owned by a thread: None

Heap address: 0x00000000e0000000, size: 512 MB, Compressed Oops mode: 32-bit

CDS archive(s) mapped at: [0x000001f302000000-0x000001f302ba0000-0x000001f302ba0000), size 12189696, SharedBaseAddress: 0x000001f302000000, ArchiveRelocationMode: 1.
Compressed class space mapped at: 0x000001f303000000-0x000001f317000000, reserved size: 335544320
Narrow klass base: 0x000001f302000000, Narrow klass shift: 0, Narrow klass range: 0x100000000

GC Precious Log:
 CardTable entry size: 512
 Card Set container configuration: InlinePtr #cards 5 size 8 Array Of Cards #cards 12 size 40 Howl #buckets 4 coarsen threshold 1843 Howl Bitmap #cards 512 size 80 coarsen threshold 460 Card regions per heap region 1 cards per card region 2048
 CPUs: 8 total, 8 available
 Memory: 7835M
 Large Page Support: Disabled
 NUMA Support: Disabled
 Compressed Oops: Enabled (32-bit)
 Heap Region Size: 1M
 Heap Min Capacity: 256M
 Heap Initial Capacity: 256M
 Heap Max Capacity: 512M
 Pre-touch: Disabled
 Parallel Workers: 8
 Concurrent Workers: 2
 Concurrent Refinement Workers: 8
 Periodic GC: Disabled

Heap:
 garbage-first heap   total 262144K, used 53228K [0x00000000e0000000, 0x0000000100000000)
  region size 1024K, 18 young (18432K), 2 survivors (2048K)
 Metaspace       used 41966K, committed 43392K, reserved 393216K
  class space    used 6021K, committed 6720K, reserved 327680K

Heap Regions: E=young(eden), S=young(survivor), O=old, HS=humongous(starts), HC=humongous(continues), CS=collection set, F=free, TAMS=top-at-mark-start, PB=parsable bottom
|   0|0x00000000e0000000, 0x00000000e0100000, 0x00000000e0100000|100%|HS|  |TAMS 0x00000000e0000000| PB 0x00000000e0000000| Complete 
|   1|0x00000000e0100000, 0x00000000e0200000, 0x00000000e0200000|100%|HC|  |TAMS 0x00000000e0100000| PB 0x00000000e0100000| Complete 
|   2|0x00000000e0200000, 0x00000000e0300000, 0x00000000e0300000|100%|HC|  |TAMS 0x00000000e0200000| PB 0x00000000e0200000| Complete 
|   3|0x00000000e0300000, 0x00000000e0400000, 0x00000000e0400000|100%|HC|  |TAMS 0x00000000e0300000| PB 0x00000000e0300000| Complete 
|   4|0x00000000e0400000, 0x00000000e0500000, 0x00000000e0500000|100%| O|  |TAMS 0x00000000e0400000| PB 0x00000000e0400000| Untracked 
|   5|0x00000000e0500000, 0x00000000e0600000, 0x00000000e0600000|100%| O|  |TAMS 0x00000000e0500000| PB 0x00000000e0500000| Untracked 
|   6|0x00000000e0600000, 0x00000000e0700000, 0x00000000e0700000|100%| O|  |TAMS 0x00000000e0600000| PB 0x00000000e0600000| Untracked 
|   7|0x00000000e0700000, 0x00000000e0800000, 0x00000000e0800000|100%| O|  |TAMS 0x00000000e0700000| PB 0x00000000e0700000| Untracked 
|   8|0x00000000e0800000, 0x00000000e0900000, 0x00000000e0900000|100%| O|  |TAMS 0x00000000e0800000| PB 0x00000000e0800000| Untracked 
|   9|0x00000000e0900000, 0x00000000e0a00000, 0x00000000e0a00000|100%| O|  |TAMS 0x00000000e0900000| PB 0x00000000e0900000| Untracked 
|  10|0x00000000e0a00000, 0x00000000e0b00000, 0x00000000e0b00000|100%| O|  |TAMS 0x00000000e0a00000| PB 0x00000000e0a00000| Untracked 
|  11|0x00000000e0b00000, 0x00000000e0c00000, 0x00000000e0c00000|100%|HS|  |TAMS 0x00000000e0b00000| PB 0x00000000e0b00000| Complete 
|  12|0x00000000e0c00000, 0x00000000e0d00000, 0x00000000e0d00000|100%| O|  |TAMS 0x00000000e0c00000| PB 0x00000000e0c00000| Untracked 
|  13|0x00000000e0d00000, 0x00000000e0e00000, 0x00000000e0e00000|100%| O|  |TAMS 0x00000000e0d00000| PB 0x00000000e0d00000| Untracked 
|  14|0x00000000e0e00000, 0x00000000e0f00000, 0x00000000e0f00000|100%| O|  |TAMS 0x00000000e0e00000| PB 0x00000000e0e00000| Untracked 
|  15|0x00000000e0f00000, 0x00000000e1000000, 0x00000000e1000000|100%| O|  |TAMS 0x00000000e0f00000| PB 0x00000000e0f00000| Untracked 
|  16|0x00000000e1000000, 0x00000000e1100000, 0x00000000e1100000|100%| O|  |TAMS 0x00000000e1000000| PB 0x00000000e1000000| Untracked 
|  17|0x00000000e1100000, 0x00000000e1200000, 0x00000000e1200000|100%| O|  |TAMS 0x00000000e1100000| PB 0x00000000e1100000| Untracked 
|  18|0x00000000e1200000, 0x00000000e1300000, 0x00000000e1300000|100%| O|  |TAMS 0x00000000e1200000| PB 0x00000000e1200000| Untracked 
|  19|0x00000000e1300000, 0x00000000e1400000, 0x00000000e1400000|100%| O|  |TAMS 0x00000000e1300000| PB 0x00000000e1300000| Untracked 
|  20|0x00000000e1400000, 0x00000000e1500000, 0x00000000e1500000|100%| O|  |TAMS 0x00000000e1400000| PB 0x00000000e1400000| Untracked 
|  21|0x00000000e1500000, 0x00000000e1600000, 0x00000000e1600000|100%| O|  |TAMS 0x00000000e1500000| PB 0x00000000e1500000| Untracked 
|  22|0x00000000e1600000, 0x00000000e1700000, 0x00000000e1700000|100%|HS|  |TAMS 0x00000000e1600000| PB 0x00000000e1600000| Complete 
|  23|0x00000000e1700000, 0x00000000e1800000, 0x00000000e1800000|100%| O|  |TAMS 0x00000000e1700000| PB 0x00000000e1700000| Untracked 
|  24|0x00000000e1800000, 0x00000000e1900000, 0x00000000e1900000|100%| O|  |TAMS 0x00000000e1800000| PB 0x00000000e1800000| Untracked 
|  25|0x00000000e1900000, 0x00000000e1a00000, 0x00000000e1a00000|100%| O|  |TAMS 0x00000000e1900000| PB 0x00000000e1900000| Untracked 
|  26|0x00000000e1a00000, 0x00000000e1b00000, 0x00000000e1b00000|100%| O|  |TAMS 0x00000000e1a00000| PB 0x00000000e1a00000| Untracked 
|  27|0x00000000e1b00000, 0x00000000e1c00000, 0x00000000e1c00000|100%| O|  |TAMS 0x00000000e1b00000| PB 0x00000000e1b00000| Untracked 
|  28|0x00000000e1c00000, 0x00000000e1d00000, 0x00000000e1d00000|100%| O|  |TAMS 0x00000000e1c00000| PB 0x00000000e1c00000| Untracked 
|  29|0x00000000e1d00000, 0x00000000e1e00000, 0x00000000e1e00000|100%| O|  |TAMS 0x00000000e1d00000| PB 0x00000000e1d00000| Untracked 
|  30|0x00000000e1e00000, 0x00000000e1f00000, 0x00000000e1f00000|100%| O|  |TAMS 0x00000000e1e00000| PB 0x00000000e1e00000| Untracked 
|  31|0x00000000e1f00000, 0x00000000e2000000, 0x00000000e2000000|100%| O|  |TAMS 0x00000000e1f00000| PB 0x00000000e1f00000| Untracked 
|  32|0x00000000e2000000, 0x00000000e2100000, 0x00000000e2100000|100%| O|  |TAMS 0x00000000e2000000| PB 0x00000000e2000000| Untracked 
|  33|0x00000000e2100000, 0x00000000e21fb328, 0x00000000e2200000| 98%| O|  |TAMS 0x00000000e2100000| PB 0x00000000e2100000| Untracked 
|  34|0x00000000e2200000, 0x00000000e2300000, 0x00000000e2300000|100%|HS|  |TAMS 0x00000000e2200000| PB 0x00000000e2200000| Complete 
|  35|0x00000000e2300000, 0x00000000e2300000, 0x00000000e2400000|  0%| F|  |TAMS 0x00000000e2300000| PB 0x00000000e2300000| Untracked 
|  36|0x00000000e2400000, 0x00000000e2400000, 0x00000000e2500000|  0%| F|  |TAMS 0x00000000e2400000| PB 0x00000000e2400000| Untracked 
|  37|0x00000000e2500000, 0x00000000e2600000, 0x00000000e2600000|100%| O|  |TAMS 0x00000000e2500000| PB 0x00000000e2500000| Untracked 
|  38|0x00000000e2600000, 0x00000000e2600000, 0x00000000e2700000|  0%| F|  |TAMS 0x00000000e2600000| PB 0x00000000e2600000| Untracked 
|  39|0x00000000e2700000, 0x00000000e2700000, 0x00000000e2800000|  0%| F|  |TAMS 0x00000000e2700000| PB 0x00000000e2700000| Untracked 
|  40|0x00000000e2800000, 0x00000000e2800000, 0x00000000e2900000|  0%| F|  |TAMS 0x00000000e2800000| PB 0x00000000e2800000| Untracked 
|  41|0x00000000e2900000, 0x00000000e2900000, 0x00000000e2a00000|  0%| F|  |TAMS 0x00000000e2900000| PB 0x00000000e2900000| Untracked 
|  42|0x00000000e2a00000, 0x00000000e2a00000, 0x00000000e2b00000|  0%| F|  |TAMS 0x00000000e2a00000| PB 0x00000000e2a00000| Untracked 
|  43|0x00000000e2b00000, 0x00000000e2b00000, 0x00000000e2c00000|  0%| F|  |TAMS 0x00000000e2b00000| PB 0x00000000e2b00000| Untracked 
|  44|0x00000000e2c00000, 0x00000000e2c00000, 0x00000000e2d00000|  0%| F|  |TAMS 0x00000000e2c00000| PB 0x00000000e2c00000| Untracked 
|  45|0x00000000e2d00000, 0x00000000e2d00000, 0x00000000e2e00000|  0%| F|  |TAMS 0x00000000e2d00000| PB 0x00000000e2d00000| Untracked 
|  46|0x00000000e2e00000, 0x00000000e2e00000, 0x00000000e2f00000|  0%| F|  |TAMS 0x00000000e2e00000| PB 0x00000000e2e00000| Untracked 
|  47|0x00000000e2f00000, 0x00000000e2f00000, 0x00000000e3000000|  0%| F|  |TAMS 0x00000000e2f00000| PB 0x00000000e2f00000| Untracked 
|  48|0x00000000e3000000, 0x00000000e3000000, 0x00000000e3100000|  0%| F|  |TAMS 0x00000000e3000000| PB 0x00000000e3000000| Untracked 
|  49|0x00000000e3100000, 0x00000000e3100000, 0x00000000e3200000|  0%| F|  |TAMS 0x00000000e3100000| PB 0x00000000e3100000| Untracked 
|  50|0x00000000e3200000, 0x00000000e3200000, 0x00000000e3300000|  0%| F|  |TAMS 0x00000000e3200000| PB 0x00000000e3200000| Untracked 
|  51|0x00000000e3300000, 0x00000000e3300000, 0x00000000e3400000|  0%| F|  |TAMS 0x00000000e3300000| PB 0x00000000e3300000| Untracked 
|  52|0x00000000e3400000, 0x00000000e3400000, 0x00000000e3500000|  0%| F|  |TAMS 0x00000000e3400000| PB 0x00000000e3400000| Untracked 
|  53|0x00000000e3500000, 0x00000000e3500000, 0x00000000e3600000|  0%| F|  |TAMS 0x00000000e3500000| PB 0x00000000e3500000| Untracked 
|  54|0x00000000e3600000, 0x00000000e3600000, 0x00000000e3700000|  0%| F|  |TAMS 0x00000000e3600000| PB 0x00000000e3600000| Untracked 
|  55|0x00000000e3700000, 0x00000000e3700000, 0x00000000e3800000|  0%| F|  |TAMS 0x00000000e3700000| PB 0x00000000e3700000| Untracked 
|  56|0x00000000e3800000, 0x00000000e3800000, 0x00000000e3900000|  0%| F|  |TAMS 0x00000000e3800000| PB 0x00000000e3800000| Untracked 
|  57|0x00000000e3900000, 0x00000000e3900000, 0x00000000e3a00000|  0%| F|  |TAMS 0x00000000e3900000| PB 0x00000000e3900000| Untracked 
|  58|0x00000000e3a00000, 0x00000000e3a00000, 0x00000000e3b00000|  0%| F|  |TAMS 0x00000000e3a00000| PB 0x00000000e3a00000| Untracked 
|  59|0x00000000e3b00000, 0x00000000e3b00000, 0x00000000e3c00000|  0%| F|  |TAMS 0x00000000e3b00000| PB 0x00000000e3b00000| Untracked 
|  60|0x00000000e3c00000, 0x00000000e3c00000, 0x00000000e3d00000|  0%| F|  |TAMS 0x00000000e3c00000| PB 0x00000000e3c00000| Untracked 
|  61|0x00000000e3d00000, 0x00000000e3d00000, 0x00000000e3e00000|  0%| F|  |TAMS 0x00000000e3d00000| PB 0x00000000e3d00000| Untracked 
|  62|0x00000000e3e00000, 0x00000000e3e00000, 0x00000000e3f00000|  0%| F|  |TAMS 0x00000000e3e00000| PB 0x00000000e3e00000| Untracked 
|  63|0x00000000e3f00000, 0x00000000e3f00000, 0x00000000e4000000|  0%| F|  |TAMS 0x00000000e3f00000| PB 0x00000000e3f00000| Untracked 
|  64|0x00000000e4000000, 0x00000000e4000000, 0x00000000e4100000|  0%| F|  |TAMS 0x00000000e4000000| PB 0x00000000e4000000| Untracked 
|  65|0x00000000e4100000, 0x00000000e4100000, 0x00000000e4200000|  0%| F|  |TAMS 0x00000000e4100000| PB 0x00000000e4100000| Untracked 
|  66|0x00000000e4200000, 0x00000000e4200000, 0x00000000e4300000|  0%| F|  |TAMS 0x00000000e4200000| PB 0x00000000e4200000| Untracked 
|  67|0x00000000e4300000, 0x00000000e4300000, 0x00000000e4400000|  0%| F|  |TAMS 0x00000000e4300000| PB 0x00000000e4300000| Untracked 
|  68|0x00000000e4400000, 0x00000000e4400000, 0x00000000e4500000|  0%| F|  |TAMS 0x00000000e4400000| PB 0x00000000e4400000| Untracked 
|  69|0x00000000e4500000, 0x00000000e4500000, 0x00000000e4600000|  0%| F|  |TAMS 0x00000000e4500000| PB 0x00000000e4500000| Untracked 
|  70|0x00000000e4600000, 0x00000000e4600000, 0x00000000e4700000|  0%| F|  |TAMS 0x00000000e4600000| PB 0x00000000e4600000| Untracked 
|  71|0x00000000e4700000, 0x00000000e4700000, 0x00000000e4800000|  0%| F|  |TAMS 0x00000000e4700000| PB 0x00000000e4700000| Untracked 
|  72|0x00000000e4800000, 0x00000000e4800000, 0x00000000e4900000|  0%| F|  |TAMS 0x00000000e4800000| PB 0x00000000e4800000| Untracked 
|  73|0x00000000e4900000, 0x00000000e4900000, 0x00000000e4a00000|  0%| F|  |TAMS 0x00000000e4900000| PB 0x00000000e4900000| Untracked 
|  74|0x00000000e4a00000, 0x00000000e4a00000, 0x00000000e4b00000|  0%| F|  |TAMS 0x00000000e4a00000| PB 0x00000000e4a00000| Untracked 
|  75|0x00000000e4b00000, 0x00000000e4b00000, 0x00000000e4c00000|  0%| F|  |TAMS 0x00000000e4b00000| PB 0x00000000e4b00000| Untracked 
|  76|0x00000000e4c00000, 0x00000000e4c00000, 0x00000000e4d00000|  0%| F|  |TAMS 0x00000000e4c00000| PB 0x00000000e4c00000| Untracked 
|  77|0x00000000e4d00000, 0x00000000e4d00000, 0x00000000e4e00000|  0%| F|  |TAMS 0x00000000e4d00000| PB 0x00000000e4d00000| Untracked 
|  78|0x00000000e4e00000, 0x00000000e4e00000, 0x00000000e4f00000|  0%| F|  |TAMS 0x00000000e4e00000| PB 0x00000000e4e00000| Untracked 
|  79|0x00000000e4f00000, 0x00000000e4f00000, 0x00000000e5000000|  0%| F|  |TAMS 0x00000000e4f00000| PB 0x00000000e4f00000| Untracked 
|  80|0x00000000e5000000, 0x00000000e5000000, 0x00000000e5100000|  0%| F|  |TAMS 0x00000000e5000000| PB 0x00000000e5000000| Untracked 
|  81|0x00000000e5100000, 0x00000000e5100000, 0x00000000e5200000|  0%| F|  |TAMS 0x00000000e5100000| PB 0x00000000e5100000| Untracked 
|  82|0x00000000e5200000, 0x00000000e5200000, 0x00000000e5300000|  0%| F|  |TAMS 0x00000000e5200000| PB 0x00000000e5200000| Untracked 
|  83|0x00000000e5300000, 0x00000000e5300000, 0x00000000e5400000|  0%| F|  |TAMS 0x00000000e5300000| PB 0x00000000e5300000| Untracked 
|  84|0x00000000e5400000, 0x00000000e5400000, 0x00000000e5500000|  0%| F|  |TAMS 0x00000000e5400000| PB 0x00000000e5400000| Untracked 
|  85|0x00000000e5500000, 0x00000000e5500000, 0x00000000e5600000|  0%| F|  |TAMS 0x00000000e5500000| PB 0x00000000e5500000| Untracked 
|  86|0x00000000e5600000, 0x00000000e5600000, 0x00000000e5700000|  0%| F|  |TAMS 0x00000000e5600000| PB 0x00000000e5600000| Untracked 
|  87|0x00000000e5700000, 0x00000000e5700000, 0x00000000e5800000|  0%| F|  |TAMS 0x00000000e5700000| PB 0x00000000e5700000| Untracked 
|  88|0x00000000e5800000, 0x00000000e5800000, 0x00000000e5900000|  0%| F|  |TAMS 0x00000000e5800000| PB 0x00000000e5800000| Untracked 
|  89|0x00000000e5900000, 0x00000000e5900000, 0x00000000e5a00000|  0%| F|  |TAMS 0x00000000e5900000| PB 0x00000000e5900000| Untracked 
|  90|0x00000000e5a00000, 0x00000000e5a00000, 0x00000000e5b00000|  0%| F|  |TAMS 0x00000000e5a00000| PB 0x00000000e5a00000| Untracked 
|  91|0x00000000e5b00000, 0x00000000e5b00000, 0x00000000e5c00000|  0%| F|  |TAMS 0x00000000e5b00000| PB 0x00000000e5b00000| Untracked 
|  92|0x00000000e5c00000, 0x00000000e5c00000, 0x00000000e5d00000|  0%| F|  |TAMS 0x00000000e5c00000| PB 0x00000000e5c00000| Untracked 
|  93|0x00000000e5d00000, 0x00000000e5d00000, 0x00000000e5e00000|  0%| F|  |TAMS 0x00000000e5d00000| PB 0x00000000e5d00000| Untracked 
|  94|0x00000000e5e00000, 0x00000000e5e00000, 0x00000000e5f00000|  0%| F|  |TAMS 0x00000000e5e00000| PB 0x00000000e5e00000| Untracked 
|  95|0x00000000e5f00000, 0x00000000e5f00000, 0x00000000e6000000|  0%| F|  |TAMS 0x00000000e5f00000| PB 0x00000000e5f00000| Untracked 
|  96|0x00000000e6000000, 0x00000000e6000000, 0x00000000e6100000|  0%| F|  |TAMS 0x00000000e6000000| PB 0x00000000e6000000| Untracked 
|  97|0x00000000e6100000, 0x00000000e6100000, 0x00000000e6200000|  0%| F|  |TAMS 0x00000000e6100000| PB 0x00000000e6100000| Untracked 
|  98|0x00000000e6200000, 0x00000000e6200000, 0x00000000e6300000|  0%| F|  |TAMS 0x00000000e6200000| PB 0x00000000e6200000| Untracked 
|  99|0x00000000e6300000, 0x00000000e6300000, 0x00000000e6400000|  0%| F|  |TAMS 0x00000000e6300000| PB 0x00000000e6300000| Untracked 
| 100|0x00000000e6400000, 0x00000000e6400000, 0x00000000e6500000|  0%| F|  |TAMS 0x00000000e6400000| PB 0x00000000e6400000| Untracked 
| 101|0x00000000e6500000, 0x00000000e6500000, 0x00000000e6600000|  0%| F|  |TAMS 0x00000000e6500000| PB 0x00000000e6500000| Untracked 
| 102|0x00000000e6600000, 0x00000000e6600000, 0x00000000e6700000|  0%| F|  |TAMS 0x00000000e6600000| PB 0x00000000e6600000| Untracked 
| 103|0x00000000e6700000, 0x00000000e6700000, 0x00000000e6800000|  0%| F|  |TAMS 0x00000000e6700000| PB 0x00000000e6700000| Untracked 
| 104|0x00000000e6800000, 0x00000000e6800000, 0x00000000e6900000|  0%| F|  |TAMS 0x00000000e6800000| PB 0x00000000e6800000| Untracked 
| 105|0x00000000e6900000, 0x00000000e6900000, 0x00000000e6a00000|  0%| F|  |TAMS 0x00000000e6900000| PB 0x00000000e6900000| Untracked 
| 106|0x00000000e6a00000, 0x00000000e6a00000, 0x00000000e6b00000|  0%| F|  |TAMS 0x00000000e6a00000| PB 0x00000000e6a00000| Untracked 
| 107|0x00000000e6b00000, 0x00000000e6b00000, 0x00000000e6c00000|  0%| F|  |TAMS 0x00000000e6b00000| PB 0x00000000e6b00000| Untracked 
| 108|0x00000000e6c00000, 0x00000000e6c00000, 0x00000000e6d00000|  0%| F|  |TAMS 0x00000000e6c00000| PB 0x00000000e6c00000| Untracked 
| 109|0x00000000e6d00000, 0x00000000e6d00000, 0x00000000e6e00000|  0%| F|  |TAMS 0x00000000e6d00000| PB 0x00000000e6d00000| Untracked 
| 110|0x00000000e6e00000, 0x00000000e6e00000, 0x00000000e6f00000|  0%| F|  |TAMS 0x00000000e6e00000| PB 0x00000000e6e00000| Untracked 
| 111|0x00000000e6f00000, 0x00000000e6f00000, 0x00000000e7000000|  0%| F|  |TAMS 0x00000000e6f00000| PB 0x00000000e6f00000| Untracked 
| 112|0x00000000e7000000, 0x00000000e7000000, 0x00000000e7100000|  0%| F|  |TAMS 0x00000000e7000000| PB 0x00000000e7000000| Untracked 
| 113|0x00000000e7100000, 0x00000000e7100000, 0x00000000e7200000|  0%| F|  |TAMS 0x00000000e7100000| PB 0x00000000e7100000| Untracked 
| 114|0x00000000e7200000, 0x00000000e7200000, 0x00000000e7300000|  0%| F|  |TAMS 0x00000000e7200000| PB 0x00000000e7200000| Untracked 
| 115|0x00000000e7300000, 0x00000000e7300000, 0x00000000e7400000|  0%| F|  |TAMS 0x00000000e7300000| PB 0x00000000e7300000| Untracked 
| 116|0x00000000e7400000, 0x00000000e7400000, 0x00000000e7500000|  0%| F|  |TAMS 0x00000000e7400000| PB 0x00000000e7400000| Untracked 
| 117|0x00000000e7500000, 0x00000000e7500000, 0x00000000e7600000|  0%| F|  |TAMS 0x00000000e7500000| PB 0x00000000e7500000| Untracked 
| 118|0x00000000e7600000, 0x00000000e7600000, 0x00000000e7700000|  0%| F|  |TAMS 0x00000000e7600000| PB 0x00000000e7600000| Untracked 
| 119|0x00000000e7700000, 0x00000000e7700000, 0x00000000e7800000|  0%| F|  |TAMS 0x00000000e7700000| PB 0x00000000e7700000| Untracked 
| 120|0x00000000e7800000, 0x00000000e7800000, 0x00000000e7900000|  0%| F|  |TAMS 0x00000000e7800000| PB 0x00000000e7800000| Untracked 
| 121|0x00000000e7900000, 0x00000000e7900000, 0x00000000e7a00000|  0%| F|  |TAMS 0x00000000e7900000| PB 0x00000000e7900000| Untracked 
| 122|0x00000000e7a00000, 0x00000000e7a00000, 0x00000000e7b00000|  0%| F|  |TAMS 0x00000000e7a00000| PB 0x00000000e7a00000| Untracked 
| 123|0x00000000e7b00000, 0x00000000e7b00000, 0x00000000e7c00000|  0%| F|  |TAMS 0x00000000e7b00000| PB 0x00000000e7b00000| Untracked 
| 124|0x00000000e7c00000, 0x00000000e7c00000, 0x00000000e7d00000|  0%| F|  |TAMS 0x00000000e7c00000| PB 0x00000000e7c00000| Untracked 
| 125|0x00000000e7d00000, 0x00000000e7d00000, 0x00000000e7e00000|  0%| F|  |TAMS 0x00000000e7d00000| PB 0x00000000e7d00000| Untracked 
| 126|0x00000000e7e00000, 0x00000000e7e00000, 0x00000000e7f00000|  0%| F|  |TAMS 0x00000000e7e00000| PB 0x00000000e7e00000| Untracked 
| 127|0x00000000e7f00000, 0x00000000e7f00000, 0x00000000e8000000|  0%| F|  |TAMS 0x00000000e7f00000| PB 0x00000000e7f00000| Untracked 
| 128|0x00000000e8000000, 0x00000000e8000000, 0x00000000e8100000|  0%| F|  |TAMS 0x00000000e8000000| PB 0x00000000e8000000| Untracked 
| 129|0x00000000e8100000, 0x00000000e8100000, 0x00000000e8200000|  0%| F|  |TAMS 0x00000000e8100000| PB 0x00000000e8100000| Untracked 
| 130|0x00000000e8200000, 0x00000000e8200000, 0x00000000e8300000|  0%| F|  |TAMS 0x00000000e8200000| PB 0x00000000e8200000| Untracked 
| 131|0x00000000e8300000, 0x00000000e8300000, 0x00000000e8400000|  0%| F|  |TAMS 0x00000000e8300000| PB 0x00000000e8300000| Untracked 
| 132|0x00000000e8400000, 0x00000000e8400000, 0x00000000e8500000|  0%| F|  |TAMS 0x00000000e8400000| PB 0x00000000e8400000| Untracked 
| 133|0x00000000e8500000, 0x00000000e8500000, 0x00000000e8600000|  0%| F|  |TAMS 0x00000000e8500000| PB 0x00000000e8500000| Untracked 
| 134|0x00000000e8600000, 0x00000000e8600000, 0x00000000e8700000|  0%| F|  |TAMS 0x00000000e8600000| PB 0x00000000e8600000| Untracked 
| 135|0x00000000e8700000, 0x00000000e8700000, 0x00000000e8800000|  0%| F|  |TAMS 0x00000000e8700000| PB 0x00000000e8700000| Untracked 
| 136|0x00000000e8800000, 0x00000000e8800000, 0x00000000e8900000|  0%| F|  |TAMS 0x00000000e8800000| PB 0x00000000e8800000| Untracked 
| 137|0x00000000e8900000, 0x00000000e8900000, 0x00000000e8a00000|  0%| F|  |TAMS 0x00000000e8900000| PB 0x00000000e8900000| Untracked 
| 138|0x00000000e8a00000, 0x00000000e8a00000, 0x00000000e8b00000|  0%| F|  |TAMS 0x00000000e8a00000| PB 0x00000000e8a00000| Untracked 
| 139|0x00000000e8b00000, 0x00000000e8b00000, 0x00000000e8c00000|  0%| F|  |TAMS 0x00000000e8b00000| PB 0x00000000e8b00000| Untracked 
| 140|0x00000000e8c00000, 0x00000000e8c00000, 0x00000000e8d00000|  0%| F|  |TAMS 0x00000000e8c00000| PB 0x00000000e8c00000| Untracked 
| 141|0x00000000e8d00000, 0x00000000e8d00000, 0x00000000e8e00000|  0%| F|  |TAMS 0x00000000e8d00000| PB 0x00000000e8d00000| Untracked 
| 142|0x00000000e8e00000, 0x00000000e8e00000, 0x00000000e8f00000|  0%| F|  |TAMS 0x00000000e8e00000| PB 0x00000000e8e00000| Untracked 
| 143|0x00000000e8f00000, 0x00000000e8f00000, 0x00000000e9000000|  0%| F|  |TAMS 0x00000000e8f00000| PB 0x00000000e8f00000| Untracked 
| 144|0x00000000e9000000, 0x00000000e9000000, 0x00000000e9100000|  0%| F|  |TAMS 0x00000000e9000000| PB 0x00000000e9000000| Untracked 
| 145|0x00000000e9100000, 0x00000000e9100000, 0x00000000e9200000|  0%| F|  |TAMS 0x00000000e9100000| PB 0x00000000e9100000| Untracked 
| 146|0x00000000e9200000, 0x00000000e9200000, 0x00000000e9300000|  0%| F|  |TAMS 0x00000000e9200000| PB 0x00000000e9200000| Untracked 
| 147|0x00000000e9300000, 0x00000000e9300000, 0x00000000e9400000|  0%| F|  |TAMS 0x00000000e9300000| PB 0x00000000e9300000| Untracked 
| 148|0x00000000e9400000, 0x00000000e9400000, 0x00000000e9500000|  0%| F|  |TAMS 0x00000000e9400000| PB 0x00000000e9400000| Untracked 
| 149|0x00000000e9500000, 0x00000000e9500000, 0x00000000e9600000|  0%| F|  |TAMS 0x00000000e9500000| PB 0x00000000e9500000| Untracked 
| 150|0x00000000e9600000, 0x00000000e9600000, 0x00000000e9700000|  0%| F|  |TAMS 0x00000000e9600000| PB 0x00000000e9600000| Untracked 
| 151|0x00000000e9700000, 0x00000000e9700000, 0x00000000e9800000|  0%| F|  |TAMS 0x00000000e9700000| PB 0x00000000e9700000| Untracked 
| 152|0x00000000e9800000, 0x00000000e9800000, 0x00000000e9900000|  0%| F|  |TAMS 0x00000000e9800000| PB 0x00000000e9800000| Untracked 
| 153|0x00000000e9900000, 0x00000000e9900000, 0x00000000e9a00000|  0%| F|  |TAMS 0x00000000e9900000| PB 0x00000000e9900000| Untracked 
| 154|0x00000000e9a00000, 0x00000000e9a00000, 0x00000000e9b00000|  0%| F|  |TAMS 0x00000000e9a00000| PB 0x00000000e9a00000| Untracked 
| 155|0x00000000e9b00000, 0x00000000e9b00000, 0x00000000e9c00000|  0%| F|  |TAMS 0x00000000e9b00000| PB 0x00000000e9b00000| Untracked 
| 156|0x00000000e9c00000, 0x00000000e9c00000, 0x00000000e9d00000|  0%| F|  |TAMS 0x00000000e9c00000| PB 0x00000000e9c00000| Untracked 
| 157|0x00000000e9d00000, 0x00000000e9d00000, 0x00000000e9e00000|  0%| F|  |TAMS 0x00000000e9d00000| PB 0x00000000e9d00000| Untracked 
| 158|0x00000000e9e00000, 0x00000000e9e00000, 0x00000000e9f00000|  0%| F|  |TAMS 0x00000000e9e00000| PB 0x00000000e9e00000| Untracked 
| 159|0x00000000e9f00000, 0x00000000e9f00000, 0x00000000ea000000|  0%| F|  |TAMS 0x00000000e9f00000| PB 0x00000000e9f00000| Untracked 
| 160|0x00000000ea000000, 0x00000000ea000000, 0x00000000ea100000|  0%| F|  |TAMS 0x00000000ea000000| PB 0x00000000ea000000| Untracked 
| 161|0x00000000ea100000, 0x00000000ea100000, 0x00000000ea200000|  0%| F|  |TAMS 0x00000000ea100000| PB 0x00000000ea100000| Untracked 
| 162|0x00000000ea200000, 0x00000000ea200000, 0x00000000ea300000|  0%| F|  |TAMS 0x00000000ea200000| PB 0x00000000ea200000| Untracked 
| 163|0x00000000ea300000, 0x00000000ea300000, 0x00000000ea400000|  0%| F|  |TAMS 0x00000000ea300000| PB 0x00000000ea300000| Untracked 
| 164|0x00000000ea400000, 0x00000000ea400000, 0x00000000ea500000|  0%| F|  |TAMS 0x00000000ea400000| PB 0x00000000ea400000| Untracked 
| 165|0x00000000ea500000, 0x00000000ea500000, 0x00000000ea600000|  0%| F|  |TAMS 0x00000000ea500000| PB 0x00000000ea500000| Untracked 
| 166|0x00000000ea600000, 0x00000000ea600000, 0x00000000ea700000|  0%| F|  |TAMS 0x00000000ea600000| PB 0x00000000ea600000| Untracked 
| 167|0x00000000ea700000, 0x00000000ea700000, 0x00000000ea800000|  0%| F|  |TAMS 0x00000000ea700000| PB 0x00000000ea700000| Untracked 
| 168|0x00000000ea800000, 0x00000000ea800000, 0x00000000ea900000|  0%| F|  |TAMS 0x00000000ea800000| PB 0x00000000ea800000| Untracked 
| 169|0x00000000ea900000, 0x00000000ea900000, 0x00000000eaa00000|  0%| F|  |TAMS 0x00000000ea900000| PB 0x00000000ea900000| Untracked 
| 170|0x00000000eaa00000, 0x00000000eaa00000, 0x00000000eab00000|  0%| F|  |TAMS 0x00000000eaa00000| PB 0x00000000eaa00000| Untracked 
| 171|0x00000000eab00000, 0x00000000eab00000, 0x00000000eac00000|  0%| F|  |TAMS 0x00000000eab00000| PB 0x00000000eab00000| Untracked 
| 172|0x00000000eac00000, 0x00000000eac00000, 0x00000000ead00000|  0%| F|  |TAMS 0x00000000eac00000| PB 0x00000000eac00000| Untracked 
| 173|0x00000000ead00000, 0x00000000ead00000, 0x00000000eae00000|  0%| F|  |TAMS 0x00000000ead00000| PB 0x00000000ead00000| Untracked 
| 174|0x00000000eae00000, 0x00000000eae00000, 0x00000000eaf00000|  0%| F|  |TAMS 0x00000000eae00000| PB 0x00000000eae00000| Untracked 
| 175|0x00000000eaf00000, 0x00000000eaf00000, 0x00000000eb000000|  0%| F|  |TAMS 0x00000000eaf00000| PB 0x00000000eaf00000| Untracked 
| 176|0x00000000eb000000, 0x00000000eb000000, 0x00000000eb100000|  0%| F|  |TAMS 0x00000000eb000000| PB 0x00000000eb000000| Untracked 
| 177|0x00000000eb100000, 0x00000000eb100000, 0x00000000eb200000|  0%| F|  |TAMS 0x00000000eb100000| PB 0x00000000eb100000| Untracked 
| 178|0x00000000eb200000, 0x00000000eb200000, 0x00000000eb300000|  0%| F|  |TAMS 0x00000000eb200000| PB 0x00000000eb200000| Untracked 
| 179|0x00000000eb300000, 0x00000000eb300000, 0x00000000eb400000|  0%| F|  |TAMS 0x00000000eb300000| PB 0x00000000eb300000| Untracked 
| 180|0x00000000eb400000, 0x00000000eb400000, 0x00000000eb500000|  0%| F|  |TAMS 0x00000000eb400000| PB 0x00000000eb400000| Untracked 
| 181|0x00000000eb500000, 0x00000000eb500000, 0x00000000eb600000|  0%| F|  |TAMS 0x00000000eb500000| PB 0x00000000eb500000| Untracked 
| 182|0x00000000eb600000, 0x00000000eb600000, 0x00000000eb700000|  0%| F|  |TAMS 0x00000000eb600000| PB 0x00000000eb600000| Untracked 
| 183|0x00000000eb700000, 0x00000000eb700000, 0x00000000eb800000|  0%| F|  |TAMS 0x00000000eb700000| PB 0x00000000eb700000| Untracked 
| 184|0x00000000eb800000, 0x00000000eb800000, 0x00000000eb900000|  0%| F|  |TAMS 0x00000000eb800000| PB 0x00000000eb800000| Untracked 
| 185|0x00000000eb900000, 0x00000000eb900000, 0x00000000eba00000|  0%| F|  |TAMS 0x00000000eb900000| PB 0x00000000eb900000| Untracked 
| 186|0x00000000eba00000, 0x00000000eba00000, 0x00000000ebb00000|  0%| F|  |TAMS 0x00000000eba00000| PB 0x00000000eba00000| Untracked 
| 187|0x00000000ebb00000, 0x00000000ebb00000, 0x00000000ebc00000|  0%| F|  |TAMS 0x00000000ebb00000| PB 0x00000000ebb00000| Untracked 
| 188|0x00000000ebc00000, 0x00000000ebc00000, 0x00000000ebd00000|  0%| F|  |TAMS 0x00000000ebc00000| PB 0x00000000ebc00000| Untracked 
| 189|0x00000000ebd00000, 0x00000000ebd00000, 0x00000000ebe00000|  0%| F|  |TAMS 0x00000000ebd00000| PB 0x00000000ebd00000| Untracked 
| 190|0x00000000ebe00000, 0x00000000ebe00000, 0x00000000ebf00000|  0%| F|  |TAMS 0x00000000ebe00000| PB 0x00000000ebe00000| Untracked 
| 191|0x00000000ebf00000, 0x00000000ebf00000, 0x00000000ec000000|  0%| F|  |TAMS 0x00000000ebf00000| PB 0x00000000ebf00000| Untracked 
| 192|0x00000000ec000000, 0x00000000ec000000, 0x00000000ec100000|  0%| F|  |TAMS 0x00000000ec000000| PB 0x00000000ec000000| Untracked 
| 193|0x00000000ec100000, 0x00000000ec100000, 0x00000000ec200000|  0%| F|  |TAMS 0x00000000ec100000| PB 0x00000000ec100000| Untracked 
| 194|0x00000000ec200000, 0x00000000ec200000, 0x00000000ec300000|  0%| F|  |TAMS 0x00000000ec200000| PB 0x00000000ec200000| Untracked 
| 195|0x00000000ec300000, 0x00000000ec300000, 0x00000000ec400000|  0%| F|  |TAMS 0x00000000ec300000| PB 0x00000000ec300000| Untracked 
| 196|0x00000000ec400000, 0x00000000ec400000, 0x00000000ec500000|  0%| F|  |TAMS 0x00000000ec400000| PB 0x00000000ec400000| Untracked 
| 197|0x00000000ec500000, 0x00000000ec500000, 0x00000000ec600000|  0%| F|  |TAMS 0x00000000ec500000| PB 0x00000000ec500000| Untracked 
| 198|0x00000000ec600000, 0x00000000ec600000, 0x00000000ec700000|  0%| F|  |TAMS 0x00000000ec600000| PB 0x00000000ec600000| Untracked 
| 199|0x00000000ec700000, 0x00000000ec700000, 0x00000000ec800000|  0%| F|  |TAMS 0x00000000ec700000| PB 0x00000000ec700000| Untracked 
| 200|0x00000000ec800000, 0x00000000ec800000, 0x00000000ec900000|  0%| F|  |TAMS 0x00000000ec800000| PB 0x00000000ec800000| Untracked 
| 201|0x00000000ec900000, 0x00000000ec900000, 0x00000000eca00000|  0%| F|  |TAMS 0x00000000ec900000| PB 0x00000000ec900000| Untracked 
| 202|0x00000000eca00000, 0x00000000eca00000, 0x00000000ecb00000|  0%| F|  |TAMS 0x00000000eca00000| PB 0x00000000eca00000| Untracked 
| 203|0x00000000ecb00000, 0x00000000ecb00000, 0x00000000ecc00000|  0%| F|  |TAMS 0x00000000ecb00000| PB 0x00000000ecb00000| Untracked 
| 204|0x00000000ecc00000, 0x00000000ecc00000, 0x00000000ecd00000|  0%| F|  |TAMS 0x00000000ecc00000| PB 0x00000000ecc00000| Untracked 
| 205|0x00000000ecd00000, 0x00000000ecd00000, 0x00000000ece00000|  0%| F|  |TAMS 0x00000000ecd00000| PB 0x00000000ecd00000| Untracked 
| 206|0x00000000ece00000, 0x00000000ece00000, 0x00000000ecf00000|  0%| F|  |TAMS 0x00000000ece00000| PB 0x00000000ece00000| Untracked 
| 207|0x00000000ecf00000, 0x00000000ecf00000, 0x00000000ed000000|  0%| F|  |TAMS 0x00000000ecf00000| PB 0x00000000ecf00000| Untracked 
| 208|0x00000000ed000000, 0x00000000ed000000, 0x00000000ed100000|  0%| F|  |TAMS 0x00000000ed000000| PB 0x00000000ed000000| Untracked 
| 209|0x00000000ed100000, 0x00000000ed100000, 0x00000000ed200000|  0%| F|  |TAMS 0x00000000ed100000| PB 0x00000000ed100000| Untracked 
| 210|0x00000000ed200000, 0x00000000ed200000, 0x00000000ed300000|  0%| F|  |TAMS 0x00000000ed200000| PB 0x00000000ed200000| Untracked 
| 211|0x00000000ed300000, 0x00000000ed300000, 0x00000000ed400000|  0%| F|  |TAMS 0x00000000ed300000| PB 0x00000000ed300000| Untracked 
| 212|0x00000000ed400000, 0x00000000ed400000, 0x00000000ed500000|  0%| F|  |TAMS 0x00000000ed400000| PB 0x00000000ed400000| Untracked 
| 213|0x00000000ed500000, 0x00000000ed500000, 0x00000000ed600000|  0%| F|  |TAMS 0x00000000ed500000| PB 0x00000000ed500000| Untracked 
| 214|0x00000000ed600000, 0x00000000ed600000, 0x00000000ed700000|  0%| F|  |TAMS 0x00000000ed600000| PB 0x00000000ed600000| Untracked 
| 215|0x00000000ed700000, 0x00000000ed700000, 0x00000000ed800000|  0%| F|  |TAMS 0x00000000ed700000| PB 0x00000000ed700000| Untracked 
| 216|0x00000000ed800000, 0x00000000ed800000, 0x00000000ed900000|  0%| F|  |TAMS 0x00000000ed800000| PB 0x00000000ed800000| Untracked 
| 217|0x00000000ed900000, 0x00000000ed900000, 0x00000000eda00000|  0%| F|  |TAMS 0x00000000ed900000| PB 0x00000000ed900000| Untracked 
| 218|0x00000000eda00000, 0x00000000eda00000, 0x00000000edb00000|  0%| F|  |TAMS 0x00000000eda00000| PB 0x00000000eda00000| Untracked 
| 219|0x00000000edb00000, 0x00000000edb00000, 0x00000000edc00000|  0%| F|  |TAMS 0x00000000edb00000| PB 0x00000000edb00000| Untracked 
| 220|0x00000000edc00000, 0x00000000edc00000, 0x00000000edd00000|  0%| F|  |TAMS 0x00000000edc00000| PB 0x00000000edc00000| Untracked 
| 221|0x00000000edd00000, 0x00000000edd00000, 0x00000000ede00000|  0%| F|  |TAMS 0x00000000edd00000| PB 0x00000000edd00000| Untracked 
| 222|0x00000000ede00000, 0x00000000ede00000, 0x00000000edf00000|  0%| F|  |TAMS 0x00000000ede00000| PB 0x00000000ede00000| Untracked 
| 223|0x00000000edf00000, 0x00000000edf00000, 0x00000000ee000000|  0%| F|  |TAMS 0x00000000edf00000| PB 0x00000000edf00000| Untracked 
| 224|0x00000000ee000000, 0x00000000ee000000, 0x00000000ee100000|  0%| F|  |TAMS 0x00000000ee000000| PB 0x00000000ee000000| Untracked 
| 225|0x00000000ee100000, 0x00000000ee100000, 0x00000000ee200000|  0%| F|  |TAMS 0x00000000ee100000| PB 0x00000000ee100000| Untracked 
| 226|0x00000000ee200000, 0x00000000ee200000, 0x00000000ee300000|  0%| F|  |TAMS 0x00000000ee200000| PB 0x00000000ee200000| Untracked 
| 227|0x00000000ee300000, 0x00000000ee300000, 0x00000000ee400000|  0%| F|  |TAMS 0x00000000ee300000| PB 0x00000000ee300000| Untracked 
| 228|0x00000000ee400000, 0x00000000ee400000, 0x00000000ee500000|  0%| F|  |TAMS 0x00000000ee400000| PB 0x00000000ee400000| Untracked 
| 229|0x00000000ee500000, 0x00000000ee500000, 0x00000000ee600000|  0%| F|  |TAMS 0x00000000ee500000| PB 0x00000000ee500000| Untracked 
| 230|0x00000000ee600000, 0x00000000ee600000, 0x00000000ee700000|  0%| F|  |TAMS 0x00000000ee600000| PB 0x00000000ee600000| Untracked 
| 231|0x00000000ee700000, 0x00000000ee700000, 0x00000000ee800000|  0%| F|  |TAMS 0x00000000ee700000| PB 0x00000000ee700000| Untracked 
| 232|0x00000000ee800000, 0x00000000ee800000, 0x00000000ee900000|  0%| F|  |TAMS 0x00000000ee800000| PB 0x00000000ee800000| Untracked 
| 233|0x00000000ee900000, 0x00000000ee900000, 0x00000000eea00000|  0%| F|  |TAMS 0x00000000ee900000| PB 0x00000000ee900000| Untracked 
| 234|0x00000000eea00000, 0x00000000eea00000, 0x00000000eeb00000|  0%| F|  |TAMS 0x00000000eea00000| PB 0x00000000eea00000| Untracked 
| 235|0x00000000eeb00000, 0x00000000eeb00000, 0x00000000eec00000|  0%| F|  |TAMS 0x00000000eeb00000| PB 0x00000000eeb00000| Untracked 
| 236|0x00000000eec00000, 0x00000000eec00000, 0x00000000eed00000|  0%| F|  |TAMS 0x00000000eec00000| PB 0x00000000eec00000| Untracked 
| 237|0x00000000eed00000, 0x00000000eed00000, 0x00000000eee00000|  0%| F|  |TAMS 0x00000000eed00000| PB 0x00000000eed00000| Untracked 
| 238|0x00000000eee00000, 0x00000000eee43378, 0x00000000eef00000| 26%| E|  |TAMS 0x00000000eee00000| PB 0x00000000eee00000| Complete 
| 239|0x00000000eef00000, 0x00000000ef000000, 0x00000000ef000000|100%| E|CS|TAMS 0x00000000eef00000| PB 0x00000000eef00000| Complete 
| 240|0x00000000ef000000, 0x00000000ef100000, 0x00000000ef100000|100%| S|CS|TAMS 0x00000000ef000000| PB 0x00000000ef000000| Complete 
| 241|0x00000000ef100000, 0x00000000ef200000, 0x00000000ef200000|100%| S|CS|TAMS 0x00000000ef100000| PB 0x00000000ef100000| Complete 
| 242|0x00000000ef200000, 0x00000000ef300000, 0x00000000ef300000|100%| E|CS|TAMS 0x00000000ef200000| PB 0x00000000ef200000| Complete 
| 243|0x00000000ef300000, 0x00000000ef400000, 0x00000000ef400000|100%| E|CS|TAMS 0x00000000ef300000| PB 0x00000000ef300000| Complete 
| 244|0x00000000ef400000, 0x00000000ef500000, 0x00000000ef500000|100%| E|CS|TAMS 0x00000000ef400000| PB 0x00000000ef400000| Complete 
| 245|0x00000000ef500000, 0x00000000ef600000, 0x00000000ef600000|100%| E|  |TAMS 0x00000000ef500000| PB 0x00000000ef500000| Complete 
| 246|0x00000000ef600000, 0x00000000ef700000, 0x00000000ef700000|100%| E|CS|TAMS 0x00000000ef600000| PB 0x00000000ef600000| Complete 
| 247|0x00000000ef700000, 0x00000000ef800000, 0x00000000ef800000|100%| E|CS|TAMS 0x00000000ef700000| PB 0x00000000ef700000| Complete 
| 248|0x00000000ef800000, 0x00000000ef900000, 0x00000000ef900000|100%| E|CS|TAMS 0x00000000ef800000| PB 0x00000000ef800000| Complete 
| 249|0x00000000ef900000, 0x00000000efa00000, 0x00000000efa00000|100%| E|CS|TAMS 0x00000000ef900000| PB 0x00000000ef900000| Complete 
| 250|0x00000000efa00000, 0x00000000efb00000, 0x00000000efb00000|100%| E|CS|TAMS 0x00000000efa00000| PB 0x00000000efa00000| Complete 
| 251|0x00000000efb00000, 0x00000000efc00000, 0x00000000efc00000|100%| E|CS|TAMS 0x00000000efb00000| PB 0x00000000efb00000| Complete 
| 252|0x00000000efc00000, 0x00000000efd00000, 0x00000000efd00000|100%| E|CS|TAMS 0x00000000efc00000| PB 0x00000000efc00000| Complete 
| 253|0x00000000efd00000, 0x00000000efe00000, 0x00000000efe00000|100%| E|CS|TAMS 0x00000000efd00000| PB 0x00000000efd00000| Complete 
| 254|0x00000000efe00000, 0x00000000eff00000, 0x00000000eff00000|100%| E|CS|TAMS 0x00000000efe00000| PB 0x00000000efe00000| Complete 
| 255|0x00000000eff00000, 0x00000000f0000000, 0x00000000f0000000|100%| E|CS|TAMS 0x00000000eff00000| PB 0x00000000eff00000| Complete 

Card table byte_map: [0x000001f37e0c0000,0x000001f37e1c0000] _byte_map_base: 0x000001f37d9c0000

Marking Bits: (CMBitMap*) 0x000001f36bab9df0
 Bits: [0x000001f37e1c0000, 0x000001f37e9c0000)

Polling page: 0x000001f369840000

Metaspace:

Usage:
  Non-class:     35.10 MB used.
      Class:      5.88 MB used.
       Both:     40.98 MB used.

Virtual space:
  Non-class space:       64.00 MB reserved,      35.81 MB ( 56%) committed,  1 nodes.
      Class space:      320.00 MB reserved,       6.56 MB (  2%) committed,  1 nodes.
             Both:      384.00 MB reserved,      42.38 MB ( 11%) committed. 

Chunk freelists:
   Non-Class:  11.39 MB
       Class:  9.29 MB
        Both:  20.68 MB

MaxMetaspaceSize: 384.00 MB
CompressedClassSpaceSize: 320.00 MB
Initial GC threshold: 21.00 MB
Current GC threshold: 62.00 MB
CDS: on
 - commit_granule_bytes: 65536.
 - commit_granule_words: 8192.
 - virtual_space_node_default_size: 8388608.
 - enlarge_chunks_in_place: 1.
 - use_allocation_guard: 0.


Internal statistics:

num_allocs_failed_limit: 21.
num_arena_births: 2408.
num_arena_deaths: 0.
num_vsnodes_births: 2.
num_vsnodes_deaths: 0.
num_space_committed: 678.
num_space_uncommitted: 0.
num_chunks_returned_to_freelist: 21.
num_chunks_taken_from_freelist: 4347.
num_chunk_merges: 21.
num_chunk_splits: 2810.
num_chunks_enlarged: 1725.
num_inconsistent_stats: 0.

CodeHeap 'non-profiled nmethods': size=120000Kb used=2673Kb max_used=2819Kb free=117326Kb
 bounds [0x000001f376760000, 0x000001f376a40000, 0x000001f37dc90000]
CodeHeap 'profiled nmethods': size=120000Kb used=8929Kb max_used=9491Kb free=111070Kb
 bounds [0x000001f36ec90000, 0x000001f36f5f0000, 0x000001f3761c0000]
CodeHeap 'non-nmethods': size=5760Kb used=2559Kb max_used=2599Kb free=3200Kb
 bounds [0x000001f3761c0000, 0x000001f376450000, 0x000001f376760000]
CodeCache: size=245760Kb, used=14161Kb, max_used=14909Kb, free=231596Kb
 total_blobs=5468, nmethods=4636, adapters=736, full_count=0
Compilation: enabled, stopped_count=0, restarted_count=0

Compilation events (20 events):
Event: 170.737 Thread 0x000001f37f441480 5156       4       org.objectweb.asm.SymbolTable::addConstantUtf8Reference (101 bytes)
Event: 170.737 Thread 0x000001f37f4486c0 5157       3       org.objectweb.asm.SymbolTable::addConstantMethodHandle (197 bytes)
Event: 170.738 Thread 0x000001f37f4486c0 nmethod 5157 0x000001f36f019f90 code [0x000001f36f01a220, 0x000001f36f01ab70]
Event: 170.758 Thread 0x000001f37f441480 nmethod 5156 0x000001f37686d510 code [0x000001f37686d760, 0x000001f37686e6c0]
Event: 170.758 Thread 0x000001f37f441480 5158       4       org.objectweb.asm.Label::resolve (259 bytes)
Event: 170.763 Thread 0x000001f37f441480 nmethod 5158 0x000001f3767bc890 code [0x000001f3767bca20, 0x000001f3767bcd28]
Event: 170.828 Thread 0x000001f37f4486c0 5159       3       java.util.concurrent.ConcurrentHashMap$Traverser::<init> (36 bytes)
Event: 170.830 Thread 0x000001f37f4486c0 nmethod 5159 0x000001f36f019990 code [0x000001f36f019b40, 0x000001f36f019d40]
Event: 170.833 Thread 0x000001f37f4486c0 5160       1       org.gradle.internal.operations.BuildOperationDescriptor::getParentId (5 bytes)
Event: 170.833 Thread 0x000001f37f4486c0 nmethod 5160 0x000001f37686d210 code [0x000001f37686d3a0, 0x000001f37686d468]
Event: 170.883 Thread 0x000001f37f441480 5161       4       org.gradle.internal.service.DefaultServiceRegistry::unwrap (75 bytes)
Event: 170.885 Thread 0x000001f37f441480 nmethod 5161 0x000001f3767bc490 code [0x000001f3767bc620, 0x000001f3767bc750]
Event: 170.936 Thread 0x000001f37f4486c0 5164       3       java.net.URI::match (56 bytes)
Event: 170.936 Thread 0x000001f37f4486c0 nmethod 5164 0x000001f36ee37d90 code [0x000001f36ee37f40, 0x000001f36ee38210]
Event: 171.011 Thread 0x000001f37f441480 5165       4       java.net.URLClassLoader$1::run (5 bytes)
Event: 172.379 Thread 0x000001f37f4486c0 5170       3       java.util.concurrent.ConcurrentLinkedQueue::<init> (21 bytes)
Event: 172.379 Thread 0x000001f37f4486c0 nmethod 5170 0x000001f36ed02010 code [0x000001f36ed021e0, 0x000001f36ed025e0]
Event: 172.379 Thread 0x000001f37f4486c0 5171       3       java.util.concurrent.ConcurrentLinkedQueue$Node::<init> (5 bytes)
Event: 172.380 Thread 0x000001f37f4486c0 nmethod 5171 0x000001f36ee02e90 code [0x000001f36ee03040, 0x000001f36ee031a8]
Event: 172.380 Thread 0x000001f37f4486c0 5172       3       org.gradle.internal.service.InjectUtil::isPackagePrivate (27 bytes)

GC Heap History (20 events):
Event: 95.899 GC heap before
{Heap before GC invocations=8 (full 0):
 garbage-first heap   total 262144K, used 35943K [0x00000000e0000000, 0x0000000100000000)
  region size 1024K, 12 young (12288K), 2 survivors (2048K)
 Metaspace       used 26214K, committed 27136K, reserved 393216K
  class space    used 3972K, committed 4416K, reserved 327680K
}
Event: 95.934 GC heap after
{Heap after GC invocations=9 (full 0):
 garbage-first heap   total 262144K, used 27342K [0x00000000e0000000, 0x0000000100000000)
  region size 1024K, 2 young (2048K), 2 survivors (2048K)
 Metaspace       used 26214K, committed 27136K, reserved 393216K
  class space    used 3972K, committed 4416K, reserved 327680K
}
Event: 100.656 GC heap before
{Heap before GC invocations=9 (full 0):
 garbage-first heap   total 262144K, used 37582K [0x00000000e0000000, 0x0000000100000000)
  region size 1024K, 12 young (12288K), 2 survivors (2048K)
 Metaspace       used 27437K, committed 28480K, reserved 393216K
  class space    used 4182K, committed 4672K, reserved 327680K
}
Event: 100.660 GC heap after
{Heap after GC invocations=10 (full 0):
 garbage-first heap   total 262144K, used 27911K [0x00000000e0000000, 0x0000000100000000)
  region size 1024K, 2 young (2048K), 2 survivors (2048K)
 Metaspace       used 27437K, committed 28480K, reserved 393216K
  class space    used 4182K, committed 4672K, reserved 327680K
}
Event: 114.476 GC heap before
{Heap before GC invocations=10 (full 0):
 garbage-first heap   total 262144K, used 41223K [0x00000000e0000000, 0x0000000100000000)
  region size 1024K, 16 young (16384K), 2 survivors (2048K)
 Metaspace       used 29542K, committed 30720K, reserved 393216K
  class space    used 4518K, committed 5120K, reserved 327680K
}
Event: 114.616 GC heap after
{Heap after GC invocations=11 (full 0):
 garbage-first heap   total 262144K, used 28477K [0x00000000e0000000, 0x0000000100000000)
  region size 1024K, 2 young (2048K), 2 survivors (2048K)
 Metaspace       used 29542K, committed 30720K, reserved 393216K
  class space    used 4518K, committed 5120K, reserved 327680K
}
Event: 141.372 GC heap before
{Heap before GC invocations=11 (full 0):
 garbage-first heap   total 262144K, used 51005K [0x00000000e0000000, 0x0000000100000000)
  region size 1024K, 24 young (24576K), 2 survivors (2048K)
 Metaspace       used 33860K, committed 35136K, reserved 393216K
  class space    used 5025K, committed 5632K, reserved 327680K
}
Event: 142.110 GC heap after
{Heap after GC invocations=12 (full 0):
 garbage-first heap   total 262144K, used 30905K [0x00000000e0000000, 0x0000000100000000)
  region size 1024K, 3 young (3072K), 3 survivors (3072K)
 Metaspace       used 33860K, committed 35136K, reserved 393216K
  class space    used 5025K, committed 5632K, reserved 327680K
}
Event: 145.744 GC heap before
{Heap before GC invocations=12 (full 0):
 garbage-first heap   total 262144K, used 36025K [0x00000000e0000000, 0x0000000100000000)
  region size 1024K, 10 young (10240K), 3 survivors (3072K)
 Metaspace       used 34947K, committed 36160K, reserved 393216K
  class space    used 5173K, committed 5760K, reserved 327680K
}
Event: 146.363 GC heap after
{Heap after GC invocations=13 (full 0):
 garbage-first heap   total 262144K, used 32005K [0x00000000e0000000, 0x0000000100000000)
  region size 1024K, 2 young (2048K), 2 survivors (2048K)
 Metaspace       used 34947K, committed 36160K, reserved 393216K
  class space    used 5173K, committed 5760K, reserved 327680K
}
Event: 149.454 GC heap before
{Heap before GC invocations=13 (full 0):
 garbage-first heap   total 262144K, used 41221K [0x00000000e0000000, 0x0000000100000000)
  region size 1024K, 12 young (12288K), 2 survivors (2048K)
 Metaspace       used 35782K, committed 36992K, reserved 393216K
  class space    used 5239K, committed 5824K, reserved 327680K
}
Event: 149.456 GC heap after
{Heap after GC invocations=14 (full 0):
 garbage-first heap   total 262144K, used 32711K [0x00000000e0000000, 0x0000000100000000)
  region size 1024K, 2 young (2048K), 2 survivors (2048K)
 Metaspace       used 35782K, committed 36992K, reserved 393216K
  class space    used 5239K, committed 5824K, reserved 327680K
}
Event: 149.566 GC heap before
{Heap before GC invocations=14 (full 0):
 garbage-first heap   total 262144K, used 42951K [0x00000000e0000000, 0x0000000100000000)
  region size 1024K, 12 young (12288K), 2 survivors (2048K)
 Metaspace       used 35788K, committed 36992K, reserved 393216K
  class space    used 5239K, committed 5824K, reserved 327680K
}
Event: 149.596 GC heap after
{Heap after GC invocations=15 (full 0):
 garbage-first heap   total 262144K, used 33490K [0x00000000e0000000, 0x0000000100000000)
  region size 1024K, 2 young (2048K), 2 survivors (2048K)
 Metaspace       used 35788K, committed 36992K, reserved 393216K
  class space    used 5239K, committed 5824K, reserved 327680K
}
Event: 157.091 GC heap before
{Heap before GC invocations=16 (full 0):
 garbage-first heap   total 262144K, used 47826K [0x00000000e0000000, 0x0000000100000000)
  region size 1024K, 12 young (12288K), 2 survivors (2048K)
 Metaspace       used 36839K, committed 38080K, reserved 393216K
  class space    used 5294K, committed 5888K, reserved 327680K
}
Event: 157.095 GC heap after
{Heap after GC invocations=17 (full 0):
 garbage-first heap   total 262144K, used 34966K [0x00000000e0000000, 0x0000000100000000)
  region size 1024K, 2 young (2048K), 2 survivors (2048K)
 Metaspace       used 36839K, committed 38080K, reserved 393216K
  class space    used 5294K, committed 5888K, reserved 327680K
}
Event: 167.965 GC heap before
{Heap before GC invocations=17 (full 0):
 garbage-first heap   total 262144K, used 45206K [0x00000000e0000000, 0x0000000100000000)
  region size 1024K, 12 young (12288K), 2 survivors (2048K)
 Metaspace       used 38128K, committed 39424K, reserved 393216K
  class space    used 5511K, committed 6144K, reserved 327680K
}
Event: 167.982 GC heap after
{Heap after GC invocations=18 (full 0):
 garbage-first heap   total 262144K, used 35811K [0x00000000e0000000, 0x0000000100000000)
  region size 1024K, 2 young (2048K), 2 survivors (2048K)
 Metaspace       used 38128K, committed 39424K, reserved 393216K
  class space    used 5511K, committed 6144K, reserved 327680K
}
Event: 169.692 GC heap before
{Heap before GC invocations=18 (full 0):
 garbage-first heap   total 262144K, used 48099K [0x00000000e0000000, 0x0000000100000000)
  region size 1024K, 14 young (14336K), 2 survivors (2048K)
 Metaspace       used 39389K, committed 40768K, reserved 393216K
  class space    used 5721K, committed 6400K, reserved 327680K
}
Event: 169.695 GC heap after
{Heap after GC invocations=19 (full 0):
 garbage-first heap   total 262144K, used 36844K [0x00000000e0000000, 0x0000000100000000)
  region size 1024K, 2 young (2048K), 2 survivors (2048K)
 Metaspace       used 39389K, committed 40768K, reserved 393216K
  class space    used 5721K, committed 6400K, reserved 327680K
}

Dll operation events (14 events):
Event: 0.018 Loaded shared library C:\Users\USER\.vscode\extensions\redhat.java-1.55.0-win32-x64\jre\21.0.11-win32-x86_64\bin\java.dll
Event: 0.131 Loaded shared library C:\Users\USER\.vscode\extensions\redhat.java-1.55.0-win32-x64\jre\21.0.11-win32-x86_64\bin\zip.dll
Event: 0.202 Loaded shared library C:\Users\USER\.vscode\extensions\redhat.java-1.55.0-win32-x64\jre\21.0.11-win32-x86_64\bin\instrument.dll
Event: 0.207 Loaded shared library C:\Users\USER\.vscode\extensions\redhat.java-1.55.0-win32-x64\jre\21.0.11-win32-x86_64\bin\net.dll
Event: 0.211 Loaded shared library C:\Users\USER\.vscode\extensions\redhat.java-1.55.0-win32-x64\jre\21.0.11-win32-x86_64\bin\nio.dll
Event: 0.216 Loaded shared library C:\Users\USER\.vscode\extensions\redhat.java-1.55.0-win32-x64\jre\21.0.11-win32-x86_64\bin\zip.dll
Event: 0.653 Loaded shared library C:\Users\USER\.vscode\extensions\redhat.java-1.55.0-win32-x64\jre\21.0.11-win32-x86_64\bin\jimage.dll
Event: 1.060 Loaded shared library C:\Users\USER\.vscode\extensions\redhat.java-1.55.0-win32-x64\jre\21.0.11-win32-x86_64\bin\verify.dll
Event: 1.296 Loaded shared library C:\Users\USER\.gradle\native\c067742578af261105cb4f569cf0c3c89f3d7b1fecec35dd04571415982c5e48\windows-amd64\native-platform.dll
Event: 1.317 Loaded shared library C:\Users\USER\.gradle\native\100fb08df4bc3b14c8652ba06237920a3bd2aa13389f12d3474272988ae205f9\windows-amd64\native-platform-file-events.dll
Event: 19.340 Loaded shared library C:\Users\USER\.vscode\extensions\redhat.java-1.55.0-win32-x64\jre\21.0.11-win32-x86_64\bin\management.dll
Event: 19.391 Loaded shared library C:\Users\USER\.vscode\extensions\redhat.java-1.55.0-win32-x64\jre\21.0.11-win32-x86_64\bin\management_ext.dll
Event: 23.131 Loaded shared library C:\Users\USER\.vscode\extensions\redhat.java-1.55.0-win32-x64\jre\21.0.11-win32-x86_64\bin\extnet.dll
Event: 28.246 Loaded shared library C:\Users\USER\.vscode\extensions\redhat.java-1.55.0-win32-x64\jre\21.0.11-win32-x86_64\bin\sunmscapi.dll

Deoptimization events (20 events):
Event: 170.936 Thread 0x000001f31c23a4b0 Uncommon trap: trap_request=0xffffff45 fr.pc=0x000001f376792078 relative=0x0000000000000058
Event: 170.936 Thread 0x000001f31c23a4b0 Uncommon trap: reason=unstable_if action=reinterpret pc=0x000001f376792078 method=java.net.URI.match(CJJ)Z @ 19 c2
Event: 170.936 Thread 0x000001f31c23a4b0 DEOPT PACKING pc=0x000001f376792078 sp=0x000000a6029f9550
Event: 170.936 Thread 0x000001f31c23a4b0 DEOPT UNPACKING pc=0x000001f376214422 sp=0x000000a6029f94e0 mode 2
Event: 170.951 Thread 0x000001f31c23a4b0 Uncommon trap: trap_request=0xffffffde fr.pc=0x000001f3767ce99c relative=0x000000000000025c
Event: 170.951 Thread 0x000001f31c23a4b0 Uncommon trap: reason=class_check action=maybe_recompile pc=0x000001f3767ce99c method=java.util.HashSet.contains(Ljava/lang/Object;)Z @ 5 c2
Event: 170.951 Thread 0x000001f31c23a4b0 DEOPT PACKING pc=0x000001f3767ce99c sp=0x000000a6029f9b60
Event: 170.951 Thread 0x000001f31c23a4b0 DEOPT UNPACKING pc=0x000001f376214422 sp=0x000000a6029f9b08 mode 2
Event: 170.951 Thread 0x000001f31c23a4b0 Uncommon trap: trap_request=0xffffffde fr.pc=0x000001f3767ce99c relative=0x000000000000025c
Event: 170.951 Thread 0x000001f31c23a4b0 Uncommon trap: reason=class_check action=maybe_recompile pc=0x000001f3767ce99c method=java.util.HashSet.contains(Ljava/lang/Object;)Z @ 5 c2
Event: 170.951 Thread 0x000001f31c23a4b0 DEOPT PACKING pc=0x000001f3767ce99c sp=0x000000a6029f9b60
Event: 170.951 Thread 0x000001f31c23a4b0 DEOPT UNPACKING pc=0x000001f376214422 sp=0x000000a6029f9b08 mode 2
Event: 171.288 Thread 0x000001f31c23a4b0 Uncommon trap: trap_request=0xffffffde fr.pc=0x000001f3767ce99c relative=0x000000000000025c
Event: 171.288 Thread 0x000001f31c23a4b0 Uncommon trap: reason=class_check action=maybe_recompile pc=0x000001f3767ce99c method=java.util.HashSet.contains(Ljava/lang/Object;)Z @ 5 c2
Event: 171.288 Thread 0x000001f31c23a4b0 DEOPT PACKING pc=0x000001f3767ce99c sp=0x000000a6029f9b60
Event: 171.288 Thread 0x000001f31c23a4b0 DEOPT UNPACKING pc=0x000001f376214422 sp=0x000000a6029f9b08 mode 2
Event: 171.288 Thread 0x000001f31c23a4b0 Uncommon trap: trap_request=0xffffffde fr.pc=0x000001f3767ce99c relative=0x000000000000025c
Event: 171.288 Thread 0x000001f31c23a4b0 Uncommon trap: reason=class_check action=maybe_recompile pc=0x000001f3767ce99c method=java.util.HashSet.contains(Ljava/lang/Object;)Z @ 5 c2
Event: 171.288 Thread 0x000001f31c23a4b0 DEOPT PACKING pc=0x000001f3767ce99c sp=0x000000a6029f9b60
Event: 171.288 Thread 0x000001f31c23a4b0 DEOPT UNPACKING pc=0x000001f376214422 sp=0x000000a6029f9b08 mode 2

Classes loaded (20 events):
Event: 169.848 Loading class java/util/DualPivotQuicksort
Event: 169.853 Loading class java/util/DualPivotQuicksort done
Event: 171.003 Loading class javax/net/ssl/HostnameVerifier
Event: 171.007 Loading class javax/net/ssl/HostnameVerifier done
Event: 171.032 Loading class javax/net/ssl/TrustManager
Event: 171.032 Loading class javax/net/ssl/TrustManager done
Event: 171.033 Loading class javax/net/ssl/X509TrustManager
Event: 171.033 Loading class javax/net/ssl/X509TrustManager done
Event: 171.059 Loading class javax/net/ssl/SSLException
Event: 171.059 Loading class javax/net/ssl/SSLException done
Event: 171.059 Loading class javax/net/ssl/SSLPeerUnverifiedException
Event: 171.059 Loading class javax/net/ssl/SSLPeerUnverifiedException done
Event: 171.059 Loading class javax/naming/NamingException
Event: 171.064 Loading class javax/naming/NamingException done
Event: 171.064 Loading class javax/naming/InvalidNameException
Event: 171.068 Loading class javax/naming/InvalidNameException done
Event: 171.068 Loading class java/security/cert/CertificateParsingException
Event: 171.070 Loading class java/security/cert/CertificateException
Event: 171.072 Loading class java/security/cert/CertificateException done
Event: 171.072 Loading class java/security/cert/CertificateParsingException done

Classes unloaded (0 events):
No events

Classes redefined (0 events):
No events

Internal exceptions (20 events):
Event: 163.353 Thread 0x000001f31c23a4b0 Exception <a 'java/lang/IncompatibleClassChangeError'{0x00000000efc02b80}: Found class java.lang.Object, but interface was expected> (0x00000000efc02b80) 
thrown [s\src\hotspot\share\interpreter\linkResolver.cpp, line 840]
Event: 164.330 Thread 0x000001f31c23a4b0 Exception <a 'sun/nio/fs/WindowsException'{0x00000000efb21148}> (0x00000000efb21148) 
thrown [s\src\hotspot\share\prims\jni.cpp, line 520]
Event: 164.333 Thread 0x000001f31c23a4b0 Exception <a 'sun/nio/fs/WindowsException'{0x00000000efb22658}> (0x00000000efb22658) 
thrown [s\src\hotspot\share\prims\jni.cpp, line 520]
Event: 164.334 Thread 0x000001f31c23a4b0 Exception <a 'sun/nio/fs/WindowsException'{0x00000000efb23b18}> (0x00000000efb23b18) 
thrown [s\src\hotspot\share\prims\jni.cpp, line 520]
Event: 164.335 Thread 0x000001f31c23a4b0 Exception <a 'sun/nio/fs/WindowsException'{0x00000000efb24ff8}> (0x00000000efb24ff8) 
thrown [s\src\hotspot\share\prims\jni.cpp, line 520]
Event: 165.098 Thread 0x000001f31c23a4b0 Exception <a 'java/lang/IncompatibleClassChangeError'{0x00000000efb90e68}: Found class java.lang.Object, but interface was expected> (0x00000000efb90e68) 
thrown [s\src\hotspot\share\interpreter\linkResolver.cpp, line 840]
Event: 165.730 Thread 0x000001f31c23a4b0 Implicit null exception at 0x000001f37697b07c to 0x000001f37697b134
Event: 169.174 Thread 0x000001f31c23a4b0 Exception <a 'java/lang/ClassNotFoundException'{0x00000000efb094e0}: org/gradle/internal/metaobject/ConfigureDelegateBeanInfo> (0x00000000efb094e0) 
thrown [s\src\hotspot\share\classfile\systemDictionary.cpp, line 313]
Event: 169.174 Thread 0x000001f31c23a4b0 Exception <a 'java/lang/ClassNotFoundException'{0x00000000efb13e30}: org/gradle/internal/metaobject/ConfigureDelegateCustomizer> (0x00000000efb13e30) 
thrown [s\src\hotspot\share\classfile\systemDictionary.cpp, line 313]
Event: 169.209 Thread 0x000001f31c23a4b0 Exception <a 'java/lang/ClassNotFoundException'{0x00000000efaa7c18}: org/gradle/api/internal/project/DefaultProject_DecoratedBeanInfo> (0x00000000efaa7c18) 
thrown [s\src\hotspot\share\classfile\systemDictionary.cpp, line 313]
Event: 169.209 Thread 0x000001f31c23a4b0 Exception <a 'java/lang/ClassNotFoundException'{0x00000000efab34c8}: org/gradle/api/internal/project/DefaultProjectBeanInfo> (0x00000000efab34c8) 
thrown [s\src\hotspot\share\classfile\systemDictionary.cpp, line 313]
Event: 169.209 Thread 0x000001f31c23a4b0 Exception <a 'java/lang/ClassNotFoundException'{0x00000000efabf0a0}: org/gradle/api/internal/project/DefaultProjectCustomizer> (0x00000000efabf0a0) 
thrown [s\src\hotspot\share\classfile\systemDictionary.cpp, line 313]
Event: 169.218 Thread 0x000001f31c23a4b0 Exception <a 'java/lang/ClassNotFoundException'{0x00000000ef971c20}: org/gradle/api/internal/project/DefaultProject_DecoratedCustomizer> (0x00000000ef971c20) 
thrown [s\src\hotspot\share\classfile\systemDictionary.cpp, line 313]
Event: 169.244 Thread 0x000001f31c23a4b0 Exception <a 'java/lang/ClassNotFoundException'{0x00000000ef820d88}: org/gradle/configuration/internal/DefaultListenerBuildOperationDecorator$BuildOperationEmittingClosureBeanInfo> (0x00000000ef820d88) 
thrown [s\src\hotspot\share\classfile\systemDictionary.cpp, line 313]
Event: 169.244 Thread 0x000001f31c23a4b0 Exception <a 'java/lang/ClassNotFoundException'{0x00000000ef82d118}: org/gradle/configuration/internal/DefaultListenerBuildOperationDecorator$BuildOperationEmittingClosureCustomizer> (0x00000000ef82d118) 
thrown [s\src\hotspot\share\classfile\systemDictionary.cpp, line 313]
Event: 169.752 Thread 0x000001f31c23a4b0 Exception <a 'java/lang/NoSuchMethodError'{0x00000000effc19b8}: 'long java.lang.invoke.DirectMethodHandle$Holder.invokeStatic(java.lang.Object, long)'> (0x00000000effc19b8) 
thrown [s\src\hotspot\share\interpreter\linkResolver.cpp, line 773]
Event: 170.923 Thread 0x000001f31c23a4b0 Exception <a 'java/lang/NoSuchMethodError'{0x00000000ef39c0f8}: 'java.lang.Object java.lang.invoke.DirectMethodHandle$Holder.invokeVirtual(java.lang.Object, java.lang.Object, java.lang.Object, java.lang.Object, java.lang.Object, java.lang.Object, java.lang.Object, java.lang.Object, java.lang.Object, java.lang.Object, java.lang.Object, java.lang.Object, java.lang.Object, java.lang.Object, java.lang.Object, java.lang.Object, java.lang.Object)'> (0x00000000ef39c0f8) 
thrown [s\src\hotspot\share\interpreter\li
Event: 170.924 Thread 0x000001f31c23a4b0 Exception <a 'java/lang/NoSuchMethodError'{0x00000000ef3a2100}: 'java.lang.Object java.lang.invoke.DirectMethodHandle$Holder.invokeSpecial(java.lang.Object, java.lang.Object, java.lang.Object, java.lang.Object, java.lang.Object, java.lang.Object, java.lang.Object, java.lang.Object, java.lang.Object, java.lang.Object, java.lang.Object, java.lang.Object, java.lang.Object, java.lang.Object, java.lang.Object, java.lang.Object, java.lang.Object, java.lang.Object)'> (0x00000000ef3a2100) 
thrown [s\src\hotspot\sh
Event: 170.924 Thread 0x000001f31c23a4b0 Exception <a 'java/lang/NoSuchMethodError'{0x00000000ef3a7658}: 'java.lang.Object java.lang.invoke.DelegatingMethodHandle$Holder.reinvoke_L(java.lang.Object, java.lang.Object, java.lang.Object, java.lang.Object, java.lang.Object, java.lang.Object, java.lang.Object, java.lang.Object, java.lang.Object, java.lang.Object, java.lang.Object, java.lang.Object, java.lang.Object, java.lang.Object, java.lang.Object, java.lang.Object, java.lang.Object)'> (0x00000000ef3a7658) 
thrown [s\src\hotspot\share\interpreter\l
Event: 171.289 Thread 0x000001f31c23a4b0 Exception <a 'java/lang/NoSuchMethodError'{0x00000000eefe1220}: 'void java.lang.invoke.DirectMethodHandle$Holder.invokeStatic(java.lang.Object, java.lang.Object, java.lang.Object, java.lang.Object, java.lang.Object, java.lang.Object)'> (0x00000000eefe1220) 
thrown [s\src\hotspot\share\interpreter\linkResolver.cpp, line 773]

ZGC Phase Switch (0 events):
No events

VM Operations (20 events):
Event: 165.339 Executing safepoint VM operation: Cleanup
Event: 165.354 Executing safepoint VM operation: Cleanup done
Event: 166.361 Executing safepoint VM operation: Cleanup
Event: 166.376 Executing safepoint VM operation: Cleanup done
Event: 167.384 Executing safepoint VM operation: Cleanup
Event: 167.385 Executing safepoint VM operation: Cleanup done
Event: 167.965 Executing safepoint VM operation: G1CollectForAllocation (G1 Evacuation Pause)
Event: 167.982 Executing safepoint VM operation: G1CollectForAllocation (G1 Evacuation Pause) done
Event: 168.528 Executing non-safepoint VM operation: HandshakeAllThreads (Deoptimize)
Event: 168.529 Executing non-safepoint VM operation: HandshakeAllThreads (Deoptimize) done
Event: 169.531 Executing safepoint VM operation: Cleanup
Event: 169.547 Executing safepoint VM operation: Cleanup done
Event: 169.692 Executing safepoint VM operation: G1CollectForAllocation (G1 Evacuation Pause)
Event: 169.698 Executing safepoint VM operation: G1CollectForAllocation (G1 Evacuation Pause) done
Event: 169.799 Executing non-safepoint VM operation: HandshakeAllThreads (Deoptimize)
Event: 169.799 Executing non-safepoint VM operation: HandshakeAllThreads (Deoptimize) done
Event: 170.802 Executing safepoint VM operation: Cleanup
Event: 170.818 Executing safepoint VM operation: Cleanup done
Event: 171.832 Executing safepoint VM operation: Cleanup
Event: 171.832 Executing safepoint VM operation: Cleanup done

Memory protections (0 events):
No events

Nmethod flushes (20 events):
Event: 155.705 Thread 0x000001f37f414350 flushing  nmethod 0x000001f36ed73390
Event: 155.705 Thread 0x000001f37f414350 flushing  nmethod 0x000001f36ed75c10
Event: 155.705 Thread 0x000001f37f414350 flushing  nmethod 0x000001f36ed7a690
Event: 155.705 Thread 0x000001f37f414350 flushing  nmethod 0x000001f36edfe990
Event: 155.705 Thread 0x000001f37f414350 flushing  nmethod 0x000001f36edff690
Event: 155.705 Thread 0x000001f37f414350 flushing  nmethod 0x000001f36ee00590
Event: 155.705 Thread 0x000001f37f414350 flushing  nmethod 0x000001f36ee01310
Event: 155.705 Thread 0x000001f37f414350 flushing  nmethod 0x000001f36ee01990
Event: 155.705 Thread 0x000001f37f414350 flushing  nmethod 0x000001f36ee02e90
Event: 155.705 Thread 0x000001f37f414350 flushing  nmethod 0x000001f36ee03310
Event: 155.705 Thread 0x000001f37f414350 flushing  nmethod 0x000001f36ee03c10
Event: 155.705 Thread 0x000001f37f414350 flushing  nmethod 0x000001f36ee04990
Event: 155.705 Thread 0x000001f37f414350 flushing  nmethod 0x000001f36efcaa90
Event: 155.705 Thread 0x000001f37f414350 flushing  nmethod 0x000001f36efccf10
Event: 155.705 Thread 0x000001f37f414350 flushing  nmethod 0x000001f36efcdb10
Event: 155.705 Thread 0x000001f37f414350 flushing  nmethod 0x000001f36efd2c90
Event: 155.705 Thread 0x000001f37f414350 flushing  nmethod 0x000001f36f16d690
Event: 155.705 Thread 0x000001f37f414350 flushing  nmethod 0x000001f36f16dc10
Event: 155.705 Thread 0x000001f37f414350 flushing  nmethod 0x000001f36f188c90
Event: 155.705 Thread 0x000001f37f414350 flushing  nmethod 0x000001f36f18c910

Events (20 events):
Event: 34.357 Thread 0x000001f31c238a70 Thread added: 0x000001f31c23a4b0
Event: 35.011 Thread 0x000001f31c23a4b0 Thread added: 0x000001f31c23ab40
Event: 35.016 Thread 0x000001f31c23a4b0 Thread added: 0x000001f31bbbefa0
Event: 35.020 Thread 0x000001f31c23a4b0 Thread added: 0x000001f31bbbe910
Event: 46.437 Thread 0x000001f31c23a4b0 Thread added: 0x000001f31bbbc1b0
Event: 47.626 Thread 0x000001f31c23a4b0 Thread added: 0x000001f31bbbfcc0
Event: 47.795 Thread 0x000001f31bbbfcc0 Thread added: 0x000001f31bbbc840
Event: 48.291 Thread 0x000001f31c23a4b0 Thread added: 0x000001f31bbbe280
Event: 77.575 Thread 0x000001f31c23a4b0 Thread added: 0x000001f31bbc0350
Event: 78.411 Thread 0x000001f31c23a4b0 Thread added: 0x000001f31bbbdbf0
Event: 87.166 Thread 0x000001f31c23a4b0 Thread added: 0x000001f31bbbced0
Event: 87.189 Thread 0x000001f31c23a4b0 Thread added: 0x000001f31bbc09e0
Event: 91.840 Thread 0x000001f31c23a4b0 Thread added: 0x000001f31bbbd560
Event: 93.044 Thread 0x000001f31c23a4b0 Thread added: 0x000001f31bbc3140
Event: 95.993 Thread 0x000001f31c23a4b0 Thread added: 0x000001f31bbc1700
Event: 99.755 Thread 0x000001f31c23a4b0 Thread added: 0x000001f31bbc1070
Event: 116.450 Thread 0x000001f31c23a4b0 Thread added: 0x000001f31bbc37d0
Event: 125.141 Thread 0x000001f31c23a4b0 Thread added: 0x000001f31bbc1d90
Event: 169.212 Thread 0x000001f37f441480 Thread added: 0x000001f31b464ce0
Event: 169.471 Thread 0x000001f31b464ce0 Thread exited: 0x000001f31b464ce0


Dynamic libraries:
0x00007ff6ef0b0000 - 0x00007ff6ef0be000 	C:\Users\USER\.vscode\extensions\redhat.java-1.55.0-win32-x64\jre\21.0.11-win32-x86_64\bin\java.exe
0x00007ffa60140000 - 0x00007ffa603a6000 	C:\WINDOWS\SYSTEM32\ntdll.dll
0x00007ffa5f100000 - 0x00007ffa5f1c9000 	C:\WINDOWS\System32\KERNEL32.DLL
0x00007ffa5d5b0000 - 0x00007ffa5d9aa000 	C:\WINDOWS\System32\KERNELBASE.dll
0x00007ffa5d460000 - 0x00007ffa5d5ac000 	C:\WINDOWS\System32\ucrtbase.dll
0x00007ffa495b0000 - 0x00007ffa495c8000 	C:\Users\USER\.vscode\extensions\redhat.java-1.55.0-win32-x64\jre\21.0.11-win32-x86_64\bin\jli.dll
0x00007ffa5fea0000 - 0x00007ffa60067000 	C:\WINDOWS\System32\USER32.dll
0x00007ffa5de80000 - 0x00007ffa5dea7000 	C:\WINDOWS\System32\win32u.dll
0x00007ffa5f280000 - 0x00007ffa5f2ab000 	C:\WINDOWS\System32\GDI32.dll
0x00007ffa5dc90000 - 0x00007ffa5ddbb000 	C:\WINDOWS\System32\gdi32full.dll
0x00007ffa5dbe0000 - 0x00007ffa5dc83000 	C:\WINDOWS\System32\msvcp_win.dll
0x00007ffa495d0000 - 0x00007ffa495ee000 	C:\Users\USER\.vscode\extensions\redhat.java-1.55.0-win32-x64\jre\21.0.11-win32-x86_64\bin\VCRUNTIME140.dll
0x00007ffa3f680000 - 0x00007ffa3f912000 	C:\WINDOWS\WinSxS\amd64_microsoft.windows.common-controls_6595b64144ccf1df_6.0.26100.8521_none_3e08b75ce33403b3\COMCTL32.dll
0x00007ffa5deb0000 - 0x00007ffa5df59000 	C:\WINDOWS\System32\msvcrt.dll
0x00007ffa5fc60000 - 0x00007ffa5fc92000 	C:\WINDOWS\System32\IMM32.DLL
0x00007ffa495a0000 - 0x00007ffa495ac000 	C:\Users\USER\.vscode\extensions\redhat.java-1.55.0-win32-x64\jre\21.0.11-win32-x86_64\bin\vcruntime140_1.dll
0x00007ff9c4810000 - 0x00007ff9c489d000 	C:\Users\USER\.vscode\extensions\redhat.java-1.55.0-win32-x64\jre\21.0.11-win32-x86_64\bin\msvcp140.dll
0x00007ff959c50000 - 0x00007ff95a9f2000 	C:\Users\USER\.vscode\extensions\redhat.java-1.55.0-win32-x64\jre\21.0.11-win32-x86_64\bin\server\jvm.dll
0x00007ffa5fba0000 - 0x00007ffa5fc56000 	C:\WINDOWS\System32\ADVAPI32.dll
0x00007ffa5f1d0000 - 0x00007ffa5f27a000 	C:\WINDOWS\System32\sechost.dll
0x00007ffa5ed80000 - 0x00007ffa5ee98000 	C:\WINDOWS\System32\RPCRT4.dll
0x00007ffa60070000 - 0x00007ffa600f0000 	C:\WINDOWS\System32\WS2_32.dll
0x00007ffa5d230000 - 0x00007ffa5d28e000 	C:\WINDOWS\SYSTEM32\POWRPROF.dll
0x00007ffa54dd0000 - 0x00007ffa54e06000 	C:\WINDOWS\SYSTEM32\WINMM.dll
0x00007ffa4bf90000 - 0x00007ffa4bf9b000 	C:\WINDOWS\SYSTEM32\VERSION.dll
0x00007ffa5d210000 - 0x00007ffa5d224000 	C:\WINDOWS\SYSTEM32\UMPDC.dll
0x00007ffa5c160000 - 0x00007ffa5c17b000 	C:\WINDOWS\SYSTEM32\kernel.appcore.dll
0x00007ffa49570000 - 0x00007ffa4957a000 	C:\Users\USER\.vscode\extensions\redhat.java-1.55.0-win32-x64\jre\21.0.11-win32-x86_64\bin\jimage.dll
0x00007ffa40390000 - 0x00007ffa405d2000 	C:\WINDOWS\SYSTEM32\DBGHELP.DLL
0x00007ffa5e1e0000 - 0x00007ffa5e563000 	C:\WINDOWS\System32\combase.dll
0x00007ffa5e040000 - 0x00007ffa5e119000 	C:\WINDOWS\System32\OLEAUT32.dll
0x00007ffa36930000 - 0x00007ffa3696b000 	C:\WINDOWS\SYSTEM32\dbgcore.DLL
0x00007ffa5d9b0000 - 0x00007ffa5da58000 	C:\WINDOWS\System32\bcryptPrimitives.dll
0x00007ffa49560000 - 0x00007ffa4956f000 	C:\Users\USER\.vscode\extensions\redhat.java-1.55.0-win32-x64\jre\21.0.11-win32-x86_64\bin\instrument.dll
0x00007ffa49540000 - 0x00007ffa49560000 	C:\Users\USER\.vscode\extensions\redhat.java-1.55.0-win32-x64\jre\21.0.11-win32-x86_64\bin\java.dll
0x00007ffa5f390000 - 0x00007ffa5fb14000 	C:\WINDOWS\System32\SHELL32.dll
0x00007ffa5afb0000 - 0x00007ffa5b830000 	C:\WINDOWS\SYSTEM32\windows.storage.dll
0x00007ffa5e7f0000 - 0x00007ffa5e8e6000 	C:\WINDOWS\System32\SHCORE.dll
0x00007ffa5fb20000 - 0x00007ffa5fb87000 	C:\WINDOWS\System32\shlwapi.dll
0x00007ffa5d2f0000 - 0x00007ffa5d319000 	C:\WINDOWS\SYSTEM32\profapi.dll
0x00007ffa494f0000 - 0x00007ffa49508000 	C:\Users\USER\.vscode\extensions\redhat.java-1.55.0-win32-x64\jre\21.0.11-win32-x86_64\bin\zip.dll
0x00007ffa494e0000 - 0x00007ffa494f0000 	C:\Users\USER\.vscode\extensions\redhat.java-1.55.0-win32-x64\jre\21.0.11-win32-x86_64\bin\net.dll
0x00007ffa4f1b0000 - 0x00007ffa4f2d9000 	C:\WINDOWS\SYSTEM32\WINHTTP.dll
0x00007ffa5c6d0000 - 0x00007ffa5c73c000 	C:\WINDOWS\system32\mswsock.dll
0x00007ffa28e00000 - 0x00007ffa28e16000 	C:\Users\USER\.vscode\extensions\redhat.java-1.55.0-win32-x64\jre\21.0.11-win32-x86_64\bin\nio.dll
0x00007ffa3e450000 - 0x00007ffa3e460000 	C:\Users\USER\.vscode\extensions\redhat.java-1.55.0-win32-x64\jre\21.0.11-win32-x86_64\bin\verify.dll
0x00007ffa29300000 - 0x00007ffa29327000 	C:\Users\USER\.gradle\native\c067742578af261105cb4f569cf0c3c89f3d7b1fecec35dd04571415982c5e48\windows-amd64\native-platform.dll
0x00007ffa1ee80000 - 0x00007ffa1efc4000 	C:\Users\USER\.gradle\native\100fb08df4bc3b14c8652ba06237920a3bd2aa13389f12d3474272988ae205f9\windows-amd64\native-platform-file-events.dll
0x00007ffa1c2a0000 - 0x00007ffa1c2aa000 	C:\Users\USER\.vscode\extensions\redhat.java-1.55.0-win32-x64\jre\21.0.11-win32-x86_64\bin\management.dll
0x00007ff9e2e10000 - 0x00007ff9e2e1c000 	C:\Users\USER\.vscode\extensions\redhat.java-1.55.0-win32-x64\jre\21.0.11-win32-x86_64\bin\management_ext.dll
0x00007ffa5e030000 - 0x00007ffa5e038000 	C:\WINDOWS\System32\PSAPI.DLL
0x00007ffa5c9b0000 - 0x00007ffa5c9cb000 	C:\WINDOWS\SYSTEM32\CRYPTSP.dll
0x00007ffa5c0c0000 - 0x00007ffa5c0f9000 	C:\WINDOWS\system32\rsaenh.dll
0x00007ffa5c780000 - 0x00007ffa5c7b3000 	C:\WINDOWS\SYSTEM32\USERENV.dll
0x00007ffa5d2c0000 - 0x00007ffa5d2ea000 	C:\WINDOWS\SYSTEM32\bcrypt.dll
0x00007ffa5c9d0000 - 0x00007ffa5c9dc000 	C:\WINDOWS\SYSTEM32\CRYPTBASE.dll
0x00007ffa5bb00000 - 0x00007ffa5bb33000 	C:\WINDOWS\SYSTEM32\IPHLPAPI.DLL
0x00007ffa5e570000 - 0x00007ffa5e57a000 	C:\WINDOWS\System32\NSI.dll
0x00007ff9e2490000 - 0x00007ff9e2499000 	C:\Users\USER\.vscode\extensions\redhat.java-1.55.0-win32-x64\jre\21.0.11-win32-x86_64\bin\extnet.dll
0x00007ff9e3140000 - 0x00007ff9e314e000 	C:\Users\USER\.vscode\extensions\redhat.java-1.55.0-win32-x64\jre\21.0.11-win32-x86_64\bin\sunmscapi.dll
0x00007ffa5da60000 - 0x00007ffa5dbd8000 	C:\WINDOWS\System32\CRYPT32.dll
0x00007ffa5cbd0000 - 0x00007ffa5cc00000 	C:\WINDOWS\SYSTEM32\ncrypt.dll
0x00007ffa5cb80000 - 0x00007ffa5cbbf000 	C:\WINDOWS\SYSTEM32\NTASN1.dll
0x00007ffa31770000 - 0x00007ffa31778000 	C:\WINDOWS\system32\wshunix.dll

JVMTI agents:
C:\Users\USER\.gradle\wrapper\dists\gradle-8.9-bin\90cnw93cvbtalezasaz0blq0a\gradle-8.9\lib\agents\gradle-instrumentation-agent-8.9.jar path:C:\Users\USER\.vscode\extensions\redhat.java-1.55.0-win32-x64\jre\21.0.11-win32-x86_64\bin\instrument.dll, loaded, initialized, instrumentlib options:none

dbghelp: loaded successfully - version: 4.0.5 - missing functions: none
symbol engine: initialized successfully - sym options: 0x614 - pdb path: .;C:\Users\USER\.vscode\extensions\redhat.java-1.55.0-win32-x64\jre\21.0.11-win32-x86_64\bin;C:\WINDOWS\SYSTEM32;C:\WINDOWS\WinSxS\amd64_microsoft.windows.common-controls_6595b64144ccf1df_6.0.26100.8521_none_3e08b75ce33403b3;C:\Users\USER\.vscode\extensions\redhat.java-1.55.0-win32-x64\jre\21.0.11-win32-x86_64\bin\server;C:\Users\USER\.gradle\native\c067742578af261105cb4f569cf0c3c89f3d7b1fecec35dd04571415982c5e48\windows-amd64;C:\Users\USER\.gradle\native\100fb08df4bc3b14c8652ba06237920a3bd2aa13389f12d3474272988ae205f9\windows-amd64

VM Arguments:
jvm_args: --add-opens=java.base/java.util=ALL-UNNAMED --add-opens=java.base/java.lang=ALL-UNNAMED --add-opens=java.base/java.lang.invoke=ALL-UNNAMED --add-opens=java.prefs/java.util.prefs=ALL-UNNAMED --add-exports=jdk.compiler/com.sun.tools.javac.api=ALL-UNNAMED --add-exports=jdk.compiler/com.sun.tools.javac.util=ALL-UNNAMED --add-opens=java.base/java.nio.charset=ALL-UNNAMED --add-opens=java.base/java.net=ALL-UNNAMED --add-opens=java.base/java.util.concurrent.atomic=ALL-UNNAMED -XX:MaxMetaspaceSize=384m -XX:+HeapDumpOnOutOfMemoryError -Xms256m -Xmx512m -Dfile.encoding=utf8 -Duser.country=ZW -Duser.language=en -Duser.variant -javaagent:C:\Users\USER\.gradle\wrapper\dists\gradle-8.9-bin\90cnw93cvbtalezasaz0blq0a\gradle-8.9\lib\agents\gradle-instrumentation-agent-8.9.jar 
java_command: org.gradle.launcher.daemon.bootstrap.GradleDaemon 8.9
java_class_path (initial): C:\Users\USER\.gradle\wrapper\dists\gradle-8.9-bin\90cnw93cvbtalezasaz0blq0a\gradle-8.9\lib\gradle-daemon-main-8.9.jar
Launcher Type: SUN_STANDARD

[Global flags]
     intx CICompilerCount                          = 4                                         {product} {ergonomic}
   size_t CompressedClassSpaceSize                 = 335544320                                 {product} {ergonomic}
     uint ConcGCThreads                            = 2                                         {product} {ergonomic}
     uint G1ConcRefinementThreads                  = 8                                         {product} {ergonomic}
   size_t G1HeapRegionSize                         = 1048576                                   {product} {ergonomic}
    uintx GCDrainStackTargetSize                   = 64                                        {product} {ergonomic}
     bool HeapDumpOnOutOfMemoryError               = true                                   {manageable} {command line}
   size_t InitialHeapSize                          = 268435456                                 {product} {command line}
   size_t MarkStackSize                            = 4194304                                   {product} {ergonomic}
   size_t MaxHeapSize                              = 536870912                                 {product} {command line}
   size_t MaxMetaspaceSize                         = 402653184                                 {product} {command line}
   size_t MaxNewSize                               = 321912832                                 {product} {ergonomic}
   size_t MinHeapDeltaBytes                        = 1048576                                   {product} {ergonomic}
   size_t MinHeapSize                              = 268435456                                 {product} {command line}
    uintx NonNMethodCodeHeapSize                   = 5839372                                {pd product} {ergonomic}
    uintx NonProfiledCodeHeapSize                  = 122909434                              {pd product} {ergonomic}
    uintx ProfiledCodeHeapSize                     = 122909434                              {pd product} {ergonomic}
    uintx ReservedCodeCacheSize                    = 251658240                              {pd product} {ergonomic}
     bool SegmentedCodeCache                       = true                                      {product} {ergonomic}
   size_t SoftMaxHeapSize                          = 536870912                              {manageable} {ergonomic}
     bool UseCompressedOops                        = true                           {product lp64_product} {ergonomic}
     bool UseG1GC                                  = true                                      {product} {ergonomic}
     bool UseLargePagesIndividualAllocation        = false                                  {pd product} {ergonomic}

Logging:
Log output configuration:
 #0: stdout all=warning uptime,level,tags foldmultilines=false
 #1: stderr all=off uptime,level,tags foldmultilines=false

Release file:
JAVA_VERSION="21.0.11" 
MODULES="java.base java.compiler java.datatransfer java.xml java.prefs java.desktop java.instrument java.logging java.management java.security.sasl java.naming java.rmi java.management.rmi java.net.http java.scripting java.security.jgss java.transaction.xa java.sql java.sql.rowset java.xml.crypto java.se java.smartcardio jdk.accessibility jdk.internal.jvmstat jdk.attach jdk.charsets jdk.internal.opt jdk.zipfs jdk.compiler jdk.crypto.ec jdk.crypto.cryptoki jdk.crypto.mscapi jdk.dynalink jdk.internal.ed jdk.editpad jdk.hotspot.agent jdk.httpserver jdk.internal.le jdk.internal.vm.ci jdk.internal.vm.compiler jdk.internal.vm.compiler.management jdk.jartool jdk.javadoc jdk.jcmd jdk.management jdk.management.agent jdk.jconsole jdk.jdeps jdk.jdwp.agent jdk.jdi jdk.jfr jdk.jshell jdk.jsobject jdk.jstatd jdk.localedata jdk.management.jfr jdk.naming.dns jdk.naming.rmi jdk.net jdk.nio.mapmode jdk.random jdk.sctp jdk.security.auth jdk.security.jgss jdk.unsupported jdk.unsupported.desktop jdk.xml.dom" 

Environment Variables:
JAVA_HOME=C:\Program Files\Android\Android Studio\jbr
PATH=C:\Program Files\Eclipse Adoptium\jdk-17.0.19.10-hotspot\bin;C:\Program Files (x86)\Common Files\Intel\Shared Libraries\redist\intel64\compiler;C:\Program Files\Eclipse Adoptium\jdk-25.0.0.36-hotspot\bin;C:\Program Files (x86)\Common Files\Intel\Shared Files\cpp\bin\Intel64;C:\WINDOWS\system32;C:\WINDOWS;C:\WINDOWS\System32\Wbem;C:\WINDOWS\System32\WindowsPowerShell\v1.0\;C:\WINDOWS\System32\OpenSSH\;C:\ProgramData\chocolatey\bin;C:\Program Files\nodejs\;C:\Program Files\Git\cmd;C:\Users\USER\AppData\Local\Programs\Python\Python313\Scripts\;C:\Users\USER\AppData\Local\Programs\Python\Python313\;C:\Users\USER\AppData\Local\Microsoft\WindowsApps;C:\Users\USER\AppData\Local\Programs\Microsoft VS Code\bin;C:\Users\USER\AppData\Local\GitHubDesktop\bin;C:\Users\USER\AppData\Roaming\npm;C:\Users\USER\AppData\Local\Programs\mongosh\;
USERNAME=USER
OS=Windows_NT
PROCESSOR_IDENTIFIER=Intel64 Family 6 Model 186 Stepping 3, GenuineIntel
TMP=C:\Users\USER\AppData\Local\Temp
TEMP=C:\Users\USER\AppData\Local\Temp




Periodic native trim disabled

---------------  S Y S T E M  ---------------

OS:
 Windows 11 , 64 bit Build 26100 (10.0.26100.8521)
OS uptime: 0 days 1:08 hours

CPU: total 8 (initial active 8) (8 cores per cpu, 1 threads per core) family 6 model 186 stepping 3 microcode 0x6134, cx8, cmov, fxsr, mmx, 3dnowpref, sse, sse2, sse3, ssse3, sse4.1, sse4.2, popcnt, lzcnt, tsc, tscinvbit, avx, avx2, aes, erms, clmul, bmi1, bmi2, adx, sha, fma, vzeroupper, clflush, clflushopt, clwb, serialize, rdtscp, rdpid, fsrm, f16c, pku, cet_ibt, cet_ss
Processor Information for the first 8 processors :
  Max Mhz: 1200, Current Mhz: 1200, Mhz Limit: 1200

Memory: 4k page, system-wide physical 7835M (4M free)
TotalPageFile size 31387M (AvailPageFile size 1M)
current process WorkingSet (physical memory assigned to process): 170M, peak: 181M
current process commit charge ("private bytes"): 454M, peak: 458M

vm_info: OpenJDK 64-Bit Server VM (21.0.11+10-LTS) for windows-amd64 JRE (21.0.11+10-LTS), built on 2026-04-21T00:00:00Z by "admin" with MS VC++ 17.12 (VS2022)

END.
