#
# There is insufficient memory for the Java Runtime Environment to continue.
# Native memory allocation (malloc) failed to allocate 2327856 bytes. Error detail: Chunk::new
# Possible reasons:
#   The system is out of physical RAM or swap space
#   This process is running with CompressedOops enabled, and the Java Heap may be blocking the growth of the native heap
# Possible solutions:
#   Reduce memory load on the system
#   Increase physical memory or swap space
#   Check if swap backing store is full
#   Decrease Java heap size (-Xmx/-Xms)
#   Decrease number of Java threads
#   Decrease Java thread stack sizes (-Xss)
#   Set larger code cache with -XX:ReservedCodeCacheSize=
#   JVM is running with Unscaled Compressed Oops mode in which the Java heap is
#     placed in the first 4GB address space. The Java Heap base address is the
#     maximum limit for the native heap growth. Please use -XX:HeapBaseMinAddress
#     to set the Java Heap base and to place the Java Heap above 4GB virtual address.
# This output file may be truncated or incomplete.
#
#  Out of Memory Error (arena.cpp:191), pid=336, tid=16824
#
# JRE version: OpenJDK Runtime Environment Temurin-17.0.19+10 (17.0.19+10) (build 17.0.19+10)
# Java VM: OpenJDK 64-Bit Server VM Temurin-17.0.19+10 (17.0.19+10, mixed mode, sharing, tiered, compressed oops, compressed class ptrs, g1 gc, windows-amd64)
# No core dump will be written. Minidumps are not enabled by default on client versions of Windows
#

---------------  S U M M A R Y ------------

Command Line: --add-opens=java.base/java.lang=ALL-UNNAMED --add-opens=java.base/java.lang.invoke=ALL-UNNAMED --add-opens=java.base/java.util=ALL-UNNAMED --add-opens=java.prefs/java.util.prefs=ALL-UNNAMED --add-exports=jdk.compiler/com.sun.tools.javac.api=ALL-UNNAMED --add-exports=jdk.compiler/com.sun.tools.javac.util=ALL-UNNAMED --add-opens=java.base/java.util=ALL-UNNAMED --add-opens=java.prefs/java.util.prefs=ALL-UNNAMED --add-opens=java.base/java.nio.charset=ALL-UNNAMED --add-opens=java.base/java.net=ALL-UNNAMED --add-opens=java.base/java.util.concurrent.atomic=ALL-UNNAMED --add-opens=java.xml/javax.xml.namespace=ALL-UNNAMED -XX:MaxMetaspaceSize=512m -Xmx2048m -Dfile.encoding=UTF-8 -Duser.country=ZW -Duser.language=en -Duser.variant -javaagent:C:\Users\USER\.gradle\wrapper\dists\gradle-8.14.3-bin\cv11ve7ro1n3o1j4so8xd9n66\gradle-8.14.3\lib\agents\gradle-instrumentation-agent-8.14.3.jar org.gradle.launcher.daemon.bootstrap.GradleDaemon 8.14.3

Host: 13th Gen Intel(R) Core(TM) i3-1315U, 8 cores, 7G,  Windows 11 , 64 bit Build 26100 (10.0.26100.8521)
Time: Tue Jul 14 12:32:11 2026 South Africa Standard Time elapsed time: 850.958307 seconds (0d 0h 14m 10s)

---------------  T H R E A D  ---------------

Current thread (0x000001776b5ac170):  JavaThread "C2 CompilerThread0" daemon [_thread_in_native, id=16824, stack(0x0000003267a00000,0x0000003267b00000)]


Current CompileTask:
C2:850958 9851       4       org.gradle.internal.instantiation.generator.AbstractClassGenerator::inspectType (602 bytes)

Stack: [0x0000003267a00000,0x0000003267b00000]
Native frames: (J=compiled Java code, j=interpreted, Vv=VM code, C=native code)
V  [jvm.dll+0x684b29]
V  [jvm.dll+0x83a2d5]
V  [jvm.dll+0x83bd4e]
V  [jvm.dll+0x83c3d3]
V  [jvm.dll+0x24905f]
V  [jvm.dll+0xad536]
V  [jvm.dll+0xadbdc]
V  [jvm.dll+0x368d4f]
V  [jvm.dll+0x3331d5]
V  [jvm.dll+0x33263a]
V  [jvm.dll+0x219e69]
V  [jvm.dll+0x2192af]
V  [jvm.dll+0x1a49f0]
V  [jvm.dll+0x2299fa]
V  [jvm.dll+0x227bab]
V  [jvm.dll+0x7f0a88]
V  [jvm.dll+0x7eaf1c]
V  [jvm.dll+0x6839f7]
C  [ucrtbase.dll+0x2cd30]
C  [KERNEL32.DLL+0x2e957]
C  [ntdll.dll+0x87c1c]


---------------  P R O C E S S  ---------------

Threads class SMR info:
_java_thread_list=0x0000017773720e00, length=76, elements={
0x000001774b10e7b0, 0x000001776b593b70, 0x000001776b594640, 0x000001776b5a52c0,
0x000001776b5a5b90, 0x000001776b5a8470, 0x000001776b5a8d40, 0x000001776b5ac170,
0x000001776b5afaa0, 0x000001776b5b03b0, 0x000001776b577be0, 0x000001776b93fde0,
0x000001776ba4c950, 0x00000177705a6230, 0x0000017770a8f700, 0x00000177709d1e50,
0x000001776baf1030, 0x00000177705c39c0, 0x00000177705c4e00, 0x00000177705c2070,
0x00000177705c2580, 0x00000177705c5310, 0x00000177705c3ed0, 0x00000177705c43e0,
0x00000177705c48f0, 0x00000177705c2fa0, 0x00000177705c34b0, 0x0000017771627d00,
0x0000017771628c30, 0x0000017771629b60, 0x00000177716263b0, 0x0000017771628210,
0x000001777162a070, 0x00000177716268c0, 0x000001777162b9c0, 0x000001777162b4b0,
0x000001777162bed0, 0x0000017771626dd0, 0x000001777162a580, 0x0000017771628720,
0x000001777162c3e0, 0x000001777162afa0, 0x000001777162c8f0, 0x0000017771629140,
0x000001777162ce00, 0x000001777162d310, 0x000001777162d820, 0x000001777162dd30,
0x000001777279ee50, 0x00000177727a20f0, 0x00000177727a2600, 0x00000177727a3020,
0x00000177727a1be0, 0x000001777279f870, 0x00000177727a3530, 0x00000177727a11c0,
0x000001777279fd80, 0x00000177727a3a40, 0x00000177727a16d0, 0x00000177727a0290,
0x00000177727a2b10, 0x00000177727a0cb0, 0x00000177727a3f50, 0x00000177727a07a0,
0x00000177727a4460, 0x00000177727a67d0, 0x00000177727a4e80, 0x00000177727a58a0,
0x00000177727a5db0, 0x00000177727a62c0, 0x0000017773a75ed0, 0x0000017773a768f0,
0x0000017773a76e00, 0x0000017773a759c0, 0x0000017773a74070, 0x0000017773a74fa0
}

Java Threads: ( => current thread )
  0x000001774b10e7b0 JavaThread "main" [_thread_blocked, id=976, stack(0x0000003266d00000,0x0000003266e00000)]
  0x000001776b593b70 JavaThread "Reference Handler" daemon [_thread_blocked, id=2468, stack(0x0000003267400000,0x0000003267500000)]
  0x000001776b594640 JavaThread "Finalizer" daemon [_thread_blocked, id=13224, stack(0x0000003267500000,0x0000003267600000)]
  0x000001776b5a52c0 JavaThread "Signal Dispatcher" daemon [_thread_blocked, id=2644, stack(0x0000003267600000,0x0000003267700000)]
  0x000001776b5a5b90 JavaThread "Attach Listener" daemon [_thread_blocked, id=16540, stack(0x0000003267700000,0x0000003267800000)]
  0x000001776b5a8470 JavaThread "Service Thread" daemon [_thread_blocked, id=23296, stack(0x0000003267800000,0x0000003267900000)]
  0x000001776b5a8d40 JavaThread "Monitor Deflation Thread" daemon [_thread_blocked, id=22996, stack(0x0000003267900000,0x0000003267a00000)]
=>0x000001776b5ac170 JavaThread "C2 CompilerThread0" daemon [_thread_in_native, id=16824, stack(0x0000003267a00000,0x0000003267b00000)]
  0x000001776b5afaa0 JavaThread "C1 CompilerThread0" daemon [_thread_blocked, id=23204, stack(0x0000003267b00000,0x0000003267c00000)]
  0x000001776b5b03b0 JavaThread "Sweeper thread" daemon [_thread_blocked, id=7424, stack(0x0000003267c00000,0x0000003267d00000)]
  0x000001776b577be0 JavaThread "Common-Cleaner" daemon [_thread_blocked, id=18568, stack(0x0000003267d00000,0x0000003267e00000)]
  0x000001776b93fde0 JavaThread "Notification Thread" daemon [_thread_blocked, id=25992, stack(0x0000003267e00000,0x0000003267f00000)]
  0x000001776ba4c950 JavaThread "Daemon health stats" [_thread_blocked, id=27988, stack(0x0000003268400000,0x0000003268500000)]
  0x00000177705a6230 JavaThread "Incoming local TCP Connector on port 59406" [_thread_in_native, id=28460, stack(0x0000003268500000,0x0000003268600000)]
  0x0000017770a8f700 JavaThread "Daemon periodic checks" [_thread_blocked, id=28428, stack(0x0000003268600000,0x0000003268700000)]
  0x00000177709d1e50 JavaThread "Daemon" [_thread_blocked, id=21100, stack(0x0000003268700000,0x0000003268800000)]
  0x000001776baf1030 JavaThread "Handler for socket connection from /127.0.0.1:59406 to /127.0.0.1:59407" [_thread_in_native, id=2036, stack(0x0000003268800000,0x0000003268900000)]
  0x00000177705c39c0 JavaThread "Cancel handler" [_thread_blocked, id=17420, stack(0x0000003268900000,0x0000003268a00000)]
  0x00000177705c4e00 JavaThread "Daemon worker" [_thread_in_Java, id=22228, stack(0x0000003268a00000,0x0000003268b00000)]
  0x00000177705c2070 JavaThread "Asynchronous log dispatcher for DefaultDaemonConnection: socket connection from /127.0.0.1:59406 to /127.0.0.1:59407" [_thread_blocked, id=15256, stack(0x0000003268b00000,0x0000003268c00000)]
  0x00000177705c2580 JavaThread "Stdin handler" [_thread_blocked, id=25004, stack(0x0000003268c00000,0x0000003268d00000)]
  0x00000177705c5310 JavaThread "Daemon client event forwarder" [_thread_blocked, id=18296, stack(0x0000003268d00000,0x0000003268e00000)]
  0x00000177705c3ed0 JavaThread "Cache worker for journal cache (C:\Users\USER\.gradle\caches\journal-1)" [_thread_blocked, id=8652, stack(0x0000003268e00000,0x0000003268f00000)]
  0x00000177705c43e0 JavaThread "File lock request listener" [_thread_in_native, id=27992, stack(0x0000003268f00000,0x0000003269000000)]
  0x00000177705c48f0 JavaThread "Cache worker for file hash cache (C:\Users\USER\.gradle\caches\8.14.3\fileHashes)" [_thread_blocked, id=20256, stack(0x0000003269000000,0x0000003269100000)]
  0x00000177705c2fa0 JavaThread "Cache worker for file hash cache (C:\Users\USER\kalimed2\android\.gradle\8.14.3\fileHashes)" [_thread_blocked, id=29304, stack(0x0000003269600000,0x0000003269700000)]
  0x00000177705c34b0 JavaThread "Cache worker for Build Output Cleanup Cache (C:\Users\USER\kalimed2\android\.gradle\buildOutputCleanup)" [_thread_blocked, id=29332, stack(0x0000003269700000,0x0000003269800000)]
  0x0000017771627d00 JavaThread "File watcher server" daemon [_thread_in_native, id=28792, stack(0x0000003269900000,0x0000003269a00000)]
  0x0000017771628c30 JavaThread "File watcher consumer" daemon [_thread_blocked, id=26144, stack(0x0000003269a00000,0x0000003269b00000)]
  0x0000017771629b60 JavaThread "jar transforms" [_thread_blocked, id=24960, stack(0x0000003266a00000,0x0000003266b00000)]
  0x00000177716263b0 JavaThread "jar transforms Thread 2" [_thread_blocked, id=24632, stack(0x0000003266c00000,0x0000003266d00000)]
  0x0000017771628210 JavaThread "Cache worker for checksums cache (C:\Users\USER\kalimed2\android\.gradle\8.14.3\checksums)" [_thread_blocked, id=7692, stack(0x0000003269b00000,0x0000003269c00000)]
  0x000001777162a070 JavaThread "Cache worker for file content cache (C:\Users\USER\.gradle\caches\8.14.3\fileContent)" [_thread_blocked, id=568, stack(0x0000003269c00000,0x0000003269d00000)]
  0x00000177716268c0 JavaThread "jar transforms Thread 3" [_thread_blocked, id=25880, stack(0x0000003269e00000,0x0000003269f00000)]
  0x000001777162b9c0 JavaThread "Cache worker for cache directory md-supplier (C:\Users\USER\.gradle\caches\8.14.3\md-supplier)" [_thread_blocked, id=29728, stack(0x000000326a300000,0x000000326a400000)]
  0x000001777162b4b0 JavaThread "Cache worker for cache directory md-rule (C:\Users\USER\.gradle\caches\8.14.3\md-rule)" [_thread_blocked, id=24600, stack(0x000000326a400000,0x000000326a500000)]
  0x000001777162bed0 JavaThread "Cache worker for Build Output Cleanup Cache (C:\Users\USER\kalimed2\node_modules\@react-native\gradle-plugin\.gradle\buildOutputCleanup)" [_thread_blocked, id=29600, stack(0x0000003266b00000,0x0000003266c00000)]
  0x0000017771626dd0 JavaThread "Unconstrained build operations" [_thread_blocked, id=31596, stack(0x0000003269f00000,0x000000326a000000)]
  0x000001777162a580 JavaThread "Unconstrained build operations Thread 2" [_thread_blocked, id=31600, stack(0x000000326a000000,0x000000326a100000)]
  0x0000017771628720 JavaThread "Unconstrained build operations Thread 3" [_thread_blocked, id=660, stack(0x000000326a100000,0x000000326a200000)]
  0x000001777162c3e0 JavaThread "Unconstrained build operations Thread 4" [_thread_blocked, id=28516, stack(0x000000326a500000,0x000000326a600000)]
  0x000001777162afa0 JavaThread "Unconstrained build operations Thread 5" [_thread_blocked, id=23264, stack(0x000000326a600000,0x000000326a700000)]
  0x000001777162c8f0 JavaThread "Unconstrained build operations Thread 6" [_thread_blocked, id=24396, stack(0x000000326a700000,0x000000326a800000)]
  0x0000017771629140 JavaThread "Cache worker for Build Output Cleanup Cache (C:\Users\USER\kalimed2\node_modules\expo-modules-autolinking\android\expo-gradle-plugin\.gradle\buildOutputCleanup)" [_thread_blocked, id=29612, stack(0x0000003269500000,0x0000003269600000)]
  0x000001777162ce00 JavaThread "Unconstrained build operations Thread 7" [_thread_blocked, id=17516, stack(0x000000326aa00000,0x000000326ab00000)]
  0x000001777162d310 JavaThread "Unconstrained build operations Thread 8" [_thread_blocked, id=17372, stack(0x000000326ab00000,0x000000326ac00000)]
  0x000001777162d820 JavaThread "Unconstrained build operations Thread 9" [_thread_blocked, id=16260, stack(0x000000326ac00000,0x000000326ad00000)]
  0x000001777162dd30 JavaThread "Unconstrained build operations Thread 10" [_thread_blocked, id=18036, stack(0x000000326ad00000,0x000000326ae00000)]
  0x000001777279ee50 JavaThread "Unconstrained build operations Thread 11" [_thread_blocked, id=31532, stack(0x000000326ae00000,0x000000326af00000)]
  0x00000177727a20f0 JavaThread "Unconstrained build operations Thread 12" [_thread_blocked, id=26652, stack(0x000000326af00000,0x000000326b000000)]
  0x00000177727a2600 JavaThread "Unconstrained build operations Thread 13" [_thread_blocked, id=29080, stack(0x000000326b000000,0x000000326b100000)]
  0x00000177727a3020 JavaThread "Unconstrained build operations Thread 14" [_thread_blocked, id=2756, stack(0x000000326b100000,0x000000326b200000)]
  0x00000177727a1be0 JavaThread "Unconstrained build operations Thread 15" [_thread_blocked, id=21808, stack(0x000000326b200000,0x000000326b300000)]
  0x000001777279f870 JavaThread "Unconstrained build operations Thread 16" [_thread_blocked, id=31204, stack(0x000000326b300000,0x000000326b400000)]
  0x00000177727a3530 JavaThread "Unconstrained build operations Thread 17" [_thread_blocked, id=30624, stack(0x000000326b400000,0x000000326b500000)]
  0x00000177727a11c0 JavaThread "Unconstrained build operations Thread 18" [_thread_blocked, id=30612, stack(0x000000326b500000,0x000000326b600000)]
  0x000001777279fd80 JavaThread "Unconstrained build operations Thread 19" [_thread_blocked, id=17360, stack(0x000000326b600000,0x000000326b700000)]
  0x00000177727a3a40 JavaThread "Unconstrained build operations Thread 20" [_thread_blocked, id=30588, stack(0x000000326b700000,0x000000326b800000)]
  0x00000177727a16d0 JavaThread "Unconstrained build operations Thread 21" [_thread_blocked, id=18872, stack(0x000000326b800000,0x000000326b900000)]
  0x00000177727a0290 JavaThread "Unconstrained build operations Thread 22" [_thread_blocked, id=22144, stack(0x000000326b900000,0x000000326ba00000)]
  0x00000177727a2b10 JavaThread "Unconstrained build operations Thread 23" [_thread_blocked, id=31076, stack(0x000000326ba00000,0x000000326bb00000)]
  0x00000177727a0cb0 JavaThread "Unconstrained build operations Thread 24" [_thread_blocked, id=19840, stack(0x000000326bb00000,0x000000326bc00000)]
  0x00000177727a3f50 JavaThread "Unconstrained build operations Thread 25" [_thread_blocked, id=27588, stack(0x000000326bc00000,0x000000326bd00000)]
  0x00000177727a07a0 JavaThread "Unconstrained build operations Thread 26" [_thread_blocked, id=29608, stack(0x000000326bd00000,0x000000326be00000)]
  0x00000177727a4460 JavaThread "Unconstrained build operations Thread 27" [_thread_blocked, id=24412, stack(0x000000326be00000,0x000000326bf00000)]
  0x00000177727a67d0 JavaThread "build event listener" [_thread_blocked, id=19460, stack(0x000000326a800000,0x000000326a900000)]
  0x00000177727a4e80 JavaThread "Memory manager" [_thread_blocked, id=24840, stack(0x000000326a900000,0x000000326aa00000)]
  0x00000177727a58a0 JavaThread "Unconstrained build operations Thread 28" [_thread_blocked, id=32336, stack(0x000000326bf00000,0x000000326c000000)]
  0x00000177727a5db0 JavaThread "Unconstrained build operations Thread 29" [_thread_blocked, id=32384, stack(0x000000326c000000,0x000000326c100000)]
  0x00000177727a62c0 JavaThread "Unconstrained build operations Thread 30" [_thread_blocked, id=30276, stack(0x000000326c100000,0x000000326c200000)]
  0x0000017773a75ed0 JavaThread "Unconstrained build operations Thread 31" [_thread_blocked, id=31788, stack(0x000000326c200000,0x000000326c300000)]
  0x0000017773a768f0 JavaThread "Unconstrained build operations Thread 32" [_thread_blocked, id=31764, stack(0x000000326c300000,0x000000326c400000)]
  0x0000017773a76e00 JavaThread "Unconstrained build operations Thread 33" [_thread_blocked, id=25404, stack(0x000000326c400000,0x000000326c500000)]
  0x0000017773a759c0 JavaThread "Unconstrained build operations Thread 34" [_thread_blocked, id=31292, stack(0x000000326c500000,0x000000326c600000)]
  0x0000017773a74070 JavaThread "build event listener" [_thread_blocked, id=29716, stack(0x000000326c800000,0x000000326c900000)]
  0x0000017773a74fa0 JavaThread "File lock release action executor Thread 3" [_thread_blocked, id=31508, stack(0x0000003269100000,0x0000003269200000)]

Other Threads:
  0x000001776b586b70 VMThread "VM Thread" [stack: 0x0000003267300000,0x0000003267400000] [id=12976]
  0x000001776b8cf5e0 WatcherThread [stack: 0x0000003267f00000,0x0000003268000000] [id=22664]
  0x000001774b16d5f0 GCTaskThread "GC Thread#0" [stack: 0x0000003266e00000,0x0000003266f00000] [id=21108]
  0x0000017770240b30 GCTaskThread "GC Thread#1" [stack: 0x0000003268200000,0x0000003268300000] [id=22924]
  0x000001777023f7f0 GCTaskThread "GC Thread#2" [stack: 0x0000003268300000,0x0000003268400000] [id=13812]
  0x00000177707f0d50 GCTaskThread "GC Thread#3" [stack: 0x0000003268000000,0x0000003268100000] [id=26856]
  0x000001776b9f1f00 GCTaskThread "GC Thread#4" [stack: 0x0000003268100000,0x0000003268200000] [id=25264]
  0x000001777175bee0 GCTaskThread "GC Thread#5" [stack: 0x0000003269200000,0x0000003269300000] [id=28432]
  0x0000017772897010 GCTaskThread "GC Thread#6" [stack: 0x0000003269300000,0x0000003269400000] [id=1908]
  0x0000017771637380 GCTaskThread "GC Thread#7" [stack: 0x0000003269400000,0x0000003269500000] [id=28128]
  0x000001774b17f120 ConcurrentGCThread "G1 Main Marker" [stack: 0x0000003266f00000,0x0000003267000000] [id=4852]
  0x000001774b1801f0 ConcurrentGCThread "G1 Conc#0" [stack: 0x0000003267000000,0x0000003267100000] [id=16556]
  0x0000017771a3cc10 ConcurrentGCThread "G1 Conc#1" [stack: 0x0000003269800000,0x0000003269900000] [id=29516]
  0x000001774b1bd6f0 ConcurrentGCThread "G1 Refine#0" [stack: 0x0000003267100000,0x0000003267200000] [id=23000]
  0x0000017773704a50 ConcurrentGCThread "G1 Refine#1" [stack: 0x0000003269d00000,0x0000003269e00000] [id=9256]
  0x0000017773705610 ConcurrentGCThread "G1 Refine#2" [stack: 0x000000326a200000,0x000000326a300000] [id=31300]
  0x000001776b43c280 ConcurrentGCThread "G1 Service" [stack: 0x0000003267200000,0x0000003267300000] [id=7836]

Threads with active compile tasks:
C2 CompilerThread0  851027 9851       4       org.gradle.internal.instantiation.generator.AbstractClassGenerator::inspectType (602 bytes)

VM state: not at safepoint (normal execution)

VM Mutex/Monitor currently owned by a thread: None

Heap address: 0x0000000080000000, size: 2048 MB, Compressed Oops mode: 32-bit

CDS archive(s) mapped at: [0x0000017700000000-0x0000017700bb0000-0x0000017700bb0000), size 12255232, SharedBaseAddress: 0x0000017700000000, ArchiveRelocationMode: 1.
Compressed class space mapped at: 0x0000017701000000-0x000001771b000000, reserved size: 436207616
Narrow klass base: 0x0000017700000000, Narrow klass shift: 0, Narrow klass range: 0x100000000

GC Precious Log:
 CPUs: 8 total, 8 available
 Memory: 7835M
 Large Page Support: Disabled
 NUMA Support: Disabled
 Compressed Oops: Enabled (32-bit)
 Heap Region Size: 1M
 Heap Min Capacity: 8M
 Heap Initial Capacity: 124M
 Heap Max Capacity: 2G
 Pre-touch: Disabled
 Parallel Workers: 8
 Concurrent Workers: 2
 Concurrent Refinement Workers: 8
 Periodic GC: Disabled

Heap:
 garbage-first heap   total 208896K, used 116538K [0x0000000080000000, 0x0000000100000000)
  region size 1024K, 53 young (54272K), 1 survivors (1024K)
 Metaspace       used 72813K, committed 73728K, reserved 491520K
  class space    used 10164K, committed 10624K, reserved 425984K

Heap Regions: E=young(eden), S=young(survivor), O=old, HS=humongous(starts), HC=humongous(continues), CS=collection set, F=free, OA=open archive, CA=closed archive, TAMS=top-at-mark-start (previous, next)
|   0|0x0000000080000000, 0x0000000080100000, 0x0000000080100000|100%|HS|  |TAMS 0x0000000080100000, 0x0000000080000000| Complete 
|   1|0x0000000080100000, 0x0000000080200000, 0x0000000080200000|100%|HC|  |TAMS 0x0000000080200000, 0x0000000080100000| Complete 
|   2|0x0000000080200000, 0x0000000080300000, 0x0000000080300000|100%|HC|  |TAMS 0x0000000080300000, 0x0000000080200000| Complete 
|   3|0x0000000080300000, 0x0000000080400000, 0x0000000080400000|100%| O|  |TAMS 0x0000000080400000, 0x0000000080300000| Untracked 
|   4|0x0000000080400000, 0x0000000080500000, 0x0000000080500000|100%| O|  |TAMS 0x0000000080500000, 0x0000000080400000| Untracked 
|   5|0x0000000080500000, 0x0000000080600000, 0x0000000080600000|100%| O|  |TAMS 0x0000000080600000, 0x0000000080500000| Untracked 
|   6|0x0000000080600000, 0x0000000080700000, 0x0000000080700000|100%|HS|  |TAMS 0x0000000080700000, 0x0000000080600000| Complete 
|   7|0x0000000080700000, 0x0000000080800000, 0x0000000080800000|100%| O|  |TAMS 0x0000000080800000, 0x0000000080700000| Untracked 
|   8|0x0000000080800000, 0x0000000080900000, 0x0000000080900000|100%| O|  |TAMS 0x0000000080900000, 0x0000000080800000| Untracked 
|   9|0x0000000080900000, 0x0000000080a00000, 0x0000000080a00000|100%| O|  |TAMS 0x0000000080a00000, 0x0000000080900000| Untracked 
|  10|0x0000000080a00000, 0x0000000080b00000, 0x0000000080b00000|100%| O|  |TAMS 0x0000000080b00000, 0x0000000080a00000| Untracked 
|  11|0x0000000080b00000, 0x0000000080c00000, 0x0000000080c00000|100%| O|  |TAMS 0x0000000080c00000, 0x0000000080b00000| Untracked 
|  12|0x0000000080c00000, 0x0000000080d00000, 0x0000000080d00000|100%| O|  |TAMS 0x0000000080d00000, 0x0000000080c00000| Untracked 
|  13|0x0000000080d00000, 0x0000000080e00000, 0x0000000080e00000|100%| O|  |TAMS 0x0000000080e00000, 0x0000000080d00000| Untracked 
|  14|0x0000000080e00000, 0x0000000080f00000, 0x0000000080f00000|100%| O|  |TAMS 0x0000000080f00000, 0x0000000080e00000| Untracked 
|  15|0x0000000080f00000, 0x0000000081000000, 0x0000000081000000|100%| O|  |TAMS 0x0000000081000000, 0x0000000080f00000| Untracked 
|  16|0x0000000081000000, 0x0000000081100000, 0x0000000081100000|100%| O|  |TAMS 0x0000000081100000, 0x0000000081000000| Untracked 
|  17|0x0000000081100000, 0x0000000081200000, 0x0000000081200000|100%| O|  |TAMS 0x0000000081200000, 0x0000000081100000| Untracked 
|  18|0x0000000081200000, 0x0000000081300000, 0x0000000081300000|100%| O|  |TAMS 0x0000000081300000, 0x0000000081200000| Untracked 
|  19|0x0000000081300000, 0x0000000081400000, 0x0000000081400000|100%| O|  |TAMS 0x0000000081400000, 0x0000000081300000| Untracked 
|  20|0x0000000081400000, 0x00000000814b1000, 0x0000000081500000| 69%| O|  |TAMS 0x00000000814b1000, 0x0000000081400000| Untracked 
|  21|0x0000000081500000, 0x0000000081600000, 0x0000000081600000|100%| O|  |TAMS 0x0000000081600000, 0x0000000081500000| Untracked 
|  22|0x0000000081600000, 0x0000000081700000, 0x0000000081700000|100%| O|  |TAMS 0x0000000081700000, 0x0000000081600000| Untracked 
|  23|0x0000000081700000, 0x0000000081800000, 0x0000000081800000|100%| O|  |TAMS 0x0000000081800000, 0x0000000081700000| Untracked 
|  24|0x0000000081800000, 0x0000000081900000, 0x0000000081900000|100%| O|  |TAMS 0x0000000081900000, 0x0000000081800000| Untracked 
|  25|0x0000000081900000, 0x0000000081a00000, 0x0000000081a00000|100%| O|  |TAMS 0x0000000081a00000, 0x0000000081900000| Untracked 
|  26|0x0000000081a00000, 0x0000000081b00000, 0x0000000081b00000|100%| O|  |TAMS 0x0000000081b00000, 0x0000000081a00000| Untracked 
|  27|0x0000000081b00000, 0x0000000081c00000, 0x0000000081c00000|100%| O|  |TAMS 0x0000000081c00000, 0x0000000081b00000| Untracked 
|  28|0x0000000081c00000, 0x0000000081d00000, 0x0000000081d00000|100%| O|  |TAMS 0x0000000081d00000, 0x0000000081c00000| Untracked 
|  29|0x0000000081d00000, 0x0000000081e00000, 0x0000000081e00000|100%| O|  |TAMS 0x0000000081e00000, 0x0000000081d00000| Untracked 
|  30|0x0000000081e00000, 0x0000000081f00000, 0x0000000081f00000|100%| O|  |TAMS 0x0000000081f00000, 0x0000000081e00000| Untracked 
|  31|0x0000000081f00000, 0x0000000082000000, 0x0000000082000000|100%| O|  |TAMS 0x0000000082000000, 0x0000000081f00000| Untracked 
|  32|0x0000000082000000, 0x0000000082100000, 0x0000000082100000|100%| O|  |TAMS 0x0000000082100000, 0x0000000082000000| Untracked 
|  33|0x0000000082100000, 0x0000000082200000, 0x0000000082200000|100%| O|  |TAMS 0x0000000082200000, 0x0000000082100000| Untracked 
|  34|0x0000000082200000, 0x0000000082300000, 0x0000000082300000|100%| O|  |TAMS 0x0000000082300000, 0x0000000082200000| Untracked 
|  35|0x0000000082300000, 0x0000000082400000, 0x0000000082400000|100%| O|  |TAMS 0x0000000082400000, 0x0000000082300000| Untracked 
|  36|0x0000000082400000, 0x0000000082500000, 0x0000000082500000|100%| O|  |TAMS 0x0000000082500000, 0x0000000082400000| Untracked 
|  37|0x0000000082500000, 0x0000000082600000, 0x0000000082600000|100%| O|  |TAMS 0x0000000082600000, 0x0000000082500000| Untracked 
|  38|0x0000000082600000, 0x0000000082700000, 0x0000000082700000|100%| O|  |TAMS 0x0000000082700000, 0x0000000082600000| Untracked 
|  39|0x0000000082700000, 0x0000000082800000, 0x0000000082800000|100%| O|  |TAMS 0x0000000082800000, 0x0000000082700000| Untracked 
|  40|0x0000000082800000, 0x0000000082900000, 0x0000000082900000|100%| O|  |TAMS 0x0000000082900000, 0x0000000082800000| Untracked 
|  41|0x0000000082900000, 0x0000000082a00000, 0x0000000082a00000|100%| O|  |TAMS 0x0000000082a00000, 0x0000000082900000| Untracked 
|  42|0x0000000082a00000, 0x0000000082b00000, 0x0000000082b00000|100%| O|  |TAMS 0x0000000082a00000, 0x0000000082a00000| Untracked 
|  43|0x0000000082b00000, 0x0000000082c00000, 0x0000000082c00000|100%| O|  |TAMS 0x0000000082c00000, 0x0000000082b00000| Untracked 
|  44|0x0000000082c00000, 0x0000000082c00000, 0x0000000082d00000|  0%| F|  |TAMS 0x0000000082c00000, 0x0000000082c00000| Untracked 
|  45|0x0000000082d00000, 0x0000000082e00000, 0x0000000082e00000|100%| O|  |TAMS 0x0000000082e00000, 0x0000000082d00000| Untracked 
|  46|0x0000000082e00000, 0x0000000082f00000, 0x0000000082f00000|100%|HS|  |TAMS 0x0000000082f00000, 0x0000000082e00000| Complete 
|  47|0x0000000082f00000, 0x0000000083000000, 0x0000000083000000|100%|HC|  |TAMS 0x0000000083000000, 0x0000000082f00000| Complete 
|  48|0x0000000083000000, 0x0000000083100000, 0x0000000083100000|100%|HC|  |TAMS 0x0000000083100000, 0x0000000083000000| Complete 
|  49|0x0000000083100000, 0x0000000083200000, 0x0000000083200000|100%| O|  |TAMS 0x0000000083200000, 0x0000000083100000| Untracked 
|  50|0x0000000083200000, 0x0000000083300000, 0x0000000083300000|100%|HS|  |TAMS 0x0000000083300000, 0x0000000083200000| Complete 
|  51|0x0000000083300000, 0x0000000083400000, 0x0000000083400000|100%|HC|  |TAMS 0x0000000083400000, 0x0000000083300000| Complete 
|  52|0x0000000083400000, 0x0000000083500000, 0x0000000083500000|100%|HC|  |TAMS 0x0000000083500000, 0x0000000083400000| Complete 
|  53|0x0000000083500000, 0x0000000083600000, 0x0000000083600000|100%| O|  |TAMS 0x0000000083600000, 0x0000000083500000| Untracked 
|  54|0x0000000083600000, 0x00000000836f6800, 0x0000000083700000| 96%| O|  |TAMS 0x00000000836f6800, 0x0000000083600000| Untracked 
|  55|0x0000000083700000, 0x0000000083800000, 0x0000000083800000|100%| O|  |TAMS 0x0000000083800000, 0x0000000083700000| Untracked 
|  56|0x0000000083800000, 0x0000000083900000, 0x0000000083900000|100%| O|  |TAMS 0x0000000083900000, 0x0000000083800000| Untracked 
|  57|0x0000000083900000, 0x00000000839ec800, 0x0000000083a00000| 92%| O|  |TAMS 0x00000000839ec800, 0x0000000083900000| Untracked 
|  58|0x0000000083a00000, 0x0000000083b00000, 0x0000000083b00000|100%| O|  |TAMS 0x0000000083a00000, 0x0000000083a00000| Untracked 
|  59|0x0000000083b00000, 0x0000000083c00000, 0x0000000083c00000|100%| O|  |TAMS 0x0000000083b00000, 0x0000000083b00000| Untracked 
|  60|0x0000000083c00000, 0x0000000083d00000, 0x0000000083d00000|100%| O|  |TAMS 0x0000000083c00000, 0x0000000083c00000| Untracked 
|  61|0x0000000083d00000, 0x0000000083e00000, 0x0000000083e00000|100%| O|  |TAMS 0x0000000083d00000, 0x0000000083d00000| Untracked 
|  62|0x0000000083e00000, 0x0000000083f00000, 0x0000000083f00000|100%| O|  |TAMS 0x0000000083e00000, 0x0000000083e00000| Untracked 
|  63|0x0000000083f00000, 0x0000000083f3aa00, 0x0000000084000000| 22%| O|  |TAMS 0x0000000083f00000, 0x0000000083f00000| Untracked 
|  64|0x0000000084000000, 0x0000000084000000, 0x0000000084100000|  0%| F|  |TAMS 0x0000000084000000, 0x0000000084000000| Untracked 
|  65|0x0000000084100000, 0x0000000084100000, 0x0000000084200000|  0%| F|  |TAMS 0x0000000084100000, 0x0000000084100000| Untracked 
|  66|0x0000000084200000, 0x0000000084200000, 0x0000000084300000|  0%| F|  |TAMS 0x0000000084200000, 0x0000000084200000| Untracked 
|  67|0x0000000084300000, 0x0000000084300000, 0x0000000084400000|  0%| F|  |TAMS 0x0000000084300000, 0x0000000084300000| Untracked 
|  68|0x0000000084400000, 0x0000000084400000, 0x0000000084500000|  0%| F|  |TAMS 0x0000000084400000, 0x0000000084400000| Untracked 
|  69|0x0000000084500000, 0x0000000084500000, 0x0000000084600000|  0%| F|  |TAMS 0x0000000084500000, 0x0000000084500000| Untracked 
|  70|0x0000000084600000, 0x0000000084600000, 0x0000000084700000|  0%| F|  |TAMS 0x0000000084600000, 0x0000000084600000| Untracked 
|  71|0x0000000084700000, 0x0000000084700000, 0x0000000084800000|  0%| F|  |TAMS 0x0000000084700000, 0x0000000084700000| Untracked 
|  72|0x0000000084800000, 0x0000000084800000, 0x0000000084900000|  0%| F|  |TAMS 0x0000000084800000, 0x0000000084800000| Untracked 
|  73|0x0000000084900000, 0x0000000084900000, 0x0000000084a00000|  0%| F|  |TAMS 0x0000000084900000, 0x0000000084900000| Untracked 
|  74|0x0000000084a00000, 0x0000000084a00000, 0x0000000084b00000|  0%| F|  |TAMS 0x0000000084a00000, 0x0000000084a00000| Untracked 
|  75|0x0000000084b00000, 0x0000000084b00000, 0x0000000084c00000|  0%| F|  |TAMS 0x0000000084b00000, 0x0000000084b00000| Untracked 
|  76|0x0000000084c00000, 0x0000000084c00000, 0x0000000084d00000|  0%| F|  |TAMS 0x0000000084c00000, 0x0000000084c00000| Untracked 
|  77|0x0000000084d00000, 0x0000000084d00000, 0x0000000084e00000|  0%| F|  |TAMS 0x0000000084d00000, 0x0000000084d00000| Untracked 
|  78|0x0000000084e00000, 0x0000000084e00000, 0x0000000084f00000|  0%| F|  |TAMS 0x0000000084e00000, 0x0000000084e00000| Untracked 
|  79|0x0000000084f00000, 0x0000000084f00000, 0x0000000085000000|  0%| F|  |TAMS 0x0000000084f00000, 0x0000000084f00000| Untracked 
|  80|0x0000000085000000, 0x0000000085000000, 0x0000000085100000|  0%| F|  |TAMS 0x0000000085000000, 0x0000000085000000| Untracked 
|  81|0x0000000085100000, 0x0000000085100000, 0x0000000085200000|  0%| F|  |TAMS 0x0000000085100000, 0x0000000085100000| Untracked 
|  82|0x0000000085200000, 0x0000000085200000, 0x0000000085300000|  0%| F|  |TAMS 0x0000000085200000, 0x0000000085200000| Untracked 
|  83|0x0000000085300000, 0x0000000085300000, 0x0000000085400000|  0%| F|  |TAMS 0x0000000085300000, 0x0000000085300000| Untracked 
|  84|0x0000000085400000, 0x0000000085400000, 0x0000000085500000|  0%| F|  |TAMS 0x0000000085400000, 0x0000000085400000| Untracked 
|  85|0x0000000085500000, 0x0000000085500000, 0x0000000085600000|  0%| F|  |TAMS 0x0000000085500000, 0x0000000085500000| Untracked 
|  86|0x0000000085600000, 0x0000000085600000, 0x0000000085700000|  0%| F|  |TAMS 0x0000000085600000, 0x0000000085600000| Untracked 
|  87|0x0000000085700000, 0x0000000085700000, 0x0000000085800000|  0%| F|  |TAMS 0x0000000085700000, 0x0000000085700000| Untracked 
|  88|0x0000000085800000, 0x0000000085800000, 0x0000000085900000|  0%| F|  |TAMS 0x0000000085800000, 0x0000000085800000| Untracked 
|  89|0x0000000085900000, 0x0000000085900000, 0x0000000085a00000|  0%| F|  |TAMS 0x0000000085900000, 0x0000000085900000| Untracked 
|  90|0x0000000085a00000, 0x0000000085a00000, 0x0000000085b00000|  0%| F|  |TAMS 0x0000000085a00000, 0x0000000085a00000| Untracked 
|  91|0x0000000085b00000, 0x0000000085b00000, 0x0000000085c00000|  0%| F|  |TAMS 0x0000000085b00000, 0x0000000085b00000| Untracked 
|  92|0x0000000085c00000, 0x0000000085c00000, 0x0000000085d00000|  0%| F|  |TAMS 0x0000000085c00000, 0x0000000085c00000| Untracked 
|  93|0x0000000085d00000, 0x0000000085d00000, 0x0000000085e00000|  0%| F|  |TAMS 0x0000000085d00000, 0x0000000085d00000| Untracked 
|  94|0x0000000085e00000, 0x0000000085e00000, 0x0000000085f00000|  0%| F|  |TAMS 0x0000000085e00000, 0x0000000085e00000| Untracked 
|  95|0x0000000085f00000, 0x0000000085f00000, 0x0000000086000000|  0%| F|  |TAMS 0x0000000085f00000, 0x0000000085f00000| Untracked 
|  96|0x0000000086000000, 0x0000000086000000, 0x0000000086100000|  0%| F|  |TAMS 0x0000000086000000, 0x0000000086000000| Untracked 
|  97|0x0000000086100000, 0x0000000086100000, 0x0000000086200000|  0%| F|  |TAMS 0x0000000086100000, 0x0000000086100000| Untracked 
|  98|0x0000000086200000, 0x0000000086200000, 0x0000000086300000|  0%| F|  |TAMS 0x0000000086200000, 0x0000000086200000| Untracked 
|  99|0x0000000086300000, 0x0000000086300000, 0x0000000086400000|  0%| F|  |TAMS 0x0000000086300000, 0x0000000086300000| Untracked 
| 100|0x0000000086400000, 0x0000000086400000, 0x0000000086500000|  0%| F|  |TAMS 0x0000000086400000, 0x0000000086400000| Untracked 
| 101|0x0000000086500000, 0x0000000086500000, 0x0000000086600000|  0%| F|  |TAMS 0x0000000086500000, 0x0000000086500000| Untracked 
| 102|0x0000000086600000, 0x0000000086600000, 0x0000000086700000|  0%| F|  |TAMS 0x0000000086600000, 0x0000000086600000| Untracked 
| 103|0x0000000086700000, 0x0000000086700000, 0x0000000086800000|  0%| F|  |TAMS 0x0000000086700000, 0x0000000086700000| Untracked 
| 104|0x0000000086800000, 0x0000000086800000, 0x0000000086900000|  0%| F|  |TAMS 0x0000000086800000, 0x0000000086800000| Untracked 
| 105|0x0000000086900000, 0x0000000086900000, 0x0000000086a00000|  0%| F|  |TAMS 0x0000000086900000, 0x0000000086900000| Untracked 
| 106|0x0000000086a00000, 0x0000000086a00000, 0x0000000086b00000|  0%| F|  |TAMS 0x0000000086a00000, 0x0000000086a00000| Untracked 
| 107|0x0000000086b00000, 0x0000000086b00000, 0x0000000086c00000|  0%| F|  |TAMS 0x0000000086b00000, 0x0000000086b00000| Untracked 
| 108|0x0000000086c00000, 0x0000000086c00000, 0x0000000086d00000|  0%| F|  |TAMS 0x0000000086c00000, 0x0000000086c00000| Untracked 
| 109|0x0000000086d00000, 0x0000000086d00000, 0x0000000086e00000|  0%| F|  |TAMS 0x0000000086d00000, 0x0000000086d00000| Untracked 
| 110|0x0000000086e00000, 0x0000000086e00000, 0x0000000086f00000|  0%| F|  |TAMS 0x0000000086e00000, 0x0000000086e00000| Untracked 
| 111|0x0000000086f00000, 0x0000000086f00000, 0x0000000087000000|  0%| F|  |TAMS 0x0000000086f00000, 0x0000000086f00000| Untracked 
| 112|0x0000000087000000, 0x0000000087000000, 0x0000000087100000|  0%| F|  |TAMS 0x0000000087000000, 0x0000000087000000| Untracked 
| 113|0x0000000087100000, 0x0000000087100000, 0x0000000087200000|  0%| F|  |TAMS 0x0000000087100000, 0x0000000087100000| Untracked 
| 114|0x0000000087200000, 0x0000000087200000, 0x0000000087300000|  0%| F|  |TAMS 0x0000000087200000, 0x0000000087200000| Untracked 
| 115|0x0000000087300000, 0x0000000087300000, 0x0000000087400000|  0%| F|  |TAMS 0x0000000087300000, 0x0000000087300000| Untracked 
| 116|0x0000000087400000, 0x0000000087400000, 0x0000000087500000|  0%| F|  |TAMS 0x0000000087400000, 0x0000000087400000| Untracked 
| 117|0x0000000087500000, 0x0000000087500000, 0x0000000087600000|  0%| F|  |TAMS 0x0000000087500000, 0x0000000087500000| Untracked 
| 118|0x0000000087600000, 0x0000000087600000, 0x0000000087700000|  0%| F|  |TAMS 0x0000000087600000, 0x0000000087600000| Untracked 
| 119|0x0000000087700000, 0x0000000087700000, 0x0000000087800000|  0%| F|  |TAMS 0x0000000087700000, 0x0000000087700000| Untracked 
| 120|0x0000000087800000, 0x0000000087800000, 0x0000000087900000|  0%| F|  |TAMS 0x0000000087800000, 0x0000000087800000| Untracked 
| 121|0x0000000087900000, 0x0000000087900000, 0x0000000087a00000|  0%| F|  |TAMS 0x0000000087900000, 0x0000000087900000| Untracked 
| 122|0x0000000087a00000, 0x0000000087a00000, 0x0000000087b00000|  0%| F|  |TAMS 0x0000000087a00000, 0x0000000087a00000| Untracked 
| 123|0x0000000087b00000, 0x0000000087b00000, 0x0000000087c00000|  0%| F|  |TAMS 0x0000000087b00000, 0x0000000087b00000| Untracked 
| 124|0x0000000087c00000, 0x0000000087c00000, 0x0000000087d00000|  0%| F|  |TAMS 0x0000000087c00000, 0x0000000087c00000| Untracked 
| 125|0x0000000087d00000, 0x0000000087d00000, 0x0000000087e00000|  0%| F|  |TAMS 0x0000000087d00000, 0x0000000087d00000| Untracked 
| 126|0x0000000087e00000, 0x0000000087e00000, 0x0000000087f00000|  0%| F|  |TAMS 0x0000000087e00000, 0x0000000087e00000| Untracked 
| 127|0x0000000087f00000, 0x0000000087f00000, 0x0000000088000000|  0%| F|  |TAMS 0x0000000087f00000, 0x0000000087f00000| Untracked 
| 128|0x0000000088000000, 0x0000000088000000, 0x0000000088100000|  0%| F|  |TAMS 0x0000000088000000, 0x0000000088000000| Untracked 
| 129|0x0000000088100000, 0x0000000088100000, 0x0000000088200000|  0%| F|  |TAMS 0x0000000088100000, 0x0000000088100000| Untracked 
| 130|0x0000000088200000, 0x0000000088200000, 0x0000000088300000|  0%| F|  |TAMS 0x0000000088200000, 0x0000000088200000| Untracked 
| 131|0x0000000088300000, 0x0000000088300000, 0x0000000088400000|  0%| F|  |TAMS 0x0000000088300000, 0x0000000088300000| Untracked 
| 132|0x0000000088400000, 0x0000000088400000, 0x0000000088500000|  0%| F|  |TAMS 0x0000000088400000, 0x0000000088400000| Untracked 
| 133|0x0000000088500000, 0x0000000088500000, 0x0000000088600000|  0%| F|  |TAMS 0x0000000088500000, 0x0000000088500000| Untracked 
| 134|0x0000000088600000, 0x0000000088600000, 0x0000000088700000|  0%| F|  |TAMS 0x0000000088600000, 0x0000000088600000| Untracked 
| 135|0x0000000088700000, 0x0000000088700000, 0x0000000088800000|  0%| F|  |TAMS 0x0000000088700000, 0x0000000088700000| Untracked 
| 136|0x0000000088800000, 0x0000000088800000, 0x0000000088900000|  0%| F|  |TAMS 0x0000000088800000, 0x0000000088800000| Untracked 
| 137|0x0000000088900000, 0x0000000088900000, 0x0000000088a00000|  0%| F|  |TAMS 0x0000000088900000, 0x0000000088900000| Untracked 
| 138|0x0000000088a00000, 0x0000000088a00000, 0x0000000088b00000|  0%| F|  |TAMS 0x0000000088a00000, 0x0000000088a00000| Untracked 
| 139|0x0000000088b00000, 0x0000000088b00000, 0x0000000088c00000|  0%| F|  |TAMS 0x0000000088b00000, 0x0000000088b00000| Untracked 
| 140|0x0000000088c00000, 0x0000000088c00000, 0x0000000088d00000|  0%| F|  |TAMS 0x0000000088c00000, 0x0000000088c00000| Untracked 
| 141|0x0000000088d00000, 0x0000000088d00000, 0x0000000088e00000|  0%| F|  |TAMS 0x0000000088d00000, 0x0000000088d00000| Untracked 
| 142|0x0000000088e00000, 0x0000000088e00000, 0x0000000088f00000|  0%| F|  |TAMS 0x0000000088e00000, 0x0000000088e00000| Untracked 
| 143|0x0000000088f00000, 0x0000000088f00000, 0x0000000089000000|  0%| F|  |TAMS 0x0000000088f00000, 0x0000000088f00000| Untracked 
| 144|0x0000000089000000, 0x0000000089000000, 0x0000000089100000|  0%| F|  |TAMS 0x0000000089000000, 0x0000000089000000| Untracked 
| 145|0x0000000089100000, 0x0000000089100000, 0x0000000089200000|  0%| F|  |TAMS 0x0000000089100000, 0x0000000089100000| Untracked 
| 146|0x0000000089200000, 0x0000000089200000, 0x0000000089300000|  0%| F|  |TAMS 0x0000000089200000, 0x0000000089200000| Untracked 
| 147|0x0000000089300000, 0x0000000089300000, 0x0000000089400000|  0%| F|  |TAMS 0x0000000089300000, 0x0000000089300000| Untracked 
| 148|0x0000000089400000, 0x0000000089400000, 0x0000000089500000|  0%| F|  |TAMS 0x0000000089400000, 0x0000000089400000| Untracked 
| 149|0x0000000089500000, 0x0000000089500000, 0x0000000089600000|  0%| F|  |TAMS 0x0000000089500000, 0x0000000089500000| Untracked 
| 150|0x0000000089600000, 0x0000000089600000, 0x0000000089700000|  0%| F|  |TAMS 0x0000000089600000, 0x0000000089600000| Untracked 
| 151|0x0000000089700000, 0x0000000089784c90, 0x0000000089800000| 51%| E|  |TAMS 0x0000000089700000, 0x0000000089700000| Complete 
| 152|0x0000000089800000, 0x0000000089900000, 0x0000000089900000|100%| E|CS|TAMS 0x0000000089800000, 0x0000000089800000| Complete 
| 153|0x0000000089900000, 0x0000000089a00000, 0x0000000089a00000|100%| E|CS|TAMS 0x0000000089900000, 0x0000000089900000| Complete 
| 154|0x0000000089a00000, 0x0000000089b00000, 0x0000000089b00000|100%| E|CS|TAMS 0x0000000089a00000, 0x0000000089a00000| Complete 
| 155|0x0000000089b00000, 0x0000000089c00000, 0x0000000089c00000|100%| E|CS|TAMS 0x0000000089b00000, 0x0000000089b00000| Complete 
| 156|0x0000000089c00000, 0x0000000089d00000, 0x0000000089d00000|100%| E|CS|TAMS 0x0000000089c00000, 0x0000000089c00000| Complete 
| 157|0x0000000089d00000, 0x0000000089e00000, 0x0000000089e00000|100%| E|CS|TAMS 0x0000000089d00000, 0x0000000089d00000| Complete 
| 158|0x0000000089e00000, 0x0000000089f00000, 0x0000000089f00000|100%| E|CS|TAMS 0x0000000089e00000, 0x0000000089e00000| Complete 
| 159|0x0000000089f00000, 0x000000008a000000, 0x000000008a000000|100%| E|CS|TAMS 0x0000000089f00000, 0x0000000089f00000| Complete 
| 160|0x000000008a000000, 0x000000008a100000, 0x000000008a100000|100%| E|CS|TAMS 0x000000008a000000, 0x000000008a000000| Complete 
| 161|0x000000008a100000, 0x000000008a200000, 0x000000008a200000|100%| E|CS|TAMS 0x000000008a100000, 0x000000008a100000| Complete 
| 162|0x000000008a200000, 0x000000008a300000, 0x000000008a300000|100%| E|CS|TAMS 0x000000008a200000, 0x000000008a200000| Complete 
| 163|0x000000008a300000, 0x000000008a400000, 0x000000008a400000|100%| E|CS|TAMS 0x000000008a300000, 0x000000008a300000| Complete 
| 164|0x000000008a400000, 0x000000008a500000, 0x000000008a500000|100%| E|CS|TAMS 0x000000008a400000, 0x000000008a400000| Complete 
| 165|0x000000008a500000, 0x000000008a600000, 0x000000008a600000|100%| E|CS|TAMS 0x000000008a500000, 0x000000008a500000| Complete 
| 166|0x000000008a600000, 0x000000008a700000, 0x000000008a700000|100%| E|CS|TAMS 0x000000008a600000, 0x000000008a600000| Complete 
| 167|0x000000008a700000, 0x000000008a800000, 0x000000008a800000|100%| E|CS|TAMS 0x000000008a700000, 0x000000008a700000| Complete 
| 168|0x000000008a800000, 0x000000008a900000, 0x000000008a900000|100%| E|CS|TAMS 0x000000008a800000, 0x000000008a800000| Complete 
| 169|0x000000008a900000, 0x000000008aa00000, 0x000000008aa00000|100%| E|CS|TAMS 0x000000008a900000, 0x000000008a900000| Complete 
| 170|0x000000008aa00000, 0x000000008ab00000, 0x000000008ab00000|100%| E|CS|TAMS 0x000000008aa00000, 0x000000008aa00000| Complete 
| 171|0x000000008ab00000, 0x000000008ac00000, 0x000000008ac00000|100%| E|CS|TAMS 0x000000008ab00000, 0x000000008ab00000| Complete 
| 172|0x000000008ac00000, 0x000000008ad00000, 0x000000008ad00000|100%| E|CS|TAMS 0x000000008ac00000, 0x000000008ac00000| Complete 
| 173|0x000000008ad00000, 0x000000008ae00000, 0x000000008ae00000|100%| E|CS|TAMS 0x000000008ad00000, 0x000000008ad00000| Complete 
| 174|0x000000008ae00000, 0x000000008af00000, 0x000000008af00000|100%| E|CS|TAMS 0x000000008ae00000, 0x000000008ae00000| Complete 
| 175|0x000000008af00000, 0x000000008b000000, 0x000000008b000000|100%| E|CS|TAMS 0x000000008af00000, 0x000000008af00000| Complete 
| 176|0x000000008b000000, 0x000000008b100000, 0x000000008b100000|100%| E|CS|TAMS 0x000000008b000000, 0x000000008b000000| Complete 
| 177|0x000000008b100000, 0x000000008b200000, 0x000000008b200000|100%| E|CS|TAMS 0x000000008b100000, 0x000000008b100000| Complete 
| 178|0x000000008b200000, 0x000000008b300000, 0x000000008b300000|100%| E|CS|TAMS 0x000000008b200000, 0x000000008b200000| Complete 
| 179|0x000000008b300000, 0x000000008b400000, 0x000000008b400000|100%| E|CS|TAMS 0x000000008b300000, 0x000000008b300000| Complete 
| 180|0x000000008b400000, 0x000000008b500000, 0x000000008b500000|100%| E|CS|TAMS 0x000000008b400000, 0x000000008b400000| Complete 
| 181|0x000000008b500000, 0x000000008b600000, 0x000000008b600000|100%| E|CS|TAMS 0x000000008b500000, 0x000000008b500000| Complete 
| 182|0x000000008b600000, 0x000000008b700000, 0x000000008b700000|100%| E|CS|TAMS 0x000000008b600000, 0x000000008b600000| Complete 
| 183|0x000000008b700000, 0x000000008b800000, 0x000000008b800000|100%| E|CS|TAMS 0x000000008b700000, 0x000000008b700000| Complete 
| 184|0x000000008b800000, 0x000000008b900000, 0x000000008b900000|100%| E|CS|TAMS 0x000000008b800000, 0x000000008b800000| Complete 
| 185|0x000000008b900000, 0x000000008ba00000, 0x000000008ba00000|100%| E|CS|TAMS 0x000000008b900000, 0x000000008b900000| Complete 
| 186|0x000000008ba00000, 0x000000008bb00000, 0x000000008bb00000|100%| E|CS|TAMS 0x000000008ba00000, 0x000000008ba00000| Complete 
| 187|0x000000008bb00000, 0x000000008bc00000, 0x000000008bc00000|100%| E|CS|TAMS 0x000000008bb00000, 0x000000008bb00000| Complete 
| 188|0x000000008bc00000, 0x000000008bd00000, 0x000000008bd00000|100%| E|CS|TAMS 0x000000008bc00000, 0x000000008bc00000| Complete 
| 189|0x000000008bd00000, 0x000000008be00000, 0x000000008be00000|100%| E|CS|TAMS 0x000000008bd00000, 0x000000008bd00000| Complete 
| 190|0x000000008be00000, 0x000000008bf00000, 0x000000008bf00000|100%| E|CS|TAMS 0x000000008be00000, 0x000000008be00000| Complete 
| 191|0x000000008bf00000, 0x000000008c000000, 0x000000008c000000|100%| E|CS|TAMS 0x000000008bf00000, 0x000000008bf00000| Complete 
| 192|0x000000008c000000, 0x000000008c100000, 0x000000008c100000|100%| E|CS|TAMS 0x000000008c000000, 0x000000008c000000| Complete 
| 193|0x000000008c100000, 0x000000008c200000, 0x000000008c200000|100%| E|CS|TAMS 0x000000008c100000, 0x000000008c100000| Complete 
| 194|0x000000008c200000, 0x000000008c300000, 0x000000008c300000|100%| E|CS|TAMS 0x000000008c200000, 0x000000008c200000| Complete 
| 195|0x000000008c300000, 0x000000008c400000, 0x000000008c400000|100%| E|CS|TAMS 0x000000008c300000, 0x000000008c300000| Complete 
| 196|0x000000008c400000, 0x000000008c500000, 0x000000008c500000|100%| E|CS|TAMS 0x000000008c400000, 0x000000008c400000| Complete 
| 197|0x000000008c500000, 0x000000008c600000, 0x000000008c600000|100%| E|CS|TAMS 0x000000008c500000, 0x000000008c500000| Complete 
| 198|0x000000008c600000, 0x000000008c700000, 0x000000008c700000|100%| E|CS|TAMS 0x000000008c600000, 0x000000008c600000| Complete 
| 199|0x000000008c700000, 0x000000008c800000, 0x000000008c800000|100%| E|CS|TAMS 0x000000008c700000, 0x000000008c700000| Complete 
| 200|0x000000008c800000, 0x000000008c900000, 0x000000008c900000|100%| S|CS|TAMS 0x000000008c800000, 0x000000008c800000| Complete 
| 201|0x000000008c900000, 0x000000008ca00000, 0x000000008ca00000|100%| E|CS|TAMS 0x000000008c900000, 0x000000008c900000| Complete 
| 202|0x000000008ca00000, 0x000000008cb00000, 0x000000008cb00000|100%| E|CS|TAMS 0x000000008ca00000, 0x000000008ca00000| Complete 
| 245|0x000000008f500000, 0x000000008f600000, 0x000000008f600000|100%| E|CS|TAMS 0x000000008f500000, 0x000000008f500000| Complete 

Card table byte_map: [0x00000177642e0000,0x00000177646e0000] _byte_map_base: 0x0000017763ee0000

Marking Bits (Prev, Next): (CMBitMap*) 0x000001774b16db20, (CMBitMap*) 0x000001774b16db60
 Prev Bits: [0x0000017764ae0000, 0x0000017766ae0000)
 Next Bits: [0x0000017766ae0000, 0x0000017768ae0000)

Polling page: 0x000001774b1c0000

Metaspace:

Usage:
  Non-class:     61.18 MB used.
      Class:      9.93 MB used.
       Both:     71.11 MB used.

Virtual space:
  Non-class space:       64.00 MB reserved,      61.62 MB ( 96%) committed,  1 nodes.
      Class space:      416.00 MB reserved,      10.38 MB (  2%) committed,  1 nodes.
             Both:      480.00 MB reserved,      72.00 MB ( 15%) committed. 

Chunk freelists:
   Non-Class:  1.79 MB
       Class:  5.56 MB
        Both:  7.36 MB

MaxMetaspaceSize: 512.00 MB
CompressedClassSpaceSize: 416.00 MB
Initial GC threshold: 21.00 MB
Current GC threshold: 110.00 MB
CDS: on
MetaspaceReclaimPolicy: balanced
 - commit_granule_bytes: 65536.
 - commit_granule_words: 8192.
 - virtual_space_node_default_size: 8388608.
 - enlarge_chunks_in_place: 1.
 - new_chunks_are_fully_committed: 0.
 - uncommit_free_chunks: 1.
 - use_allocation_guard: 0.
 - handle_deallocations: 1.


Internal statistics:

num_allocs_failed_limit: 12.
num_arena_births: 1124.
num_arena_deaths: 0.
num_vsnodes_births: 2.
num_vsnodes_deaths: 0.
num_space_committed: 1152.
num_space_uncommitted: 0.
num_chunks_returned_to_freelist: 12.
num_chunks_taken_from_freelist: 4323.
num_chunk_merges: 12.
num_chunk_splits: 2786.
num_chunks_enlarged: 1754.
num_inconsistent_stats: 0.

CodeHeap 'non-profiled nmethods': size=120000Kb used=5697Kb max_used=5697Kb free=114302Kb
 bounds [0x000001775bf40000, 0x000001775c4e0000, 0x0000017763470000]
CodeHeap 'profiled nmethods': size=120000Kb used=17557Kb max_used=17557Kb free=102442Kb
 bounds [0x0000017754470000, 0x00000177555a0000, 0x000001775b9a0000]
CodeHeap 'non-nmethods': size=5760Kb used=2380Kb max_used=2440Kb free=3379Kb
 bounds [0x000001775b9a0000, 0x000001775bc10000, 0x000001775bf40000]
 total_blobs=9902 nmethods=8994 adapters=820
 compilation: enabled
              stopped_count=0, restarted_count=0
 full_count=0

Compilation events (20 events):
Event: 839.829 Thread 0x000001776b5ac170 nmethod 9842 0x000001775c4ba510 code [0x000001775c4ba6a0, 0x000001775c4bab98]
Event: 839.878 Thread 0x000001776b5ac170 9843       4       org.gradle.internal.fingerprint.classpath.impl.ClasspathFingerprintingStrategy$ClasspathFingerprintingVisitor::visitEntry (20 bytes)
Event: 840.564 Thread 0x000001776b5ac170 nmethod 9843 0x000001775c4bae10 code [0x000001775c4bb480, 0x000001775c4c2d48]
Event: 840.564 Thread 0x000001776b5ac170 9844       4       java.nio.ByteBuffer::order (48 bytes)
Event: 840.573 Thread 0x000001776b5ac170 nmethod 9844 0x000001775c4cfc90 code [0x000001775c4cfe20, 0x000001775c4cfed8]
Event: 841.702 Thread 0x000001776b5afaa0 9845       3       sun.nio.fs.WindowsPath::normalize (5 bytes)
Event: 841.704 Thread 0x000001776b5afaa0 nmethod 9845 0x0000017755589d10 code [0x0000017755589ec0, 0x000001775558a088]
Event: 842.755 Thread 0x000001776b5afaa0 9846       1       org.gradle.api.internal.provider.Collectors$TypedCollector::getType (5 bytes)
Event: 842.756 Thread 0x000001776b5afaa0 nmethod 9846 0x000001775c4cff90 code [0x000001775c4d0120, 0x000001775c4d01f8]
Event: 843.499 Thread 0x000001776b5afaa0 9847       3       org.gradle.internal.logging.slf4j.OutputEventListenerBackedLogger::debug (7 bytes)
Event: 843.499 Thread 0x000001776b5afaa0 nmethod 9847 0x000001775558a110 code [0x000001775558a2c0, 0x000001775558a408]
Event: 847.102 Thread 0x000001776b5afaa0 9848       3       sun.nio.ch.FileLockTable::removeKeyIfEmpty (64 bytes)
Event: 847.124 Thread 0x000001776b5afaa0 nmethod 9848 0x000001775558a510 code [0x000001775558a6e0, 0x000001775558a9d8]
Event: 847.328 Thread 0x000001776b5ac170 9849       4       java.lang.CharacterDataLatin1::isUpperCase (16 bytes)
Event: 847.335 Thread 0x000001776b5ac170 nmethod 9849 0x000001775c4d0290 code [0x000001775c4d0420, 0x000001775c4d04d8]
Event: 849.506 Thread 0x000001776b5afaa0 9850   !   3       jdk.internal.misc.ScopedMemoryAccess::getIntUnaligned (22 bytes)
Event: 849.510 Thread 0x000001776b5afaa0 nmethod 9850 0x000001775558ab10 code [0x000001775558ad00, 0x000001775558b2a8]
Event: 849.627 Thread 0x000001776b5ac170 9851       4       org.gradle.internal.instantiation.generator.AbstractClassGenerator::inspectType (602 bytes)
Event: 850.237 Thread 0x000001776b5afaa0 9853       3       org.gradle.internal.instantiation.generator.AsmBackedClassGenerator$ClassInspectionVisitorImpl::markPropertyAsIneligibleForConventionMapping (12 bytes)
Event: 850.242 Thread 0x000001776b5afaa0 nmethod 9853 0x000001775558b590 code [0x000001775558b740, 0x000001775558b908]

GC Heap History (20 events):
Event: 403.623 GC heap before
{Heap before GC invocations=23 (full 0):
 garbage-first heap   total 251904K, used 57217K [0x0000000080000000, 0x0000000100000000)
  region size 1024K, 12 young (12288K), 2 survivors (2048K)
 Metaspace       used 55361K, committed 56000K, reserved 491520K
  class space    used 7732K, committed 8000K, reserved 425984K
}
Event: 403.628 GC heap after
{Heap after GC invocations=24 (full 0):
 garbage-first heap   total 251904K, used 48649K [0x0000000080000000, 0x0000000100000000)
  region size 1024K, 2 young (2048K), 2 survivors (2048K)
 Metaspace       used 55361K, committed 56000K, reserved 491520K
  class space    used 7732K, committed 8000K, reserved 425984K
}
Event: 404.167 GC heap before
{Heap before GC invocations=24 (full 0):
 garbage-first heap   total 251904K, used 61961K [0x0000000080000000, 0x0000000100000000)
  region size 1024K, 12 young (12288K), 2 survivors (2048K)
 Metaspace       used 55477K, committed 56128K, reserved 491520K
  class space    used 7749K, committed 8064K, reserved 425984K
}
Event: 404.172 GC heap after
{Heap after GC invocations=25 (full 0):
 garbage-first heap   total 251904K, used 52241K [0x0000000080000000, 0x0000000100000000)
  region size 1024K, 2 young (2048K), 2 survivors (2048K)
 Metaspace       used 55477K, committed 56128K, reserved 491520K
  class space    used 7749K, committed 8064K, reserved 425984K
}
Event: 406.590 GC heap before
{Heap before GC invocations=25 (full 0):
 garbage-first heap   total 251904K, used 64529K [0x0000000080000000, 0x0000000100000000)
  region size 1024K, 12 young (12288K), 2 survivors (2048K)
 Metaspace       used 55971K, committed 56640K, reserved 491520K
  class space    used 7818K, committed 8128K, reserved 425984K
}
Event: 406.595 GC heap after
{Heap after GC invocations=26 (full 0):
 garbage-first heap   total 251904K, used 56452K [0x0000000080000000, 0x0000000100000000)
  region size 1024K, 2 young (2048K), 2 survivors (2048K)
 Metaspace       used 55971K, committed 56640K, reserved 491520K
  class space    used 7818K, committed 8128K, reserved 425984K
}
Event: 406.828 GC heap before
{Heap before GC invocations=26 (full 0):
 garbage-first heap   total 251904K, used 67716K [0x0000000080000000, 0x0000000100000000)
  region size 1024K, 13 young (13312K), 2 survivors (2048K)
 Metaspace       used 57415K, committed 58112K, reserved 491520K
  class space    used 7986K, committed 8320K, reserved 425984K
}
Event: 406.830 GC heap after
{Heap after GC invocations=27 (full 0):
 garbage-first heap   total 251904K, used 56473K [0x0000000080000000, 0x0000000100000000)
  region size 1024K, 1 young (1024K), 1 survivors (1024K)
 Metaspace       used 57415K, committed 58112K, reserved 491520K
  class space    used 7986K, committed 8320K, reserved 425984K
}
Event: 407.719 GC heap before
{Heap before GC invocations=27 (full 0):
 garbage-first heap   total 251904K, used 87193K [0x0000000080000000, 0x0000000100000000)
  region size 1024K, 32 young (32768K), 1 survivors (1024K)
 Metaspace       used 59767K, committed 60416K, reserved 491520K
  class space    used 8329K, committed 8640K, reserved 425984K
}
Event: 407.736 GC heap after
{Heap after GC invocations=28 (full 0):
 garbage-first heap   total 251904K, used 57937K [0x0000000080000000, 0x0000000100000000)
  region size 1024K, 2 young (2048K), 2 survivors (2048K)
 Metaspace       used 59767K, committed 60416K, reserved 491520K
  class space    used 8329K, committed 8640K, reserved 425984K
}
Event: 408.631 GC heap before
{Heap before GC invocations=29 (full 0):
 garbage-first heap   total 219136K, used 96849K [0x0000000080000000, 0x0000000100000000)
  region size 1024K, 40 young (40960K), 2 survivors (2048K)
 Metaspace       used 62746K, committed 63488K, reserved 491520K
  class space    used 8796K, committed 9152K, reserved 425984K
}
Event: 408.635 GC heap after
{Heap after GC invocations=30 (full 0):
 garbage-first heap   total 219136K, used 59026K [0x0000000080000000, 0x0000000100000000)
  region size 1024K, 3 young (3072K), 3 survivors (3072K)
 Metaspace       used 62746K, committed 63488K, reserved 491520K
  class space    used 8796K, committed 9152K, reserved 425984K
}
Event: 408.786 GC heap before
{Heap before GC invocations=30 (full 0):
 garbage-first heap   total 219136K, used 66194K [0x0000000080000000, 0x0000000100000000)
  region size 1024K, 10 young (10240K), 3 survivors (3072K)
 Metaspace       used 63397K, committed 64192K, reserved 491520K
  class space    used 8899K, committed 9280K, reserved 425984K
}
Event: 408.789 GC heap after
{Heap after GC invocations=31 (full 0):
 garbage-first heap   total 219136K, used 58699K [0x0000000080000000, 0x0000000100000000)
  region size 1024K, 1 young (1024K), 1 survivors (1024K)
 Metaspace       used 63397K, committed 64192K, reserved 491520K
  class space    used 8899K, committed 9280K, reserved 425984K
}
Event: 416.423 GC heap before
{Heap before GC invocations=31 (full 0):
 garbage-first heap   total 219136K, used 133451K [0x0000000080000000, 0x0000000100000000)
  region size 1024K, 75 young (76800K), 1 survivors (1024K)
 Metaspace       used 66771K, committed 67584K, reserved 491520K
  class space    used 9393K, committed 9792K, reserved 425984K
}
Event: 416.428 GC heap after
{Heap after GC invocations=32 (full 0):
 garbage-first heap   total 219136K, used 60972K [0x0000000080000000, 0x0000000100000000)
  region size 1024K, 3 young (3072K), 3 survivors (3072K)
 Metaspace       used 66771K, committed 67584K, reserved 491520K
  class space    used 9393K, committed 9792K, reserved 425984K
}
Event: 665.003 GC heap before
{Heap before GC invocations=33 (full 0):
 garbage-first heap   total 208896K, used 177708K [0x0000000080000000, 0x0000000100000000)
  region size 1024K, 118 young (120832K), 3 survivors (3072K)
 Metaspace       used 71208K, committed 72064K, reserved 491520K
  class space    used 9946K, committed 10368K, reserved 425984K
}
Event: 665.550 GC heap after
{Heap after GC invocations=34 (full 0):
 garbage-first heap   total 208896K, used 64378K [0x0000000080000000, 0x0000000100000000)
  region size 1024K, 7 young (7168K), 7 survivors (7168K)
 Metaspace       used 71208K, committed 72064K, reserved 491520K
  class space    used 9946K, committed 10368K, reserved 425984K
}
Event: 665.834 GC heap before
{Heap before GC invocations=34 (full 0):
 garbage-first heap   total 208896K, used 66426K [0x0000000080000000, 0x0000000100000000)
  region size 1024K, 10 young (10240K), 7 survivors (7168K)
 Metaspace       used 71467K, committed 72320K, reserved 491520K
  class space    used 9980K, committed 10368K, reserved 425984K
}
Event: 665.895 GC heap after
{Heap after GC invocations=35 (full 0):
 garbage-first heap   total 208896K, used 64314K [0x0000000080000000, 0x0000000100000000)
  region size 1024K, 1 young (1024K), 1 survivors (1024K)
 Metaspace       used 71467K, committed 72320K, reserved 491520K
  class space    used 9980K, committed 10368K, reserved 425984K
}

Dll operation events (15 events):
Event: 0.024 Loaded shared library C:\Program Files\Eclipse Adoptium\jdk-17.0.19.10-hotspot\bin\java.dll
Event: 0.043 Loaded shared library C:\Program Files\Eclipse Adoptium\jdk-17.0.19.10-hotspot\bin\jsvml.dll
Event: 0.132 Loaded shared library C:\Program Files\Eclipse Adoptium\jdk-17.0.19.10-hotspot\bin\zip.dll
Event: 0.136 Loaded shared library C:\Program Files\Eclipse Adoptium\jdk-17.0.19.10-hotspot\bin\instrument.dll
Event: 0.142 Loaded shared library C:\Program Files\Eclipse Adoptium\jdk-17.0.19.10-hotspot\bin\net.dll
Event: 0.145 Loaded shared library C:\Program Files\Eclipse Adoptium\jdk-17.0.19.10-hotspot\bin\nio.dll
Event: 0.147 Loaded shared library C:\Program Files\Eclipse Adoptium\jdk-17.0.19.10-hotspot\bin\zip.dll
Event: 0.616 Loaded shared library C:\Program Files\Eclipse Adoptium\jdk-17.0.19.10-hotspot\bin\jimage.dll
Event: 1.108 Loaded shared library C:\Program Files\Eclipse Adoptium\jdk-17.0.19.10-hotspot\bin\verify.dll
Event: 1.539 Loaded shared library C:\Users\USER\.gradle\native\1def1411415f61bf3af743bc5b6707747c0891f09f0c88961ee8f79bc544acac\windows-amd64\native-platform.dll
Event: 1.554 Loaded shared library C:\Users\USER\.gradle\native\0.2.7\x86_64-windows-gnu\gradle-fileevents.dll
Event: 6.803 Loaded shared library C:\Program Files\Eclipse Adoptium\jdk-17.0.19.10-hotspot\bin\management.dll
Event: 6.812 Loaded shared library C:\Program Files\Eclipse Adoptium\jdk-17.0.19.10-hotspot\bin\management_ext.dll
Event: 13.750 Loaded shared library C:\Program Files\Eclipse Adoptium\jdk-17.0.19.10-hotspot\bin\extnet.dll
Event: 17.523 Loaded shared library C:\Program Files\Eclipse Adoptium\jdk-17.0.19.10-hotspot\bin\sunmscapi.dll

Deoptimization events (20 events):
Event: 754.620 Thread 0x00000177705c4e00 Uncommon trap: trap_request=0xffffffbe fr.pc=0x000001775c493948 relative=0x00000000000048e8
Event: 754.620 Thread 0x00000177705c4e00 Uncommon trap: reason=profile_predicate action=maybe_recompile pc=0x000001775c493948 method=org.gradle.internal.time.ExponentialBackoff.retryUntil(Lorg/gradle/internal/time/ExponentialBackoff$Query;)Ljava/lang/Object; @ 13 c2
Event: 754.620 Thread 0x00000177705c4e00 DEOPT PACKING pc=0x000001775c493948 sp=0x0000003268af5550
Event: 754.629 Thread 0x00000177705c4e00 DEOPT UNPACKING pc=0x000001775b9f69a3 sp=0x0000003268af5598 mode 2
Event: 755.342 Thread 0x00000177705c4e00 Uncommon trap: trap_request=0xffffffbe fr.pc=0x000001775c493948 relative=0x00000000000048e8
Event: 755.342 Thread 0x00000177705c4e00 Uncommon trap: reason=profile_predicate action=maybe_recompile pc=0x000001775c493948 method=org.gradle.internal.time.ExponentialBackoff.retryUntil(Lorg/gradle/internal/time/ExponentialBackoff$Query;)Ljava/lang/Object; @ 13 c2
Event: 755.342 Thread 0x00000177705c4e00 DEOPT PACKING pc=0x000001775c493948 sp=0x0000003268af5550
Event: 755.356 Thread 0x00000177705c4e00 DEOPT UNPACKING pc=0x000001775b9f69a3 sp=0x0000003268af5598 mode 2
Event: 759.051 Thread 0x00000177705c4e00 Uncommon trap: trap_request=0xffffffbe fr.pc=0x000001775c493948 relative=0x00000000000048e8
Event: 759.051 Thread 0x00000177705c4e00 Uncommon trap: reason=profile_predicate action=maybe_recompile pc=0x000001775c493948 method=org.gradle.internal.time.ExponentialBackoff.retryUntil(Lorg/gradle/internal/time/ExponentialBackoff$Query;)Ljava/lang/Object; @ 13 c2
Event: 759.051 Thread 0x00000177705c4e00 DEOPT PACKING pc=0x000001775c493948 sp=0x0000003268af5550
Event: 759.051 Thread 0x00000177705c4e00 DEOPT UNPACKING pc=0x000001775b9f69a3 sp=0x0000003268af5598 mode 2
Event: 848.027 Thread 0x00000177705c4e00 Uncommon trap: trap_request=0xfffffff4 fr.pc=0x000001775c436898 relative=0x000000000000a958
Event: 848.027 Thread 0x00000177705c4e00 Uncommon trap: reason=null_check action=make_not_entrant pc=0x000001775c436898 method=org.gradle.internal.instantiation.generator.AbstractClassGenerator$PropertyMetadata.addGetter(Lorg/gradle/internal/instantiation/generator/AbstractClassGenerator$MethodM
Event: 848.029 Thread 0x00000177705c4e00 DEOPT PACKING pc=0x000001775c436898 sp=0x0000003268af5f40
Event: 848.031 Thread 0x00000177705c4e00 DEOPT UNPACKING pc=0x000001775b9f69a3 sp=0x0000003268af5e80 mode 2
Event: 850.568 Thread 0x00000177705c4e00 Uncommon trap: trap_request=0xffffff45 fr.pc=0x000001775c2044fc relative=0x00000000000025dc
Event: 850.571 Thread 0x00000177705c4e00 Uncommon trap: reason=unstable_if action=reinterpret pc=0x000001775c2044fc method=org.objectweb.asm.Frame.execute(IILorg/objectweb/asm/Symbol;Lorg/objectweb/asm/SymbolTable;)V @ 1 c2
Event: 850.572 Thread 0x00000177705c4e00 DEOPT PACKING pc=0x000001775c2044fc sp=0x0000003268af5990
Event: 850.573 Thread 0x00000177705c4e00 DEOPT UNPACKING pc=0x000001775b9f69a3 sp=0x0000003268af5938 mode 2

Classes loaded (20 events):
Event: 408.380 Loading class com/sun/org/apache/xerces/internal/utils/XMLSecurityPropertyManager$State
Event: 408.380 Loading class com/sun/org/apache/xerces/internal/utils/XMLSecurityPropertyManager$State done
Event: 408.380 Loading class com/sun/org/apache/xerces/internal/utils/XMLSecurityPropertyManager$Property
Event: 408.380 Loading class com/sun/org/apache/xerces/internal/utils/XMLSecurityPropertyManager$Property done
Event: 408.381 Loading class javax/xml/parsers/DocumentBuilderFactory
Event: 408.381 Loading class javax/xml/parsers/DocumentBuilderFactory done
Event: 408.381 Loading class javax/xml/parsers/FactoryFinder
Event: 408.382 Loading class javax/xml/parsers/FactoryFinder done
Event: 408.384 Loading class javax/xml/parsers/FactoryFinder$1
Event: 408.384 Loading class javax/xml/parsers/FactoryFinder$1 done
Event: 408.386 Loading class com/sun/org/apache/xerces/internal/jaxp/DocumentBuilderFactoryImpl
Event: 408.386 Loading class com/sun/org/apache/xerces/internal/jaxp/DocumentBuilderFactoryImpl done
Event: 408.444 Loading class java/util/regex/Pattern$SliceI
Event: 408.444 Loading class java/util/regex/Pattern$SliceI done
Event: 408.761 Loading class java/lang/Character$UnicodeBlock
Event: 408.762 Loading class java/lang/Character$Subset
Event: 408.762 Loading class java/lang/Character$Subset done
Event: 408.762 Loading class java/lang/Character$UnicodeBlock done
Event: 579.110 Loading class java/lang/AbstractMethodError
Event: 579.113 Loading class java/lang/AbstractMethodError done

Classes unloaded (0 events):
No events

Classes redefined (0 events):
No events

Internal exceptions (20 events):
Event: 653.430 Thread 0x00000177705c4e00 Exception <a 'java/lang/NoSuchMethodError'{0x0000000087be1548}: static Lorg/jetbrains/kotlin/gradle/plugin/internal/DefaultProjectIsolationStartParameterAccessor$Factory;.<clinit>()V> (0x0000000087be1548) 
thrown [s\src\hotspot\share\prims\jni.cpp, line 1112]
Event: 653.452 Thread 0x00000177705c4e00 Exception <a 'java/lang/NoSuchMethodError'{0x0000000087bfd6a0}: static Lorg/jetbrains/kotlin/gradle/plugin/internal/DefaultJavaExecTaskParametersCompatibility$Factory;.<clinit>()V> (0x0000000087bfd6a0) 
thrown [s\src\hotspot\share\prims\jni.cpp, line 1112]
Event: 653.469 Thread 0x00000177705c4e00 Exception <a 'java/lang/NoSuchMethodError'{0x0000000087a23eb0}: static Lorg/jetbrains/kotlin/gradle/plugin/internal/DefaultMavenPublicationComponentAccessorFactory;.<clinit>()V> (0x0000000087a23eb0) 
thrown [s\src\hotspot\share\prims\jni.cpp, line 1112]
Event: 653.489 Thread 0x00000177705c4e00 Exception <a 'java/lang/NoSuchMethodError'{0x0000000087a469c8}: static Lorg/jetbrains/kotlin/gradle/plugin/internal/DefaultCompatibilityConventionRegistrar$Factory;.<clinit>()V> (0x0000000087a469c8) 
thrown [s\src\hotspot\share\prims\jni.cpp, line 1112]
Event: 653.510 Thread 0x00000177705c4e00 Exception <a 'java/lang/NoSuchMethodError'{0x0000000087a62d40}: static Lorg/jetbrains/kotlin/gradle/plugin/internal/DefaultConfigurationCacheStartParameterAccessorVariantFactory;.<clinit>()V> (0x0000000087a62d40) 
thrown [s\src\hotspot\share\prims\jni.cpp, line 1112]
Event: 655.252 Thread 0x00000177705c4e00 Exception <a 'java/lang/NoSuchMethodError'{0x00000000876fa540}: static Ljava/lang/Object;.<clinit>()V> (0x00000000876fa540) 
thrown [s\src\hotspot\share\prims\jni.cpp, line 1112]
Event: 655.329 Thread 0x00000177705c4e00 Exception <a 'java/lang/NoSuchMethodError'{0x0000000087545618}: static Lorg/jetbrains/kotlin/gradle/plugin/statistics/MetricContainer;.<clinit>()V> (0x0000000087545618) 
thrown [s\src\hotspot\share\prims\jni.cpp, line 1112]
Event: 667.410 Thread 0x00000177705c4e00 Exception <a 'java/lang/ClassNotFoundException'{0x000000008c5c1290}: org/jetbrains/kotlin/gradle/targets/js/npm/DefaultNpmDependencyExtensionBeanInfo> (0x000000008c5c1290) 
thrown [s\src\hotspot\share\classfile\systemDictionary.cpp, line 256]
Event: 667.413 Thread 0x00000177705c4e00 Exception <a 'java/lang/ClassNotFoundException'{0x000000008c5ca238}: org/jetbrains/kotlin/gradle/targets/js/npm/DefaultNpmDependencyExtensionCustomizer> (0x000000008c5ca238) 
thrown [s\src\hotspot\share\classfile\systemDictionary.cpp, line 256]
Event: 667.517 Thread 0x00000177705c4e00 Exception <a 'java/lang/ClassNotFoundException'{0x000000008c44a0c0}: org/jetbrains/kotlin/gradle/targets/js/npm/NpmDependencyExtensionKt$defaultNpmDependencyDelegate$1BeanInfo> (0x000000008c44a0c0) 
thrown [s\src\hotspot\share\classfile\systemDictionary.cpp, line 256]
Event: 667.520 Thread 0x00000177705c4e00 Exception <a 'java/lang/ClassNotFoundException'{0x000000008c4530b0}: org/jetbrains/kotlin/gradle/targets/js/npm/NpmDependencyExtensionDelegateBeanInfo> (0x000000008c4530b0) 
thrown [s\src\hotspot\share\classfile\systemDictionary.cpp, line 256]
Event: 667.521 Thread 0x00000177705c4e00 Exception <a 'java/lang/ClassNotFoundException'{0x000000008c45c068}: org/jetbrains/kotlin/gradle/targets/js/npm/NpmDependencyExtensionDelegateCustomizer> (0x000000008c45c068) 
thrown [s\src\hotspot\share\classfile\systemDictionary.cpp, line 256]
Event: 667.531 Thread 0x00000177705c4e00 Exception <a 'java/lang/ClassNotFoundException'{0x000000008c48cce0}: org/jetbrains/kotlin/gradle/targets/js/npm/NpmDependencyExtensionKt$defaultNpmDependencyDelegate$1Customizer> (0x000000008c48cce0) 
thrown [s\src\hotspot\share\classfile\systemDictionary.cpp, line 256]
Event: 667.568 Thread 0x00000177705c4e00 Exception <a 'java/lang/ClassNotFoundException'{0x000000008c4c5dc0}: org/jetbrains/kotlin/gradle/targets/js/npm/DefaultDevNpmDependencyExtensionBeanInfo> (0x000000008c4c5dc0) 
thrown [s\src\hotspot\share\classfile\systemDictionary.cpp, line 256]
Event: 667.570 Thread 0x00000177705c4e00 Exception <a 'java/lang/ClassNotFoundException'{0x000000008c4ced78}: org/jetbrains/kotlin/gradle/targets/js/npm/DefaultDevNpmDependencyExtensionCustomizer> (0x000000008c4ced78) 
thrown [s\src\hotspot\share\classfile\systemDictionary.cpp, line 256]
Event: 667.596 Thread 0x00000177705c4e00 Exception <a 'java/lang/ClassNotFoundException'{0x000000008c3123f0}: org/jetbrains/kotlin/gradle/targets/js/npm/DefaultPeerNpmDependencyExtensionBeanInfo> (0x000000008c3123f0) 
thrown [s\src\hotspot\share\classfile\systemDictionary.cpp, line 256]
Event: 667.597 Thread 0x00000177705c4e00 Exception <a 'java/lang/ClassNotFoundException'{0x000000008c31b3b0}: org/jetbrains/kotlin/gradle/targets/js/npm/DefaultPeerNpmDependencyExtensionCustomizer> (0x000000008c31b3b0) 
thrown [s\src\hotspot\share\classfile\systemDictionary.cpp, line 256]
Event: 667.609 Thread 0x00000177705c4e00 Exception <a 'java/lang/ClassNotFoundException'{0x000000008c366f98}: org/jetbrains/kotlin/gradle/targets/js/npm/DefaultPeerNpmDependencyExtension$delegate$1BeanInfo> (0x000000008c366f98) 
thrown [s\src\hotspot\share\classfile\systemDictionary.cpp, line 256]
Event: 667.612 Thread 0x00000177705c4e00 Exception <a 'java/lang/ClassNotFoundException'{0x000000008c370050}: org/jetbrains/kotlin/gradle/targets/js/npm/DefaultPeerNpmDependencyExtension$delegate$1Customizer> (0x000000008c370050) 
thrown [s\src\hotspot\share\classfile\systemDictionary.cpp, line 256]
Event: 848.027 Thread 0x00000177705c4e00 Implicit null exception at 0x000001775c42f314 to 0x000001775c4367fc

VM Operations (20 events):
Event: 767.961 Executing VM operation: Cleanup
Event: 768.099 Executing VM operation: Cleanup done
Event: 818.536 Executing VM operation: Cleanup
Event: 818.922 Executing VM operation: Cleanup done
Event: 828.008 Executing VM operation: Cleanup
Event: 828.024 Executing VM operation: Cleanup done
Event: 835.063 Executing VM operation: Cleanup
Event: 835.065 Executing VM operation: Cleanup done
Event: 839.078 Executing VM operation: Cleanup
Event: 839.078 Executing VM operation: Cleanup done
Event: 840.082 Executing VM operation: Cleanup
Event: 840.128 Executing VM operation: Cleanup done
Event: 842.149 Executing VM operation: Cleanup
Event: 842.164 Executing VM operation: Cleanup done
Event: 844.176 Executing VM operation: Cleanup
Event: 844.192 Executing VM operation: Cleanup done
Event: 848.226 Executing VM operation: Cleanup
Event: 848.241 Executing VM operation: Cleanup done
Event: 850.257 Executing VM operation: Cleanup
Event: 850.273 Executing VM operation: Cleanup done

Memory protections (0 events):
No events

Nmethod flushes (20 events):
Event: 140.778 Thread 0x000001776b5b03b0 flushing  nmethod 0x0000017754c00190
Event: 140.778 Thread 0x000001776b5b03b0 flushing  nmethod 0x0000017754c00790
Event: 140.778 Thread 0x000001776b5b03b0 flushing  nmethod 0x0000017754c09210
Event: 140.778 Thread 0x000001776b5b03b0 flushing  nmethod 0x0000017754c1a890
Event: 140.778 Thread 0x000001776b5b03b0 flushing  nmethod 0x0000017754c2d790
Event: 140.778 Thread 0x000001776b5b03b0 flushing  nmethod 0x0000017754c3b410
Event: 140.778 Thread 0x000001776b5b03b0 flushing  nmethod 0x0000017754c3bf90
Event: 140.778 Thread 0x000001776b5b03b0 flushing  nmethod 0x0000017754c3c790
Event: 140.778 Thread 0x000001776b5b03b0 flushing  nmethod 0x0000017754c3d210
Event: 140.778 Thread 0x000001776b5b03b0 flushing  nmethod 0x0000017754c3e710
Event: 140.778 Thread 0x000001776b5b03b0 flushing  nmethod 0x0000017754c41e90
Event: 140.778 Thread 0x000001776b5b03b0 flushing  nmethod 0x0000017754c42f10
Event: 140.778 Thread 0x000001776b5b03b0 flushing  nmethod 0x0000017754c43b90
Event: 140.778 Thread 0x000001776b5b03b0 flushing  nmethod 0x0000017754c53910
Event: 140.778 Thread 0x000001776b5b03b0 flushing  nmethod 0x0000017754c74990
Event: 140.778 Thread 0x000001776b5b03b0 flushing  nmethod 0x0000017754c85a90
Event: 140.778 Thread 0x000001776b5b03b0 flushing  nmethod 0x0000017754cf7090
Event: 140.778 Thread 0x000001776b5b03b0 flushing  nmethod 0x0000017754cf7510
Event: 140.778 Thread 0x000001776b5b03b0 flushing  nmethod 0x0000017754d28490
Event: 408.415 Thread 0x000001776b5b03b0 flushing  nmethod 0x00000177545e4f90

Events (20 events):
Event: 393.456 Thread 0x00000177705c4e00 Thread added: 0x00000177727a07a0
Event: 393.462 Thread 0x00000177705c4e00 Thread added: 0x00000177727a4460
Event: 394.866 Thread 0x000001776b5afaa0 Thread added: 0x0000017773600840
Event: 396.007 Thread 0x0000017773600840 Thread exited: 0x0000017773600840
Event: 406.873 Thread 0x000001776b5ac170 Thread added: 0x000001777396f030
Event: 407.154 Thread 0x000001777396f030 Thread exited: 0x000001777396f030
Event: 407.165 Thread 0x00000177705c4e00 Thread added: 0x00000177727a67d0
Event: 408.481 Thread 0x00000177705c4e00 Thread added: 0x00000177727a4e80
Event: 588.019 Thread 0x00000177705c4e00 Thread added: 0x00000177727a58a0
Event: 588.024 Thread 0x00000177705c4e00 Thread added: 0x00000177727a5db0
Event: 588.027 Thread 0x00000177705c4e00 Thread added: 0x00000177727a62c0
Event: 588.029 Thread 0x00000177705c4e00 Thread added: 0x0000017773a75ed0
Event: 588.031 Thread 0x00000177705c4e00 Thread added: 0x0000017773a768f0
Event: 588.034 Thread 0x00000177705c4e00 Thread added: 0x0000017773a76e00
Event: 588.037 Thread 0x00000177705c4e00 Thread added: 0x0000017773a759c0
Event: 656.502 Thread 0x00000177705c4e00 Thread added: 0x0000017773a74070
Event: 702.587 Thread 0x00000177705c5820 Thread exited: 0x00000177705c5820
Event: 730.921 Thread 0x00000177705c43e0 Thread added: 0x0000017773a74fa0
Event: 813.151 Thread 0x0000017773a74fa0 Thread exited: 0x0000017773a74fa0
Event: 825.187 Thread 0x00000177705c43e0 Thread added: 0x0000017773a74fa0


Dynamic libraries:
0x00007ff6ce910000 - 0x00007ff6ce91e000 	C:\Program Files\Eclipse Adoptium\jdk-17.0.19.10-hotspot\bin\java.exe
0x00007ffa60140000 - 0x00007ffa603a6000 	C:\WINDOWS\SYSTEM32\ntdll.dll
0x00007ffa5f100000 - 0x00007ffa5f1c9000 	C:\WINDOWS\System32\KERNEL32.DLL
0x00007ffa5d5b0000 - 0x00007ffa5d9aa000 	C:\WINDOWS\System32\KERNELBASE.dll
0x00007ffa5d460000 - 0x00007ffa5d5ac000 	C:\WINDOWS\System32\ucrtbase.dll
0x00007ffa38020000 - 0x00007ffa3803e000 	C:\Program Files\Eclipse Adoptium\jdk-17.0.19.10-hotspot\bin\VCRUNTIME140.dll
0x00007ffa38040000 - 0x00007ffa38058000 	C:\Program Files\Eclipse Adoptium\jdk-17.0.19.10-hotspot\bin\jli.dll
0x00007ffa5fea0000 - 0x00007ffa60067000 	C:\WINDOWS\System32\USER32.dll
0x00007ffa5de80000 - 0x00007ffa5dea7000 	C:\WINDOWS\System32\win32u.dll
0x00007ffa5f280000 - 0x00007ffa5f2ab000 	C:\WINDOWS\System32\GDI32.dll
0x00007ffa5dc90000 - 0x00007ffa5ddbb000 	C:\WINDOWS\System32\gdi32full.dll
0x00007ffa5dbe0000 - 0x00007ffa5dc83000 	C:\WINDOWS\System32\msvcp_win.dll
0x00007ffa3f680000 - 0x00007ffa3f912000 	C:\WINDOWS\WinSxS\amd64_microsoft.windows.common-controls_6595b64144ccf1df_6.0.26100.8521_none_3e08b75ce33403b3\COMCTL32.dll
0x00007ffa5deb0000 - 0x00007ffa5df59000 	C:\WINDOWS\System32\msvcrt.dll
0x00007ffa5fc60000 - 0x00007ffa5fc92000 	C:\WINDOWS\System32\IMM32.DLL
0x00007ffa38010000 - 0x00007ffa3801c000 	C:\Program Files\Eclipse Adoptium\jdk-17.0.19.10-hotspot\bin\vcruntime140_1.dll
0x00007ffa1f700000 - 0x00007ffa1f78d000 	C:\Program Files\Eclipse Adoptium\jdk-17.0.19.10-hotspot\bin\msvcp140.dll
0x00007ff96b680000 - 0x00007ff96c2ec000 	C:\Program Files\Eclipse Adoptium\jdk-17.0.19.10-hotspot\bin\server\jvm.dll
0x00007ffa5fba0000 - 0x00007ffa5fc56000 	C:\WINDOWS\System32\ADVAPI32.dll
0x00007ffa5f1d0000 - 0x00007ffa5f27a000 	C:\WINDOWS\System32\sechost.dll
0x00007ffa5ed80000 - 0x00007ffa5ee98000 	C:\WINDOWS\System32\RPCRT4.dll
0x00007ffa60070000 - 0x00007ffa600f0000 	C:\WINDOWS\System32\WS2_32.dll
0x00007ffa5d230000 - 0x00007ffa5d28e000 	C:\WINDOWS\SYSTEM32\POWRPROF.dll
0x00007ffa54dd0000 - 0x00007ffa54e06000 	C:\WINDOWS\SYSTEM32\WINMM.dll
0x00007ffa4bf90000 - 0x00007ffa4bf9b000 	C:\WINDOWS\SYSTEM32\VERSION.dll
0x00007ffa5d210000 - 0x00007ffa5d224000 	C:\WINDOWS\SYSTEM32\UMPDC.dll
0x00007ffa5c160000 - 0x00007ffa5c17b000 	C:\WINDOWS\SYSTEM32\kernel.appcore.dll
0x00007ffa38000000 - 0x00007ffa3800a000 	C:\Program Files\Eclipse Adoptium\jdk-17.0.19.10-hotspot\bin\jimage.dll
0x00007ffa40390000 - 0x00007ffa405d2000 	C:\WINDOWS\SYSTEM32\DBGHELP.DLL
0x00007ffa5e1e0000 - 0x00007ffa5e563000 	C:\WINDOWS\System32\combase.dll
0x00007ffa5e040000 - 0x00007ffa5e119000 	C:\WINDOWS\System32\OLEAUT32.dll
0x00007ffa36930000 - 0x00007ffa3696b000 	C:\WINDOWS\SYSTEM32\dbgcore.DLL
0x00007ffa5d9b0000 - 0x00007ffa5da58000 	C:\WINDOWS\System32\bcryptPrimitives.dll
0x00007ffa292d0000 - 0x00007ffa292de000 	C:\Program Files\Eclipse Adoptium\jdk-17.0.19.10-hotspot\bin\instrument.dll
0x00007ffa1f6d0000 - 0x00007ffa1f6f5000 	C:\Program Files\Eclipse Adoptium\jdk-17.0.19.10-hotspot\bin\java.dll
0x00007ff9e45c0000 - 0x00007ff9e4697000 	C:\Program Files\Eclipse Adoptium\jdk-17.0.19.10-hotspot\bin\jsvml.dll
0x00007ffa5f390000 - 0x00007ffa5fb14000 	C:\WINDOWS\System32\SHELL32.dll
0x00007ffa5afb0000 - 0x00007ffa5b830000 	C:\WINDOWS\SYSTEM32\windows.storage.dll
0x00007ffa5e7f0000 - 0x00007ffa5e8e6000 	C:\WINDOWS\System32\SHCORE.dll
0x00007ffa5fb20000 - 0x00007ffa5fb87000 	C:\WINDOWS\System32\shlwapi.dll
0x00007ffa5d2f0000 - 0x00007ffa5d319000 	C:\WINDOWS\SYSTEM32\profapi.dll
0x00007ffa1f6b0000 - 0x00007ffa1f6c8000 	C:\Program Files\Eclipse Adoptium\jdk-17.0.19.10-hotspot\bin\zip.dll
0x00007ffa1e810000 - 0x00007ffa1e82a000 	C:\Program Files\Eclipse Adoptium\jdk-17.0.19.10-hotspot\bin\net.dll
0x00007ffa4f1b0000 - 0x00007ffa4f2d9000 	C:\WINDOWS\SYSTEM32\WINHTTP.dll
0x00007ffa5c6d0000 - 0x00007ffa5c73c000 	C:\WINDOWS\system32\mswsock.dll
0x00007ffa1c380000 - 0x00007ffa1c396000 	C:\Program Files\Eclipse Adoptium\jdk-17.0.19.10-hotspot\bin\nio.dll
0x00007ffa28f60000 - 0x00007ffa28f70000 	C:\Program Files\Eclipse Adoptium\jdk-17.0.19.10-hotspot\bin\verify.dll
0x00007ff9c4460000 - 0x00007ff9c4487000 	C:\Users\USER\.gradle\native\1def1411415f61bf3af743bc5b6707747c0891f09f0c88961ee8f79bc544acac\windows-amd64\native-platform.dll
0x00007ff9a2ec0000 - 0x00007ff9a2f38000 	C:\Users\USER\.gradle\native\0.2.7\x86_64-windows-gnu\gradle-fileevents.dll
0x00007ffa28e20000 - 0x00007ffa28e2a000 	C:\Program Files\Eclipse Adoptium\jdk-17.0.19.10-hotspot\bin\management.dll
0x00007ffa1f6a0000 - 0x00007ffa1f6ac000 	C:\Program Files\Eclipse Adoptium\jdk-17.0.19.10-hotspot\bin\management_ext.dll
0x00007ffa5e030000 - 0x00007ffa5e038000 	C:\WINDOWS\System32\PSAPI.DLL
0x00007ffa5bb00000 - 0x00007ffa5bb33000 	C:\WINDOWS\SYSTEM32\IPHLPAPI.DLL
0x00007ffa5e570000 - 0x00007ffa5e57a000 	C:\WINDOWS\System32\NSI.dll
0x00007ffa546d0000 - 0x00007ffa546ed000 	C:\WINDOWS\SYSTEM32\dhcpcsvc6.DLL
0x00007ffa54720000 - 0x00007ffa54745000 	C:\WINDOWS\SYSTEM32\dhcpcsvc.DLL
0x00007ffa5bb40000 - 0x00007ffa5bc8a000 	C:\WINDOWS\SYSTEM32\DNSAPI.dll
0x00007ffa5c4f0000 - 0x00007ffa5c4fd000 	C:\WINDOWS\SYSTEM32\DSPARSE.dll
0x00007ffa1e9b0000 - 0x00007ffa1e9b9000 	C:\Program Files\Eclipse Adoptium\jdk-17.0.19.10-hotspot\bin\extnet.dll
0x00007ffa5c9b0000 - 0x00007ffa5c9cb000 	C:\WINDOWS\SYSTEM32\CRYPTSP.dll
0x00007ffa5c0c0000 - 0x00007ffa5c0f9000 	C:\WINDOWS\system32\rsaenh.dll
0x00007ffa5c780000 - 0x00007ffa5c7b3000 	C:\WINDOWS\SYSTEM32\USERENV.dll
0x00007ffa5d2c0000 - 0x00007ffa5d2ea000 	C:\WINDOWS\SYSTEM32\bcrypt.dll
0x00007ffa5c9d0000 - 0x00007ffa5c9dc000 	C:\WINDOWS\SYSTEM32\CRYPTBASE.dll
0x00007ffa1e800000 - 0x00007ffa1e80e000 	C:\Program Files\Eclipse Adoptium\jdk-17.0.19.10-hotspot\bin\sunmscapi.dll
0x00007ffa5da60000 - 0x00007ffa5dbd8000 	C:\WINDOWS\System32\CRYPT32.dll
0x00007ffa5cbd0000 - 0x00007ffa5cc00000 	C:\WINDOWS\SYSTEM32\ncrypt.dll
0x00007ffa5cb80000 - 0x00007ffa5cbbf000 	C:\WINDOWS\SYSTEM32\NTASN1.dll
0x00007ffa31770000 - 0x00007ffa31778000 	C:\WINDOWS\system32\wshunix.dll

dbghelp: loaded successfully - version: 4.0.5 - missing functions: none
symbol engine: initialized successfully - sym options: 0x614 - pdb path: .;C:\Program Files\Eclipse Adoptium\jdk-17.0.19.10-hotspot\bin;C:\WINDOWS\SYSTEM32;C:\WINDOWS\WinSxS\amd64_microsoft.windows.common-controls_6595b64144ccf1df_6.0.26100.8521_none_3e08b75ce33403b3;C:\Program Files\Eclipse Adoptium\jdk-17.0.19.10-hotspot\bin\server;C:\Users\USER\.gradle\native\1def1411415f61bf3af743bc5b6707747c0891f09f0c88961ee8f79bc544acac\windows-amd64;C:\Users\USER\.gradle\native\0.2.7\x86_64-windows-gnu

VM Arguments:
jvm_args: --add-opens=java.base/java.lang=ALL-UNNAMED --add-opens=java.base/java.lang.invoke=ALL-UNNAMED --add-opens=java.base/java.util=ALL-UNNAMED --add-opens=java.prefs/java.util.prefs=ALL-UNNAMED --add-exports=jdk.compiler/com.sun.tools.javac.api=ALL-UNNAMED --add-exports=jdk.compiler/com.sun.tools.javac.util=ALL-UNNAMED --add-opens=java.base/java.util=ALL-UNNAMED --add-opens=java.prefs/java.util.prefs=ALL-UNNAMED --add-opens=java.base/java.nio.charset=ALL-UNNAMED --add-opens=java.base/java.net=ALL-UNNAMED --add-opens=java.base/java.util.concurrent.atomic=ALL-UNNAMED --add-opens=java.xml/javax.xml.namespace=ALL-UNNAMED -XX:MaxMetaspaceSize=512m -Xmx2048m -Dfile.encoding=UTF-8 -Duser.country=ZW -Duser.language=en -Duser.variant -javaagent:C:\Users\USER\.gradle\wrapper\dists\gradle-8.14.3-bin\cv11ve7ro1n3o1j4so8xd9n66\gradle-8.14.3\lib\agents\gradle-instrumentation-agent-8.14.3.jar 
java_command: org.gradle.launcher.daemon.bootstrap.GradleDaemon 8.14.3
java_class_path (initial): C:\Users\USER\.gradle\wrapper\dists\gradle-8.14.3-bin\cv11ve7ro1n3o1j4so8xd9n66\gradle-8.14.3\lib\gradle-daemon-main-8.14.3.jar
Launcher Type: SUN_STANDARD

[Global flags]
     intx CICompilerCount                          = 4                                         {product} {ergonomic}
   size_t CompressedClassSpaceSize                 = 436207616                                 {product} {ergonomic}
     uint ConcGCThreads                            = 2                                         {product} {ergonomic}
     uint G1ConcRefinementThreads                  = 8                                         {product} {ergonomic}
   size_t G1HeapRegionSize                         = 1048576                                   {product} {ergonomic}
    uintx GCDrainStackTargetSize                   = 64                                        {product} {ergonomic}
   size_t InitialHeapSize                          = 130023424                                 {product} {ergonomic}
   size_t MarkStackSize                            = 4194304                                   {product} {ergonomic}
   size_t MaxHeapSize                              = 2147483648                                {product} {command line}
   size_t MaxMetaspaceSize                         = 536870912                                 {product} {command line}
   size_t MaxNewSize                               = 1287651328                                {product} {ergonomic}
   size_t MinHeapDeltaBytes                        = 1048576                                   {product} {ergonomic}
   size_t MinHeapSize                              = 8388608                                   {product} {ergonomic}
    uintx NonNMethodCodeHeapSize                   = 5839372                                {pd product} {ergonomic}
    uintx NonProfiledCodeHeapSize                  = 122909434                              {pd product} {ergonomic}
    uintx ProfiledCodeHeapSize                     = 122909434                              {pd product} {ergonomic}
    uintx ReservedCodeCacheSize                    = 251658240                              {pd product} {ergonomic}
     bool SegmentedCodeCache                       = true                                      {product} {ergonomic}
   size_t SoftMaxHeapSize                          = 2147483648                             {manageable} {ergonomic}
     bool UseCompressedClassPointers               = true                           {product lp64_product} {ergonomic}
     bool UseCompressedOops                        = true                           {product lp64_product} {ergonomic}
     bool UseG1GC                                  = true                                      {product} {ergonomic}
     bool UseLargePagesIndividualAllocation        = false                                  {pd product} {ergonomic}

Logging:
Log output configuration:
 #0: stdout all=warning uptime,level,tags
 #1: stderr all=off uptime,level,tags

Environment Variables:
JAVA_HOME=C:\Program Files\Android\Android Studio\jbr
PATH=C:\Program Files\Eclipse Adoptium\jdk-17.0.19.10-hotspot\bin;C:\Program Files (x86)\Common Files\Intel\Shared Libraries\redist\intel64\compiler;C:\Program Files\Eclipse Adoptium\jdk-25.0.0.36-hotspot\bin;C:\Program Files (x86)\Common Files\Intel\Shared Files\cpp\bin\Intel64;C:\WINDOWS\system32;C:\WINDOWS;C:\WINDOWS\System32\Wbem;C:\WINDOWS\System32\WindowsPowerShell\v1.0\;C:\WINDOWS\System32\OpenSSH\;C:\ProgramData\chocolatey\bin;C:\Program Files\nodejs\;C:\Program Files\Git\cmd;C:\Users\USER\AppData\Local\Programs\Python\Python313\Scripts\;C:\Users\USER\AppData\Local\Programs\Python\Python313\;C:\Users\USER\AppData\Local\Microsoft\WindowsApps;C:\Users\USER\AppData\Local\Programs\Microsoft VS Code\bin;C:\Users\USER\AppData\Local\GitHubDesktop\bin;C:\Users\USER\AppData\Roaming\npm;C:\Users\USER\AppData\Local\Programs\mongosh\;
USERNAME=USER
OS=Windows_NT
PROCESSOR_IDENTIFIER=Intel64 Family 6 Model 186 Stepping 3, GenuineIntel
TMP=C:\Users\USER\AppData\Local\Temp
TEMP=C:\Users\USER\AppData\Local\Temp



Periodic native trim disabled


---------------  S Y S T E M  ---------------

OS:
 Windows 11 , 64 bit Build 26100 (10.0.26100.8521)
OS uptime: 0 days 1:02 hours

CPU: total 8 (initial active 8) (8 cores per cpu, 1 threads per core) family 6 model 186 stepping 3 microcode 0x6134, cx8, cmov, fxsr, mmx, 3dnowpref, sse, sse2, sse3, ssse3, sse4.1, sse4.2, popcnt, lzcnt, tsc, tscinvbit, avx, avx2, aes, erms, clmul, bmi1, bmi2, adx, sha, fma, vzeroupper, clflush, clflushopt, clwb
Processor Information for all 8 processors :
  Max Mhz: 1200, Current Mhz: 1200, Mhz Limit: 1200

Memory: 4k page, system-wide physical 7835M (145M free)
TotalPageFile size 31387M (AvailPageFile size 50M)
current process WorkingSet (physical memory assigned to process): 82M, peak: 263M
current process commit charge ("private bytes"): 459M, peak: 467M

vm_info: OpenJDK 64-Bit Server VM (17.0.19+10) for windows-amd64 JRE (17.0.19+10), built on Apr 25 2026 08:04:44 by "admin" with MS VC++ 17.12 (VS2022)

END.
