#
# There is insufficient memory for the Java Runtime Environment to continue.
# Native memory allocation (malloc) failed to allocate 1618256 bytes. Error detail: Chunk::new
# Possible reasons:
#   The system is out of physical RAM or swap space
#   This process is running with CompressedOops enabled, and the Java Heap may be blocking the growth of the native heap
# Possible solutions:
#   Reduce memory load on the system
#   Increase physical memory or swap space
#   Check if swap backing store is full
#   Decrease Java heap size (-Xmx/-Xms)
#   Decrease number of Java threads
#   Decrease Java thread stack sizes (-Xss)
#   Set larger code cache with -XX:ReservedCodeCacheSize=
#   JVM is running with Unscaled Compressed Oops mode in which the Java heap is
#     placed in the first 4GB address space. The Java Heap base address is the
#     maximum limit for the native heap growth. Please use -XX:HeapBaseMinAddress
#     to set the Java Heap base and to place the Java Heap above 4GB virtual address.
# This output file may be truncated or incomplete.
#
#  Out of Memory Error (arena.cpp:191), pid=14440, tid=27716
#
# JRE version: OpenJDK Runtime Environment Temurin-17.0.19+10 (17.0.19+10) (build 17.0.19+10)
# Java VM: OpenJDK 64-Bit Server VM Temurin-17.0.19+10 (17.0.19+10, mixed mode, sharing, tiered, compressed oops, compressed class ptrs, g1 gc, windows-amd64)
# No core dump will be written. Minidumps are not enabled by default on client versions of Windows
#

---------------  S U M M A R Y ------------

Command Line: --add-opens=java.base/java.lang=ALL-UNNAMED --add-opens=java.base/java.lang.invoke=ALL-UNNAMED --add-opens=java.base/java.util=ALL-UNNAMED --add-opens=java.prefs/java.util.prefs=ALL-UNNAMED --add-exports=jdk.compiler/com.sun.tools.javac.api=ALL-UNNAMED --add-exports=jdk.compiler/com.sun.tools.javac.util=ALL-UNNAMED --add-opens=java.base/java.util=ALL-UNNAMED --add-opens=java.prefs/java.util.prefs=ALL-UNNAMED --add-opens=java.base/java.nio.charset=ALL-UNNAMED --add-opens=java.base/java.net=ALL-UNNAMED --add-opens=java.base/java.util.concurrent.atomic=ALL-UNNAMED --add-opens=java.xml/javax.xml.namespace=ALL-UNNAMED -XX:MaxMetaspaceSize=512m -Xmx2048m -Dfile.encoding=UTF-8 -Duser.country=ZW -Duser.language=en -Duser.variant -javaagent:C:\Users\USER\.gradle\wrapper\dists\gradle-8.14.3-bin\cv11ve7ro1n3o1j4so8xd9n66\gradle-8.14.3\lib\agents\gradle-instrumentation-agent-8.14.3.jar org.gradle.launcher.daemon.bootstrap.GradleDaemon 8.14.3

Host: 13th Gen Intel(R) Core(TM) i3-1315U, 8 cores, 7G,  Windows 11 , 64 bit Build 26100 (10.0.26100.8521)
Time: Tue Jul 14 12:32:50 2026 South Africa Standard Time elapsed time: 885.020258 seconds (0d 0h 14m 45s)

---------------  T H R E A D  ---------------

Current thread (0x000002234c811dd0):  JavaThread "C2 CompilerThread0" daemon [_thread_in_native, id=27716, stack(0x000000c906500000,0x000000c906600000)]


Current CompileTask:
C2:885023 10592       4       org.gradle.internal.reflect.ClassInspector::inspectClass (179 bytes)

Stack: [0x000000c906500000,0x000000c906600000]
Native frames: (J=compiled Java code, j=interpreted, Vv=VM code, C=native code)
V  [jvm.dll+0x684b29]
V  [jvm.dll+0x83a2d5]
V  [jvm.dll+0x83bd4e]
V  [jvm.dll+0x83c3d3]
V  [jvm.dll+0x24905f]
V  [jvm.dll+0xad536]
V  [jvm.dll+0xadbdc]
V  [jvm.dll+0x368d4f]
V  [jvm.dll+0x3331d5]
V  [jvm.dll+0x33263a]
V  [jvm.dll+0x219e69]
V  [jvm.dll+0x2192af]
V  [jvm.dll+0x1a49f0]
V  [jvm.dll+0x2299fa]
V  [jvm.dll+0x227bab]
V  [jvm.dll+0x7f0a88]
V  [jvm.dll+0x7eaf1c]
V  [jvm.dll+0x6839f7]
C  [ucrtbase.dll+0x2cd30]
C  [KERNEL32.DLL+0x2e957]
C  [ntdll.dll+0x87c1c]


---------------  P R O C E S S  ---------------

Threads class SMR info:
_java_thread_list=0x0000022370b11720, length=97, elements={
0x000002232c55e650, 0x000002234c7f6820, 0x000002234c7f7e60, 0x000002234c80c740,
0x000002234c80d010, 0x000002234c80f8f0, 0x000002234c8101c0, 0x000002234c811dd0,
0x000002234c81c700, 0x000002234c9a0020, 0x000002234c7e1210, 0x000002234cb8f7f0,
0x000002234cccd4b0, 0x000002234caf8c70, 0x000002236d31d960, 0x000002234cd4bba0,
0x000002236d314030, 0x000002236c0eb3f0, 0x000002236c0e8660, 0x000002236c0eaee0,
0x000002236c0eb900, 0x000002236c0e8b70, 0x000002236c0ea9d0, 0x000002236c0ea4c0,
0x000002236c0ebe10, 0x000002236c0e9aa0, 0x000002236c0e9fb0, 0x000002236d5755a0,
0x000002236d579260, 0x000002236d578d50, 0x000002236d576ef0, 0x000002236d575fc0,
0x000002236d579770, 0x000002236d578330, 0x000002236d578840, 0x000002236d57a6a0,
0x000002236d57abb0, 0x000002236d577400, 0x000002236d57b0c0, 0x000002236d57c500,
0x000002236d57b5d0, 0x000002236d57bae0, 0x000002236d57cf20, 0x000002236d5764d0,
0x000002236d57a190, 0x000002236d5769e0, 0x000002236d57bff0, 0x000002236d57ca10,
0x000002236e63ce90, 0x000002236e63e7e0, 0x000002236e63e2d0, 0x000002236e63d3a0,
0x000002236e63c470, 0x000002236e63d8b0, 0x000002236e63ecf0, 0x000002236e63f200,
0x000002236e63f710, 0x000002236e63fc20, 0x000002236e63ddc0, 0x000002236e640130,
0x000002236e63c980, 0x000002236e641a80, 0x000002236e6438e0, 0x000002236e6429b0,
0x000002236e641060, 0x000002236e6433d0, 0x000002236e641f90, 0x000002236e640b50,
0x000002236e641570, 0x000002236e6424a0, 0x000002236e1d6c40, 0x000002236e1d3490,
0x000002236e1d3eb0, 0x000002236e1d6220, 0x000002236e1d43c0, 0x000002236e1d48d0,
0x000002236e1d5800, 0x000002236e1d5d10, 0x000002236e1d6730, 0x000002236e1d39a0,
0x000002236e1d7b70, 0x000002236e1d4de0, 0x000002236e1d99d0, 0x000002236e1d9ee0,
0x000002236e1d8aa0, 0x000002236e1d8590, 0x000002236e1d8fb0, 0x000002236e1da900,
0x000002236e1dae10, 0x000002236e1d7660, 0x000002236e1d8080, 0x000002236e1d94c0,
0x000002236fe6b300, 0x000002236fe6c740, 0x000002236fe6a8e0, 0x000002236fe6bd20,
0x000002236fe694a0
}

Java Threads: ( => current thread )
  0x000002232c55e650 JavaThread "main" [_thread_blocked, id=576, stack(0x000000c905800000,0x000000c905900000)]
  0x000002234c7f6820 JavaThread "Reference Handler" daemon [_thread_blocked, id=27668, stack(0x000000c905f00000,0x000000c906000000)]
  0x000002234c7f7e60 JavaThread "Finalizer" daemon [_thread_blocked, id=27672, stack(0x000000c906000000,0x000000c906100000)]
  0x000002234c80c740 JavaThread "Signal Dispatcher" daemon [_thread_blocked, id=27700, stack(0x000000c906100000,0x000000c906200000)]
  0x000002234c80d010 JavaThread "Attach Listener" daemon [_thread_blocked, id=27704, stack(0x000000c906200000,0x000000c906300000)]
  0x000002234c80f8f0 JavaThread "Service Thread" daemon [_thread_blocked, id=27708, stack(0x000000c906300000,0x000000c906400000)]
  0x000002234c8101c0 JavaThread "Monitor Deflation Thread" daemon [_thread_blocked, id=27712, stack(0x000000c906400000,0x000000c906500000)]
=>0x000002234c811dd0 JavaThread "C2 CompilerThread0" daemon [_thread_in_native, id=27716, stack(0x000000c906500000,0x000000c906600000)]
  0x000002234c81c700 JavaThread "C1 CompilerThread0" daemon [_thread_blocked, id=27724, stack(0x000000c906600000,0x000000c906700000)]
  0x000002234c9a0020 JavaThread "Sweeper thread" daemon [_thread_blocked, id=27736, stack(0x000000c906700000,0x000000c906800000)]
  0x000002234c7e1210 JavaThread "Common-Cleaner" daemon [_thread_blocked, id=27760, stack(0x000000c906800000,0x000000c906900000)]
  0x000002234cb8f7f0 JavaThread "Notification Thread" daemon [_thread_blocked, id=27956, stack(0x000000c906900000,0x000000c906a00000)]
  0x000002234cccd4b0 JavaThread "Daemon health stats" [_thread_blocked, id=10320, stack(0x000000c906f00000,0x000000c907000000)]
  0x000002234caf8c70 JavaThread "Incoming local TCP Connector on port 59434" [_thread_in_native, id=23240, stack(0x000000c907000000,0x000000c907100000)]
  0x000002236d31d960 JavaThread "Daemon periodic checks" [_thread_blocked, id=26968, stack(0x000000c907100000,0x000000c907200000)]
  0x000002234cd4bba0 JavaThread "Daemon" [_thread_blocked, id=5484, stack(0x000000c907200000,0x000000c907300000)]
  0x000002236d314030 JavaThread "Handler for socket connection from /127.0.0.1:59434 to /127.0.0.1:59444" [_thread_in_native, id=25392, stack(0x000000c907300000,0x000000c907400000)]
  0x000002236c0eb3f0 JavaThread "Cancel handler" [_thread_blocked, id=4204, stack(0x000000c907400000,0x000000c907500000)]
  0x000002236c0e8660 JavaThread "Daemon worker" [_thread_in_Java, id=28816, stack(0x000000c907500000,0x000000c907600000)]
  0x000002236c0eaee0 JavaThread "Asynchronous log dispatcher for DefaultDaemonConnection: socket connection from /127.0.0.1:59434 to /127.0.0.1:59444" [_thread_blocked, id=28820, stack(0x000000c907600000,0x000000c907700000)]
  0x000002236c0eb900 JavaThread "Stdin handler" [_thread_blocked, id=28828, stack(0x000000c907700000,0x000000c907800000)]
  0x000002236c0e8b70 JavaThread "Daemon client event forwarder" [_thread_blocked, id=28832, stack(0x000000c907800000,0x000000c907900000)]
  0x000002236c0ea9d0 JavaThread "Cache worker for journal cache (C:\Users\USER\.gradle\caches\journal-1)" [_thread_blocked, id=29420, stack(0x000000c907900000,0x000000c907a00000)]
  0x000002236c0ea4c0 JavaThread "File lock request listener" [_thread_in_native, id=29432, stack(0x000000c907a00000,0x000000c907b00000)]
  0x000002236c0ebe10 JavaThread "Cache worker for file hash cache (C:\Users\USER\.gradle\caches\8.14.3\fileHashes)" [_thread_blocked, id=29540, stack(0x000000c907c00000,0x000000c907d00000)]
  0x000002236c0e9aa0 JavaThread "Cache worker for file hash cache (C:\Users\USER\kalimed2\android\.gradle\8.14.3\fileHashes)" [_thread_blocked, id=25896, stack(0x000000c908200000,0x000000c908300000)]
  0x000002236c0e9fb0 JavaThread "Cache worker for Build Output Cleanup Cache (C:\Users\USER\kalimed2\android\.gradle\buildOutputCleanup)" [_thread_blocked, id=24816, stack(0x000000c908300000,0x000000c908400000)]
  0x000002236d5755a0 JavaThread "File watcher server" daemon [_thread_in_native, id=26644, stack(0x000000c908500000,0x000000c908600000)]
  0x000002236d579260 JavaThread "File watcher consumer" daemon [_thread_blocked, id=29344, stack(0x000000c908600000,0x000000c908700000)]
  0x000002236d578d50 JavaThread "jar transforms" [_thread_blocked, id=28468, stack(0x000000c905500000,0x000000c905600000)]
  0x000002236d576ef0 JavaThread "jar transforms Thread 2" [_thread_blocked, id=25688, stack(0x000000c905600000,0x000000c905700000)]
  0x000002236d575fc0 JavaThread "Cache worker for checksums cache (C:\Users\USER\kalimed2\android\.gradle\8.14.3\checksums)" [_thread_blocked, id=30428, stack(0x000000c905700000,0x000000c905800000)]
  0x000002236d579770 JavaThread "Cache worker for file content cache (C:\Users\USER\.gradle\caches\8.14.3\fileContent)" [_thread_blocked, id=30500, stack(0x000000c908700000,0x000000c908800000)]
  0x000002236d578330 JavaThread "jar transforms Thread 3" [_thread_blocked, id=29980, stack(0x000000c908800000,0x000000c908900000)]
  0x000002236d578840 JavaThread "Cache worker for cache directory md-supplier (C:\Users\USER\.gradle\caches\8.14.3\md-supplier)" [_thread_blocked, id=24360, stack(0x000000c908c00000,0x000000c908d00000)]
  0x000002236d57a6a0 JavaThread "Cache worker for cache directory md-rule (C:\Users\USER\.gradle\caches\8.14.3\md-rule)" [_thread_blocked, id=17616, stack(0x000000c908d00000,0x000000c908e00000)]
  0x000002236d57abb0 JavaThread "Cache worker for Build Output Cleanup Cache (C:\Users\USER\kalimed2\node_modules\@react-native\gradle-plugin\.gradle\buildOutputCleanup)" [_thread_blocked, id=29152, stack(0x000000c907d00000,0x000000c907e00000)]
  0x000002236d577400 JavaThread "Unconstrained build operations" [_thread_blocked, id=31116, stack(0x000000c908e00000,0x000000c908f00000)]
  0x000002236d57b0c0 JavaThread "Unconstrained build operations Thread 2" [_thread_blocked, id=31128, stack(0x000000c908f00000,0x000000c909000000)]
  0x000002236d57c500 JavaThread "Unconstrained build operations Thread 3" [_thread_blocked, id=31436, stack(0x000000c909000000,0x000000c909100000)]
  0x000002236d57b5d0 JavaThread "Unconstrained build operations Thread 4" [_thread_blocked, id=23148, stack(0x000000c909100000,0x000000c909200000)]
  0x000002236d57bae0 JavaThread "Unconstrained build operations Thread 5" [_thread_blocked, id=26924, stack(0x000000c909200000,0x000000c909300000)]
  0x000002236d57cf20 JavaThread "Unconstrained build operations Thread 6" [_thread_blocked, id=24228, stack(0x000000c909300000,0x000000c909400000)]
  0x000002236d5764d0 JavaThread "Cache worker for Build Output Cleanup Cache (C:\Users\USER\kalimed2\node_modules\expo-modules-autolinking\android\expo-gradle-plugin\.gradle\buildOutputCleanup)" [_thread_blocked, id=1968, stack(0x000000c907e00000,0x000000c907f00000)]
  0x000002236d57a190 JavaThread "Unconstrained build operations Thread 7" [_thread_blocked, id=30448, stack(0x000000c908a00000,0x000000c908b00000)]
  0x000002236d5769e0 JavaThread "Unconstrained build operations Thread 8" [_thread_blocked, id=26776, stack(0x000000c908b00000,0x000000c908c00000)]
  0x000002236d57bff0 JavaThread "Unconstrained build operations Thread 9" [_thread_blocked, id=3996, stack(0x000000c909400000,0x000000c909500000)]
  0x000002236d57ca10 JavaThread "Unconstrained build operations Thread 10" [_thread_blocked, id=30040, stack(0x000000c909500000,0x000000c909600000)]
  0x000002236e63ce90 JavaThread "Unconstrained build operations Thread 11" [_thread_blocked, id=29212, stack(0x000000c909600000,0x000000c909700000)]
  0x000002236e63e7e0 JavaThread "Unconstrained build operations Thread 12" [_thread_blocked, id=5716, stack(0x000000c909700000,0x000000c909800000)]
  0x000002236e63e2d0 JavaThread "Unconstrained build operations Thread 13" [_thread_blocked, id=28480, stack(0x000000c909800000,0x000000c909900000)]
  0x000002236e63d3a0 JavaThread "Unconstrained build operations Thread 14" [_thread_blocked, id=26984, stack(0x000000c909900000,0x000000c909a00000)]
  0x000002236e63c470 JavaThread "Unconstrained build operations Thread 15" [_thread_blocked, id=29984, stack(0x000000c909a00000,0x000000c909b00000)]
  0x000002236e63d8b0 JavaThread "Unconstrained build operations Thread 16" [_thread_blocked, id=23752, stack(0x000000c909b00000,0x000000c909c00000)]
  0x000002236e63ecf0 JavaThread "Unconstrained build operations Thread 17" [_thread_blocked, id=29780, stack(0x000000c909c00000,0x000000c909d00000)]
  0x000002236e63f200 JavaThread "Unconstrained build operations Thread 18" [_thread_blocked, id=21408, stack(0x000000c909d00000,0x000000c909e00000)]
  0x000002236e63f710 JavaThread "Unconstrained build operations Thread 19" [_thread_blocked, id=31012, stack(0x000000c909e00000,0x000000c909f00000)]
  0x000002236e63fc20 JavaThread "Unconstrained build operations Thread 20" [_thread_blocked, id=25212, stack(0x000000c909f00000,0x000000c90a000000)]
  0x000002236e63ddc0 JavaThread "Unconstrained build operations Thread 21" [_thread_blocked, id=25588, stack(0x000000c90a000000,0x000000c90a100000)]
  0x000002236e640130 JavaThread "Unconstrained build operations Thread 22" [_thread_blocked, id=11344, stack(0x000000c90a100000,0x000000c90a200000)]
  0x000002236e63c980 JavaThread "Unconstrained build operations Thread 23" [_thread_blocked, id=26660, stack(0x000000c90a200000,0x000000c90a300000)]
  0x000002236e641a80 JavaThread "Unconstrained build operations Thread 24" [_thread_blocked, id=25076, stack(0x000000c90a300000,0x000000c90a400000)]
  0x000002236e6438e0 JavaThread "Unconstrained build operations Thread 25" [_thread_blocked, id=2328, stack(0x000000c90a400000,0x000000c90a500000)]
  0x000002236e6429b0 JavaThread "Unconstrained build operations Thread 26" [_thread_blocked, id=17836, stack(0x000000c90a500000,0x000000c90a600000)]
  0x000002236e641060 JavaThread "Unconstrained build operations Thread 27" [_thread_blocked, id=22064, stack(0x000000c90a600000,0x000000c90a700000)]
  0x000002236e6433d0 JavaThread "build event listener" [_thread_blocked, id=31592, stack(0x000000c908900000,0x000000c908a00000)]
  0x000002236e641f90 JavaThread "Memory manager" [_thread_blocked, id=30844, stack(0x000000c90a700000,0x000000c90a800000)]
  0x000002236e640b50 JavaThread "Unconstrained build operations Thread 28" [_thread_blocked, id=32340, stack(0x000000c90a800000,0x000000c90a900000)]
  0x000002236e641570 JavaThread "Unconstrained build operations Thread 29" [_thread_blocked, id=32344, stack(0x000000c90a900000,0x000000c90aa00000)]
  0x000002236e6424a0 JavaThread "Unconstrained build operations Thread 30" [_thread_blocked, id=32348, stack(0x000000c90aa00000,0x000000c90ab00000)]
  0x000002236e1d6c40 JavaThread "Unconstrained build operations Thread 31" [_thread_blocked, id=32352, stack(0x000000c90ab00000,0x000000c90ac00000)]
  0x000002236e1d3490 JavaThread "Unconstrained build operations Thread 32" [_thread_blocked, id=32356, stack(0x000000c90ac00000,0x000000c90ad00000)]
  0x000002236e1d3eb0 JavaThread "Unconstrained build operations Thread 33" [_thread_blocked, id=32360, stack(0x000000c90ad00000,0x000000c90ae00000)]
  0x000002236e1d6220 JavaThread "Unconstrained build operations Thread 34" [_thread_blocked, id=32364, stack(0x000000c90ae00000,0x000000c90af00000)]
  0x000002236e1d43c0 JavaThread "build event listener" [_thread_blocked, id=32688, stack(0x000000c90af00000,0x000000c90b000000)]
  0x000002236e1d48d0 JavaThread "Unconstrained build operations Thread 35" [_thread_blocked, id=30332, stack(0x000000c90b000000,0x000000c90b100000)]
  0x000002236e1d5800 JavaThread "Unconstrained build operations Thread 36" [_thread_blocked, id=21088, stack(0x000000c90b100000,0x000000c90b200000)]
  0x000002236e1d5d10 JavaThread "Unconstrained build operations Thread 37" [_thread_blocked, id=32684, stack(0x000000c90b200000,0x000000c90b300000)]
  0x000002236e1d6730 JavaThread "Unconstrained build operations Thread 38" [_thread_blocked, id=31848, stack(0x000000c90b300000,0x000000c90b400000)]
  0x000002236e1d39a0 JavaThread "Unconstrained build operations Thread 39" [_thread_blocked, id=32692, stack(0x000000c90b400000,0x000000c90b500000)]
  0x000002236e1d7b70 JavaThread "Unconstrained build operations Thread 40" [_thread_blocked, id=27088, stack(0x000000c90b500000,0x000000c90b600000)]
  0x000002236e1d4de0 JavaThread "Unconstrained build operations Thread 41" [_thread_blocked, id=23688, stack(0x000000c90b600000,0x000000c90b700000)]
  0x000002236e1d99d0 JavaThread "Unconstrained build operations Thread 42" [_thread_blocked, id=33148, stack(0x000000c90ba00000,0x000000c90bb00000)]
  0x000002236e1d9ee0 JavaThread "Unconstrained build operations Thread 43" [_thread_blocked, id=33228, stack(0x000000c90bb00000,0x000000c90bc00000)]
  0x000002236e1d8aa0 JavaThread "Unconstrained build operations Thread 44" [_thread_blocked, id=33232, stack(0x000000c90bc00000,0x000000c90bd00000)]
  0x000002236e1d8590 JavaThread "Unconstrained build operations Thread 45" [_thread_blocked, id=33236, stack(0x000000c90bd00000,0x000000c90be00000)]
  0x000002236e1d8fb0 JavaThread "Unconstrained build operations Thread 46" [_thread_blocked, id=33240, stack(0x000000c90be00000,0x000000c90bf00000)]
  0x000002236e1da900 JavaThread "Unconstrained build operations Thread 47" [_thread_blocked, id=33244, stack(0x000000c90bf00000,0x000000c90c000000)]
  0x000002236e1dae10 JavaThread "Unconstrained build operations Thread 48" [_thread_blocked, id=33260, stack(0x000000c90c000000,0x000000c90c100000)]
  0x000002236e1d7660 JavaThread "Unconstrained build operations Thread 49" [_thread_blocked, id=33488, stack(0x000000c90c100000,0x000000c90c200000)]
  0x000002236e1d8080 JavaThread "Unconstrained build operations Thread 50" [_thread_blocked, id=33492, stack(0x000000c90c200000,0x000000c90c300000)]
  0x000002236e1d94c0 JavaThread "Unconstrained build operations Thread 51" [_thread_blocked, id=33496, stack(0x000000c90c300000,0x000000c90c400000)]
  0x000002236fe6b300 JavaThread "Unconstrained build operations Thread 52" [_thread_blocked, id=33500, stack(0x000000c90c400000,0x000000c90c500000)]
  0x000002236fe6c740 JavaThread "Unconstrained build operations Thread 53" [_thread_blocked, id=33504, stack(0x000000c90c500000,0x000000c90c600000)]
  0x000002236fe6a8e0 JavaThread "Unconstrained build operations Thread 54" [_thread_blocked, id=33508, stack(0x000000c90c600000,0x000000c90c700000)]
  0x000002236fe6bd20 JavaThread "Unconstrained build operations Thread 55" [_thread_blocked, id=33512, stack(0x000000c90c700000,0x000000c90c800000)]
  0x000002236fe694a0 JavaThread "File lock release action executor Thread 2" [_thread_blocked, id=24004, stack(0x000000c907b00000,0x000000c907c00000)]

Other Threads:
  0x000002234c7f0520 VMThread "VM Thread" [stack: 0x000000c905e00000,0x000000c905f00000] [id=27656]
  0x000002234cae10b0 WatcherThread [stack: 0x000000c906a00000,0x000000c906b00000] [id=27960]
  0x000002232c5bc480 GCTaskThread "GC Thread#0" [stack: 0x000000c905900000,0x000000c905a00000] [id=9176]
  0x000002234cc804f0 GCTaskThread "GC Thread#1" [stack: 0x000000c906c00000,0x000000c906d00000] [id=28352]
  0x000002234cd6e7a0 GCTaskThread "GC Thread#2" [stack: 0x000000c906d00000,0x000000c906e00000] [id=28356]
  0x000002234c9f6700 GCTaskThread "GC Thread#3" [stack: 0x000000c906b00000,0x000000c906c00000] [id=24404]
  0x000002234c99c140 GCTaskThread "GC Thread#4" [stack: 0x000000c906e00000,0x000000c906f00000] [id=28396]
  0x000002236df97630 GCTaskThread "GC Thread#5" [stack: 0x000000c907f00000,0x000000c908000000] [id=17788]
  0x000002236df978f0 GCTaskThread "GC Thread#6" [stack: 0x000000c908000000,0x000000c908100000] [id=27928]
  0x000002236df97bb0 GCTaskThread "GC Thread#7" [stack: 0x000000c908100000,0x000000c908200000] [id=26944]
  0x000002232c5cd2e0 ConcurrentGCThread "G1 Main Marker" [stack: 0x000000c905a00000,0x000000c905b00000] [id=560]
  0x000002232c5ce8e0 ConcurrentGCThread "G1 Conc#0" [stack: 0x000000c905b00000,0x000000c905c00000] [id=23596]
  0x000002236df831f0 ConcurrentGCThread "G1 Conc#1" [stack: 0x000000c908400000,0x000000c908500000] [id=5588]
  0x000002232c60d700 ConcurrentGCThread "G1 Refine#0" [stack: 0x000000c905c00000,0x000000c905d00000] [id=26232]
  0x000002234c6a6f20 ConcurrentGCThread "G1 Service" [stack: 0x000000c905d00000,0x000000c905e00000] [id=12040]

Threads with active compile tasks:
C2 CompilerThread0  885548 10592       4       org.gradle.internal.reflect.ClassInspector::inspectClass (179 bytes)

VM state: not at safepoint (normal execution)

VM Mutex/Monitor currently owned by a thread: None

Heap address: 0x0000000080000000, size: 2048 MB, Compressed Oops mode: 32-bit

CDS archive(s) mapped at: [0x000002234d000000-0x000002234dbb0000-0x000002234dbb0000), size 12255232, SharedBaseAddress: 0x000002234d000000, ArchiveRelocationMode: 1.
Compressed class space mapped at: 0x000002234e000000-0x0000022368000000, reserved size: 436207616
Narrow klass base: 0x000002234d000000, Narrow klass shift: 0, Narrow klass range: 0x100000000

GC Precious Log:
 CPUs: 8 total, 8 available
 Memory: 7835M
 Large Page Support: Disabled
 NUMA Support: Disabled
 Compressed Oops: Enabled (32-bit)
 Heap Region Size: 1M
 Heap Min Capacity: 8M
 Heap Initial Capacity: 124M
 Heap Max Capacity: 2G
 Pre-touch: Disabled
 Parallel Workers: 8
 Concurrent Workers: 2
 Concurrent Refinement Workers: 8
 Periodic GC: Disabled

Heap:
 garbage-first heap   total 260096K, used 144446K [0x0000000080000000, 0x0000000100000000)
  region size 1024K, 79 young (80896K), 2 survivors (2048K)
 Metaspace       used 74977K, committed 75904K, reserved 491520K
  class space    used 10482K, committed 10944K, reserved 425984K

Heap Regions: E=young(eden), S=young(survivor), O=old, HS=humongous(starts), HC=humongous(continues), CS=collection set, F=free, OA=open archive, CA=closed archive, TAMS=top-at-mark-start (previous, next)
|   0|0x0000000080000000, 0x0000000080100000, 0x0000000080100000|100%|HS|  |TAMS 0x0000000080100000, 0x0000000080000000| Complete 
|   1|0x0000000080100000, 0x0000000080200000, 0x0000000080200000|100%|HC|  |TAMS 0x0000000080200000, 0x0000000080100000| Complete 
|   2|0x0000000080200000, 0x0000000080300000, 0x0000000080300000|100%|HC|  |TAMS 0x0000000080300000, 0x0000000080200000| Complete 
|   3|0x0000000080300000, 0x0000000080400000, 0x0000000080400000|100%| O|  |TAMS 0x0000000080400000, 0x0000000080300000| Untracked 
|   4|0x0000000080400000, 0x0000000080500000, 0x0000000080500000|100%| O|  |TAMS 0x0000000080500000, 0x0000000080400000| Untracked 
|   5|0x0000000080500000, 0x0000000080600000, 0x0000000080600000|100%| O|  |TAMS 0x0000000080600000, 0x0000000080500000| Untracked 
|   6|0x0000000080600000, 0x0000000080700000, 0x0000000080700000|100%|HS|  |TAMS 0x0000000080700000, 0x0000000080600000| Complete 
|   7|0x0000000080700000, 0x0000000080800000, 0x0000000080800000|100%| O|  |TAMS 0x0000000080800000, 0x0000000080700000| Untracked 
|   8|0x0000000080800000, 0x0000000080900000, 0x0000000080900000|100%| O|  |TAMS 0x0000000080900000, 0x0000000080800000| Untracked 
|   9|0x0000000080900000, 0x0000000080a00000, 0x0000000080a00000|100%| O|  |TAMS 0x0000000080a00000, 0x0000000080900000| Untracked 
|  10|0x0000000080a00000, 0x0000000080b00000, 0x0000000080b00000|100%| O|  |TAMS 0x0000000080b00000, 0x0000000080a00000| Untracked 
|  11|0x0000000080b00000, 0x0000000080c00000, 0x0000000080c00000|100%| O|  |TAMS 0x0000000080c00000, 0x0000000080b00000| Untracked 
|  12|0x0000000080c00000, 0x0000000080d00000, 0x0000000080d00000|100%| O|  |TAMS 0x0000000080d00000, 0x0000000080c00000| Untracked 
|  13|0x0000000080d00000, 0x0000000080e00000, 0x0000000080e00000|100%| O|  |TAMS 0x0000000080e00000, 0x0000000080d00000| Untracked 
|  14|0x0000000080e00000, 0x0000000080f00000, 0x0000000080f00000|100%| O|  |TAMS 0x0000000080f00000, 0x0000000080e00000| Untracked 
|  15|0x0000000080f00000, 0x0000000081000000, 0x0000000081000000|100%| O|  |TAMS 0x0000000081000000, 0x0000000080f00000| Untracked 
|  16|0x0000000081000000, 0x0000000081100000, 0x0000000081100000|100%| O|  |TAMS 0x0000000081100000, 0x0000000081000000| Untracked 
|  17|0x0000000081100000, 0x0000000081200000, 0x0000000081200000|100%| O|  |TAMS 0x0000000081200000, 0x0000000081100000| Untracked 
|  18|0x0000000081200000, 0x0000000081300000, 0x0000000081300000|100%| O|  |TAMS 0x0000000081300000, 0x0000000081200000| Untracked 
|  19|0x0000000081300000, 0x0000000081400000, 0x0000000081400000|100%| O|  |TAMS 0x0000000081400000, 0x0000000081300000| Untracked 
|  20|0x0000000081400000, 0x0000000081500000, 0x0000000081500000|100%| O|  |TAMS 0x0000000081500000, 0x0000000081400000| Untracked 
|  21|0x0000000081500000, 0x0000000081600000, 0x0000000081600000|100%| O|  |TAMS 0x0000000081600000, 0x0000000081500000| Untracked 
|  22|0x0000000081600000, 0x0000000081700000, 0x0000000081700000|100%| O|  |TAMS 0x0000000081700000, 0x0000000081600000| Untracked 
|  23|0x0000000081700000, 0x0000000081800000, 0x0000000081800000|100%| O|  |TAMS 0x0000000081800000, 0x0000000081700000| Untracked 
|  24|0x0000000081800000, 0x0000000081900000, 0x0000000081900000|100%| O|  |TAMS 0x0000000081900000, 0x0000000081800000| Untracked 
|  25|0x0000000081900000, 0x0000000081a00000, 0x0000000081a00000|100%| O|  |TAMS 0x0000000081a00000, 0x0000000081900000| Untracked 
|  26|0x0000000081a00000, 0x0000000081b00000, 0x0000000081b00000|100%| O|  |TAMS 0x0000000081b00000, 0x0000000081a00000| Untracked 
|  27|0x0000000081b00000, 0x0000000081c00000, 0x0000000081c00000|100%| O|  |TAMS 0x0000000081c00000, 0x0000000081b00000| Untracked 
|  28|0x0000000081c00000, 0x0000000081d00000, 0x0000000081d00000|100%| O|  |TAMS 0x0000000081d00000, 0x0000000081c00000| Untracked 
|  29|0x0000000081d00000, 0x0000000081e00000, 0x0000000081e00000|100%| O|  |TAMS 0x0000000081e00000, 0x0000000081d00000| Untracked 
|  30|0x0000000081e00000, 0x0000000081f00000, 0x0000000081f00000|100%| O|  |TAMS 0x0000000081f00000, 0x0000000081e00000| Untracked 
|  31|0x0000000081f00000, 0x0000000082000000, 0x0000000082000000|100%| O|  |TAMS 0x0000000082000000, 0x0000000081f00000| Untracked 
|  32|0x0000000082000000, 0x0000000082100000, 0x0000000082100000|100%| O|  |TAMS 0x0000000082100000, 0x0000000082000000| Untracked 
|  33|0x0000000082100000, 0x0000000082200000, 0x0000000082200000|100%| O|  |TAMS 0x0000000082200000, 0x0000000082100000| Untracked 
|  34|0x0000000082200000, 0x0000000082300000, 0x0000000082300000|100%| O|  |TAMS 0x0000000082300000, 0x0000000082200000| Untracked 
|  35|0x0000000082300000, 0x0000000082400000, 0x0000000082400000|100%| O|  |TAMS 0x0000000082400000, 0x0000000082300000| Untracked 
|  36|0x0000000082400000, 0x0000000082500000, 0x0000000082500000|100%| O|  |TAMS 0x0000000082500000, 0x0000000082400000| Untracked 
|  37|0x0000000082500000, 0x0000000082600000, 0x0000000082600000|100%| O|  |TAMS 0x0000000082600000, 0x0000000082500000| Untracked 
|  38|0x0000000082600000, 0x0000000082700000, 0x0000000082700000|100%| O|  |TAMS 0x0000000082700000, 0x0000000082600000| Untracked 
|  39|0x0000000082700000, 0x0000000082800000, 0x0000000082800000|100%| O|  |TAMS 0x0000000082800000, 0x0000000082700000| Untracked 
|  40|0x0000000082800000, 0x0000000082900000, 0x0000000082900000|100%| O|  |TAMS 0x0000000082900000, 0x0000000082800000| Untracked 
|  41|0x0000000082900000, 0x0000000082a00000, 0x0000000082a00000|100%| O|  |TAMS 0x0000000082a00000, 0x0000000082900000| Untracked 
|  42|0x0000000082a00000, 0x0000000082b00000, 0x0000000082b00000|100%| O|  |TAMS 0x0000000082b00000, 0x0000000082a00000| Untracked 
|  43|0x0000000082b00000, 0x0000000082c00000, 0x0000000082c00000|100%| O|  |TAMS 0x0000000082b00000, 0x0000000082b00000| Untracked 
|  44|0x0000000082c00000, 0x0000000082d00000, 0x0000000082d00000|100%| O|  |TAMS 0x0000000082d00000, 0x0000000082c00000| Untracked 
|  45|0x0000000082d00000, 0x0000000082e00000, 0x0000000082e00000|100%| O|  |TAMS 0x0000000082e00000, 0x0000000082d00000| Untracked 
|  46|0x0000000082e00000, 0x0000000082f00000, 0x0000000082f00000|100%|HS|  |TAMS 0x0000000082f00000, 0x0000000082e00000| Complete 
|  47|0x0000000082f00000, 0x0000000083000000, 0x0000000083000000|100%|HC|  |TAMS 0x0000000083000000, 0x0000000082f00000| Complete 
|  48|0x0000000083000000, 0x0000000083100000, 0x0000000083100000|100%|HC|  |TAMS 0x0000000083100000, 0x0000000083000000| Complete 
|  49|0x0000000083100000, 0x0000000083200000, 0x0000000083200000|100%|HS|  |TAMS 0x0000000083200000, 0x0000000083100000| Complete 
|  50|0x0000000083200000, 0x0000000083300000, 0x0000000083300000|100%|HC|  |TAMS 0x0000000083300000, 0x0000000083200000| Complete 
|  51|0x0000000083300000, 0x0000000083400000, 0x0000000083400000|100%|HC|  |TAMS 0x0000000083400000, 0x0000000083300000| Complete 
|  52|0x0000000083400000, 0x0000000083500000, 0x0000000083500000|100%| O|  |TAMS 0x0000000083500000, 0x0000000083400000| Untracked 
|  53|0x0000000083500000, 0x0000000083600000, 0x0000000083600000|100%| O|  |TAMS 0x0000000083600000, 0x0000000083500000| Untracked 
|  54|0x0000000083600000, 0x0000000083700000, 0x0000000083700000|100%| O|  |TAMS 0x0000000083700000, 0x0000000083600000| Untracked 
|  55|0x0000000083700000, 0x0000000083800000, 0x0000000083800000|100%| O|  |TAMS 0x0000000083800000, 0x0000000083700000| Untracked 
|  56|0x0000000083800000, 0x0000000083900000, 0x0000000083900000|100%| O|  |TAMS 0x0000000083900000, 0x0000000083800000| Untracked 
|  57|0x0000000083900000, 0x0000000083a00000, 0x0000000083a00000|100%| O|  |TAMS 0x0000000083a00000, 0x0000000083900000| Untracked 
|  58|0x0000000083a00000, 0x0000000083b00000, 0x0000000083b00000|100%| O|  |TAMS 0x0000000083aee000, 0x0000000083a00000| Untracked 
|  59|0x0000000083b00000, 0x0000000083c00000, 0x0000000083c00000|100%| O|  |TAMS 0x0000000083b00000, 0x0000000083b00000| Untracked 
|  60|0x0000000083c00000, 0x0000000083d00000, 0x0000000083d00000|100%| O|  |TAMS 0x0000000083c00000, 0x0000000083c00000| Untracked 
|  61|0x0000000083d00000, 0x0000000083e00000, 0x0000000083e00000|100%| O|  |TAMS 0x0000000083d00000, 0x0000000083d00000| Untracked 
|  62|0x0000000083e00000, 0x0000000083f00000, 0x0000000083f00000|100%| O|  |TAMS 0x0000000083e00000, 0x0000000083e00000| Untracked 
|  63|0x0000000083f00000, 0x0000000083f92e00, 0x0000000084000000| 57%| O|  |TAMS 0x0000000083f00000, 0x0000000083f00000| Untracked 
|  64|0x0000000084000000, 0x0000000084000000, 0x0000000084100000|  0%| F|  |TAMS 0x0000000084000000, 0x0000000084000000| Untracked 
|  65|0x0000000084100000, 0x0000000084100000, 0x0000000084200000|  0%| F|  |TAMS 0x0000000084100000, 0x0000000084100000| Untracked 
|  66|0x0000000084200000, 0x0000000084200000, 0x0000000084300000|  0%| F|  |TAMS 0x0000000084200000, 0x0000000084200000| Untracked 
|  67|0x0000000084300000, 0x0000000084300000, 0x0000000084400000|  0%| F|  |TAMS 0x0000000084300000, 0x0000000084300000| Untracked 
|  68|0x0000000084400000, 0x0000000084400000, 0x0000000084500000|  0%| F|  |TAMS 0x0000000084400000, 0x0000000084400000| Untracked 
|  69|0x0000000084500000, 0x0000000084500000, 0x0000000084600000|  0%| F|  |TAMS 0x0000000084500000, 0x0000000084500000| Untracked 
|  70|0x0000000084600000, 0x0000000084600000, 0x0000000084700000|  0%| F|  |TAMS 0x0000000084600000, 0x0000000084600000| Untracked 
|  71|0x0000000084700000, 0x0000000084700000, 0x0000000084800000|  0%| F|  |TAMS 0x0000000084700000, 0x0000000084700000| Untracked 
|  72|0x0000000084800000, 0x0000000084800000, 0x0000000084900000|  0%| F|  |TAMS 0x0000000084800000, 0x0000000084800000| Untracked 
|  73|0x0000000084900000, 0x0000000084900000, 0x0000000084a00000|  0%| F|  |TAMS 0x0000000084900000, 0x0000000084900000| Untracked 
|  74|0x0000000084a00000, 0x0000000084a00000, 0x0000000084b00000|  0%| F|  |TAMS 0x0000000084a00000, 0x0000000084a00000| Untracked 
|  75|0x0000000084b00000, 0x0000000084b00000, 0x0000000084c00000|  0%| F|  |TAMS 0x0000000084b00000, 0x0000000084b00000| Untracked 
|  76|0x0000000084c00000, 0x0000000084c00000, 0x0000000084d00000|  0%| F|  |TAMS 0x0000000084c00000, 0x0000000084c00000| Untracked 
|  77|0x0000000084d00000, 0x0000000084d00000, 0x0000000084e00000|  0%| F|  |TAMS 0x0000000084d00000, 0x0000000084d00000| Untracked 
|  78|0x0000000084e00000, 0x0000000084e00000, 0x0000000084f00000|  0%| F|  |TAMS 0x0000000084e00000, 0x0000000084e00000| Untracked 
|  79|0x0000000084f00000, 0x0000000084f00000, 0x0000000085000000|  0%| F|  |TAMS 0x0000000084f00000, 0x0000000084f00000| Untracked 
|  80|0x0000000085000000, 0x0000000085000000, 0x0000000085100000|  0%| F|  |TAMS 0x0000000085000000, 0x0000000085000000| Untracked 
|  81|0x0000000085100000, 0x0000000085100000, 0x0000000085200000|  0%| F|  |TAMS 0x0000000085100000, 0x0000000085100000| Untracked 
|  82|0x0000000085200000, 0x0000000085200000, 0x0000000085300000|  0%| F|  |TAMS 0x0000000085200000, 0x0000000085200000| Untracked 
|  83|0x0000000085300000, 0x0000000085300000, 0x0000000085400000|  0%| F|  |TAMS 0x0000000085300000, 0x0000000085300000| Untracked 
|  84|0x0000000085400000, 0x0000000085400000, 0x0000000085500000|  0%| F|  |TAMS 0x0000000085400000, 0x0000000085400000| Untracked 
|  85|0x0000000085500000, 0x0000000085500000, 0x0000000085600000|  0%| F|  |TAMS 0x0000000085500000, 0x0000000085500000| Untracked 
|  86|0x0000000085600000, 0x0000000085600000, 0x0000000085700000|  0%| F|  |TAMS 0x0000000085600000, 0x0000000085600000| Untracked 
|  87|0x0000000085700000, 0x0000000085700000, 0x0000000085800000|  0%| F|  |TAMS 0x0000000085700000, 0x0000000085700000| Untracked 
|  88|0x0000000085800000, 0x0000000085800000, 0x0000000085900000|  0%| F|  |TAMS 0x0000000085800000, 0x0000000085800000| Untracked 
|  89|0x0000000085900000, 0x0000000085900000, 0x0000000085a00000|  0%| F|  |TAMS 0x0000000085900000, 0x0000000085900000| Untracked 
|  90|0x0000000085a00000, 0x0000000085a00000, 0x0000000085b00000|  0%| F|  |TAMS 0x0000000085a00000, 0x0000000085a00000| Untracked 
|  91|0x0000000085b00000, 0x0000000085b00000, 0x0000000085c00000|  0%| F|  |TAMS 0x0000000085b00000, 0x0000000085b00000| Untracked 
|  92|0x0000000085c00000, 0x0000000085c00000, 0x0000000085d00000|  0%| F|  |TAMS 0x0000000085c00000, 0x0000000085c00000| Untracked 
|  93|0x0000000085d00000, 0x0000000085d00000, 0x0000000085e00000|  0%| F|  |TAMS 0x0000000085d00000, 0x0000000085d00000| Untracked 
|  94|0x0000000085e00000, 0x0000000085e00000, 0x0000000085f00000|  0%| F|  |TAMS 0x0000000085e00000, 0x0000000085e00000| Untracked 
|  95|0x0000000085f00000, 0x0000000085f00000, 0x0000000086000000|  0%| F|  |TAMS 0x0000000085f00000, 0x0000000085f00000| Untracked 
|  96|0x0000000086000000, 0x0000000086000000, 0x0000000086100000|  0%| F|  |TAMS 0x0000000086000000, 0x0000000086000000| Untracked 
|  97|0x0000000086100000, 0x0000000086100000, 0x0000000086200000|  0%| F|  |TAMS 0x0000000086100000, 0x0000000086100000| Untracked 
|  98|0x0000000086200000, 0x0000000086200000, 0x0000000086300000|  0%| F|  |TAMS 0x0000000086200000, 0x0000000086200000| Untracked 
|  99|0x0000000086300000, 0x0000000086300000, 0x0000000086400000|  0%| F|  |TAMS 0x0000000086300000, 0x0000000086300000| Untracked 
| 100|0x0000000086400000, 0x0000000086400000, 0x0000000086500000|  0%| F|  |TAMS 0x0000000086400000, 0x0000000086400000| Untracked 
| 101|0x0000000086500000, 0x0000000086500000, 0x0000000086600000|  0%| F|  |TAMS 0x0000000086500000, 0x0000000086500000| Untracked 
| 102|0x0000000086600000, 0x0000000086600000, 0x0000000086700000|  0%| F|  |TAMS 0x0000000086600000, 0x0000000086600000| Untracked 
| 103|0x0000000086700000, 0x0000000086700000, 0x0000000086800000|  0%| F|  |TAMS 0x0000000086700000, 0x0000000086700000| Untracked 
| 104|0x0000000086800000, 0x0000000086800000, 0x0000000086900000|  0%| F|  |TAMS 0x0000000086800000, 0x0000000086800000| Untracked 
| 105|0x0000000086900000, 0x0000000086900000, 0x0000000086a00000|  0%| F|  |TAMS 0x0000000086900000, 0x0000000086900000| Untracked 
| 106|0x0000000086a00000, 0x0000000086a00000, 0x0000000086b00000|  0%| F|  |TAMS 0x0000000086a00000, 0x0000000086a00000| Untracked 
| 107|0x0000000086b00000, 0x0000000086b00000, 0x0000000086c00000|  0%| F|  |TAMS 0x0000000086b00000, 0x0000000086b00000| Untracked 
| 108|0x0000000086c00000, 0x0000000086c00000, 0x0000000086d00000|  0%| F|  |TAMS 0x0000000086c00000, 0x0000000086c00000| Untracked 
| 109|0x0000000086d00000, 0x0000000086d00000, 0x0000000086e00000|  0%| F|  |TAMS 0x0000000086d00000, 0x0000000086d00000| Untracked 
| 110|0x0000000086e00000, 0x0000000086e00000, 0x0000000086f00000|  0%| F|  |TAMS 0x0000000086e00000, 0x0000000086e00000| Untracked 
| 111|0x0000000086f00000, 0x0000000086f00000, 0x0000000087000000|  0%| F|  |TAMS 0x0000000086f00000, 0x0000000086f00000| Untracked 
| 112|0x0000000087000000, 0x0000000087000000, 0x0000000087100000|  0%| F|  |TAMS 0x0000000087000000, 0x0000000087000000| Untracked 
| 113|0x0000000087100000, 0x0000000087100000, 0x0000000087200000|  0%| F|  |TAMS 0x0000000087100000, 0x0000000087100000| Untracked 
| 114|0x0000000087200000, 0x0000000087200000, 0x0000000087300000|  0%| F|  |TAMS 0x0000000087200000, 0x0000000087200000| Untracked 
| 115|0x0000000087300000, 0x0000000087300000, 0x0000000087400000|  0%| F|  |TAMS 0x0000000087300000, 0x0000000087300000| Untracked 
| 116|0x0000000087400000, 0x0000000087400000, 0x0000000087500000|  0%| F|  |TAMS 0x0000000087400000, 0x0000000087400000| Untracked 
| 117|0x0000000087500000, 0x0000000087500000, 0x0000000087600000|  0%| F|  |TAMS 0x0000000087500000, 0x0000000087500000| Untracked 
| 118|0x0000000087600000, 0x0000000087600000, 0x0000000087700000|  0%| F|  |TAMS 0x0000000087600000, 0x0000000087600000| Untracked 
| 119|0x0000000087700000, 0x0000000087700000, 0x0000000087800000|  0%| F|  |TAMS 0x0000000087700000, 0x0000000087700000| Untracked 
| 120|0x0000000087800000, 0x0000000087800000, 0x0000000087900000|  0%| F|  |TAMS 0x0000000087800000, 0x0000000087800000| Untracked 
| 121|0x0000000087900000, 0x0000000087900000, 0x0000000087a00000|  0%| F|  |TAMS 0x0000000087900000, 0x0000000087900000| Untracked 
| 122|0x0000000087a00000, 0x0000000087a00000, 0x0000000087b00000|  0%| F|  |TAMS 0x0000000087a00000, 0x0000000087a00000| Untracked 
| 123|0x0000000087b00000, 0x0000000087b00000, 0x0000000087c00000|  0%| F|  |TAMS 0x0000000087b00000, 0x0000000087b00000| Untracked 
| 124|0x0000000087c00000, 0x0000000087c00000, 0x0000000087d00000|  0%| F|  |TAMS 0x0000000087c00000, 0x0000000087c00000| Untracked 
| 125|0x0000000087d00000, 0x0000000087d00000, 0x0000000087e00000|  0%| F|  |TAMS 0x0000000087d00000, 0x0000000087d00000| Untracked 
| 126|0x0000000087e00000, 0x0000000087e00000, 0x0000000087f00000|  0%| F|  |TAMS 0x0000000087e00000, 0x0000000087e00000| Untracked 
| 127|0x0000000087f00000, 0x0000000087f00000, 0x0000000088000000|  0%| F|  |TAMS 0x0000000087f00000, 0x0000000087f00000| Untracked 
| 128|0x0000000088000000, 0x0000000088000000, 0x0000000088100000|  0%| F|  |TAMS 0x0000000088000000, 0x0000000088000000| Untracked 
| 129|0x0000000088100000, 0x0000000088100000, 0x0000000088200000|  0%| F|  |TAMS 0x0000000088100000, 0x0000000088100000| Untracked 
| 130|0x0000000088200000, 0x0000000088200000, 0x0000000088300000|  0%| F|  |TAMS 0x0000000088200000, 0x0000000088200000| Untracked 
| 131|0x0000000088300000, 0x0000000088300000, 0x0000000088400000|  0%| F|  |TAMS 0x0000000088300000, 0x0000000088300000| Untracked 
| 132|0x0000000088400000, 0x0000000088400000, 0x0000000088500000|  0%| F|  |TAMS 0x0000000088400000, 0x0000000088400000| Untracked 
| 133|0x0000000088500000, 0x0000000088500000, 0x0000000088600000|  0%| F|  |TAMS 0x0000000088500000, 0x0000000088500000| Untracked 
| 134|0x0000000088600000, 0x0000000088600000, 0x0000000088700000|  0%| F|  |TAMS 0x0000000088600000, 0x0000000088600000| Untracked 
| 135|0x0000000088700000, 0x0000000088700000, 0x0000000088800000|  0%| F|  |TAMS 0x0000000088700000, 0x0000000088700000| Untracked 
| 136|0x0000000088800000, 0x0000000088800000, 0x0000000088900000|  0%| F|  |TAMS 0x0000000088800000, 0x0000000088800000| Untracked 
| 137|0x0000000088900000, 0x0000000088900000, 0x0000000088a00000|  0%| F|  |TAMS 0x0000000088900000, 0x0000000088900000| Untracked 
| 138|0x0000000088a00000, 0x0000000088a00000, 0x0000000088b00000|  0%| F|  |TAMS 0x0000000088a00000, 0x0000000088a00000| Untracked 
| 139|0x0000000088b00000, 0x0000000088b00000, 0x0000000088c00000|  0%| F|  |TAMS 0x0000000088b00000, 0x0000000088b00000| Untracked 
| 140|0x0000000088c00000, 0x0000000088c00000, 0x0000000088d00000|  0%| F|  |TAMS 0x0000000088c00000, 0x0000000088c00000| Untracked 
| 141|0x0000000088d00000, 0x0000000088d00000, 0x0000000088e00000|  0%| F|  |TAMS 0x0000000088d00000, 0x0000000088d00000| Untracked 
| 142|0x0000000088e00000, 0x0000000088e00000, 0x0000000088f00000|  0%| F|  |TAMS 0x0000000088e00000, 0x0000000088e00000| Untracked 
| 143|0x0000000088f00000, 0x0000000088f00000, 0x0000000089000000|  0%| F|  |TAMS 0x0000000088f00000, 0x0000000088f00000| Untracked 
| 144|0x0000000089000000, 0x0000000089000000, 0x0000000089100000|  0%| F|  |TAMS 0x0000000089000000, 0x0000000089000000| Untracked 
| 145|0x0000000089100000, 0x0000000089100000, 0x0000000089200000|  0%| F|  |TAMS 0x0000000089100000, 0x0000000089100000| Untracked 
| 146|0x0000000089200000, 0x0000000089200000, 0x0000000089300000|  0%| F|  |TAMS 0x0000000089200000, 0x0000000089200000| Untracked 
| 147|0x0000000089300000, 0x0000000089300000, 0x0000000089400000|  0%| F|  |TAMS 0x0000000089300000, 0x0000000089300000| Untracked 
| 148|0x0000000089400000, 0x0000000089400000, 0x0000000089500000|  0%| F|  |TAMS 0x0000000089400000, 0x0000000089400000| Untracked 
| 149|0x0000000089500000, 0x0000000089500000, 0x0000000089600000|  0%| F|  |TAMS 0x0000000089500000, 0x0000000089500000| Untracked 
| 150|0x0000000089600000, 0x0000000089600000, 0x0000000089700000|  0%| F|  |TAMS 0x0000000089600000, 0x0000000089600000| Untracked 
| 151|0x0000000089700000, 0x0000000089700000, 0x0000000089800000|  0%| F|  |TAMS 0x0000000089700000, 0x0000000089700000| Untracked 
| 152|0x0000000089800000, 0x0000000089800000, 0x0000000089900000|  0%| F|  |TAMS 0x0000000089800000, 0x0000000089800000| Untracked 
| 153|0x0000000089900000, 0x0000000089900000, 0x0000000089a00000|  0%| F|  |TAMS 0x0000000089900000, 0x0000000089900000| Untracked 
| 154|0x0000000089a00000, 0x0000000089a00000, 0x0000000089b00000|  0%| F|  |TAMS 0x0000000089a00000, 0x0000000089a00000| Untracked 
| 155|0x0000000089b00000, 0x0000000089b00000, 0x0000000089c00000|  0%| F|  |TAMS 0x0000000089b00000, 0x0000000089b00000| Untracked 
| 156|0x0000000089c00000, 0x0000000089c00000, 0x0000000089d00000|  0%| F|  |TAMS 0x0000000089c00000, 0x0000000089c00000| Untracked 
| 157|0x0000000089d00000, 0x0000000089d00000, 0x0000000089e00000|  0%| F|  |TAMS 0x0000000089d00000, 0x0000000089d00000| Untracked 
| 158|0x0000000089e00000, 0x0000000089e00000, 0x0000000089f00000|  0%| F|  |TAMS 0x0000000089e00000, 0x0000000089e00000| Untracked 
| 159|0x0000000089f00000, 0x0000000089f00000, 0x000000008a000000|  0%| F|  |TAMS 0x0000000089f00000, 0x0000000089f00000| Untracked 
| 160|0x000000008a000000, 0x000000008a000000, 0x000000008a100000|  0%| F|  |TAMS 0x000000008a000000, 0x000000008a000000| Untracked 
| 161|0x000000008a100000, 0x000000008a17cdb8, 0x000000008a200000| 48%| S|CS|TAMS 0x000000008a100000, 0x000000008a100000| Complete 
| 162|0x000000008a200000, 0x000000008a300000, 0x000000008a300000|100%| S|CS|TAMS 0x000000008a200000, 0x000000008a200000| Complete 
| 163|0x000000008a300000, 0x000000008a300000, 0x000000008a400000|  0%| F|  |TAMS 0x000000008a300000, 0x000000008a300000| Untracked 
| 164|0x000000008a400000, 0x000000008a400000, 0x000000008a500000|  0%| F|  |TAMS 0x000000008a400000, 0x000000008a400000| Untracked 
| 165|0x000000008a500000, 0x000000008a500000, 0x000000008a600000|  0%| F|  |TAMS 0x000000008a500000, 0x000000008a500000| Untracked 
| 166|0x000000008a600000, 0x000000008a600000, 0x000000008a700000|  0%| F|  |TAMS 0x000000008a600000, 0x000000008a600000| Untracked 
| 167|0x000000008a700000, 0x000000008a700000, 0x000000008a800000|  0%| F|  |TAMS 0x000000008a700000, 0x000000008a700000| Untracked 
| 168|0x000000008a800000, 0x000000008a800000, 0x000000008a900000|  0%| F|  |TAMS 0x000000008a800000, 0x000000008a800000| Untracked 
| 169|0x000000008a900000, 0x000000008a900000, 0x000000008aa00000|  0%| F|  |TAMS 0x000000008a900000, 0x000000008a900000| Untracked 
| 170|0x000000008aa00000, 0x000000008aa00000, 0x000000008ab00000|  0%| F|  |TAMS 0x000000008aa00000, 0x000000008aa00000| Untracked 
| 171|0x000000008ab00000, 0x000000008ab00000, 0x000000008ac00000|  0%| F|  |TAMS 0x000000008ab00000, 0x000000008ab00000| Untracked 
| 172|0x000000008ac00000, 0x000000008ac00000, 0x000000008ad00000|  0%| F|  |TAMS 0x000000008ac00000, 0x000000008ac00000| Untracked 
| 173|0x000000008ad00000, 0x000000008ad00000, 0x000000008ae00000|  0%| F|  |TAMS 0x000000008ad00000, 0x000000008ad00000| Untracked 
| 174|0x000000008ae00000, 0x000000008ae00000, 0x000000008af00000|  0%| F|  |TAMS 0x000000008ae00000, 0x000000008ae00000| Untracked 
| 175|0x000000008af00000, 0x000000008af00000, 0x000000008b000000|  0%| F|  |TAMS 0x000000008af00000, 0x000000008af00000| Untracked 
| 176|0x000000008b000000, 0x000000008b000000, 0x000000008b100000|  0%| F|  |TAMS 0x000000008b000000, 0x000000008b000000| Untracked 
| 177|0x000000008b100000, 0x000000008b100a60, 0x000000008b200000|  0%| E|  |TAMS 0x000000008b100000, 0x000000008b100000| Complete 
| 178|0x000000008b200000, 0x000000008b300000, 0x000000008b300000|100%| E|CS|TAMS 0x000000008b200000, 0x000000008b200000| Complete 
| 179|0x000000008b300000, 0x000000008b400000, 0x000000008b400000|100%| E|CS|TAMS 0x000000008b300000, 0x000000008b300000| Complete 
| 180|0x000000008b400000, 0x000000008b500000, 0x000000008b500000|100%| E|CS|TAMS 0x000000008b400000, 0x000000008b400000| Complete 
| 181|0x000000008b500000, 0x000000008b600000, 0x000000008b600000|100%| E|CS|TAMS 0x000000008b500000, 0x000000008b500000| Complete 
| 182|0x000000008b600000, 0x000000008b700000, 0x000000008b700000|100%| E|CS|TAMS 0x000000008b600000, 0x000000008b600000| Complete 
| 183|0x000000008b700000, 0x000000008b800000, 0x000000008b800000|100%| E|CS|TAMS 0x000000008b700000, 0x000000008b700000| Complete 
| 184|0x000000008b800000, 0x000000008b900000, 0x000000008b900000|100%| E|CS|TAMS 0x000000008b800000, 0x000000008b800000| Complete 
| 185|0x000000008b900000, 0x000000008ba00000, 0x000000008ba00000|100%| E|CS|TAMS 0x000000008b900000, 0x000000008b900000| Complete 
| 186|0x000000008ba00000, 0x000000008bb00000, 0x000000008bb00000|100%| E|CS|TAMS 0x000000008ba00000, 0x000000008ba00000| Complete 
| 187|0x000000008bb00000, 0x000000008bc00000, 0x000000008bc00000|100%| E|CS|TAMS 0x000000008bb00000, 0x000000008bb00000| Complete 
| 188|0x000000008bc00000, 0x000000008bd00000, 0x000000008bd00000|100%| E|CS|TAMS 0x000000008bc00000, 0x000000008bc00000| Complete 
| 189|0x000000008bd00000, 0x000000008be00000, 0x000000008be00000|100%| E|CS|TAMS 0x000000008bd00000, 0x000000008bd00000| Complete 
| 190|0x000000008be00000, 0x000000008bf00000, 0x000000008bf00000|100%| E|CS|TAMS 0x000000008be00000, 0x000000008be00000| Complete 
| 191|0x000000008bf00000, 0x000000008c000000, 0x000000008c000000|100%| E|CS|TAMS 0x000000008bf00000, 0x000000008bf00000| Complete 
| 192|0x000000008c000000, 0x000000008c100000, 0x000000008c100000|100%| E|CS|TAMS 0x000000008c000000, 0x000000008c000000| Complete 
| 193|0x000000008c100000, 0x000000008c200000, 0x000000008c200000|100%| E|CS|TAMS 0x000000008c100000, 0x000000008c100000| Complete 
| 194|0x000000008c200000, 0x000000008c300000, 0x000000008c300000|100%| E|CS|TAMS 0x000000008c200000, 0x000000008c200000| Complete 
| 195|0x000000008c300000, 0x000000008c400000, 0x000000008c400000|100%| E|CS|TAMS 0x000000008c300000, 0x000000008c300000| Complete 
| 196|0x000000008c400000, 0x000000008c500000, 0x000000008c500000|100%| E|CS|TAMS 0x000000008c400000, 0x000000008c400000| Complete 
| 197|0x000000008c500000, 0x000000008c600000, 0x000000008c600000|100%| E|CS|TAMS 0x000000008c500000, 0x000000008c500000| Complete 
| 198|0x000000008c600000, 0x000000008c700000, 0x000000008c700000|100%| E|CS|TAMS 0x000000008c600000, 0x000000008c600000| Complete 
| 199|0x000000008c700000, 0x000000008c800000, 0x000000008c800000|100%| E|CS|TAMS 0x000000008c700000, 0x000000008c700000| Complete 
| 200|0x000000008c800000, 0x000000008c900000, 0x000000008c900000|100%| E|CS|TAMS 0x000000008c800000, 0x000000008c800000| Complete 
| 201|0x000000008c900000, 0x000000008ca00000, 0x000000008ca00000|100%| E|CS|TAMS 0x000000008c900000, 0x000000008c900000| Complete 
| 202|0x000000008ca00000, 0x000000008cb00000, 0x000000008cb00000|100%| E|CS|TAMS 0x000000008ca00000, 0x000000008ca00000| Complete 
| 203|0x000000008cb00000, 0x000000008cc00000, 0x000000008cc00000|100%| E|CS|TAMS 0x000000008cb00000, 0x000000008cb00000| Complete 
| 204|0x000000008cc00000, 0x000000008cd00000, 0x000000008cd00000|100%| E|CS|TAMS 0x000000008cc00000, 0x000000008cc00000| Complete 
| 205|0x000000008cd00000, 0x000000008ce00000, 0x000000008ce00000|100%| E|CS|TAMS 0x000000008cd00000, 0x000000008cd00000| Complete 
| 206|0x000000008ce00000, 0x000000008cf00000, 0x000000008cf00000|100%| E|CS|TAMS 0x000000008ce00000, 0x000000008ce00000| Complete 
| 207|0x000000008cf00000, 0x000000008d000000, 0x000000008d000000|100%| E|CS|TAMS 0x000000008cf00000, 0x000000008cf00000| Complete 
| 208|0x000000008d000000, 0x000000008d100000, 0x000000008d100000|100%| E|CS|TAMS 0x000000008d000000, 0x000000008d000000| Complete 
| 209|0x000000008d100000, 0x000000008d200000, 0x000000008d200000|100%| E|CS|TAMS 0x000000008d100000, 0x000000008d100000| Complete 
| 210|0x000000008d200000, 0x000000008d300000, 0x000000008d300000|100%| E|CS|TAMS 0x000000008d200000, 0x000000008d200000| Complete 
| 211|0x000000008d300000, 0x000000008d400000, 0x000000008d400000|100%| E|CS|TAMS 0x000000008d300000, 0x000000008d300000| Complete 
| 212|0x000000008d400000, 0x000000008d500000, 0x000000008d500000|100%| E|CS|TAMS 0x000000008d400000, 0x000000008d400000| Complete 
| 213|0x000000008d500000, 0x000000008d600000, 0x000000008d600000|100%| E|CS|TAMS 0x000000008d500000, 0x000000008d500000| Complete 
| 214|0x000000008d600000, 0x000000008d700000, 0x000000008d700000|100%| E|CS|TAMS 0x000000008d600000, 0x000000008d600000| Complete 
| 215|0x000000008d700000, 0x000000008d800000, 0x000000008d800000|100%| E|CS|TAMS 0x000000008d700000, 0x000000008d700000| Complete 
| 216|0x000000008d800000, 0x000000008d900000, 0x000000008d900000|100%| E|CS|TAMS 0x000000008d800000, 0x000000008d800000| Complete 
| 217|0x000000008d900000, 0x000000008da00000, 0x000000008da00000|100%| E|CS|TAMS 0x000000008d900000, 0x000000008d900000| Complete 
| 218|0x000000008da00000, 0x000000008db00000, 0x000000008db00000|100%| E|CS|TAMS 0x000000008da00000, 0x000000008da00000| Complete 
| 219|0x000000008db00000, 0x000000008dc00000, 0x000000008dc00000|100%| E|CS|TAMS 0x000000008db00000, 0x000000008db00000| Complete 
| 220|0x000000008dc00000, 0x000000008dd00000, 0x000000008dd00000|100%| E|CS|TAMS 0x000000008dc00000, 0x000000008dc00000| Complete 
| 221|0x000000008dd00000, 0x000000008de00000, 0x000000008de00000|100%| E|CS|TAMS 0x000000008dd00000, 0x000000008dd00000| Complete 
| 222|0x000000008de00000, 0x000000008df00000, 0x000000008df00000|100%| E|CS|TAMS 0x000000008de00000, 0x000000008de00000| Complete 
| 223|0x000000008df00000, 0x000000008e000000, 0x000000008e000000|100%| E|CS|TAMS 0x000000008df00000, 0x000000008df00000| Complete 
| 224|0x000000008e000000, 0x000000008e100000, 0x000000008e100000|100%| E|CS|TAMS 0x000000008e000000, 0x000000008e000000| Complete 
| 225|0x000000008e100000, 0x000000008e200000, 0x000000008e200000|100%| E|CS|TAMS 0x000000008e100000, 0x000000008e100000| Complete 
| 226|0x000000008e200000, 0x000000008e300000, 0x000000008e300000|100%| E|CS|TAMS 0x000000008e200000, 0x000000008e200000| Complete 
| 227|0x000000008e300000, 0x000000008e400000, 0x000000008e400000|100%| E|CS|TAMS 0x000000008e300000, 0x000000008e300000| Complete 
| 228|0x000000008e400000, 0x000000008e500000, 0x000000008e500000|100%| E|CS|TAMS 0x000000008e400000, 0x000000008e400000| Complete 
| 229|0x000000008e500000, 0x000000008e600000, 0x000000008e600000|100%| E|CS|TAMS 0x000000008e500000, 0x000000008e500000| Complete 
| 230|0x000000008e600000, 0x000000008e700000, 0x000000008e700000|100%| E|CS|TAMS 0x000000008e600000, 0x000000008e600000| Complete 
| 231|0x000000008e700000, 0x000000008e800000, 0x000000008e800000|100%| E|CS|TAMS 0x000000008e700000, 0x000000008e700000| Complete 
| 232|0x000000008e800000, 0x000000008e900000, 0x000000008e900000|100%| E|CS|TAMS 0x000000008e800000, 0x000000008e800000| Complete 
| 233|0x000000008e900000, 0x000000008ea00000, 0x000000008ea00000|100%| E|CS|TAMS 0x000000008e900000, 0x000000008e900000| Complete 
| 234|0x000000008ea00000, 0x000000008eb00000, 0x000000008eb00000|100%| E|CS|TAMS 0x000000008ea00000, 0x000000008ea00000| Complete 
| 235|0x000000008eb00000, 0x000000008ec00000, 0x000000008ec00000|100%| E|CS|TAMS 0x000000008eb00000, 0x000000008eb00000| Complete 
| 236|0x000000008ec00000, 0x000000008ed00000, 0x000000008ed00000|100%| E|CS|TAMS 0x000000008ec00000, 0x000000008ec00000| Complete 
| 237|0x000000008ed00000, 0x000000008ee00000, 0x000000008ee00000|100%| E|CS|TAMS 0x000000008ed00000, 0x000000008ed00000| Complete 
| 238|0x000000008ee00000, 0x000000008ef00000, 0x000000008ef00000|100%| E|CS|TAMS 0x000000008ee00000, 0x000000008ee00000| Complete 
| 239|0x000000008ef00000, 0x000000008f000000, 0x000000008f000000|100%| E|CS|TAMS 0x000000008ef00000, 0x000000008ef00000| Complete 
| 240|0x000000008f000000, 0x000000008f100000, 0x000000008f100000|100%| E|CS|TAMS 0x000000008f000000, 0x000000008f000000| Complete 
| 241|0x000000008f100000, 0x000000008f200000, 0x000000008f200000|100%| E|CS|TAMS 0x000000008f100000, 0x000000008f100000| Complete 
| 242|0x000000008f200000, 0x000000008f300000, 0x000000008f300000|100%| E|CS|TAMS 0x000000008f200000, 0x000000008f200000| Complete 
| 243|0x000000008f300000, 0x000000008f400000, 0x000000008f400000|100%| E|CS|TAMS 0x000000008f300000, 0x000000008f300000| Complete 
| 244|0x000000008f400000, 0x000000008f500000, 0x000000008f500000|100%| E|CS|TAMS 0x000000008f400000, 0x000000008f400000| Complete 
| 245|0x000000008f500000, 0x000000008f600000, 0x000000008f600000|100%| E|CS|TAMS 0x000000008f500000, 0x000000008f500000| Complete 
| 246|0x000000008f600000, 0x000000008f700000, 0x000000008f700000|100%| E|CS|TAMS 0x000000008f600000, 0x000000008f600000| Complete 
| 247|0x000000008f700000, 0x000000008f800000, 0x000000008f800000|100%| E|CS|TAMS 0x000000008f700000, 0x000000008f700000| Complete 
| 248|0x000000008f800000, 0x000000008f900000, 0x000000008f900000|100%| E|CS|TAMS 0x000000008f800000, 0x000000008f800000| Complete 
| 309|0x0000000093500000, 0x0000000093600000, 0x0000000093600000|100%| E|CS|TAMS 0x0000000093500000, 0x0000000093500000| Complete 
| 320|0x0000000094000000, 0x0000000094100000, 0x0000000094100000|100%| E|CS|TAMS 0x0000000094000000, 0x0000000094000000| Complete 
| 321|0x0000000094100000, 0x0000000094200000, 0x0000000094200000|100%| E|CS|TAMS 0x0000000094100000, 0x0000000094100000| Complete 
| 322|0x0000000094200000, 0x0000000094300000, 0x0000000094300000|100%| E|CS|TAMS 0x0000000094200000, 0x0000000094200000| Complete 
| 323|0x0000000094300000, 0x0000000094400000, 0x0000000094400000|100%| E|CS|TAMS 0x0000000094300000, 0x0000000094300000| Complete 

Card table byte_map: [0x0000022345550000,0x0000022345950000] _byte_map_base: 0x0000022345150000

Marking Bits (Prev, Next): (CMBitMap*) 0x000002232c5bc9b0, (CMBitMap*) 0x000002232c5bc9f0
 Prev Bits: [0x0000022345d50000, 0x0000022347d50000)
 Next Bits: [0x0000022347d50000, 0x0000022349d50000)

Polling page: 0x000002232c2e0000

Metaspace:

Usage:
  Non-class:     62.98 MB used.
      Class:     10.24 MB used.
       Both:     73.22 MB used.

Virtual space:
  Non-class space:       64.00 MB reserved,      63.44 MB (>99%) committed,  1 nodes.
      Class space:      416.00 MB reserved,      10.69 MB (  3%) committed,  1 nodes.
             Both:      480.00 MB reserved,      74.12 MB ( 15%) committed. 

Chunk freelists:
   Non-Class:  64.00 KB
       Class:  5.23 MB
        Both:  5.30 MB

MaxMetaspaceSize: 512.00 MB
CompressedClassSpaceSize: 416.00 MB
Initial GC threshold: 21.00 MB
Current GC threshold: 119.50 MB
CDS: on
MetaspaceReclaimPolicy: balanced
 - commit_granule_bytes: 65536.
 - commit_granule_words: 8192.
 - virtual_space_node_default_size: 8388608.
 - enlarge_chunks_in_place: 1.
 - new_chunks_are_fully_committed: 0.
 - uncommit_free_chunks: 1.
 - use_allocation_guard: 0.
 - handle_deallocations: 1.


Internal statistics:

num_allocs_failed_limit: 12.
num_arena_births: 1162.
num_arena_deaths: 0.
num_vsnodes_births: 2.
num_vsnodes_deaths: 0.
num_space_committed: 1186.
num_space_uncommitted: 0.
num_chunks_returned_to_freelist: 12.
num_chunks_taken_from_freelist: 4534.
num_chunk_merges: 12.
num_chunk_splits: 2891.
num_chunks_enlarged: 1806.
num_inconsistent_stats: 0.

CodeHeap 'non-profiled nmethods': size=120000Kb used=5784Kb max_used=6284Kb free=114215Kb
 bounds [0x000002233d1a0000, 0x000002233d7d0000, 0x00000223446d0000]
CodeHeap 'profiled nmethods': size=120000Kb used=16720Kb max_used=18988Kb free=103279Kb
 bounds [0x00000223356d0000, 0x0000022336960000, 0x000002233cc00000]
CodeHeap 'non-nmethods': size=5760Kb used=2376Kb max_used=2421Kb free=3383Kb
 bounds [0x000002233cc00000, 0x000002233ce70000, 0x000002233d1a0000]
 total_blobs=9782 nmethods=8875 adapters=820
 compilation: enabled
              stopped_count=0, restarted_count=0
 full_count=0

Compilation events (20 events):
Event: 880.762 Thread 0x000002234c811dd0 nmethod 10589 0x000002233d515a90 code [0x000002233d515c40, 0x000002233d516058]
Event: 880.857 Thread 0x000002234c81c700 10590  s!   3       sun.nio.ch.NativeThreadSet::signalAndWait (134 bytes)
Event: 880.875 Thread 0x000002234c81c700 nmethod 10590 0x0000022335932490 code [0x0000022335932680, 0x0000022335932cb8]
Event: 881.192 Thread 0x000002234c811dd0 10591       4       java.util.HashMap$ValueSpliterator::tryAdvance (138 bytes)
Event: 881.256 Thread 0x000002234c811dd0 nmethod 10591 0x000002233d259690 code [0x000002233d259840, 0x000002233d259c98]
Event: 882.041 Thread 0x000002234c811dd0 10592       4       org.gradle.internal.reflect.ClassInspector::inspectClass (179 bytes)
Event: 882.331 Thread 0x000002234c81c700 10596       3       org.gradle.internal.instantiation.generator.AsmBackedClassGenerator$ClassBuilderImpl$40::<init> (238 bytes)
Event: 882.491 Thread 0x000002234c81c700 nmethod 10596 0x0000022335d21e90 code [0x0000022335d22200, 0x0000022335d23b58]
Event: 882.491 Thread 0x000002234c81c700 10599       3       org.gradle.internal.instantiation.generator.AsmBackedClassGenerator$ClassBuilderImpl::access$3300 (4 bytes)
Event: 882.497 Thread 0x000002234c81c700 nmethod 10599 0x00000223358e4190 code [0x00000223358e4320, 0x00000223358e4418]
Event: 882.497 Thread 0x000002234c81c700 10594       3       org.gradle.internal.instantiation.generator.AsmBackedClassGenerator$ClassBuilderImpl$$Lambda$167/0x000002234e1d92f0::emit (33 bytes)
Event: 882.504 Thread 0x000002234c81c700 nmethod 10594 0x0000022335aff090 code [0x0000022335aff240, 0x0000022335aff3a8]
Event: 882.504 Thread 0x000002234c81c700 10595       3       org.gradle.internal.instantiation.generator.AsmBackedClassGenerator$ClassBuilderImpl::lambda$addActionMethod$39 (21 bytes)
Event: 882.504 Thread 0x000002234c81c700 nmethod 10595 0x0000022335ad9a10 code [0x0000022335ad9bc0, 0x0000022335ad9dc8]
Event: 882.504 Thread 0x000002234c81c700 10597       3       org.gradle.internal.instantiation.generator.AsmBackedClassGenerator$ClassBuilderImpl::access$3100 (4 bytes)
Event: 882.508 Thread 0x000002234c81c700 nmethod 10597 0x00000223359d2990 code [0x00000223359d2b20, 0x00000223359d2c18]
Event: 882.508 Thread 0x000002234c81c700 10598       3       org.gradle.internal.instantiation.generator.AsmBackedClassGenerator$ClassBuilderImpl::access$3200 (4 bytes)
Event: 882.509 Thread 0x000002234c81c700 nmethod 10598 0x0000022335b28590 code [0x0000022335b28720, 0x0000022335b28818]
Event: 883.672 Thread 0x000002234c81c700 10600       3       org.gradle.internal.instantiation.generator.AsmBackedClassGenerator$ClassBuilderImpl$$Lambda$167/0x000002234e1d92f0::<init> (44 bytes)
Event: 883.672 Thread 0x000002234c81c700 nmethod 10600 0x000002233574ce10 code [0x000002233574cfc0, 0x000002233574d378]

GC Heap History (20 events):
Event: 407.913 GC heap before
{Heap before GC invocations=35 (full 0):
 garbage-first heap   total 198656K, used 79964K [0x0000000080000000, 0x0000000100000000)
  region size 1024K, 26 young (26624K), 1 survivors (1024K)
 Metaspace       used 58902K, committed 59648K, reserved 491520K
  class space    used 8232K, committed 8576K, reserved 425984K
}
Event: 407.916 GC heap after
{Heap after GC invocations=36 (full 0):
 garbage-first heap   total 198656K, used 55410K [0x0000000080000000, 0x0000000100000000)
  region size 1024K, 2 young (2048K), 2 survivors (2048K)
 Metaspace       used 58902K, committed 59648K, reserved 491520K
  class space    used 8232K, committed 8576K, reserved 425984K
}
Event: 408.311 GC heap before
{Heap before GC invocations=36 (full 0):
 garbage-first heap   total 198656K, used 62578K [0x0000000080000000, 0x0000000100000000)
  region size 1024K, 9 young (9216K), 2 survivors (2048K)
 Metaspace       used 59337K, committed 60096K, reserved 491520K
  class space    used 8290K, committed 8640K, reserved 425984K
}
Event: 408.327 GC heap after
{Heap after GC invocations=37 (full 0):
 garbage-first heap   total 198656K, used 55733K [0x0000000080000000, 0x0000000100000000)
  region size 1024K, 1 young (1024K), 1 survivors (1024K)
 Metaspace       used 59337K, committed 60096K, reserved 491520K
  class space    used 8290K, committed 8640K, reserved 425984K
}
Event: 413.144 GC heap before
{Heap before GC invocations=37 (full 0):
 garbage-first heap   total 198656K, used 112053K [0x0000000080000000, 0x0000000100000000)
  region size 1024K, 56 young (57344K), 1 survivors (1024K)
 Metaspace       used 63761K, committed 64576K, reserved 491520K
  class space    used 8951K, committed 9344K, reserved 425984K
}
Event: 413.156 GC heap after
{Heap after GC invocations=38 (full 0):
 garbage-first heap   total 198656K, used 57527K [0x0000000080000000, 0x0000000100000000)
  region size 1024K, 3 young (3072K), 3 survivors (3072K)
 Metaspace       used 63761K, committed 64576K, reserved 491520K
  class space    used 8951K, committed 9344K, reserved 425984K
}
Event: 440.956 GC heap before
{Heap before GC invocations=39 (full 0):
 garbage-first heap   total 198656K, used 135351K [0x0000000080000000, 0x0000000100000000)
  region size 1024K, 79 young (80896K), 3 survivors (3072K)
 Metaspace       used 66851K, committed 67712K, reserved 491520K
  class space    used 9398K, committed 9792K, reserved 425984K
}
Event: 441.109 GC heap after
{Heap after GC invocations=40 (full 0):
 garbage-first heap   total 198656K, used 60905K [0x0000000080000000, 0x0000000100000000)
  region size 1024K, 6 young (6144K), 6 survivors (6144K)
 Metaspace       used 66851K, committed 67712K, reserved 491520K
  class space    used 9398K, committed 9792K, reserved 425984K
}
Event: 447.963 GC heap before
{Heap before GC invocations=40 (full 0):
 garbage-first heap   total 198656K, used 63977K [0x0000000080000000, 0x0000000100000000)
  region size 1024K, 9 young (9216K), 6 survivors (6144K)
 Metaspace       used 66935K, committed 67776K, reserved 491520K
  class space    used 9411K, committed 9792K, reserved 425984K
}
Event: 448.360 GC heap after
{Heap after GC invocations=41 (full 0):
 garbage-first heap   total 198656K, used 60218K [0x0000000080000000, 0x0000000100000000)
  region size 1024K, 1 young (1024K), 1 survivors (1024K)
 Metaspace       used 66935K, committed 67776K, reserved 491520K
  class space    used 9411K, committed 9792K, reserved 425984K
}
Event: 497.179 GC heap before
{Heap before GC invocations=41 (full 0):
 garbage-first heap   total 198656K, used 91962K [0x0000000080000000, 0x0000000100000000)
  region size 1024K, 32 young (32768K), 1 survivors (1024K)
 Metaspace       used 67155K, committed 68032K, reserved 491520K
  class space    used 9429K, committed 9856K, reserved 425984K
}
Event: 497.227 GC heap after
{Heap after GC invocations=42 (full 0):
 garbage-first heap   total 198656K, used 60712K [0x0000000080000000, 0x0000000100000000)
  region size 1024K, 2 young (2048K), 2 survivors (2048K)
 Metaspace       used 67155K, committed 68032K, reserved 491520K
  class space    used 9429K, committed 9856K, reserved 425984K
}
Event: 510.864 GC heap before
{Heap before GC invocations=43 (full 0):
 garbage-first heap   total 198656K, used 98600K [0x0000000080000000, 0x0000000100000000)
  region size 1024K, 40 young (40960K), 2 survivors (2048K)
 Metaspace       used 69479K, committed 70400K, reserved 491520K
  class space    used 9729K, committed 10176K, reserved 425984K
}
Event: 510.905 GC heap after
{Heap after GC invocations=44 (full 0):
 garbage-first heap   total 198656K, used 62222K [0x0000000080000000, 0x0000000100000000)
  region size 1024K, 3 young (3072K), 3 survivors (3072K)
 Metaspace       used 69479K, committed 70400K, reserved 491520K
  class space    used 9729K, committed 10176K, reserved 425984K
}
Event: 549.060 GC heap before
{Heap before GC invocations=44 (full 0):
 garbage-first heap   total 198656K, used 113422K [0x0000000080000000, 0x0000000100000000)
  region size 1024K, 53 young (54272K), 3 survivors (3072K)
 Metaspace       used 72480K, committed 73344K, reserved 491520K
  class space    used 10141K, committed 10560K, reserved 425984K
}
Event: 550.135 GC heap after
{Heap after GC invocations=45 (full 0):
 garbage-first heap   total 198656K, used 66354K [0x0000000080000000, 0x0000000100000000)
  region size 1024K, 7 young (7168K), 7 survivors (7168K)
 Metaspace       used 72480K, committed 73344K, reserved 491520K
  class space    used 10141K, committed 10560K, reserved 425984K
}
Event: 553.021 GC heap before
{Heap before GC invocations=45 (full 0):
 garbage-first heap   total 198656K, used 68402K [0x0000000080000000, 0x0000000100000000)
  region size 1024K, 9 young (9216K), 7 survivors (7168K)
 Metaspace       used 72480K, committed 73344K, reserved 491520K
  class space    used 10141K, committed 10560K, reserved 425984K
}
Event: 554.079 GC heap after
{Heap after GC invocations=46 (full 0):
 garbage-first heap   total 198656K, used 66965K [0x0000000080000000, 0x0000000100000000)
  region size 1024K, 2 young (2048K), 2 survivors (2048K)
 Metaspace       used 72480K, committed 73344K, reserved 491520K
  class space    used 10141K, committed 10560K, reserved 425984K
}
Event: 580.854 GC heap before
{Heap before GC invocations=47 (full 0):
 garbage-first heap   total 198656K, used 96661K [0x0000000080000000, 0x0000000100000000)
  region size 1024K, 31 young (31744K), 2 survivors (2048K)
 Metaspace       used 73924K, committed 74752K, reserved 491520K
  class space    used 10343K, committed 10752K, reserved 425984K
}
Event: 580.886 GC heap after
{Heap after GC invocations=48 (full 0):
 garbage-first heap   total 260096K, used 66622K [0x0000000080000000, 0x0000000100000000)
  region size 1024K, 2 young (2048K), 2 survivors (2048K)
 Metaspace       used 73924K, committed 74752K, reserved 491520K
  class space    used 10343K, committed 10752K, reserved 425984K
}

Dll operation events (15 events):
Event: 0.259 Loaded shared library C:\Program Files\Eclipse Adoptium\jdk-17.0.19.10-hotspot\bin\java.dll
Event: 0.507 Loaded shared library C:\Program Files\Eclipse Adoptium\jdk-17.0.19.10-hotspot\bin\jsvml.dll
Event: 1.313 Loaded shared library C:\Program Files\Eclipse Adoptium\jdk-17.0.19.10-hotspot\bin\zip.dll
Event: 1.316 Loaded shared library C:\Program Files\Eclipse Adoptium\jdk-17.0.19.10-hotspot\bin\instrument.dll
Event: 1.322 Loaded shared library C:\Program Files\Eclipse Adoptium\jdk-17.0.19.10-hotspot\bin\net.dll
Event: 1.324 Loaded shared library C:\Program Files\Eclipse Adoptium\jdk-17.0.19.10-hotspot\bin\nio.dll
Event: 1.327 Loaded shared library C:\Program Files\Eclipse Adoptium\jdk-17.0.19.10-hotspot\bin\zip.dll
Event: 3.117 Loaded shared library C:\Program Files\Eclipse Adoptium\jdk-17.0.19.10-hotspot\bin\jimage.dll
Event: 4.483 Loaded shared library C:\Program Files\Eclipse Adoptium\jdk-17.0.19.10-hotspot\bin\verify.dll
Event: 5.205 Loaded shared library C:\Users\USER\.gradle\native\1def1411415f61bf3af743bc5b6707747c0891f09f0c88961ee8f79bc544acac\windows-amd64\native-platform.dll
Event: 5.241 Loaded shared library C:\Users\USER\.gradle\native\0.2.7\x86_64-windows-gnu\gradle-fileevents.dll
Event: 13.946 Loaded shared library C:\Program Files\Eclipse Adoptium\jdk-17.0.19.10-hotspot\bin\management.dll
Event: 13.956 Loaded shared library C:\Program Files\Eclipse Adoptium\jdk-17.0.19.10-hotspot\bin\management_ext.dll
Event: 18.183 Loaded shared library C:\Program Files\Eclipse Adoptium\jdk-17.0.19.10-hotspot\bin\extnet.dll
Event: 22.493 Loaded shared library C:\Program Files\Eclipse Adoptium\jdk-17.0.19.10-hotspot\bin\sunmscapi.dll

Deoptimization events (20 events):
Event: 877.893 Thread 0x000002236c0e8660 Uncommon trap: trap_request=0xffffffde fr.pc=0x000002233d67c5bc relative=0x00000000000008bc
Event: 877.893 Thread 0x000002236c0e8660 Uncommon trap: reason=class_check action=maybe_recompile pc=0x000002233d67c5bc method=com.google.common.collect.Sets$1$1.computeNext()Ljava/lang/Object; @ 16 c2
Event: 877.893 Thread 0x000002236c0e8660 DEOPT PACKING pc=0x000002233d67c5bc sp=0x000000c9075f8bf0
Event: 877.893 Thread 0x000002236c0e8660 DEOPT UNPACKING pc=0x000002233cc569a3 sp=0x000000c9075f8b00 mode 2
Event: 877.893 Thread 0x000002236c0e8660 Uncommon trap: trap_request=0xffffffde fr.pc=0x000002233d67c5bc relative=0x00000000000008bc
Event: 877.893 Thread 0x000002236c0e8660 Uncommon trap: reason=class_check action=maybe_recompile pc=0x000002233d67c5bc method=com.google.common.collect.Sets$1$1.computeNext()Ljava/lang/Object; @ 16 c2
Event: 877.893 Thread 0x000002236c0e8660 DEOPT PACKING pc=0x000002233d67c5bc sp=0x000000c9075f8bf0
Event: 877.893 Thread 0x000002236c0e8660 DEOPT UNPACKING pc=0x000002233cc569a3 sp=0x000000c9075f8b00 mode 2
Event: 877.893 Thread 0x000002236c0e8660 Uncommon trap: trap_request=0xffffffde fr.pc=0x000002233d67c5bc relative=0x00000000000008bc
Event: 877.893 Thread 0x000002236c0e8660 Uncommon trap: reason=class_check action=maybe_recompile pc=0x000002233d67c5bc method=com.google.common.collect.Sets$1$1.computeNext()Ljava/lang/Object; @ 16 c2
Event: 877.893 Thread 0x000002236c0e8660 DEOPT PACKING pc=0x000002233d67c5bc sp=0x000000c9075f8bf0
Event: 877.893 Thread 0x000002236c0e8660 DEOPT UNPACKING pc=0x000002233cc569a3 sp=0x000000c9075f8b00 mode 2
Event: 877.983 Thread 0x000002236c0e8660 Uncommon trap: trap_request=0xffffffc6 fr.pc=0x000002233d71ea2c relative=0x00000000000003ec
Event: 877.984 Thread 0x000002236c0e8660 Uncommon trap: reason=bimorphic_or_optimized_type_check action=maybe_recompile pc=0x000002233d71ea2c method=com.google.common.collect.NaturalOrdering.compare(Ljava/lang/Comparable;Ljava/lang/Comparable;)I @ 12 c2
Event: 877.984 Thread 0x000002236c0e8660 DEOPT PACKING pc=0x000002233d71ea2c sp=0x000000c9075f85b0
Event: 877.984 Thread 0x000002236c0e8660 DEOPT UNPACKING pc=0x000002233cc569a3 sp=0x000000c9075f84d8 mode 2
Event: 879.637 Thread 0x000002236c0e8660 Uncommon trap: trap_request=0xffffffc6 fr.pc=0x000002233d71ea2c relative=0x00000000000003ec
Event: 879.637 Thread 0x000002236c0e8660 Uncommon trap: reason=bimorphic_or_optimized_type_check action=maybe_recompile pc=0x000002233d71ea2c method=com.google.common.collect.NaturalOrdering.compare(Ljava/lang/Comparable;Ljava/lang/Comparable;)I @ 12 c2
Event: 879.637 Thread 0x000002236c0e8660 DEOPT PACKING pc=0x000002233d71ea2c sp=0x000000c9075f85b0
Event: 879.637 Thread 0x000002236c0e8660 DEOPT UNPACKING pc=0x000002233cc569a3 sp=0x000000c9075f84d8 mode 2

Classes loaded (20 events):
Event: 410.419 Loading class javax/xml/parsers/FactoryFinder$1
Event: 410.419 Loading class javax/xml/parsers/FactoryFinder$1 done
Event: 410.420 Loading class com/sun/org/apache/xerces/internal/jaxp/DocumentBuilderFactoryImpl
Event: 410.420 Loading class com/sun/org/apache/xerces/internal/jaxp/DocumentBuilderFactoryImpl done
Event: 410.558 Loading class java/util/regex/Pattern$SliceI
Event: 410.558 Loading class java/util/regex/Pattern$SliceI done
Event: 412.555 Loading class java/lang/Character$UnicodeBlock
Event: 412.558 Loading class java/lang/Character$Subset
Event: 412.558 Loading class java/lang/Character$Subset done
Event: 412.558 Loading class java/lang/Character$UnicodeBlock done
Event: 503.892 Loading class java/lang/AbstractMethodError
Event: 503.895 Loading class java/lang/AbstractMethodError done
Event: 574.495 Loading class sun/reflect/annotation/AnnotationInvocationHandler$1
Event: 574.501 Loading class sun/reflect/annotation/AnnotationInvocationHandler$1 done
Event: 574.652 Loading class java/util/stream/ReduceOps$5
Event: 574.655 Loading class java/util/stream/ReduceOps$5 done
Event: 574.656 Loading class java/util/stream/ReduceOps$CountingSink$OfRef
Event: 574.656 Loading class java/util/stream/ReduceOps$CountingSink
Event: 574.658 Loading class java/util/stream/ReduceOps$CountingSink done
Event: 574.658 Loading class java/util/stream/ReduceOps$CountingSink$OfRef done

Classes unloaded (0 events):
No events

Classes redefined (0 events):
No events

Internal exceptions (20 events):
Event: 509.997 Thread 0x000002236c0e8660 Exception <a 'java/lang/NoSuchMethodError'{0x000000008ac43568}: static Lorg/jetbrains/kotlin/gradle/plugin/internal/DefaultProjectIsolationStartParameterAccessor$Factory;.<clinit>()V> (0x000000008ac43568) 
thrown [s\src\hotspot\share\prims\jni.cpp, line 1112]
Event: 510.001 Thread 0x000002236c0e8660 Exception <a 'java/lang/NoSuchMethodError'{0x000000008ac5f6a8}: static Lorg/jetbrains/kotlin/gradle/plugin/internal/DefaultJavaExecTaskParametersCompatibility$Factory;.<clinit>()V> (0x000000008ac5f6a8) 
thrown [s\src\hotspot\share\prims\jni.cpp, line 1112]
Event: 510.005 Thread 0x000002236c0e8660 Exception <a 'java/lang/NoSuchMethodError'{0x000000008ac85f00}: static Lorg/jetbrains/kotlin/gradle/plugin/internal/DefaultMavenPublicationComponentAccessorFactory;.<clinit>()V> (0x000000008ac85f00) 
thrown [s\src\hotspot\share\prims\jni.cpp, line 1112]
Event: 510.008 Thread 0x000002236c0e8660 Exception <a 'java/lang/NoSuchMethodError'{0x000000008aca8a58}: static Lorg/jetbrains/kotlin/gradle/plugin/internal/DefaultCompatibilityConventionRegistrar$Factory;.<clinit>()V> (0x000000008aca8a58) 
thrown [s\src\hotspot\share\prims\jni.cpp, line 1112]
Event: 510.010 Thread 0x000002236c0e8660 Exception <a 'java/lang/NoSuchMethodError'{0x000000008acc4db8}: static Lorg/jetbrains/kotlin/gradle/plugin/internal/DefaultConfigurationCacheStartParameterAccessorVariantFactory;.<clinit>()V> (0x000000008acc4db8) 
thrown [s\src\hotspot\share\prims\jni.cpp, line 1112]
Event: 510.193 Thread 0x000002236c0e8660 Exception <a 'java/lang/NoSuchMethodError'{0x000000008a756510}: static Ljava/lang/Object;.<clinit>()V> (0x000000008a756510) 
thrown [s\src\hotspot\share\prims\jni.cpp, line 1112]
Event: 510.202 Thread 0x000002236c0e8660 Exception <a 'java/lang/NoSuchMethodError'{0x000000008a7a1e10}: static Lorg/jetbrains/kotlin/gradle/plugin/statistics/MetricContainer;.<clinit>()V> (0x000000008a7a1e10) 
thrown [s\src\hotspot\share\prims\jni.cpp, line 1112]
Event: 511.897 Thread 0x000002236c0e8660 Exception <a 'java/lang/ClassNotFoundException'{0x000000008a5adf90}: org/jetbrains/kotlin/gradle/targets/js/npm/DefaultNpmDependencyExtensionBeanInfo> (0x000000008a5adf90) 
thrown [s\src\hotspot\share\classfile\systemDictionary.cpp, line 256]
Event: 511.898 Thread 0x000002236c0e8660 Exception <a 'java/lang/ClassNotFoundException'{0x000000008a5b6f08}: org/jetbrains/kotlin/gradle/targets/js/npm/DefaultNpmDependencyExtensionCustomizer> (0x000000008a5b6f08) 
thrown [s\src\hotspot\share\classfile\systemDictionary.cpp, line 256]
Event: 511.951 Thread 0x000002236c0e8660 Exception <a 'java/lang/ClassNotFoundException'{0x000000008a437a50}: org/jetbrains/kotlin/gradle/targets/js/npm/NpmDependencyExtensionKt$defaultNpmDependencyDelegate$1BeanInfo> (0x000000008a437a50) 
thrown [s\src\hotspot\share\classfile\systemDictionary.cpp, line 256]
Event: 511.953 Thread 0x000002236c0e8660 Exception <a 'java/lang/ClassNotFoundException'{0x000000008a440a10}: org/jetbrains/kotlin/gradle/targets/js/npm/NpmDependencyExtensionDelegateBeanInfo> (0x000000008a440a10) 
thrown [s\src\hotspot\share\classfile\systemDictionary.cpp, line 256]
Event: 511.953 Thread 0x000002236c0e8660 Exception <a 'java/lang/ClassNotFoundException'{0x000000008a449998}: org/jetbrains/kotlin/gradle/targets/js/npm/NpmDependencyExtensionDelegateCustomizer> (0x000000008a449998) 
thrown [s\src\hotspot\share\classfile\systemDictionary.cpp, line 256]
Event: 511.954 Thread 0x000002236c0e8660 Exception <a 'java/lang/ClassNotFoundException'{0x000000008a47a390}: org/jetbrains/kotlin/gradle/targets/js/npm/NpmDependencyExtensionKt$defaultNpmDependencyDelegate$1Customizer> (0x000000008a47a390) 
thrown [s\src\hotspot\share\classfile\systemDictionary.cpp, line 256]
Event: 511.958 Thread 0x000002236c0e8660 Exception <a 'java/lang/ClassNotFoundException'{0x000000008a4b2e40}: org/jetbrains/kotlin/gradle/targets/js/npm/DefaultDevNpmDependencyExtensionBeanInfo> (0x000000008a4b2e40) 
thrown [s\src\hotspot\share\classfile\systemDictionary.cpp, line 256]
Event: 511.959 Thread 0x000002236c0e8660 Exception <a 'java/lang/ClassNotFoundException'{0x000000008a4bbdc8}: org/jetbrains/kotlin/gradle/targets/js/npm/DefaultDevNpmDependencyExtensionCustomizer> (0x000000008a4bbdc8) 
thrown [s\src\hotspot\share\classfile\systemDictionary.cpp, line 256]
Event: 511.965 Thread 0x000002236c0e8660 Exception <a 'java/lang/ClassNotFoundException'{0x000000008a4ff178}: org/jetbrains/kotlin/gradle/targets/js/npm/DefaultPeerNpmDependencyExtensionBeanInfo> (0x000000008a4ff178) 
thrown [s\src\hotspot\share\classfile\systemDictionary.cpp, line 256]
Event: 511.965 Thread 0x000002236c0e8660 Exception <a 'java/lang/ClassNotFoundException'{0x000000008a3083c0}: org/jetbrains/kotlin/gradle/targets/js/npm/DefaultPeerNpmDependencyExtensionCustomizer> (0x000000008a3083c0) 
thrown [s\src\hotspot\share\classfile\systemDictionary.cpp, line 256]
Event: 511.969 Thread 0x000002236c0e8660 Exception <a 'java/lang/ClassNotFoundException'{0x000000008a353f30}: org/jetbrains/kotlin/gradle/targets/js/npm/DefaultPeerNpmDependencyExtension$delegate$1BeanInfo> (0x000000008a353f30) 
thrown [s\src\hotspot\share\classfile\systemDictionary.cpp, line 256]
Event: 511.969 Thread 0x000002236c0e8660 Exception <a 'java/lang/ClassNotFoundException'{0x000000008a35cfb8}: org/jetbrains/kotlin/gradle/targets/js/npm/DefaultPeerNpmDependencyExtension$delegate$1Customizer> (0x000000008a35cfb8) 
thrown [s\src\hotspot\share\classfile\systemDictionary.cpp, line 256]
Event: 650.887 Thread 0x000002236d31d960 Implicit null exception at 0x000002233d203c72 to 0x000002233d204258

VM Operations (20 events):
Event: 862.707 Executing VM operation: Cleanup
Event: 862.722 Executing VM operation: Cleanup done
Event: 863.725 Executing VM operation: Cleanup
Event: 863.786 Executing VM operation: Cleanup done
Event: 868.801 Executing VM operation: Cleanup
Event: 868.815 Executing VM operation: Cleanup done
Event: 872.829 Executing VM operation: Cleanup
Event: 872.845 Executing VM operation: Cleanup done
Event: 873.846 Executing VM operation: Cleanup
Event: 873.921 Executing VM operation: Cleanup done
Event: 874.922 Executing VM operation: Cleanup
Event: 874.951 Executing VM operation: Cleanup done
Event: 876.954 Executing VM operation: Cleanup
Event: 877.030 Executing VM operation: Cleanup done
Event: 878.031 Executing VM operation: Cleanup
Event: 878.047 Executing VM operation: Cleanup done
Event: 880.053 Executing VM operation: Cleanup
Event: 880.068 Executing VM operation: Cleanup done
Event: 881.071 Executing VM operation: Cleanup
Event: 881.116 Executing VM operation: Cleanup done

Memory protections (0 events):
No events

Nmethod flushes (20 events):
Event: 839.541 Thread 0x000002234c9a0020 flushing  nmethod 0x0000022336473390
Event: 839.541 Thread 0x000002234c9a0020 flushing  nmethod 0x0000022336475310
Event: 839.541 Thread 0x000002234c9a0020 flushing  nmethod 0x0000022336478c10
Event: 839.541 Thread 0x000002234c9a0020 flushing  nmethod 0x000002233648bc90
Event: 839.541 Thread 0x000002234c9a0020 flushing  nmethod 0x000002233648f210
Event: 839.541 Thread 0x000002234c9a0020 flushing  nmethod 0x0000022336491190
Event: 839.542 Thread 0x000002234c9a0020 flushing  nmethod 0x00000223364a3290
Event: 839.542 Thread 0x000002234c9a0020 flushing  nmethod 0x00000223364d8290
Event: 839.542 Thread 0x000002234c9a0020 flushing  nmethod 0x00000223364eeb10
Event: 839.542 Thread 0x000002234c9a0020 flushing  nmethod 0x000002233653cc10
Event: 839.543 Thread 0x000002234c9a0020 flushing  nmethod 0x0000022336542a90
Event: 839.543 Thread 0x000002234c9a0020 flushing  nmethod 0x000002233654fa10
Event: 839.543 Thread 0x000002234c9a0020 flushing  nmethod 0x0000022336566a90
Event: 839.543 Thread 0x000002234c9a0020 flushing  nmethod 0x0000022336567f90
Event: 839.543 Thread 0x000002234c9a0020 flushing  nmethod 0x0000022336568310
Event: 839.543 Thread 0x000002234c9a0020 flushing  nmethod 0x000002233657b410
Event: 839.543 Thread 0x000002234c9a0020 flushing  nmethod 0x00000223365c3290
Event: 839.544 Thread 0x000002234c9a0020 flushing  nmethod 0x00000223366d0210
Event: 839.547 Thread 0x000002234c9a0020 flushing  nmethod 0x00000223367d0f90
Event: 839.547 Thread 0x000002234c9a0020 flushing  nmethod 0x0000022336800810

Events (20 events):
Event: 582.885 Thread 0x000002236c0e8660 Thread added: 0x000002236e1d6730
Event: 582.886 Thread 0x000002236c0e8660 Thread added: 0x000002236e1d39a0
Event: 582.887 Thread 0x000002236c0e8660 Thread added: 0x000002236e1d7b70
Event: 582.891 Thread 0x000002236c0e8660 Thread added: 0x000002236e1d4de0
Event: 619.696 Thread 0x000002236c0e8660 Thread added: 0x000002236e1d99d0
Event: 620.703 Thread 0x000002236c0e8660 Thread added: 0x000002236e1d9ee0
Event: 620.730 Thread 0x000002236c0e8660 Thread added: 0x000002236e1d8aa0
Event: 620.734 Thread 0x000002236c0e8660 Thread added: 0x000002236e1d8590
Event: 620.737 Thread 0x000002236c0e8660 Thread added: 0x000002236e1d8fb0
Event: 620.739 Thread 0x000002236c0e8660 Thread added: 0x000002236e1da900
Event: 620.860 Thread 0x000002236c0e8660 Thread added: 0x000002236e1dae10
Event: 623.902 Thread 0x000002236c0e8660 Thread added: 0x000002236e1d7660
Event: 623.902 Thread 0x000002236c0e8660 Thread added: 0x000002236e1d8080
Event: 623.907 Thread 0x000002236c0e8660 Thread added: 0x000002236e1d94c0
Event: 623.916 Thread 0x000002236c0e8660 Thread added: 0x000002236fe6b300
Event: 623.930 Thread 0x000002236c0e8660 Thread added: 0x000002236fe6c740
Event: 623.932 Thread 0x000002236c0e8660 Thread added: 0x000002236fe6a8e0
Event: 623.934 Thread 0x000002236c0e8660 Thread added: 0x000002236fe6bd20
Event: 824.819 Thread 0x000002236c0e9080 Thread exited: 0x000002236c0e9080
Event: 826.552 Thread 0x000002236c0ea4c0 Thread added: 0x000002236fe694a0


Dynamic libraries:
0x00007ff6ce910000 - 0x00007ff6ce91e000 	C:\Program Files\Eclipse Adoptium\jdk-17.0.19.10-hotspot\bin\java.exe
0x00007ffa60140000 - 0x00007ffa603a6000 	C:\WINDOWS\SYSTEM32\ntdll.dll
0x00007ffa5f100000 - 0x00007ffa5f1c9000 	C:\WINDOWS\System32\KERNEL32.DLL
0x00007ffa5d5b0000 - 0x00007ffa5d9aa000 	C:\WINDOWS\System32\KERNELBASE.dll
0x00007ffa5d460000 - 0x00007ffa5d5ac000 	C:\WINDOWS\System32\ucrtbase.dll
0x00007ffa38040000 - 0x00007ffa38058000 	C:\Program Files\Eclipse Adoptium\jdk-17.0.19.10-hotspot\bin\jli.dll
0x00007ffa5fea0000 - 0x00007ffa60067000 	C:\WINDOWS\System32\USER32.dll
0x00007ffa5de80000 - 0x00007ffa5dea7000 	C:\WINDOWS\System32\win32u.dll
0x00007ffa5f280000 - 0x00007ffa5f2ab000 	C:\WINDOWS\System32\GDI32.dll
0x00007ffa5dc90000 - 0x00007ffa5ddbb000 	C:\WINDOWS\System32\gdi32full.dll
0x00007ffa5dbe0000 - 0x00007ffa5dc83000 	C:\WINDOWS\System32\msvcp_win.dll
0x00007ffa3f680000 - 0x00007ffa3f912000 	C:\WINDOWS\WinSxS\amd64_microsoft.windows.common-controls_6595b64144ccf1df_6.0.26100.8521_none_3e08b75ce33403b3\COMCTL32.dll
0x00007ffa5deb0000 - 0x00007ffa5df59000 	C:\WINDOWS\System32\msvcrt.dll
0x00007ffa38020000 - 0x00007ffa3803e000 	C:\Program Files\Eclipse Adoptium\jdk-17.0.19.10-hotspot\bin\VCRUNTIME140.dll
0x00007ffa5fc60000 - 0x00007ffa5fc92000 	C:\WINDOWS\System32\IMM32.DLL
0x00007ffa38010000 - 0x00007ffa3801c000 	C:\Program Files\Eclipse Adoptium\jdk-17.0.19.10-hotspot\bin\vcruntime140_1.dll
0x00007ffa1f700000 - 0x00007ffa1f78d000 	C:\Program Files\Eclipse Adoptium\jdk-17.0.19.10-hotspot\bin\msvcp140.dll
0x00007ff96b680000 - 0x00007ff96c2ec000 	C:\Program Files\Eclipse Adoptium\jdk-17.0.19.10-hotspot\bin\server\jvm.dll
0x00007ffa5fba0000 - 0x00007ffa5fc56000 	C:\WINDOWS\System32\ADVAPI32.dll
0x00007ffa5f1d0000 - 0x00007ffa5f27a000 	C:\WINDOWS\System32\sechost.dll
0x00007ffa5ed80000 - 0x00007ffa5ee98000 	C:\WINDOWS\System32\RPCRT4.dll
0x00007ffa60070000 - 0x00007ffa600f0000 	C:\WINDOWS\System32\WS2_32.dll
0x00007ffa5d230000 - 0x00007ffa5d28e000 	C:\WINDOWS\SYSTEM32\POWRPROF.dll
0x00007ffa54dd0000 - 0x00007ffa54e06000 	C:\WINDOWS\SYSTEM32\WINMM.dll
0x00007ffa4bf90000 - 0x00007ffa4bf9b000 	C:\WINDOWS\SYSTEM32\VERSION.dll
0x00007ffa5d210000 - 0x00007ffa5d224000 	C:\WINDOWS\SYSTEM32\UMPDC.dll
0x00007ffa5c160000 - 0x00007ffa5c17b000 	C:\WINDOWS\SYSTEM32\kernel.appcore.dll
0x00007ffa38000000 - 0x00007ffa3800a000 	C:\Program Files\Eclipse Adoptium\jdk-17.0.19.10-hotspot\bin\jimage.dll
0x00007ffa40390000 - 0x00007ffa405d2000 	C:\WINDOWS\SYSTEM32\DBGHELP.DLL
0x00007ffa5e1e0000 - 0x00007ffa5e563000 	C:\WINDOWS\System32\combase.dll
0x00007ffa5e040000 - 0x00007ffa5e119000 	C:\WINDOWS\System32\OLEAUT32.dll
0x00007ffa36930000 - 0x00007ffa3696b000 	C:\WINDOWS\SYSTEM32\dbgcore.DLL
0x00007ffa5d9b0000 - 0x00007ffa5da58000 	C:\WINDOWS\System32\bcryptPrimitives.dll
0x00007ffa292d0000 - 0x00007ffa292de000 	C:\Program Files\Eclipse Adoptium\jdk-17.0.19.10-hotspot\bin\instrument.dll
0x00007ffa1f6d0000 - 0x00007ffa1f6f5000 	C:\Program Files\Eclipse Adoptium\jdk-17.0.19.10-hotspot\bin\java.dll
0x00007ff9e45c0000 - 0x00007ff9e4697000 	C:\Program Files\Eclipse Adoptium\jdk-17.0.19.10-hotspot\bin\jsvml.dll
0x00007ffa5f390000 - 0x00007ffa5fb14000 	C:\WINDOWS\System32\SHELL32.dll
0x00007ffa5afb0000 - 0x00007ffa5b830000 	C:\WINDOWS\SYSTEM32\windows.storage.dll
0x00007ffa5e7f0000 - 0x00007ffa5e8e6000 	C:\WINDOWS\System32\SHCORE.dll
0x00007ffa5fb20000 - 0x00007ffa5fb87000 	C:\WINDOWS\System32\shlwapi.dll
0x00007ffa5d2f0000 - 0x00007ffa5d319000 	C:\WINDOWS\SYSTEM32\profapi.dll
0x00007ffa1f6b0000 - 0x00007ffa1f6c8000 	C:\Program Files\Eclipse Adoptium\jdk-17.0.19.10-hotspot\bin\zip.dll
0x00007ffa1e810000 - 0x00007ffa1e82a000 	C:\Program Files\Eclipse Adoptium\jdk-17.0.19.10-hotspot\bin\net.dll
0x00007ffa4f1b0000 - 0x00007ffa4f2d9000 	C:\WINDOWS\SYSTEM32\WINHTTP.dll
0x00007ffa5c6d0000 - 0x00007ffa5c73c000 	C:\WINDOWS\system32\mswsock.dll
0x00007ffa1c380000 - 0x00007ffa1c396000 	C:\Program Files\Eclipse Adoptium\jdk-17.0.19.10-hotspot\bin\nio.dll
0x00007ffa28f60000 - 0x00007ffa28f70000 	C:\Program Files\Eclipse Adoptium\jdk-17.0.19.10-hotspot\bin\verify.dll
0x00007ff9c4460000 - 0x00007ff9c4487000 	C:\Users\USER\.gradle\native\1def1411415f61bf3af743bc5b6707747c0891f09f0c88961ee8f79bc544acac\windows-amd64\native-platform.dll
0x00007ff9a2ec0000 - 0x00007ff9a2f38000 	C:\Users\USER\.gradle\native\0.2.7\x86_64-windows-gnu\gradle-fileevents.dll
0x00007ffa28e20000 - 0x00007ffa28e2a000 	C:\Program Files\Eclipse Adoptium\jdk-17.0.19.10-hotspot\bin\management.dll
0x00007ffa1f6a0000 - 0x00007ffa1f6ac000 	C:\Program Files\Eclipse Adoptium\jdk-17.0.19.10-hotspot\bin\management_ext.dll
0x00007ffa5e030000 - 0x00007ffa5e038000 	C:\WINDOWS\System32\PSAPI.DLL
0x00007ffa5bb00000 - 0x00007ffa5bb33000 	C:\WINDOWS\SYSTEM32\IPHLPAPI.DLL
0x00007ffa5e570000 - 0x00007ffa5e57a000 	C:\WINDOWS\System32\NSI.dll
0x00007ffa546d0000 - 0x00007ffa546ed000 	C:\WINDOWS\SYSTEM32\dhcpcsvc6.DLL
0x00007ffa54720000 - 0x00007ffa54745000 	C:\WINDOWS\SYSTEM32\dhcpcsvc.DLL
0x00007ffa5bb40000 - 0x00007ffa5bc8a000 	C:\WINDOWS\SYSTEM32\DNSAPI.dll
0x00007ffa5c4f0000 - 0x00007ffa5c4fd000 	C:\WINDOWS\SYSTEM32\DSPARSE.dll
0x00007ffa1e9b0000 - 0x00007ffa1e9b9000 	C:\Program Files\Eclipse Adoptium\jdk-17.0.19.10-hotspot\bin\extnet.dll
0x00007ffa5c9b0000 - 0x00007ffa5c9cb000 	C:\WINDOWS\SYSTEM32\CRYPTSP.dll
0x00007ffa5c0c0000 - 0x00007ffa5c0f9000 	C:\WINDOWS\system32\rsaenh.dll
0x00007ffa5c780000 - 0x00007ffa5c7b3000 	C:\WINDOWS\SYSTEM32\USERENV.dll
0x00007ffa5d2c0000 - 0x00007ffa5d2ea000 	C:\WINDOWS\SYSTEM32\bcrypt.dll
0x00007ffa5c9d0000 - 0x00007ffa5c9dc000 	C:\WINDOWS\SYSTEM32\CRYPTBASE.dll
0x00007ffa1e800000 - 0x00007ffa1e80e000 	C:\Program Files\Eclipse Adoptium\jdk-17.0.19.10-hotspot\bin\sunmscapi.dll
0x00007ffa5da60000 - 0x00007ffa5dbd8000 	C:\WINDOWS\System32\CRYPT32.dll
0x00007ffa5cbd0000 - 0x00007ffa5cc00000 	C:\WINDOWS\SYSTEM32\ncrypt.dll
0x00007ffa5cb80000 - 0x00007ffa5cbbf000 	C:\WINDOWS\SYSTEM32\NTASN1.dll
0x00007ffa31770000 - 0x00007ffa31778000 	C:\WINDOWS\system32\wshunix.dll

dbghelp: loaded successfully - version: 4.0.5 - missing functions: none
symbol engine: initialized successfully - sym options: 0x614 - pdb path: .;C:\Program Files\Eclipse Adoptium\jdk-17.0.19.10-hotspot\bin;C:\WINDOWS\SYSTEM32;C:\WINDOWS\WinSxS\amd64_microsoft.windows.common-controls_6595b64144ccf1df_6.0.26100.8521_none_3e08b75ce33403b3;C:\Program Files\Eclipse Adoptium\jdk-17.0.19.10-hotspot\bin\server;C:\Users\USER\.gradle\native\1def1411415f61bf3af743bc5b6707747c0891f09f0c88961ee8f79bc544acac\windows-amd64;C:\Users\USER\.gradle\native\0.2.7\x86_64-windows-gnu

VM Arguments:
jvm_args: --add-opens=java.base/java.lang=ALL-UNNAMED --add-opens=java.base/java.lang.invoke=ALL-UNNAMED --add-opens=java.base/java.util=ALL-UNNAMED --add-opens=java.prefs/java.util.prefs=ALL-UNNAMED --add-exports=jdk.compiler/com.sun.tools.javac.api=ALL-UNNAMED --add-exports=jdk.compiler/com.sun.tools.javac.util=ALL-UNNAMED --add-opens=java.base/java.util=ALL-UNNAMED --add-opens=java.prefs/java.util.prefs=ALL-UNNAMED --add-opens=java.base/java.nio.charset=ALL-UNNAMED --add-opens=java.base/java.net=ALL-UNNAMED --add-opens=java.base/java.util.concurrent.atomic=ALL-UNNAMED --add-opens=java.xml/javax.xml.namespace=ALL-UNNAMED -XX:MaxMetaspaceSize=512m -Xmx2048m -Dfile.encoding=UTF-8 -Duser.country=ZW -Duser.language=en -Duser.variant -javaagent:C:\Users\USER\.gradle\wrapper\dists\gradle-8.14.3-bin\cv11ve7ro1n3o1j4so8xd9n66\gradle-8.14.3\lib\agents\gradle-instrumentation-agent-8.14.3.jar 
java_command: org.gradle.launcher.daemon.bootstrap.GradleDaemon 8.14.3
java_class_path (initial): C:\Users\USER\.gradle\wrapper\dists\gradle-8.14.3-bin\cv11ve7ro1n3o1j4so8xd9n66\gradle-8.14.3\lib\gradle-daemon-main-8.14.3.jar
Launcher Type: SUN_STANDARD

[Global flags]
     intx CICompilerCount                          = 4                                         {product} {ergonomic}
   size_t CompressedClassSpaceSize                 = 436207616                                 {product} {ergonomic}
     uint ConcGCThreads                            = 2                                         {product} {ergonomic}
     uint G1ConcRefinementThreads                  = 8                                         {product} {ergonomic}
   size_t G1HeapRegionSize                         = 1048576                                   {product} {ergonomic}
    uintx GCDrainStackTargetSize                   = 64                                        {product} {ergonomic}
   size_t InitialHeapSize                          = 130023424                                 {product} {ergonomic}
   size_t MarkStackSize                            = 4194304                                   {product} {ergonomic}
   size_t MaxHeapSize                              = 2147483648                                {product} {command line}
   size_t MaxMetaspaceSize                         = 536870912                                 {product} {command line}
   size_t MaxNewSize                               = 1287651328                                {product} {ergonomic}
   size_t MinHeapDeltaBytes                        = 1048576                                   {product} {ergonomic}
   size_t MinHeapSize                              = 8388608                                   {product} {ergonomic}
    uintx NonNMethodCodeHeapSize                   = 5839372                                {pd product} {ergonomic}
    uintx NonProfiledCodeHeapSize                  = 122909434                              {pd product} {ergonomic}
    uintx ProfiledCodeHeapSize                     = 122909434                              {pd product} {ergonomic}
    uintx ReservedCodeCacheSize                    = 251658240                              {pd product} {ergonomic}
     bool SegmentedCodeCache                       = true                                      {product} {ergonomic}
   size_t SoftMaxHeapSize                          = 2147483648                             {manageable} {ergonomic}
     bool UseCompressedClassPointers               = true                           {product lp64_product} {ergonomic}
     bool UseCompressedOops                        = true                           {product lp64_product} {ergonomic}
     bool UseG1GC                                  = true                                      {product} {ergonomic}
     bool UseLargePagesIndividualAllocation        = false                                  {pd product} {ergonomic}

Logging:
Log output configuration:
 #0: stdout all=warning uptime,level,tags
 #1: stderr all=off uptime,level,tags

Environment Variables:
JAVA_HOME=C:\Program Files\Android\Android Studio\jbr
PATH=C:\Program Files\Eclipse Adoptium\jdk-17.0.19.10-hotspot\bin;C:\Program Files (x86)\Common Files\Intel\Shared Libraries\redist\intel64\compiler;C:\Program Files\Eclipse Adoptium\jdk-25.0.0.36-hotspot\bin;C:\Program Files (x86)\Common Files\Intel\Shared Files\cpp\bin\Intel64;C:\WINDOWS\system32;C:\WINDOWS;C:\WINDOWS\System32\Wbem;C:\WINDOWS\System32\WindowsPowerShell\v1.0\;C:\WINDOWS\System32\OpenSSH\;C:\ProgramData\chocolatey\bin;C:\Program Files\nodejs\;C:\Program Files\Git\cmd;C:\Users\USER\AppData\Local\Programs\Python\Python313\Scripts\;C:\Users\USER\AppData\Local\Programs\Python\Python313\;C:\Users\USER\AppData\Local\Microsoft\WindowsApps;C:\Users\USER\AppData\Local\Programs\Microsoft VS Code\bin;C:\Users\USER\AppData\Local\GitHubDesktop\bin;C:\Users\USER\AppData\Roaming\npm;C:\Users\USER\AppData\Local\Programs\mongosh\;
USERNAME=USER
OS=Windows_NT
PROCESSOR_IDENTIFIER=Intel64 Family 6 Model 186 Stepping 3, GenuineIntel
TMP=C:\Users\USER\AppData\Local\Temp
TEMP=C:\Users\USER\AppData\Local\Temp



Periodic native trim disabled


---------------  S Y S T E M  ---------------

OS:
 Windows 11 , 64 bit Build 26100 (10.0.26100.8521)
OS uptime: 0 days 1:03 hours

CPU: total 8 (initial active 8) (4 cores per cpu, 2 threads per core) family 6 model 186 stepping 3 microcode 0x6134, cx8, cmov, fxsr, ht, mmx, 3dnowpref, sse, sse2, sse3, ssse3, sse4.1, sse4.2, popcnt, lzcnt, tsc, tscinvbit, avx, avx2, aes, erms, clmul, bmi1, bmi2, adx, sha, fma, vzeroupper, clflush, clflushopt, clwb
Processor Information for all 8 processors :
  Max Mhz: 1200, Current Mhz: 1200, Mhz Limit: 1200

Memory: 4k page, system-wide physical 7835M (415M free)
TotalPageFile size 31387M (AvailPageFile size 0M)
current process WorkingSet (physical memory assigned to process): 106M, peak: 234M
current process commit charge ("private bytes"): 514M, peak: 544M

vm_info: OpenJDK 64-Bit Server VM (17.0.19+10) for windows-amd64 JRE (17.0.19+10), built on Apr 25 2026 08:04:44 by "admin" with MS VC++ 17.12 (VS2022)

END.
