#
# There is insufficient memory for the Java Runtime Environment to continue.
# Native memory allocation (malloc) failed to allocate 1919856 bytes. Error detail: Chunk::new
# Possible reasons:
#   The system is out of physical RAM or swap space
#   This process is running with CompressedOops enabled, and the Java Heap may be blocking the growth of the native heap
# Possible solutions:
#   Reduce memory load on the system
#   Increase physical memory or swap space
#   Check if swap backing store is full
#   Decrease Java heap size (-Xmx/-Xms)
#   Decrease number of Java threads
#   Decrease Java thread stack sizes (-Xss)
#   Set larger code cache with -XX:ReservedCodeCacheSize=
#   JVM is running with Unscaled Compressed Oops mode in which the Java heap is
#     placed in the first 4GB address space. The Java Heap base address is the
#     maximum limit for the native heap growth. Please use -XX:HeapBaseMinAddress
#     to set the Java Heap base and to place the Java Heap above 4GB virtual address.
# This output file may be truncated or incomplete.
#
#  Out of Memory Error (arena.cpp:191), pid=26860, tid=26680
#
# JRE version: OpenJDK Runtime Environment Temurin-17.0.19+10 (17.0.19+10) (build 17.0.19+10)
# Java VM: OpenJDK 64-Bit Server VM Temurin-17.0.19+10 (17.0.19+10, mixed mode, sharing, tiered, compressed oops, compressed class ptrs, g1 gc, windows-amd64)
# No core dump will be written. Minidumps are not enabled by default on client versions of Windows
#

---------------  S U M M A R Y ------------

Command Line: --add-opens=java.base/java.lang=ALL-UNNAMED --add-opens=java.base/java.lang.invoke=ALL-UNNAMED --add-opens=java.base/java.util=ALL-UNNAMED --add-opens=java.prefs/java.util.prefs=ALL-UNNAMED --add-exports=jdk.compiler/com.sun.tools.javac.api=ALL-UNNAMED --add-exports=jdk.compiler/com.sun.tools.javac.util=ALL-UNNAMED --add-opens=java.base/java.util=ALL-UNNAMED --add-opens=java.prefs/java.util.prefs=ALL-UNNAMED --add-opens=java.base/java.nio.charset=ALL-UNNAMED --add-opens=java.base/java.net=ALL-UNNAMED --add-opens=java.base/java.util.concurrent.atomic=ALL-UNNAMED --add-opens=java.xml/javax.xml.namespace=ALL-UNNAMED -XX:MaxMetaspaceSize=512m -Xmx2048m -Dfile.encoding=UTF-8 -Duser.country=ZW -Duser.language=en -Duser.variant -javaagent:C:\Users\USER\.gradle\wrapper\dists\gradle-8.14.3-bin\cv11ve7ro1n3o1j4so8xd9n66\gradle-8.14.3\lib\agents\gradle-instrumentation-agent-8.14.3.jar org.gradle.launcher.daemon.bootstrap.GradleDaemon 8.14.3

Host: 13th Gen Intel(R) Core(TM) i3-1315U, 8 cores, 7G,  Windows 11 , 64 bit Build 26100 (10.0.26100.8521)
Time: Tue Jul 14 12:34:48 2026 South Africa Standard Time elapsed time: 1006.671901 seconds (0d 0h 16m 46s)

---------------  T H R E A D  ---------------

Current thread (0x0000023b39d36cb0):  JavaThread "C2 CompilerThread0" daemon [_thread_in_native, id=26680, stack(0x00000088dae00000,0x00000088daf00000)]


Current CompileTask:
C2:1006672 10549       4       org.gradle.internal.time.ExponentialBackoff::retryUntil (65 bytes)

Stack: [0x00000088dae00000,0x00000088daf00000]
Native frames: (J=compiled Java code, j=interpreted, Vv=VM code, C=native code)
V  [jvm.dll+0x684b29]
V  [jvm.dll+0x83a2d5]
V  [jvm.dll+0x83bd4e]
V  [jvm.dll+0x83c3d3]
V  [jvm.dll+0x24905f]
V  [jvm.dll+0xad536]
V  [jvm.dll+0xadbdc]
V  [jvm.dll+0x368d4f]
V  [jvm.dll+0x3331d5]
V  [jvm.dll+0x33263a]
V  [jvm.dll+0x219e69]
V  [jvm.dll+0x2192af]
V  [jvm.dll+0x1a49f0]
V  [jvm.dll+0x2299fa]
V  [jvm.dll+0x227bab]
V  [jvm.dll+0x7f0a88]
V  [jvm.dll+0x7eaf1c]
V  [jvm.dll+0x6839f7]
C  [ucrtbase.dll+0x2cd30]
C  [KERNEL32.DLL+0x2e957]
C  [ntdll.dll+0x87c1c]


---------------  P R O C E S S  ---------------

Threads class SMR info:
_java_thread_list=0x0000023b5b62b030, length=97, elements={
0x0000023b1b83e670, 0x0000023b39d1cff0, 0x0000023b39d1dac0, 0x0000023b39d31620,
0x0000023b39d31ef0, 0x0000023b39d347d0, 0x0000023b39d350a0, 0x0000023b39d36cb0,
0x0000023b39d39680, 0x0000023b59030430, 0x0000023b39d07140, 0x0000023b5922b890,
0x0000023b5a80fb10, 0x0000023b59e15d70, 0x0000023b5a2b41f0, 0x0000023b5a620020,
0x0000023b5902e500, 0x0000023b590e9a80, 0x0000023b590ec300, 0x0000023b590e9570,
0x0000023b590e9060, 0x0000023b590e9f90, 0x0000023b590ea4a0, 0x0000023b590ec810,
0x0000023b590ea9b0, 0x0000023b590eaec0, 0x0000023b5be69d80, 0x0000023b5be69870,
0x0000023b5be68e50, 0x0000023b5be69360, 0x0000023b5be66ff0, 0x0000023b5be66ae0,
0x0000023b5be67a10, 0x0000023b5be6b6d0, 0x0000023b5be6c0f0, 0x0000023b5be6e460,
0x0000023b5be6d530, 0x0000023b5be6da40, 0x0000023b590eb8e0, 0x0000023b590ebdf0,
0x0000023b5c80c2a0, 0x0000023b5c80a440, 0x0000023b5c80ae60, 0x0000023b5c80d1d0,
0x0000023b5c80b880, 0x0000023b5c80b370, 0x0000023b5c80a950, 0x0000023b5c80c7b0,
0x0000023b5c80f540, 0x0000023b5c80bd90, 0x0000023b5c80eb20, 0x0000023b5c80ccc0,
0x0000023b5c810e90, 0x0000023b5c80e100, 0x0000023b5c80e610, 0x0000023b5c80fa50,
0x0000023b5c80d6e0, 0x0000023b5c80ff60, 0x0000023b5c8113a0, 0x0000023b5c80dbf0,
0x0000023b5c810470, 0x0000023b5c8118b0, 0x0000023b5c811dc0, 0x0000023b5c80f030,
0x0000023b5c810980, 0x0000023b5be68940, 0x0000023b5be6cb10, 0x0000023b5dab33c0,
0x0000023b5dab1f80, 0x0000023b5dab4800, 0x0000023b5dab2490, 0x0000023b5dab2eb0,
0x0000023b5dab38d0, 0x0000023b5dab3de0, 0x0000023b5dab1050, 0x0000023b5dab42f0,
0x0000023b5dab6660, 0x0000023b5dab7fb0, 0x0000023b5dab7aa0, 0x0000023b5dab6150,
0x0000023b5dab84c0, 0x0000023b5dab5730, 0x0000023b5dab89d0, 0x0000023b5dab5220,
0x0000023b5dab5c40, 0x0000023b5dab6b70, 0x0000023b5dab7080, 0x0000023b5bb3adf0,
0x0000023b5bb38f90, 0x0000023b5bb38060, 0x0000023b5bb3b810, 0x0000023b5bb38a80,
0x0000023b5bb3b300, 0x0000023b5bb3bd20, 0x0000023b5bb3a3d0, 0x0000023b5bb38570,
0x0000023b5bb3a8e0
}

Java Threads: ( => current thread )
  0x0000023b1b83e670 JavaThread "main" [_thread_blocked, id=19016, stack(0x00000088da100000,0x00000088da200000)]
  0x0000023b39d1cff0 JavaThread "Reference Handler" daemon [_thread_blocked, id=16924, stack(0x00000088da800000,0x00000088da900000)]
  0x0000023b39d1dac0 JavaThread "Finalizer" daemon [_thread_blocked, id=18548, stack(0x00000088da900000,0x00000088daa00000)]
  0x0000023b39d31620 JavaThread "Signal Dispatcher" daemon [_thread_blocked, id=26052, stack(0x00000088daa00000,0x00000088dab00000)]
  0x0000023b39d31ef0 JavaThread "Attach Listener" daemon [_thread_blocked, id=19348, stack(0x00000088dab00000,0x00000088dac00000)]
  0x0000023b39d347d0 JavaThread "Service Thread" daemon [_thread_blocked, id=22604, stack(0x00000088dac00000,0x00000088dad00000)]
  0x0000023b39d350a0 JavaThread "Monitor Deflation Thread" daemon [_thread_blocked, id=16616, stack(0x00000088dad00000,0x00000088dae00000)]
=>0x0000023b39d36cb0 JavaThread "C2 CompilerThread0" daemon [_thread_in_native, id=26680, stack(0x00000088dae00000,0x00000088daf00000)]
  0x0000023b39d39680 JavaThread "C1 CompilerThread0" daemon [_thread_blocked, id=20832, stack(0x00000088daf00000,0x00000088db000000)]
  0x0000023b59030430 JavaThread "Sweeper thread" daemon [_thread_blocked, id=4444, stack(0x00000088db000000,0x00000088db100000)]
  0x0000023b39d07140 JavaThread "Common-Cleaner" daemon [_thread_blocked, id=21276, stack(0x00000088db100000,0x00000088db200000)]
  0x0000023b5922b890 JavaThread "Notification Thread" daemon [_thread_blocked, id=20584, stack(0x00000088db200000,0x00000088db300000)]
  0x0000023b5a80fb10 JavaThread "Daemon health stats" [_thread_blocked, id=2616, stack(0x00000088db800000,0x00000088db900000)]
  0x0000023b59e15d70 JavaThread "Incoming local TCP Connector on port 59419" [_thread_in_native, id=17684, stack(0x00000088db900000,0x00000088dba00000)]
  0x0000023b5a2b41f0 JavaThread "Daemon periodic checks" [_thread_blocked, id=28312, stack(0x00000088dba00000,0x00000088dbb00000)]
  0x0000023b5a620020 JavaThread "Daemon" [_thread_blocked, id=23692, stack(0x00000088dbb00000,0x00000088dbc00000)]
  0x0000023b5902e500 JavaThread "Handler for socket connection from /127.0.0.1:59419 to /127.0.0.1:59427" [_thread_in_native, id=3916, stack(0x00000088dbc00000,0x00000088dbd00000)]
  0x0000023b590e9a80 JavaThread "Cancel handler" [_thread_blocked, id=27612, stack(0x00000088dbd00000,0x00000088dbe00000)]
  0x0000023b590ec300 JavaThread "Daemon worker" [_thread_in_Java, id=28972, stack(0x00000088dbe00000,0x00000088dbf00000)]
  0x0000023b590e9570 JavaThread "Asynchronous log dispatcher for DefaultDaemonConnection: socket connection from /127.0.0.1:59419 to /127.0.0.1:59427" [_thread_blocked, id=28992, stack(0x00000088dbf00000,0x00000088dc000000)]
  0x0000023b590e9060 JavaThread "Stdin handler" [_thread_blocked, id=29012, stack(0x00000088dc000000,0x00000088dc100000)]
  0x0000023b590e9f90 JavaThread "Daemon client event forwarder" [_thread_blocked, id=29016, stack(0x00000088dc100000,0x00000088dc200000)]
  0x0000023b590ea4a0 JavaThread "Cache worker for journal cache (C:\Users\USER\.gradle\caches\journal-1)" [_thread_blocked, id=29548, stack(0x00000088dc200000,0x00000088dc300000)]
  0x0000023b590ec810 JavaThread "File lock request listener" [_thread_in_native, id=29564, stack(0x00000088dc300000,0x00000088dc400000)]
  0x0000023b590ea9b0 JavaThread "Cache worker for file hash cache (C:\Users\USER\.gradle\caches\8.14.3\fileHashes)" [_thread_blocked, id=29584, stack(0x00000088dc400000,0x00000088dc500000)]
  0x0000023b590eaec0 JavaThread "File lock release action executor" [_thread_blocked, id=29596, stack(0x00000088dc500000,0x00000088dc600000)]
  0x0000023b5be69d80 JavaThread "Cache worker for file hash cache (C:\Users\USER\kalimed2\android\.gradle\8.14.3\fileHashes)" [_thread_blocked, id=20112, stack(0x00000088d9e00000,0x00000088d9f00000)]
  0x0000023b5be69870 JavaThread "Cache worker for Build Output Cleanup Cache (C:\Users\USER\kalimed2\android\.gradle\buildOutputCleanup)" [_thread_blocked, id=21056, stack(0x00000088d9f00000,0x00000088da000000)]
  0x0000023b5be68e50 JavaThread "File watcher server" daemon [_thread_in_native, id=7860, stack(0x00000088dcb00000,0x00000088dcc00000)]
  0x0000023b5be69360 JavaThread "File watcher consumer" daemon [_thread_blocked, id=15852, stack(0x00000088dcc00000,0x00000088dcd00000)]
  0x0000023b5be66ff0 JavaThread "jar transforms" [_thread_blocked, id=19548, stack(0x00000088dcd00000,0x00000088dce00000)]
  0x0000023b5be66ae0 JavaThread "jar transforms Thread 2" [_thread_blocked, id=29512, stack(0x00000088dce00000,0x00000088dcf00000)]
  0x0000023b5be67a10 JavaThread "Cache worker for checksums cache (C:\Users\USER\kalimed2\android\.gradle\8.14.3\checksums)" [_thread_blocked, id=27452, stack(0x00000088dcf00000,0x00000088dd000000)]
  0x0000023b5be6b6d0 JavaThread "Cache worker for file content cache (C:\Users\USER\.gradle\caches\8.14.3\fileContent)" [_thread_blocked, id=27128, stack(0x00000088dd000000,0x00000088dd100000)]
  0x0000023b5be6c0f0 JavaThread "jar transforms Thread 3" [_thread_blocked, id=29724, stack(0x00000088dd100000,0x00000088dd200000)]
  0x0000023b5be6e460 JavaThread "Cache worker for cache directory md-supplier (C:\Users\USER\.gradle\caches\8.14.3\md-supplier)" [_thread_blocked, id=30660, stack(0x00000088dd500000,0x00000088dd600000)]
  0x0000023b5be6d530 JavaThread "Cache worker for cache directory md-rule (C:\Users\USER\.gradle\caches\8.14.3\md-rule)" [_thread_blocked, id=30852, stack(0x00000088dd600000,0x00000088dd700000)]
  0x0000023b5be6da40 JavaThread "Cache worker for Build Output Cleanup Cache (C:\Users\USER\kalimed2\node_modules\@react-native\gradle-plugin\.gradle\buildOutputCleanup)" [_thread_blocked, id=31256, stack(0x00000088dd700000,0x00000088dd800000)]
  0x0000023b590eb8e0 JavaThread "Unconstrained build operations" [_thread_blocked, id=8824, stack(0x00000088dd800000,0x00000088dd900000)]
  0x0000023b590ebdf0 JavaThread "Unconstrained build operations Thread 2" [_thread_blocked, id=29636, stack(0x00000088dd900000,0x00000088dda00000)]
  0x0000023b5c80c2a0 JavaThread "Unconstrained build operations Thread 3" [_thread_blocked, id=30672, stack(0x00000088dc600000,0x00000088dc700000)]
  0x0000023b5c80a440 JavaThread "Unconstrained build operations Thread 4" [_thread_blocked, id=31340, stack(0x00000088dda00000,0x00000088ddb00000)]
  0x0000023b5c80ae60 JavaThread "Unconstrained build operations Thread 5" [_thread_blocked, id=29828, stack(0x00000088ddb00000,0x00000088ddc00000)]
  0x0000023b5c80d1d0 JavaThread "Unconstrained build operations Thread 6" [_thread_blocked, id=24624, stack(0x00000088ddc00000,0x00000088ddd00000)]
  0x0000023b5c80b880 JavaThread "Cache worker for Build Output Cleanup Cache (C:\Users\USER\kalimed2\node_modules\expo-modules-autolinking\android\expo-gradle-plugin\.gradle\buildOutputCleanup)" [_thread_blocked, id=31328, stack(0x00000088dd200000,0x00000088dd300000)]
  0x0000023b5c80b370 JavaThread "Unconstrained build operations Thread 7" [_thread_blocked, id=21884, stack(0x00000088dd300000,0x00000088dd400000)]
  0x0000023b5c80a950 JavaThread "Unconstrained build operations Thread 8" [_thread_blocked, id=28284, stack(0x00000088dd400000,0x00000088dd500000)]
  0x0000023b5c80c7b0 JavaThread "Unconstrained build operations Thread 9" [_thread_blocked, id=31228, stack(0x00000088ddd00000,0x00000088dde00000)]
  0x0000023b5c80f540 JavaThread "Unconstrained build operations Thread 10" [_thread_blocked, id=30644, stack(0x00000088dde00000,0x00000088ddf00000)]
  0x0000023b5c80bd90 JavaThread "Unconstrained build operations Thread 11" [_thread_blocked, id=29840, stack(0x00000088ddf00000,0x00000088de000000)]
  0x0000023b5c80eb20 JavaThread "Unconstrained build operations Thread 12" [_thread_blocked, id=14660, stack(0x00000088de000000,0x00000088de100000)]
  0x0000023b5c80ccc0 JavaThread "Unconstrained build operations Thread 13" [_thread_blocked, id=31212, stack(0x00000088de100000,0x00000088de200000)]
  0x0000023b5c810e90 JavaThread "Unconstrained build operations Thread 14" [_thread_blocked, id=26528, stack(0x00000088de200000,0x00000088de300000)]
  0x0000023b5c80e100 JavaThread "Unconstrained build operations Thread 15" [_thread_blocked, id=30288, stack(0x00000088de300000,0x00000088de400000)]
  0x0000023b5c80e610 JavaThread "Unconstrained build operations Thread 16" [_thread_blocked, id=14920, stack(0x00000088de400000,0x00000088de500000)]
  0x0000023b5c80fa50 JavaThread "Unconstrained build operations Thread 17" [_thread_blocked, id=30972, stack(0x00000088de500000,0x00000088de600000)]
  0x0000023b5c80d6e0 JavaThread "Unconstrained build operations Thread 18" [_thread_blocked, id=28412, stack(0x00000088de600000,0x00000088de700000)]
  0x0000023b5c80ff60 JavaThread "Unconstrained build operations Thread 19" [_thread_blocked, id=23092, stack(0x00000088de700000,0x00000088de800000)]
  0x0000023b5c8113a0 JavaThread "Unconstrained build operations Thread 20" [_thread_blocked, id=3508, stack(0x00000088de800000,0x00000088de900000)]
  0x0000023b5c80dbf0 JavaThread "Unconstrained build operations Thread 21" [_thread_blocked, id=23992, stack(0x00000088de900000,0x00000088dea00000)]
  0x0000023b5c810470 JavaThread "Unconstrained build operations Thread 22" [_thread_blocked, id=31208, stack(0x00000088dea00000,0x00000088deb00000)]
  0x0000023b5c8118b0 JavaThread "Unconstrained build operations Thread 23" [_thread_blocked, id=31220, stack(0x00000088deb00000,0x00000088dec00000)]
  0x0000023b5c811dc0 JavaThread "Unconstrained build operations Thread 24" [_thread_blocked, id=25692, stack(0x00000088dec00000,0x00000088ded00000)]
  0x0000023b5c80f030 JavaThread "Unconstrained build operations Thread 25" [_thread_blocked, id=28528, stack(0x00000088ded00000,0x00000088dee00000)]
  0x0000023b5c810980 JavaThread "Unconstrained build operations Thread 26" [_thread_blocked, id=29180, stack(0x00000088dee00000,0x00000088def00000)]
  0x0000023b5be68940 JavaThread "Unconstrained build operations Thread 27" [_thread_blocked, id=18044, stack(0x00000088def00000,0x00000088df000000)]
  0x0000023b5be6cb10 JavaThread "build event listener" [_thread_blocked, id=5116, stack(0x00000088dc700000,0x00000088dc800000)]
  0x0000023b5dab33c0 JavaThread "Memory manager" [_thread_blocked, id=31312, stack(0x00000088df000000,0x00000088df100000)]
  0x0000023b5dab1f80 JavaThread "Unconstrained build operations Thread 28" [_thread_blocked, id=30560, stack(0x00000088df100000,0x00000088df200000)]
  0x0000023b5dab4800 JavaThread "Unconstrained build operations Thread 29" [_thread_blocked, id=32860, stack(0x00000088df200000,0x00000088df300000)]
  0x0000023b5dab2490 JavaThread "Unconstrained build operations Thread 30" [_thread_blocked, id=32392, stack(0x00000088df300000,0x00000088df400000)]
  0x0000023b5dab2eb0 JavaThread "Unconstrained build operations Thread 31" [_thread_blocked, id=34612, stack(0x00000088df400000,0x00000088df500000)]
  0x0000023b5dab38d0 JavaThread "Unconstrained build operations Thread 32" [_thread_blocked, id=34620, stack(0x00000088df500000,0x00000088df600000)]
  0x0000023b5dab3de0 JavaThread "Unconstrained build operations Thread 33" [_thread_blocked, id=18184, stack(0x00000088df600000,0x00000088df700000)]
  0x0000023b5dab1050 JavaThread "Unconstrained build operations Thread 34" [_thread_blocked, id=25712, stack(0x00000088df700000,0x00000088df800000)]
  0x0000023b5dab42f0 JavaThread "build event listener" [_thread_blocked, id=24104, stack(0x00000088df800000,0x00000088df900000)]
  0x0000023b5dab6660 JavaThread "Unconstrained build operations Thread 35" [_thread_blocked, id=8696, stack(0x00000088df900000,0x00000088dfa00000)]
  0x0000023b5dab7fb0 JavaThread "Unconstrained build operations Thread 36" [_thread_blocked, id=28656, stack(0x00000088dfa00000,0x00000088dfb00000)]
  0x0000023b5dab7aa0 JavaThread "Unconstrained build operations Thread 37" [_thread_blocked, id=33016, stack(0x00000088dfb00000,0x00000088dfc00000)]
  0x0000023b5dab6150 JavaThread "Unconstrained build operations Thread 38" [_thread_blocked, id=24920, stack(0x00000088dfc00000,0x00000088dfd00000)]
  0x0000023b5dab84c0 JavaThread "Unconstrained build operations Thread 39" [_thread_blocked, id=34428, stack(0x00000088dfd00000,0x00000088dfe00000)]
  0x0000023b5dab5730 JavaThread "Unconstrained build operations Thread 40" [_thread_blocked, id=18204, stack(0x00000088dfe00000,0x00000088dff00000)]
  0x0000023b5dab89d0 JavaThread "Unconstrained build operations Thread 41" [_thread_blocked, id=32940, stack(0x00000088dff00000,0x00000088e0000000)]
  0x0000023b5dab5220 JavaThread "Unconstrained build operations Thread 42" [_thread_blocked, id=4468, stack(0x00000088e0000000,0x00000088e0100000)]
  0x0000023b5dab5c40 JavaThread "Unconstrained build operations Thread 43" [_thread_blocked, id=30764, stack(0x00000088e0100000,0x00000088e0200000)]
  0x0000023b5dab6b70 JavaThread "Unconstrained build operations Thread 44" [_thread_blocked, id=33968, stack(0x00000088e0200000,0x00000088e0300000)]
  0x0000023b5dab7080 JavaThread "Unconstrained build operations Thread 45" [_thread_blocked, id=31608, stack(0x00000088e0300000,0x00000088e0400000)]
  0x0000023b5bb3adf0 JavaThread "Unconstrained build operations Thread 46" [_thread_blocked, id=31936, stack(0x00000088e0400000,0x00000088e0500000)]
  0x0000023b5bb38f90 JavaThread "Unconstrained build operations Thread 47" [_thread_blocked, id=16352, stack(0x00000088e0500000,0x00000088e0600000)]
  0x0000023b5bb38060 JavaThread "Unconstrained build operations Thread 48" [_thread_blocked, id=31920, stack(0x00000088e0600000,0x00000088e0700000)]
  0x0000023b5bb3b810 JavaThread "Unconstrained build operations Thread 49" [_thread_blocked, id=31984, stack(0x00000088e0700000,0x00000088e0800000)]
  0x0000023b5bb38a80 JavaThread "Unconstrained build operations Thread 50" [_thread_blocked, id=31884, stack(0x00000088e0800000,0x00000088e0900000)]
  0x0000023b5bb3b300 JavaThread "Unconstrained build operations Thread 51" [_thread_blocked, id=30936, stack(0x00000088e0900000,0x00000088e0a00000)]
  0x0000023b5bb3bd20 JavaThread "Unconstrained build operations Thread 52" [_thread_blocked, id=26032, stack(0x00000088e0a00000,0x00000088e0b00000)]
  0x0000023b5bb3a3d0 JavaThread "Unconstrained build operations Thread 53" [_thread_blocked, id=30776, stack(0x00000088e0b00000,0x00000088e0c00000)]
  0x0000023b5bb38570 JavaThread "Unconstrained build operations Thread 54" [_thread_blocked, id=30328, stack(0x00000088e0c00000,0x00000088e0d00000)]
  0x0000023b5bb3a8e0 JavaThread "Unconstrained build operations Thread 55" [_thread_blocked, id=31896, stack(0x00000088e0d00000,0x00000088e0e00000)]

Other Threads:
  0x0000023b39d17450 VMThread "VM Thread" [stack: 0x00000088da700000,0x00000088da800000] [id=19824]
  0x0000023b1b83f400 WatcherThread [stack: 0x00000088db300000,0x00000088db400000] [id=9600]
  0x0000023b1b89c4a0 GCTaskThread "GC Thread#0" [stack: 0x00000088da200000,0x00000088da300000] [id=27072]
  0x0000023b594bacc0 GCTaskThread "GC Thread#1" [stack: 0x00000088db500000,0x00000088db600000] [id=19204]
  0x0000023b5942f9b0 GCTaskThread "GC Thread#2" [stack: 0x00000088db600000,0x00000088db700000] [id=4272]
  0x0000023b5a226850 GCTaskThread "GC Thread#3" [stack: 0x00000088db400000,0x00000088db500000] [id=28344]
  0x0000023b59cb3980 GCTaskThread "GC Thread#4" [stack: 0x00000088db700000,0x00000088db800000] [id=28348]
  0x0000023b5b18d650 GCTaskThread "GC Thread#5" [stack: 0x00000088dc800000,0x00000088dc900000] [id=19744]
  0x0000023b5be8c340 GCTaskThread "GC Thread#6" [stack: 0x00000088dc900000,0x00000088dca00000] [id=10992]
  0x0000023b5be8c600 GCTaskThread "GC Thread#7" [stack: 0x00000088dca00000,0x00000088dcb00000] [id=25704]
  0x0000023b1b8ad300 ConcurrentGCThread "G1 Main Marker" [stack: 0x00000088da300000,0x00000088da400000] [id=24376]
  0x0000023b1b8ae900 ConcurrentGCThread "G1 Conc#0" [stack: 0x00000088da400000,0x00000088da500000] [id=19068]
  0x0000023b5c828c90 ConcurrentGCThread "G1 Conc#1" [stack: 0x00000088da000000,0x00000088da100000] [id=19100]
  0x0000023b1b8ed720 ConcurrentGCThread "G1 Refine#0" [stack: 0x00000088da500000,0x00000088da600000] [id=19360]
  0x0000023b39bc6250 ConcurrentGCThread "G1 Service" [stack: 0x00000088da600000,0x00000088da700000] [id=20032]

Threads with active compile tasks:
C2 CompilerThread0  1006752 10549       4       org.gradle.internal.time.ExponentialBackoff::retryUntil (65 bytes)

VM state: not at safepoint (normal execution)

VM Mutex/Monitor currently owned by a thread: None

Heap address: 0x0000000080000000, size: 2048 MB, Compressed Oops mode: 32-bit

CDS archive(s) mapped at: [0x0000023b3a000000-0x0000023b3abb0000-0x0000023b3abb0000), size 12255232, SharedBaseAddress: 0x0000023b3a000000, ArchiveRelocationMode: 1.
Compressed class space mapped at: 0x0000023b3b000000-0x0000023b55000000, reserved size: 436207616
Narrow klass base: 0x0000023b3a000000, Narrow klass shift: 0, Narrow klass range: 0x100000000

GC Precious Log:
 CPUs: 8 total, 8 available
 Memory: 7835M
 Large Page Support: Disabled
 NUMA Support: Disabled
 Compressed Oops: Enabled (32-bit)
 Heap Region Size: 1M
 Heap Min Capacity: 8M
 Heap Initial Capacity: 124M
 Heap Max Capacity: 2G
 Pre-touch: Disabled
 Parallel Workers: 8
 Concurrent Workers: 2
 Concurrent Refinement Workers: 8
 Periodic GC: Disabled

Heap:
 garbage-first heap   total 201728K, used 154805K [0x0000000080000000, 0x0000000100000000)
  region size 1024K, 90 young (92160K), 1 survivors (1024K)
 Metaspace       used 74225K, committed 75136K, reserved 491520K
  class space    used 10345K, committed 10816K, reserved 425984K

Heap Regions: E=young(eden), S=young(survivor), O=old, HS=humongous(starts), HC=humongous(continues), CS=collection set, F=free, OA=open archive, CA=closed archive, TAMS=top-at-mark-start (previous, next)
|   0|0x0000000080000000, 0x0000000080100000, 0x0000000080100000|100%|HS|  |TAMS 0x0000000080100000, 0x0000000080000000| Complete 
|   1|0x0000000080100000, 0x0000000080200000, 0x0000000080200000|100%|HC|  |TAMS 0x0000000080200000, 0x0000000080100000| Complete 
|   2|0x0000000080200000, 0x0000000080300000, 0x0000000080300000|100%|HC|  |TAMS 0x0000000080300000, 0x0000000080200000| Complete 
|   3|0x0000000080300000, 0x0000000080400000, 0x0000000080400000|100%| O|  |TAMS 0x0000000080400000, 0x0000000080300000| Untracked 
|   4|0x0000000080400000, 0x0000000080500000, 0x0000000080500000|100%| O|  |TAMS 0x0000000080500000, 0x0000000080400000| Untracked 
|   5|0x0000000080500000, 0x0000000080600000, 0x0000000080600000|100%| O|  |TAMS 0x0000000080600000, 0x0000000080500000| Untracked 
|   6|0x0000000080600000, 0x0000000080700000, 0x0000000080700000|100%|HS|  |TAMS 0x0000000080700000, 0x0000000080600000| Complete 
|   7|0x0000000080700000, 0x0000000080800000, 0x0000000080800000|100%| O|  |TAMS 0x0000000080800000, 0x0000000080700000| Untracked 
|   8|0x0000000080800000, 0x0000000080900000, 0x0000000080900000|100%| O|  |TAMS 0x0000000080900000, 0x0000000080800000| Untracked 
|   9|0x0000000080900000, 0x0000000080a00000, 0x0000000080a00000|100%| O|  |TAMS 0x0000000080a00000, 0x0000000080900000| Untracked 
|  10|0x0000000080a00000, 0x0000000080b00000, 0x0000000080b00000|100%| O|  |TAMS 0x0000000080b00000, 0x0000000080a00000| Untracked 
|  11|0x0000000080b00000, 0x0000000080c00000, 0x0000000080c00000|100%| O|  |TAMS 0x0000000080c00000, 0x0000000080b00000| Untracked 
|  12|0x0000000080c00000, 0x0000000080d00000, 0x0000000080d00000|100%| O|  |TAMS 0x0000000080d00000, 0x0000000080c00000| Untracked 
|  13|0x0000000080d00000, 0x0000000080e00000, 0x0000000080e00000|100%| O|  |TAMS 0x0000000080e00000, 0x0000000080d00000| Untracked 
|  14|0x0000000080e00000, 0x0000000080f00000, 0x0000000080f00000|100%| O|  |TAMS 0x0000000080f00000, 0x0000000080e00000| Untracked 
|  15|0x0000000080f00000, 0x0000000081000000, 0x0000000081000000|100%| O|  |TAMS 0x0000000081000000, 0x0000000080f00000| Untracked 
|  16|0x0000000081000000, 0x0000000081100000, 0x0000000081100000|100%| O|  |TAMS 0x0000000081100000, 0x0000000081000000| Untracked 
|  17|0x0000000081100000, 0x0000000081200000, 0x0000000081200000|100%| O|  |TAMS 0x0000000081200000, 0x0000000081100000| Untracked 
|  18|0x0000000081200000, 0x0000000081300000, 0x0000000081300000|100%| O|  |TAMS 0x0000000081300000, 0x0000000081200000| Untracked 
|  19|0x0000000081300000, 0x0000000081400000, 0x0000000081400000|100%| O|  |TAMS 0x0000000081400000, 0x0000000081300000| Untracked 
|  20|0x0000000081400000, 0x0000000081500000, 0x0000000081500000|100%| O|  |TAMS 0x0000000081500000, 0x0000000081400000| Untracked 
|  21|0x0000000081500000, 0x0000000081600000, 0x0000000081600000|100%| O|  |TAMS 0x0000000081600000, 0x0000000081500000| Untracked 
|  22|0x0000000081600000, 0x0000000081700000, 0x0000000081700000|100%| O|  |TAMS 0x0000000081700000, 0x0000000081600000| Untracked 
|  23|0x0000000081700000, 0x0000000081800000, 0x0000000081800000|100%| O|  |TAMS 0x0000000081800000, 0x0000000081700000| Untracked 
|  24|0x0000000081800000, 0x0000000081900000, 0x0000000081900000|100%| O|  |TAMS 0x0000000081900000, 0x0000000081800000| Untracked 
|  25|0x0000000081900000, 0x0000000081a00000, 0x0000000081a00000|100%| O|  |TAMS 0x0000000081a00000, 0x0000000081900000| Untracked 
|  26|0x0000000081a00000, 0x0000000081b00000, 0x0000000081b00000|100%| O|  |TAMS 0x0000000081b00000, 0x0000000081a00000| Untracked 
|  27|0x0000000081b00000, 0x0000000081c00000, 0x0000000081c00000|100%| O|  |TAMS 0x0000000081c00000, 0x0000000081b00000| Untracked 
|  28|0x0000000081c00000, 0x0000000081d00000, 0x0000000081d00000|100%| O|  |TAMS 0x0000000081d00000, 0x0000000081c00000| Untracked 
|  29|0x0000000081d00000, 0x0000000081e00000, 0x0000000081e00000|100%| O|  |TAMS 0x0000000081e00000, 0x0000000081d00000| Untracked 
|  30|0x0000000081e00000, 0x0000000081f00000, 0x0000000081f00000|100%| O|  |TAMS 0x0000000081f00000, 0x0000000081e00000| Untracked 
|  31|0x0000000081f00000, 0x0000000082000000, 0x0000000082000000|100%| O|  |TAMS 0x0000000082000000, 0x0000000081f00000| Untracked 
|  32|0x0000000082000000, 0x0000000082100000, 0x0000000082100000|100%| O|  |TAMS 0x0000000082100000, 0x0000000082000000| Untracked 
|  33|0x0000000082100000, 0x0000000082200000, 0x0000000082200000|100%| O|  |TAMS 0x0000000082200000, 0x0000000082100000| Untracked 
|  34|0x0000000082200000, 0x0000000082300000, 0x0000000082300000|100%| O|  |TAMS 0x0000000082300000, 0x0000000082200000| Untracked 
|  35|0x0000000082300000, 0x0000000082400000, 0x0000000082400000|100%| O|  |TAMS 0x0000000082400000, 0x0000000082300000| Untracked 
|  36|0x0000000082400000, 0x0000000082500000, 0x0000000082500000|100%| O|  |TAMS 0x0000000082500000, 0x0000000082400000| Untracked 
|  37|0x0000000082500000, 0x0000000082600000, 0x0000000082600000|100%| O|  |TAMS 0x0000000082600000, 0x0000000082500000| Untracked 
|  38|0x0000000082600000, 0x0000000082700000, 0x0000000082700000|100%| O|  |TAMS 0x0000000082700000, 0x0000000082600000| Untracked 
|  39|0x0000000082700000, 0x0000000082800000, 0x0000000082800000|100%| O|  |TAMS 0x0000000082800000, 0x0000000082700000| Untracked 
|  40|0x0000000082800000, 0x0000000082900000, 0x0000000082900000|100%| O|  |TAMS 0x0000000082900000, 0x0000000082800000| Untracked 
|  41|0x0000000082900000, 0x0000000082a00000, 0x0000000082a00000|100%| O|  |TAMS 0x0000000082a00000, 0x0000000082900000| Untracked 
|  42|0x0000000082a00000, 0x0000000082b00000, 0x0000000082b00000|100%| O|  |TAMS 0x0000000082b00000, 0x0000000082a00000| Untracked 
|  43|0x0000000082b00000, 0x0000000082c00000, 0x0000000082c00000|100%| O|  |TAMS 0x0000000082c00000, 0x0000000082b00000| Untracked 
|  44|0x0000000082c00000, 0x0000000082d00000, 0x0000000082d00000|100%| O|  |TAMS 0x0000000082d00000, 0x0000000082c00000| Untracked 
|  45|0x0000000082d00000, 0x0000000082e00000, 0x0000000082e00000|100%|HS|  |TAMS 0x0000000082e00000, 0x0000000082d00000| Complete 
|  46|0x0000000082e00000, 0x0000000082f00000, 0x0000000082f00000|100%|HC|  |TAMS 0x0000000082f00000, 0x0000000082e00000| Complete 
|  47|0x0000000082f00000, 0x0000000083000000, 0x0000000083000000|100%|HC|  |TAMS 0x0000000083000000, 0x0000000082f00000| Complete 
|  48|0x0000000083000000, 0x0000000083100000, 0x0000000083100000|100%|HS|  |TAMS 0x0000000083100000, 0x0000000083000000| Complete 
|  49|0x0000000083100000, 0x0000000083200000, 0x0000000083200000|100%|HC|  |TAMS 0x0000000083200000, 0x0000000083100000| Complete 
|  50|0x0000000083200000, 0x0000000083300000, 0x0000000083300000|100%|HC|  |TAMS 0x0000000083300000, 0x0000000083200000| Complete 
|  51|0x0000000083300000, 0x0000000083400000, 0x0000000083400000|100%| O|  |TAMS 0x0000000083400000, 0x0000000083300000| Untracked 
|  52|0x0000000083400000, 0x0000000083500000, 0x0000000083500000|100%| O|  |TAMS 0x0000000083500000, 0x0000000083400000| Untracked 
|  53|0x0000000083500000, 0x00000000835af400, 0x0000000083600000| 68%| O|  |TAMS 0x00000000835af400, 0x0000000083500000| Untracked 
|  54|0x0000000083600000, 0x0000000083700000, 0x0000000083700000|100%| O|  |TAMS 0x0000000083600000, 0x0000000083600000| Untracked 
|  55|0x0000000083700000, 0x0000000083800000, 0x0000000083800000|100%| O|  |TAMS 0x0000000083700000, 0x0000000083700000| Untracked 
|  56|0x0000000083800000, 0x0000000083900000, 0x0000000083900000|100%| O|  |TAMS 0x0000000083800000, 0x0000000083800000| Untracked 
|  57|0x0000000083900000, 0x0000000083a00000, 0x0000000083a00000|100%| O|  |TAMS 0x0000000083900000, 0x0000000083900000| Untracked 
|  58|0x0000000083a00000, 0x0000000083b00000, 0x0000000083b00000|100%| O|  |TAMS 0x0000000083a00000, 0x0000000083a00000| Untracked 
|  59|0x0000000083b00000, 0x0000000083c00000, 0x0000000083c00000|100%| O|  |TAMS 0x0000000083b00000, 0x0000000083b00000| Untracked 
|  60|0x0000000083c00000, 0x0000000083d00000, 0x0000000083d00000|100%| O|  |TAMS 0x0000000083c00000, 0x0000000083c00000| Untracked 
|  61|0x0000000083d00000, 0x0000000083e00000, 0x0000000083e00000|100%| O|  |TAMS 0x0000000083d00000, 0x0000000083d00000| Untracked 
|  62|0x0000000083e00000, 0x0000000083ebbe00, 0x0000000083f00000| 73%| O|  |TAMS 0x0000000083e00000, 0x0000000083e00000| Untracked 
|  63|0x0000000083f00000, 0x0000000083f00000, 0x0000000084000000|  0%| F|  |TAMS 0x0000000083f00000, 0x0000000083f00000| Untracked 
|  64|0x0000000084000000, 0x0000000084000000, 0x0000000084100000|  0%| F|  |TAMS 0x0000000084000000, 0x0000000084000000| Untracked 
|  65|0x0000000084100000, 0x0000000084100000, 0x0000000084200000|  0%| F|  |TAMS 0x0000000084100000, 0x0000000084100000| Untracked 
|  66|0x0000000084200000, 0x0000000084200000, 0x0000000084300000|  0%| F|  |TAMS 0x0000000084200000, 0x0000000084200000| Untracked 
|  67|0x0000000084300000, 0x0000000084300000, 0x0000000084400000|  0%| F|  |TAMS 0x0000000084300000, 0x0000000084300000| Untracked 
|  68|0x0000000084400000, 0x0000000084400000, 0x0000000084500000|  0%| F|  |TAMS 0x0000000084400000, 0x0000000084400000| Untracked 
|  69|0x0000000084500000, 0x0000000084500000, 0x0000000084600000|  0%| F|  |TAMS 0x0000000084500000, 0x0000000084500000| Untracked 
|  70|0x0000000084600000, 0x0000000084600000, 0x0000000084700000|  0%| F|  |TAMS 0x0000000084600000, 0x0000000084600000| Untracked 
|  71|0x0000000084700000, 0x0000000084700000, 0x0000000084800000|  0%| F|  |TAMS 0x0000000084700000, 0x0000000084700000| Untracked 
|  72|0x0000000084800000, 0x0000000084800000, 0x0000000084900000|  0%| F|  |TAMS 0x0000000084800000, 0x0000000084800000| Untracked 
|  73|0x0000000084900000, 0x0000000084900000, 0x0000000084a00000|  0%| F|  |TAMS 0x0000000084900000, 0x0000000084900000| Untracked 
|  74|0x0000000084a00000, 0x0000000084a00000, 0x0000000084b00000|  0%| F|  |TAMS 0x0000000084a00000, 0x0000000084a00000| Untracked 
|  75|0x0000000084b00000, 0x0000000084b00000, 0x0000000084c00000|  0%| F|  |TAMS 0x0000000084b00000, 0x0000000084b00000| Untracked 
|  76|0x0000000084c00000, 0x0000000084c00000, 0x0000000084d00000|  0%| F|  |TAMS 0x0000000084c00000, 0x0000000084c00000| Untracked 
|  77|0x0000000084d00000, 0x0000000084d00000, 0x0000000084e00000|  0%| F|  |TAMS 0x0000000084d00000, 0x0000000084d00000| Untracked 
|  78|0x0000000084e00000, 0x0000000084e00000, 0x0000000084f00000|  0%| F|  |TAMS 0x0000000084e00000, 0x0000000084e00000| Untracked 
|  79|0x0000000084f00000, 0x0000000084f00000, 0x0000000085000000|  0%| F|  |TAMS 0x0000000084f00000, 0x0000000084f00000| Untracked 
|  80|0x0000000085000000, 0x0000000085000000, 0x0000000085100000|  0%| F|  |TAMS 0x0000000085000000, 0x0000000085000000| Untracked 
|  81|0x0000000085100000, 0x0000000085100000, 0x0000000085200000|  0%| F|  |TAMS 0x0000000085100000, 0x0000000085100000| Untracked 
|  82|0x0000000085200000, 0x0000000085200000, 0x0000000085300000|  0%| F|  |TAMS 0x0000000085200000, 0x0000000085200000| Untracked 
|  83|0x0000000085300000, 0x0000000085300000, 0x0000000085400000|  0%| F|  |TAMS 0x0000000085300000, 0x0000000085300000| Untracked 
|  84|0x0000000085400000, 0x0000000085400000, 0x0000000085500000|  0%| F|  |TAMS 0x0000000085400000, 0x0000000085400000| Untracked 
|  85|0x0000000085500000, 0x0000000085500000, 0x0000000085600000|  0%| F|  |TAMS 0x0000000085500000, 0x0000000085500000| Untracked 
|  86|0x0000000085600000, 0x0000000085600000, 0x0000000085700000|  0%| F|  |TAMS 0x0000000085600000, 0x0000000085600000| Untracked 
|  87|0x0000000085700000, 0x0000000085700000, 0x0000000085800000|  0%| F|  |TAMS 0x0000000085700000, 0x0000000085700000| Untracked 
|  88|0x0000000085800000, 0x0000000085800000, 0x0000000085900000|  0%| F|  |TAMS 0x0000000085800000, 0x0000000085800000| Untracked 
|  89|0x0000000085900000, 0x0000000085900000, 0x0000000085a00000|  0%| F|  |TAMS 0x0000000085900000, 0x0000000085900000| Untracked 
|  90|0x0000000085a00000, 0x0000000085a00000, 0x0000000085b00000|  0%| F|  |TAMS 0x0000000085a00000, 0x0000000085a00000| Untracked 
|  91|0x0000000085b00000, 0x0000000085b00000, 0x0000000085c00000|  0%| F|  |TAMS 0x0000000085b00000, 0x0000000085b00000| Untracked 
|  92|0x0000000085c00000, 0x0000000085c00000, 0x0000000085d00000|  0%| F|  |TAMS 0x0000000085c00000, 0x0000000085c00000| Untracked 
|  93|0x0000000085d00000, 0x0000000085d00000, 0x0000000085e00000|  0%| F|  |TAMS 0x0000000085d00000, 0x0000000085d00000| Untracked 
|  94|0x0000000085e00000, 0x0000000085e00000, 0x0000000085f00000|  0%| F|  |TAMS 0x0000000085e00000, 0x0000000085e00000| Untracked 
|  95|0x0000000085f00000, 0x0000000085f00000, 0x0000000086000000|  0%| F|  |TAMS 0x0000000085f00000, 0x0000000085f00000| Untracked 
|  96|0x0000000086000000, 0x0000000086000000, 0x0000000086100000|  0%| F|  |TAMS 0x0000000086000000, 0x0000000086000000| Untracked 
|  97|0x0000000086100000, 0x0000000086100000, 0x0000000086200000|  0%| F|  |TAMS 0x0000000086100000, 0x0000000086100000| Untracked 
|  98|0x0000000086200000, 0x0000000086200000, 0x0000000086300000|  0%| F|  |TAMS 0x0000000086200000, 0x0000000086200000| Untracked 
|  99|0x0000000086300000, 0x0000000086300000, 0x0000000086400000|  0%| F|  |TAMS 0x0000000086300000, 0x0000000086300000| Untracked 
| 100|0x0000000086400000, 0x0000000086400000, 0x0000000086500000|  0%| F|  |TAMS 0x0000000086400000, 0x0000000086400000| Untracked 
| 101|0x0000000086500000, 0x0000000086500000, 0x0000000086600000|  0%| F|  |TAMS 0x0000000086500000, 0x0000000086500000| Untracked 
| 102|0x0000000086600000, 0x0000000086600000, 0x0000000086700000|  0%| F|  |TAMS 0x0000000086600000, 0x0000000086600000| Untracked 
| 103|0x0000000086700000, 0x0000000086700000, 0x0000000086800000|  0%| F|  |TAMS 0x0000000086700000, 0x0000000086700000| Untracked 
| 104|0x0000000086800000, 0x0000000086800000, 0x0000000086900000|  0%| F|  |TAMS 0x0000000086800000, 0x0000000086800000| Untracked 
| 105|0x0000000086900000, 0x0000000086900000, 0x0000000086a00000|  0%| F|  |TAMS 0x0000000086900000, 0x0000000086900000| Untracked 
| 106|0x0000000086a00000, 0x0000000086a00000, 0x0000000086b00000|  0%| F|  |TAMS 0x0000000086a00000, 0x0000000086a00000| Untracked 
| 107|0x0000000086b00000, 0x0000000086b97d10, 0x0000000086c00000| 59%| E|  |TAMS 0x0000000086b00000, 0x0000000086b00000| Complete 
| 108|0x0000000086c00000, 0x0000000086d00000, 0x0000000086d00000|100%| E|CS|TAMS 0x0000000086c00000, 0x0000000086c00000| Complete 
| 109|0x0000000086d00000, 0x0000000086e00000, 0x0000000086e00000|100%| E|CS|TAMS 0x0000000086d00000, 0x0000000086d00000| Complete 
| 110|0x0000000086e00000, 0x0000000086f00000, 0x0000000086f00000|100%| E|CS|TAMS 0x0000000086e00000, 0x0000000086e00000| Complete 
| 111|0x0000000086f00000, 0x0000000087000000, 0x0000000087000000|100%| E|CS|TAMS 0x0000000086f00000, 0x0000000086f00000| Complete 
| 112|0x0000000087000000, 0x0000000087100000, 0x0000000087100000|100%| E|CS|TAMS 0x0000000087000000, 0x0000000087000000| Complete 
| 113|0x0000000087100000, 0x0000000087200000, 0x0000000087200000|100%| E|CS|TAMS 0x0000000087100000, 0x0000000087100000| Complete 
| 114|0x0000000087200000, 0x0000000087300000, 0x0000000087300000|100%| E|CS|TAMS 0x0000000087200000, 0x0000000087200000| Complete 
| 115|0x0000000087300000, 0x0000000087400000, 0x0000000087400000|100%| E|CS|TAMS 0x0000000087300000, 0x0000000087300000| Complete 
| 116|0x0000000087400000, 0x0000000087500000, 0x0000000087500000|100%| E|CS|TAMS 0x0000000087400000, 0x0000000087400000| Complete 
| 117|0x0000000087500000, 0x0000000087600000, 0x0000000087600000|100%| E|CS|TAMS 0x0000000087500000, 0x0000000087500000| Complete 
| 118|0x0000000087600000, 0x0000000087700000, 0x0000000087700000|100%| E|CS|TAMS 0x0000000087600000, 0x0000000087600000| Complete 
| 119|0x0000000087700000, 0x0000000087800000, 0x0000000087800000|100%| E|CS|TAMS 0x0000000087700000, 0x0000000087700000| Complete 
| 120|0x0000000087800000, 0x0000000087900000, 0x0000000087900000|100%| E|CS|TAMS 0x0000000087800000, 0x0000000087800000| Complete 
| 121|0x0000000087900000, 0x0000000087a00000, 0x0000000087a00000|100%| E|CS|TAMS 0x0000000087900000, 0x0000000087900000| Complete 
| 122|0x0000000087a00000, 0x0000000087b00000, 0x0000000087b00000|100%| E|CS|TAMS 0x0000000087a00000, 0x0000000087a00000| Complete 
| 123|0x0000000087b00000, 0x0000000087c00000, 0x0000000087c00000|100%| E|CS|TAMS 0x0000000087b00000, 0x0000000087b00000| Complete 
| 124|0x0000000087c00000, 0x0000000087d00000, 0x0000000087d00000|100%| E|CS|TAMS 0x0000000087c00000, 0x0000000087c00000| Complete 
| 125|0x0000000087d00000, 0x0000000087e00000, 0x0000000087e00000|100%| E|CS|TAMS 0x0000000087d00000, 0x0000000087d00000| Complete 
| 126|0x0000000087e00000, 0x0000000087f00000, 0x0000000087f00000|100%| E|CS|TAMS 0x0000000087e00000, 0x0000000087e00000| Complete 
| 127|0x0000000087f00000, 0x0000000088000000, 0x0000000088000000|100%| E|CS|TAMS 0x0000000087f00000, 0x0000000087f00000| Complete 
| 128|0x0000000088000000, 0x0000000088100000, 0x0000000088100000|100%| E|CS|TAMS 0x0000000088000000, 0x0000000088000000| Complete 
| 129|0x0000000088100000, 0x0000000088200000, 0x0000000088200000|100%| E|CS|TAMS 0x0000000088100000, 0x0000000088100000| Complete 
| 130|0x0000000088200000, 0x0000000088300000, 0x0000000088300000|100%| E|CS|TAMS 0x0000000088200000, 0x0000000088200000| Complete 
| 131|0x0000000088300000, 0x0000000088400000, 0x0000000088400000|100%| E|CS|TAMS 0x0000000088300000, 0x0000000088300000| Complete 
| 132|0x0000000088400000, 0x0000000088500000, 0x0000000088500000|100%| E|CS|TAMS 0x0000000088400000, 0x0000000088400000| Complete 
| 133|0x0000000088500000, 0x0000000088600000, 0x0000000088600000|100%| E|CS|TAMS 0x0000000088500000, 0x0000000088500000| Complete 
| 134|0x0000000088600000, 0x0000000088700000, 0x0000000088700000|100%| E|CS|TAMS 0x0000000088600000, 0x0000000088600000| Complete 
| 135|0x0000000088700000, 0x0000000088800000, 0x0000000088800000|100%| E|CS|TAMS 0x0000000088700000, 0x0000000088700000| Complete 
| 136|0x0000000088800000, 0x0000000088900000, 0x0000000088900000|100%| E|CS|TAMS 0x0000000088800000, 0x0000000088800000| Complete 
| 137|0x0000000088900000, 0x0000000088a00000, 0x0000000088a00000|100%| E|CS|TAMS 0x0000000088900000, 0x0000000088900000| Complete 
| 138|0x0000000088a00000, 0x0000000088b00000, 0x0000000088b00000|100%| E|CS|TAMS 0x0000000088a00000, 0x0000000088a00000| Complete 
| 139|0x0000000088b00000, 0x0000000088c00000, 0x0000000088c00000|100%| E|CS|TAMS 0x0000000088b00000, 0x0000000088b00000| Complete 
| 140|0x0000000088c00000, 0x0000000088d00000, 0x0000000088d00000|100%| E|CS|TAMS 0x0000000088c00000, 0x0000000088c00000| Complete 
| 141|0x0000000088d00000, 0x0000000088e00000, 0x0000000088e00000|100%| E|CS|TAMS 0x0000000088d00000, 0x0000000088d00000| Complete 
| 142|0x0000000088e00000, 0x0000000088f00000, 0x0000000088f00000|100%| E|CS|TAMS 0x0000000088e00000, 0x0000000088e00000| Complete 
| 143|0x0000000088f00000, 0x0000000089000000, 0x0000000089000000|100%| E|CS|TAMS 0x0000000088f00000, 0x0000000088f00000| Complete 
| 144|0x0000000089000000, 0x0000000089100000, 0x0000000089100000|100%| E|CS|TAMS 0x0000000089000000, 0x0000000089000000| Complete 
| 145|0x0000000089100000, 0x0000000089200000, 0x0000000089200000|100%| E|CS|TAMS 0x0000000089100000, 0x0000000089100000| Complete 
| 146|0x0000000089200000, 0x0000000089300000, 0x0000000089300000|100%| E|CS|TAMS 0x0000000089200000, 0x0000000089200000| Complete 
| 147|0x0000000089300000, 0x0000000089400000, 0x0000000089400000|100%| E|CS|TAMS 0x0000000089300000, 0x0000000089300000| Complete 
| 148|0x0000000089400000, 0x0000000089500000, 0x0000000089500000|100%| E|CS|TAMS 0x0000000089400000, 0x0000000089400000| Complete 
| 149|0x0000000089500000, 0x0000000089600000, 0x0000000089600000|100%| E|CS|TAMS 0x0000000089500000, 0x0000000089500000| Complete 
| 150|0x0000000089600000, 0x0000000089700000, 0x0000000089700000|100%| E|CS|TAMS 0x0000000089600000, 0x0000000089600000| Complete 
| 151|0x0000000089700000, 0x0000000089800000, 0x0000000089800000|100%| E|CS|TAMS 0x0000000089700000, 0x0000000089700000| Complete 
| 152|0x0000000089800000, 0x0000000089900000, 0x0000000089900000|100%| E|CS|TAMS 0x0000000089800000, 0x0000000089800000| Complete 
| 153|0x0000000089900000, 0x0000000089a00000, 0x0000000089a00000|100%| E|CS|TAMS 0x0000000089900000, 0x0000000089900000| Complete 
| 154|0x0000000089a00000, 0x0000000089b00000, 0x0000000089b00000|100%| E|CS|TAMS 0x0000000089a00000, 0x0000000089a00000| Complete 
| 155|0x0000000089b00000, 0x0000000089c00000, 0x0000000089c00000|100%| E|CS|TAMS 0x0000000089b00000, 0x0000000089b00000| Complete 
| 156|0x0000000089c00000, 0x0000000089d00000, 0x0000000089d00000|100%| E|CS|TAMS 0x0000000089c00000, 0x0000000089c00000| Complete 
| 157|0x0000000089d00000, 0x0000000089e00000, 0x0000000089e00000|100%| E|CS|TAMS 0x0000000089d00000, 0x0000000089d00000| Complete 
| 158|0x0000000089e00000, 0x0000000089f00000, 0x0000000089f00000|100%| E|CS|TAMS 0x0000000089e00000, 0x0000000089e00000| Complete 
| 159|0x0000000089f00000, 0x000000008a000000, 0x000000008a000000|100%| E|CS|TAMS 0x0000000089f00000, 0x0000000089f00000| Complete 
| 160|0x000000008a000000, 0x000000008a100000, 0x000000008a100000|100%| E|CS|TAMS 0x000000008a000000, 0x000000008a000000| Complete 
| 161|0x000000008a100000, 0x000000008a200000, 0x000000008a200000|100%| E|CS|TAMS 0x000000008a100000, 0x000000008a100000| Complete 
| 162|0x000000008a200000, 0x000000008a300000, 0x000000008a300000|100%| E|CS|TAMS 0x000000008a200000, 0x000000008a200000| Complete 
| 163|0x000000008a300000, 0x000000008a400000, 0x000000008a400000|100%| E|CS|TAMS 0x000000008a300000, 0x000000008a300000| Complete 
| 164|0x000000008a400000, 0x000000008a500000, 0x000000008a500000|100%| E|CS|TAMS 0x000000008a400000, 0x000000008a400000| Complete 
| 165|0x000000008a500000, 0x000000008a600000, 0x000000008a600000|100%| E|CS|TAMS 0x000000008a500000, 0x000000008a500000| Complete 
| 166|0x000000008a600000, 0x000000008a700000, 0x000000008a700000|100%| E|CS|TAMS 0x000000008a600000, 0x000000008a600000| Complete 
| 167|0x000000008a700000, 0x000000008a800000, 0x000000008a800000|100%| E|CS|TAMS 0x000000008a700000, 0x000000008a700000| Complete 
| 168|0x000000008a800000, 0x000000008a900000, 0x000000008a900000|100%| E|CS|TAMS 0x000000008a800000, 0x000000008a800000| Complete 
| 169|0x000000008a900000, 0x000000008aa00000, 0x000000008aa00000|100%| E|CS|TAMS 0x000000008a900000, 0x000000008a900000| Complete 
| 170|0x000000008aa00000, 0x000000008ab00000, 0x000000008ab00000|100%| E|CS|TAMS 0x000000008aa00000, 0x000000008aa00000| Complete 
| 171|0x000000008ab00000, 0x000000008ac00000, 0x000000008ac00000|100%| E|CS|TAMS 0x000000008ab00000, 0x000000008ab00000| Complete 
| 172|0x000000008ac00000, 0x000000008ad00000, 0x000000008ad00000|100%| E|CS|TAMS 0x000000008ac00000, 0x000000008ac00000| Complete 
| 173|0x000000008ad00000, 0x000000008ae00000, 0x000000008ae00000|100%| E|CS|TAMS 0x000000008ad00000, 0x000000008ad00000| Complete 
| 174|0x000000008ae00000, 0x000000008af00000, 0x000000008af00000|100%| E|CS|TAMS 0x000000008ae00000, 0x000000008ae00000| Complete 
| 175|0x000000008af00000, 0x000000008b000000, 0x000000008b000000|100%| E|CS|TAMS 0x000000008af00000, 0x000000008af00000| Complete 
| 176|0x000000008b000000, 0x000000008b100000, 0x000000008b100000|100%| E|CS|TAMS 0x000000008b000000, 0x000000008b000000| Complete 
| 177|0x000000008b100000, 0x000000008b200000, 0x000000008b200000|100%| E|CS|TAMS 0x000000008b100000, 0x000000008b100000| Complete 
| 178|0x000000008b200000, 0x000000008b300000, 0x000000008b300000|100%| E|CS|TAMS 0x000000008b200000, 0x000000008b200000| Complete 
| 179|0x000000008b300000, 0x000000008b3c25b0, 0x000000008b400000| 75%| S|CS|TAMS 0x000000008b300000, 0x000000008b300000| Complete 
| 180|0x000000008b400000, 0x000000008b500000, 0x000000008b500000|100%| E|CS|TAMS 0x000000008b400000, 0x000000008b400000| Complete 
| 181|0x000000008b500000, 0x000000008b600000, 0x000000008b600000|100%| E|CS|TAMS 0x000000008b500000, 0x000000008b500000| Complete 
| 182|0x000000008b600000, 0x000000008b700000, 0x000000008b700000|100%| E|CS|TAMS 0x000000008b600000, 0x000000008b600000| Complete 
| 183|0x000000008b700000, 0x000000008b800000, 0x000000008b800000|100%| E|CS|TAMS 0x000000008b700000, 0x000000008b700000| Complete 
| 184|0x000000008b800000, 0x000000008b900000, 0x000000008b900000|100%| E|CS|TAMS 0x000000008b800000, 0x000000008b800000| Complete 
| 185|0x000000008b900000, 0x000000008ba00000, 0x000000008ba00000|100%| E|CS|TAMS 0x000000008b900000, 0x000000008b900000| Complete 
| 186|0x000000008ba00000, 0x000000008bb00000, 0x000000008bb00000|100%| E|CS|TAMS 0x000000008ba00000, 0x000000008ba00000| Complete 
| 187|0x000000008bb00000, 0x000000008bc00000, 0x000000008bc00000|100%| E|CS|TAMS 0x000000008bb00000, 0x000000008bb00000| Complete 
| 188|0x000000008bc00000, 0x000000008bd00000, 0x000000008bd00000|100%| E|CS|TAMS 0x000000008bc00000, 0x000000008bc00000| Complete 
| 189|0x000000008bd00000, 0x000000008be00000, 0x000000008be00000|100%| E|CS|TAMS 0x000000008bd00000, 0x000000008bd00000| Complete 
| 190|0x000000008be00000, 0x000000008bf00000, 0x000000008bf00000|100%| E|CS|TAMS 0x000000008be00000, 0x000000008be00000| Complete 
| 191|0x000000008bf00000, 0x000000008c000000, 0x000000008c000000|100%| E|CS|TAMS 0x000000008bf00000, 0x000000008bf00000| Complete 
| 192|0x000000008c000000, 0x000000008c100000, 0x000000008c100000|100%| E|CS|TAMS 0x000000008c000000, 0x000000008c000000| Complete 
| 193|0x000000008c100000, 0x000000008c200000, 0x000000008c200000|100%| E|CS|TAMS 0x000000008c100000, 0x000000008c100000| Complete 
| 194|0x000000008c200000, 0x000000008c300000, 0x000000008c300000|100%| E|CS|TAMS 0x000000008c200000, 0x000000008c200000| Complete 
| 298|0x0000000092a00000, 0x0000000092b00000, 0x0000000092b00000|100%| E|CS|TAMS 0x0000000092a00000, 0x0000000092a00000| Complete 
| 299|0x0000000092b00000, 0x0000000092c00000, 0x0000000092c00000|100%| E|CS|TAMS 0x0000000092b00000, 0x0000000092b00000| Complete 

Card table byte_map: [0x0000023b32af0000,0x0000023b32ef0000] _byte_map_base: 0x0000023b326f0000

Marking Bits (Prev, Next): (CMBitMap*) 0x0000023b1b89c9d0, (CMBitMap*) 0x0000023b1b89ca10
 Prev Bits: [0x0000023b332f0000, 0x0000023b352f0000)
 Next Bits: [0x0000023b352f0000, 0x0000023b372f0000)

Polling page: 0x0000023b19700000

Metaspace:

Usage:
  Non-class:     62.38 MB used.
      Class:     10.10 MB used.
       Both:     72.49 MB used.

Virtual space:
  Non-class space:       64.00 MB reserved,      62.81 MB ( 98%) committed,  1 nodes.
      Class space:      416.00 MB reserved,      10.56 MB (  3%) committed,  1 nodes.
             Both:      480.00 MB reserved,      73.38 MB ( 15%) committed. 

Chunk freelists:
   Non-Class:  656.00 KB
       Class:  5.36 MB
        Both:  6.00 MB

MaxMetaspaceSize: 512.00 MB
CompressedClassSpaceSize: 416.00 MB
Initial GC threshold: 21.00 MB
Current GC threshold: 103.12 MB
CDS: on
MetaspaceReclaimPolicy: balanced
 - commit_granule_bytes: 65536.
 - commit_granule_words: 8192.
 - virtual_space_node_default_size: 8388608.
 - enlarge_chunks_in_place: 1.
 - new_chunks_are_fully_committed: 0.
 - uncommit_free_chunks: 1.
 - use_allocation_guard: 0.
 - handle_deallocations: 1.


Internal statistics:

num_allocs_failed_limit: 12.
num_arena_births: 1140.
num_arena_deaths: 0.
num_vsnodes_births: 2.
num_vsnodes_deaths: 0.
num_space_committed: 1174.
num_space_uncommitted: 0.
num_chunks_returned_to_freelist: 12.
num_chunks_taken_from_freelist: 4418.
num_chunk_merges: 12.
num_chunk_splits: 2841.
num_chunks_enlarged: 1795.
num_inconsistent_stats: 0.

CodeHeap 'non-profiled nmethods': size=120000Kb used=5762Kb max_used=6089Kb free=114238Kb
 bounds [0x0000023b2ae90000, 0x0000023b2b490000, 0x0000023b323c0000]
CodeHeap 'profiled nmethods': size=120000Kb used=18039Kb max_used=19208Kb free=101960Kb
 bounds [0x0000023b233c0000, 0x0000023b24690000, 0x0000023b2a8f0000]
CodeHeap 'non-nmethods': size=5760Kb used=2377Kb max_used=2423Kb free=3382Kb
 bounds [0x0000023b2a8f0000, 0x0000023b2ab60000, 0x0000023b2ae90000]
 total_blobs=10145 nmethods=9237 adapters=820
 compilation: enabled
              stopped_count=0, restarted_count=0
 full_count=0

Compilation events (20 events):
Event: 1002.101 Thread 0x0000023b39d39680 nmethod 10539 0x0000023b2467f610 code [0x0000023b2467f7c0, 0x0000023b2467f8e8]
Event: 1002.102 Thread 0x0000023b39d39680 10540       3       org.gradle.cache.internal.btree.BTreePersistentIndexedCache$IndexBlock::access$600 (6 bytes)
Event: 1002.103 Thread 0x0000023b39d39680 nmethod 10540 0x0000023b2467fa10 code [0x0000023b2467fbc0, 0x0000023b2467fce8]
Event: 1002.103 Thread 0x0000023b39d39680 10541       3       org.gradle.cache.internal.btree.BTreePersistentIndexedCache$DataBlock::useNewValue (57 bytes)
Event: 1002.105 Thread 0x0000023b39d39680 nmethod 10541 0x0000023b2467fe10 code [0x0000023b24680020, 0x0000023b246806a8]
Event: 1002.105 Thread 0x0000023b39d39680 10542       3       org.gradle.cache.internal.btree.BTreePersistentIndexedCache$DataBlock::setValue (45 bytes)
Event: 1002.106 Thread 0x0000023b39d39680 nmethod 10542 0x0000023b24680910 code [0x0000023b24680b40, 0x0000023b246812b8]
Event: 1002.106 Thread 0x0000023b39d39680 10543       1       org.gradle.internal.io.StreamByteBuffer::getOutputStream (5 bytes)
Event: 1002.106 Thread 0x0000023b39d39680 nmethod 10543 0x0000023b2b07ca10 code [0x0000023b2b07cba0, 0x0000023b2b07cc78]
Event: 1002.106 Thread 0x0000023b39d39680 10544       1       org.gradle.internal.io.StreamByteBuffer::access$000 (5 bytes)
Event: 1002.107 Thread 0x0000023b39d39680 nmethod 10544 0x0000023b2b07c490 code [0x0000023b2b07c620, 0x0000023b2b07c6d8]
Event: 1002.107 Thread 0x0000023b39d39680 10545       1       com.google.common.io.CountingOutputStream::getCount (5 bytes)
Event: 1002.107 Thread 0x0000023b39d39680 nmethod 10545 0x0000023b2b480c90 code [0x0000023b2b480e20, 0x0000023b2b480ef8]
Event: 1002.667 Thread 0x0000023b39d39680 10546       3       org.gradle.launcher.daemon.server.health.gc.GarbageCollectionStats::calculateAverageUsage (53 bytes)
Event: 1002.668 Thread 0x0000023b39d39680 nmethod 10546 0x0000023b24681610 code [0x0000023b24681820, 0x0000023b24681e78]
Event: 1004.112 Thread 0x0000023b39d36cb0 10547       4       com.google.common.collect.RegularImmutableMap::fromEntryArrayCheckingBucketOverflow (282 bytes)
Event: 1004.133 Thread 0x0000023b39d36cb0 nmethod 10547 0x0000023b2b480f90 code [0x0000023b2b4811a0, 0x0000023b2b481f58]
Event: 1004.926 Thread 0x0000023b39d39680 10548       1       org.gradle.kotlin.dsl.execution.Interpreter::getHost (5 bytes)
Event: 1004.926 Thread 0x0000023b39d39680 nmethod 10548 0x0000023b2b119110 code [0x0000023b2b1192a0, 0x0000023b2b119378]
Event: 1005.415 Thread 0x0000023b39d36cb0 10549       4       org.gradle.internal.time.ExponentialBackoff::retryUntil (65 bytes)

GC Heap History (20 events):
Event: 415.988 GC heap before
{Heap before GC invocations=29 (full 0):
 garbage-first heap   total 307200K, used 68426K [0x0000000080000000, 0x0000000100000000)
  region size 1024K, 15 young (15360K), 1 survivors (1024K)
 Metaspace       used 58093K, committed 58816K, reserved 491520K
  class space    used 8085K, committed 8384K, reserved 425984K
}
Event: 415.992 GC heap after
{Heap after GC invocations=30 (full 0):
 garbage-first heap   total 307200K, used 55840K [0x0000000080000000, 0x0000000100000000)
  region size 1024K, 2 young (2048K), 2 survivors (2048K)
 Metaspace       used 58093K, committed 58816K, reserved 491520K
  class space    used 8085K, committed 8384K, reserved 425984K
}
Event: 417.360 GC heap before
{Heap before GC invocations=30 (full 0):
 garbage-first heap   total 307200K, used 69152K [0x0000000080000000, 0x0000000100000000)
  region size 1024K, 15 young (15360K), 2 survivors (2048K)
 Metaspace       used 59003K, committed 59712K, reserved 491520K
  class space    used 8236K, committed 8576K, reserved 425984K
}
Event: 417.366 GC heap after
{Heap after GC invocations=31 (full 0):
 garbage-first heap   total 307200K, used 56231K [0x0000000080000000, 0x0000000100000000)
  region size 1024K, 2 young (2048K), 2 survivors (2048K)
 Metaspace       used 59003K, committed 59712K, reserved 491520K
  class space    used 8236K, committed 8576K, reserved 425984K
}
Event: 418.356 GC heap before
{Heap before GC invocations=31 (full 0):
 garbage-first heap   total 307200K, used 67495K [0x0000000080000000, 0x0000000100000000)
  region size 1024K, 14 young (14336K), 2 survivors (2048K)
 Metaspace       used 59830K, committed 60480K, reserved 491520K
  class space    used 8334K, committed 8640K, reserved 425984K
}
Event: 418.816 GC heap after
{Heap after GC invocations=32 (full 0):
 garbage-first heap   total 307200K, used 57009K [0x0000000080000000, 0x0000000100000000)
  region size 1024K, 2 young (2048K), 2 survivors (2048K)
 Metaspace       used 59830K, committed 60480K, reserved 491520K
  class space    used 8334K, committed 8640K, reserved 425984K
}
Event: 420.884 GC heap before
{Heap before GC invocations=33 (full 0):
 garbage-first heap   total 222208K, used 92849K [0x0000000080000000, 0x0000000100000000)
  region size 1024K, 37 young (37888K), 2 survivors (2048K)
 Metaspace       used 62504K, committed 63232K, reserved 491520K
  class space    used 8758K, committed 9088K, reserved 425984K
}
Event: 420.889 GC heap after
{Heap after GC invocations=34 (full 0):
 garbage-first heap   total 222208K, used 58001K [0x0000000080000000, 0x0000000100000000)
  region size 1024K, 3 young (3072K), 3 survivors (3072K)
 Metaspace       used 62504K, committed 63232K, reserved 491520K
  class space    used 8758K, committed 9088K, reserved 425984K
}
Event: 422.483 GC heap before
{Heap before GC invocations=35 (full 0):
 garbage-first heap   total 201728K, used 98961K [0x0000000080000000, 0x0000000100000000)
  region size 1024K, 43 young (44032K), 3 survivors (3072K)
 Metaspace       used 64996K, committed 65728K, reserved 491520K
  class space    used 9135K, committed 9472K, reserved 425984K
}
Event: 422.489 GC heap after
{Heap after GC invocations=36 (full 0):
 garbage-first heap   total 201728K, used 59256K [0x0000000080000000, 0x0000000100000000)
  region size 1024K, 5 young (5120K), 5 survivors (5120K)
 Metaspace       used 64996K, committed 65728K, reserved 491520K
  class space    used 9135K, committed 9472K, reserved 425984K
}
Event: 517.368 GC heap before
{Heap before GC invocations=36 (full 0):
 garbage-first heap   total 201728K, used 127864K [0x0000000080000000, 0x0000000100000000)
  region size 1024K, 72 young (73728K), 5 survivors (5120K)
 Metaspace       used 67021K, committed 67840K, reserved 491520K
  class space    used 9412K, committed 9792K, reserved 425984K
}
Event: 517.578 GC heap after
{Heap after GC invocations=37 (full 0):
 garbage-first heap   total 201728K, used 61564K [0x0000000080000000, 0x0000000100000000)
  region size 1024K, 7 young (7168K), 7 survivors (7168K)
 Metaspace       used 67021K, committed 67840K, reserved 491520K
  class space    used 9412K, committed 9792K, reserved 425984K
}
Event: 630.020 GC heap before
{Heap before GC invocations=37 (full 0):
 garbage-first heap   total 201728K, used 90236K [0x0000000080000000, 0x0000000100000000)
  region size 1024K, 36 young (36864K), 7 survivors (7168K)
 Metaspace       used 67086K, committed 67968K, reserved 491520K
  class space    used 9421K, committed 9856K, reserved 425984K
}
Event: 630.933 GC heap after
{Heap after GC invocations=38 (full 0):
 garbage-first heap   total 201728K, used 62333K [0x0000000080000000, 0x0000000100000000)
  region size 1024K, 4 young (4096K), 4 survivors (4096K)
 Metaspace       used 67086K, committed 67968K, reserved 491520K
  class space    used 9421K, committed 9856K, reserved 425984K
}
Event: 653.509 GC heap before
{Heap before GC invocations=38 (full 0):
 garbage-first heap   total 201728K, used 67453K [0x0000000080000000, 0x0000000100000000)
  region size 1024K, 9 young (9216K), 4 survivors (4096K)
 Metaspace       used 67201K, committed 68032K, reserved 491520K
  class space    used 9425K, committed 9856K, reserved 425984K
}
Event: 653.556 GC heap after
{Heap after GC invocations=39 (full 0):
 garbage-first heap   total 201728K, used 62569K [0x0000000080000000, 0x0000000100000000)
  region size 1024K, 1 young (1024K), 1 survivors (1024K)
 Metaspace       used 67201K, committed 68032K, reserved 491520K
  class space    used 9425K, committed 9856K, reserved 425984K
}
Event: 870.334 GC heap before
{Heap before GC invocations=39 (full 0):
 garbage-first heap   total 201728K, used 116841K [0x0000000080000000, 0x0000000100000000)
  region size 1024K, 54 young (55296K), 1 survivors (1024K)
 Metaspace       used 69914K, committed 70784K, reserved 491520K
  class space    used 9771K, committed 10176K, reserved 425984K
}
Event: 870.681 GC heap after
{Heap after GC invocations=40 (full 0):
 garbage-first heap   total 201728K, used 64009K [0x0000000080000000, 0x0000000100000000)
  region size 1024K, 3 young (3072K), 3 survivors (3072K)
 Metaspace       used 69914K, committed 70784K, reserved 491520K
  class space    used 9771K, committed 10176K, reserved 425984K
}
Event: 882.702 GC heap before
{Heap before GC invocations=40 (full 0):
 garbage-first heap   total 201728K, used 80393K [0x0000000080000000, 0x0000000100000000)
  region size 1024K, 20 young (20480K), 3 survivors (3072K)
 Metaspace       used 71256K, committed 72128K, reserved 491520K
  class space    used 9950K, committed 10368K, reserved 425984K
}
Event: 882.793 GC heap after
{Heap after GC invocations=41 (full 0):
 garbage-first heap   total 201728K, used 64693K [0x0000000080000000, 0x0000000100000000)
  region size 1024K, 1 young (1024K), 1 survivors (1024K)
 Metaspace       used 71256K, committed 72128K, reserved 491520K
  class space    used 9950K, committed 10368K, reserved 425984K
}

Dll operation events (15 events):
Event: 0.446 Loaded shared library C:\Program Files\Eclipse Adoptium\jdk-17.0.19.10-hotspot\bin\java.dll
Event: 1.059 Loaded shared library C:\Program Files\Eclipse Adoptium\jdk-17.0.19.10-hotspot\bin\jsvml.dll
Event: 1.479 Loaded shared library C:\Program Files\Eclipse Adoptium\jdk-17.0.19.10-hotspot\bin\zip.dll
Event: 1.481 Loaded shared library C:\Program Files\Eclipse Adoptium\jdk-17.0.19.10-hotspot\bin\instrument.dll
Event: 1.489 Loaded shared library C:\Program Files\Eclipse Adoptium\jdk-17.0.19.10-hotspot\bin\net.dll
Event: 1.493 Loaded shared library C:\Program Files\Eclipse Adoptium\jdk-17.0.19.10-hotspot\bin\nio.dll
Event: 1.496 Loaded shared library C:\Program Files\Eclipse Adoptium\jdk-17.0.19.10-hotspot\bin\zip.dll
Event: 3.539 Loaded shared library C:\Program Files\Eclipse Adoptium\jdk-17.0.19.10-hotspot\bin\jimage.dll
Event: 4.670 Loaded shared library C:\Program Files\Eclipse Adoptium\jdk-17.0.19.10-hotspot\bin\verify.dll
Event: 5.038 Loaded shared library C:\Users\USER\.gradle\native\1def1411415f61bf3af743bc5b6707747c0891f09f0c88961ee8f79bc544acac\windows-amd64\native-platform.dll
Event: 5.085 Loaded shared library C:\Users\USER\.gradle\native\0.2.7\x86_64-windows-gnu\gradle-fileevents.dll
Event: 12.789 Loaded shared library C:\Program Files\Eclipse Adoptium\jdk-17.0.19.10-hotspot\bin\management.dll
Event: 12.898 Loaded shared library C:\Program Files\Eclipse Adoptium\jdk-17.0.19.10-hotspot\bin\management_ext.dll
Event: 19.350 Loaded shared library C:\Program Files\Eclipse Adoptium\jdk-17.0.19.10-hotspot\bin\extnet.dll
Event: 22.981 Loaded shared library C:\Program Files\Eclipse Adoptium\jdk-17.0.19.10-hotspot\bin\sunmscapi.dll

Deoptimization events (20 events):
Event: 988.063 Thread 0x0000023b5bb38570 Uncommon trap: reason=profile_predicate action=maybe_recompile pc=0x0000023b2b463bf0 method=org.gradle.tooling.internal.provider.runner.ClientBuildEventGenerator.started(Lorg/gradle/internal/operations/BuildOperationDescriptor;Lorg/gradle/internal/operati
Event: 988.063 Thread 0x0000023b590ec300 Uncommon trap: reason=profile_predicate action=maybe_recompile pc=0x0000023b2b463bf0 method=org.gradle.tooling.internal.provider.runner.ClientBuildEventGenerator.started(Lorg/gradle/internal/operations/BuildOperationDescriptor;Lorg/gradle/internal/operati
Event: 988.063 Thread 0x0000023b590ec300 DEOPT PACKING pc=0x0000023b2b463bf0 sp=0x00000088dbef53f0
Event: 988.063 Thread 0x0000023b5bb38570 DEOPT PACKING pc=0x0000023b2b463bf0 sp=0x00000088e0cfea00
Event: 988.063 Thread 0x0000023b590ec300 DEOPT UNPACKING pc=0x0000023b2a9469a3 sp=0x00000088dbef53a8 mode 2
Event: 988.063 Thread 0x0000023b590ec300 Uncommon trap: trap_request=0xffffffbe fr.pc=0x0000023b2b463bf0 relative=0x0000000000000bb0
Event: 988.063 Thread 0x0000023b590ec300 Uncommon trap: reason=profile_predicate action=maybe_recompile pc=0x0000023b2b463bf0 method=org.gradle.tooling.internal.provider.runner.ClientBuildEventGenerator.started(Lorg/gradle/internal/operations/BuildOperationDescriptor;Lorg/gradle/internal/operati
Event: 988.064 Thread 0x0000023b5bb38570 DEOPT UNPACKING pc=0x0000023b2a9469a3 sp=0x00000088e0cfe9b8 mode 2
Event: 988.064 Thread 0x0000023b590ec300 DEOPT PACKING pc=0x0000023b2b463bf0 sp=0x00000088dbef53f0
Event: 988.064 Thread 0x0000023b590ec300 DEOPT UNPACKING pc=0x0000023b2a9469a3 sp=0x00000088dbef53a8 mode 2
Event: 989.663 Thread 0x0000023b590ec300 DEOPT PACKING pc=0x0000023b23b08611 sp=0x00000088dbef3e20
Event: 989.663 Thread 0x0000023b590ec300 DEOPT UNPACKING pc=0x0000023b2a947143 sp=0x00000088dbef3310 mode 0
Event: 990.053 Thread 0x0000023b590ec300 DEOPT PACKING pc=0x0000023b2374295e sp=0x00000088dbef56a0
Event: 990.053 Thread 0x0000023b590ec300 DEOPT UNPACKING pc=0x0000023b2a947143 sp=0x00000088dbef4b68 mode 0
Event: 1000.108 Thread 0x0000023b590ea9b0 DEOPT PACKING pc=0x0000023b23494e6f sp=0x00000088dc4fe700
Event: 1000.393 Thread 0x0000023b590ea9b0 DEOPT UNPACKING pc=0x0000023b2a947143 sp=0x00000088dc4fdd10 mode 0
Event: 1001.762 Thread 0x0000023b590ec300 Uncommon trap: trap_request=0xffffffd6 fr.pc=0x0000023b2b4603f8 relative=0x00000000000008b8
Event: 1001.869 Thread 0x0000023b590ec300 Uncommon trap: reason=array_check action=maybe_recompile pc=0x0000023b2b4603f8 method=java.util.TimSort.binarySort([Ljava/lang/Object;IIILjava/util/Comparator;)V @ 183 c2
Event: 1001.869 Thread 0x0000023b590ec300 DEOPT PACKING pc=0x0000023b2b4603f8 sp=0x00000088dbef61c0
Event: 1001.869 Thread 0x0000023b590ec300 DEOPT UNPACKING pc=0x0000023b2a9469a3 sp=0x00000088dbef6158 mode 2

Classes loaded (20 events):
Event: 420.571 Loading class com/sun/org/apache/xerces/internal/jaxp/DocumentBuilderFactoryImpl
Event: 420.571 Loading class com/sun/org/apache/xerces/internal/jaxp/DocumentBuilderFactoryImpl done
Event: 420.665 Loading class java/util/regex/Pattern$SliceI
Event: 420.666 Loading class java/util/regex/Pattern$SliceI done
Event: 421.168 Loading class java/lang/Character$UnicodeBlock
Event: 421.174 Loading class java/lang/Character$Subset
Event: 421.174 Loading class java/lang/Character$Subset done
Event: 421.174 Loading class java/lang/Character$UnicodeBlock done
Event: 439.196 Loading class jdk/internal/access/foreign/MemorySegmentProxy
Event: 439.273 Loading class jdk/internal/access/foreign/MemorySegmentProxy done
Event: 684.360 Loading class java/lang/AbstractMethodError
Event: 684.416 Loading class java/lang/AbstractMethodError done
Event: 949.789 Loading class sun/reflect/annotation/AnnotationInvocationHandler$1
Event: 950.016 Loading class sun/reflect/annotation/AnnotationInvocationHandler$1 done
Event: 962.018 Loading class java/util/stream/ReduceOps$5
Event: 962.043 Loading class java/util/stream/ReduceOps$5 done
Event: 962.044 Loading class java/util/stream/ReduceOps$CountingSink$OfRef
Event: 962.046 Loading class java/util/stream/ReduceOps$CountingSink
Event: 962.060 Loading class java/util/stream/ReduceOps$CountingSink done
Event: 962.061 Loading class java/util/stream/ReduceOps$CountingSink$OfRef done

Classes unloaded (0 events):
No events

Classes redefined (0 events):
No events

Internal exceptions (20 events):
Event: 852.224 Thread 0x0000023b590ec300 Exception <a 'java/lang/NoSuchMethodError'{0x000000008a316758}: static Lorg/jetbrains/kotlin/gradle/plugin/internal/DefaultCompatibilityConventionRegistrar$Factory;.<clinit>()V> (0x000000008a316758) 
thrown [s\src\hotspot\share\prims\jni.cpp, line 1112]
Event: 852.288 Thread 0x0000023b590ec300 Exception <a 'java/lang/NoSuchMethodError'{0x000000008a332ad0}: static Lorg/jetbrains/kotlin/gradle/plugin/internal/DefaultConfigurationCacheStartParameterAccessorVariantFactory;.<clinit>()V> (0x000000008a332ad0) 
thrown [s\src\hotspot\share\prims\jni.cpp, line 1112]
Event: 856.453 Thread 0x0000023b590ec300 Exception <a 'java/lang/NoSuchMethodError'{0x0000000089fec8c0}: static Ljava/lang/Object;.<clinit>()V> (0x0000000089fec8c0) 
thrown [s\src\hotspot\share\prims\jni.cpp, line 1112]
Event: 857.145 Thread 0x0000023b590ec300 Exception <a 'java/lang/NoSuchMethodError'{0x0000000089e3ee28}: static Lorg/jetbrains/kotlin/gradle/plugin/statistics/MetricContainer;.<clinit>()V> (0x0000000089e3ee28) 
thrown [s\src\hotspot\share\prims\jni.cpp, line 1112]
Event: 896.489 Thread 0x0000023b590ec300 Exception <a 'java/lang/ClassNotFoundException'{0x000000008bc27aa8}: org/jetbrains/kotlin/gradle/targets/js/npm/DefaultNpmDependencyExtensionBeanInfo> (0x000000008bc27aa8) 
thrown [s\src\hotspot\share\classfile\systemDictionary.cpp, line 256]
Event: 896.623 Thread 0x0000023b590ec300 Exception <a 'java/lang/ClassNotFoundException'{0x000000008bc30a50}: org/jetbrains/kotlin/gradle/targets/js/npm/DefaultNpmDependencyExtensionCustomizer> (0x000000008bc30a50) 
thrown [s\src\hotspot\share\classfile\systemDictionary.cpp, line 256]
Event: 897.192 Thread 0x0000023b590ec300 Exception <a 'java/lang/ClassNotFoundException'{0x000000008bcbb678}: org/jetbrains/kotlin/gradle/targets/js/npm/NpmDependencyExtensionKt$defaultNpmDependencyDelegate$1BeanInfo> (0x000000008bcbb678) 
thrown [s\src\hotspot\share\classfile\systemDictionary.cpp, line 256]
Event: 897.192 Thread 0x0000023b590ec300 Exception <a 'java/lang/ClassNotFoundException'{0x000000008bcc4668}: org/jetbrains/kotlin/gradle/targets/js/npm/NpmDependencyExtensionDelegateBeanInfo> (0x000000008bcc4668) 
thrown [s\src\hotspot\share\classfile\systemDictionary.cpp, line 256]
Event: 897.193 Thread 0x0000023b590ec300 Exception <a 'java/lang/ClassNotFoundException'{0x000000008bccd620}: org/jetbrains/kotlin/gradle/targets/js/npm/NpmDependencyExtensionDelegateCustomizer> (0x000000008bccd620) 
thrown [s\src\hotspot\share\classfile\systemDictionary.cpp, line 256]
Event: 897.210 Thread 0x0000023b590ec300 Exception <a 'java/lang/ClassNotFoundException'{0x000000008bcfe048}: org/jetbrains/kotlin/gradle/targets/js/npm/NpmDependencyExtensionKt$defaultNpmDependencyDelegate$1Customizer> (0x000000008bcfe048) 
thrown [s\src\hotspot\share\classfile\systemDictionary.cpp, line 256]
Event: 897.253 Thread 0x0000023b590ec300 Exception <a 'java/lang/ClassNotFoundException'{0x000000008bb36b70}: org/jetbrains/kotlin/gradle/targets/js/npm/DefaultDevNpmDependencyExtensionBeanInfo> (0x000000008bb36b70) 
thrown [s\src\hotspot\share\classfile\systemDictionary.cpp, line 256]
Event: 897.253 Thread 0x0000023b590ec300 Exception <a 'java/lang/ClassNotFoundException'{0x000000008bb3fb28}: org/jetbrains/kotlin/gradle/targets/js/npm/DefaultDevNpmDependencyExtensionCustomizer> (0x000000008bb3fb28) 
thrown [s\src\hotspot\share\classfile\systemDictionary.cpp, line 256]
Event: 897.286 Thread 0x0000023b590ec300 Exception <a 'java/lang/ClassNotFoundException'{0x000000008bb83208}: org/jetbrains/kotlin/gradle/targets/js/npm/DefaultPeerNpmDependencyExtensionBeanInfo> (0x000000008bb83208) 
thrown [s\src\hotspot\share\classfile\systemDictionary.cpp, line 256]
Event: 897.286 Thread 0x0000023b590ec300 Exception <a 'java/lang/ClassNotFoundException'{0x000000008bb8c1c8}: org/jetbrains/kotlin/gradle/targets/js/npm/DefaultPeerNpmDependencyExtensionCustomizer> (0x000000008bb8c1c8) 
thrown [s\src\hotspot\share\classfile\systemDictionary.cpp, line 256]
Event: 897.317 Thread 0x0000023b590ec300 Exception <a 'java/lang/ClassNotFoundException'{0x000000008bbd7db0}: org/jetbrains/kotlin/gradle/targets/js/npm/DefaultPeerNpmDependencyExtension$delegate$1BeanInfo> (0x000000008bbd7db0) 
thrown [s\src\hotspot\share\classfile\systemDictionary.cpp, line 256]
Event: 897.318 Thread 0x0000023b590ec300 Exception <a 'java/lang/ClassNotFoundException'{0x000000008bbe0e68}: org/jetbrains/kotlin/gradle/targets/js/npm/DefaultPeerNpmDependencyExtension$delegate$1Customizer> (0x000000008bbe0e68) 
thrown [s\src\hotspot\share\classfile\systemDictionary.cpp, line 256]
Event: 988.061 Thread 0x0000023b5bb38570 Implicit null exception at 0x0000023b2b4633be to 0x0000023b2b463bdc
Event: 988.061 Thread 0x0000023b590ec300 Implicit null exception at 0x0000023b2b4633be to 0x0000023b2b463bdc
Event: 988.061 Thread 0x0000023b5bb38570 Implicit null exception at 0x0000023b2b4633be to 0x0000023b2b463bdc
Event: 988.063 Thread 0x0000023b590ec300 Implicit null exception at 0x0000023b2b4633be to 0x0000023b2b463bdc

VM Operations (20 events):
Event: 993.092 Executing VM operation: Cleanup
Event: 993.123 Executing VM operation: Cleanup done
Event: 994.123 Executing VM operation: Cleanup
Event: 994.138 Executing VM operation: Cleanup done
Event: 995.140 Executing VM operation: Cleanup
Event: 995.140 Executing VM operation: Cleanup done
Event: 998.159 Executing VM operation: Cleanup
Event: 998.160 Executing VM operation: Cleanup done
Event: 1000.158 Executing VM operation: HandshakeAllThreads
Event: 1000.423 Executing VM operation: HandshakeAllThreads done
Event: 1001.433 Executing VM operation: Cleanup
Event: 1001.450 Executing VM operation: Cleanup done
Event: 1002.466 Executing VM operation: Cleanup
Event: 1002.466 Executing VM operation: Cleanup done
Event: 1003.472 Executing VM operation: Cleanup
Event: 1003.472 Executing VM operation: Cleanup done
Event: 1004.133 Executing VM operation: HandshakeAllThreads
Event: 1004.465 Executing VM operation: HandshakeAllThreads done
Event: 1005.475 Executing VM operation: Cleanup
Event: 1005.491 Executing VM operation: Cleanup done

Memory protections (0 events):
No events

Nmethod flushes (20 events):
Event: 1004.509 Thread 0x0000023b59030430 flushing  nmethod 0x0000023b23dd5210
Event: 1004.509 Thread 0x0000023b59030430 flushing  nmethod 0x0000023b23de9290
Event: 1004.509 Thread 0x0000023b59030430 flushing  nmethod 0x0000023b23e3dc10
Event: 1004.509 Thread 0x0000023b59030430 flushing  nmethod 0x0000023b23e40310
Event: 1004.509 Thread 0x0000023b59030430 flushing  nmethod 0x0000023b23e40810
Event: 1004.510 Thread 0x0000023b59030430 flushing  nmethod 0x0000023b23e40e10
Event: 1004.510 Thread 0x0000023b59030430 flushing  nmethod 0x0000023b23e43090
Event: 1004.510 Thread 0x0000023b59030430 flushing  nmethod 0x0000023b23e7a790
Event: 1004.510 Thread 0x0000023b59030430 flushing  nmethod 0x0000023b23e81290
Event: 1004.510 Thread 0x0000023b59030430 flushing  nmethod 0x0000023b23ea4290
Event: 1004.510 Thread 0x0000023b59030430 flushing  nmethod 0x0000023b23ea4690
Event: 1004.510 Thread 0x0000023b59030430 flushing  nmethod 0x0000023b23ea4b90
Event: 1004.510 Thread 0x0000023b59030430 flushing  nmethod 0x0000023b23ea5490
Event: 1004.511 Thread 0x0000023b59030430 flushing  nmethod 0x0000023b23ea5c10
Event: 1004.511 Thread 0x0000023b59030430 flushing  nmethod 0x0000023b23ea6110
Event: 1004.511 Thread 0x0000023b59030430 flushing  nmethod 0x0000023b23ea9490
Event: 1004.511 Thread 0x0000023b59030430 flushing  nmethod 0x0000023b23f17a90
Event: 1004.511 Thread 0x0000023b59030430 flushing  nmethod 0x0000023b23f1a610
Event: 1004.512 Thread 0x0000023b59030430 flushing  nmethod 0x0000023b23f75c10
Event: 1004.512 Thread 0x0000023b59030430 flushing  nmethod 0x0000023b23f7ee10

Events (20 events):
Event: 978.173 Thread 0x0000023b590ec300 Thread added: 0x0000023b5dab7fb0
Event: 978.201 Thread 0x0000023b590ec300 Thread added: 0x0000023b5dab7aa0
Event: 978.703 Thread 0x0000023b590ec300 Thread added: 0x0000023b5dab6150
Event: 978.746 Thread 0x0000023b590ec300 Thread added: 0x0000023b5dab84c0
Event: 978.771 Thread 0x0000023b590ec300 Thread added: 0x0000023b5dab5730
Event: 978.809 Thread 0x0000023b590ec300 Thread added: 0x0000023b5dab89d0
Event: 985.076 Thread 0x0000023b590ec300 Thread added: 0x0000023b5dab5220
Event: 985.174 Thread 0x0000023b590ec300 Thread added: 0x0000023b5dab5c40
Event: 985.192 Thread 0x0000023b590ec300 Thread added: 0x0000023b5dab6b70
Event: 985.235 Thread 0x0000023b590ec300 Thread added: 0x0000023b5dab7080
Event: 985.252 Thread 0x0000023b590ec300 Thread added: 0x0000023b5bb3adf0
Event: 985.279 Thread 0x0000023b590ec300 Thread added: 0x0000023b5bb38f90
Event: 985.318 Thread 0x0000023b590ec300 Thread added: 0x0000023b5bb38060
Event: 987.938 Thread 0x0000023b590ec300 Thread added: 0x0000023b5bb3b810
Event: 987.941 Thread 0x0000023b590ec300 Thread added: 0x0000023b5bb38a80
Event: 987.975 Thread 0x0000023b590ec300 Thread added: 0x0000023b5bb3b300
Event: 987.975 Thread 0x0000023b590ec300 Thread added: 0x0000023b5bb3bd20
Event: 987.998 Thread 0x0000023b590ec300 Thread added: 0x0000023b5bb3a3d0
Event: 988.000 Thread 0x0000023b590ec300 Thread added: 0x0000023b5bb38570
Event: 988.060 Thread 0x0000023b590ec300 Thread added: 0x0000023b5bb3a8e0


Dynamic libraries:
0x00007ff6ce910000 - 0x00007ff6ce91e000 	C:\Program Files\Eclipse Adoptium\jdk-17.0.19.10-hotspot\bin\java.exe
0x00007ffa60140000 - 0x00007ffa603a6000 	C:\WINDOWS\SYSTEM32\ntdll.dll
0x00007ffa5f100000 - 0x00007ffa5f1c9000 	C:\WINDOWS\System32\KERNEL32.DLL
0x00007ffa5d5b0000 - 0x00007ffa5d9aa000 	C:\WINDOWS\System32\KERNELBASE.dll
0x00007ffa5d460000 - 0x00007ffa5d5ac000 	C:\WINDOWS\System32\ucrtbase.dll
0x00007ffa38040000 - 0x00007ffa38058000 	C:\Program Files\Eclipse Adoptium\jdk-17.0.19.10-hotspot\bin\jli.dll
0x00007ffa5fea0000 - 0x00007ffa60067000 	C:\WINDOWS\System32\USER32.dll
0x00007ffa5de80000 - 0x00007ffa5dea7000 	C:\WINDOWS\System32\win32u.dll
0x00007ffa5f280000 - 0x00007ffa5f2ab000 	C:\WINDOWS\System32\GDI32.dll
0x00007ffa5dc90000 - 0x00007ffa5ddbb000 	C:\WINDOWS\System32\gdi32full.dll
0x00007ffa5dbe0000 - 0x00007ffa5dc83000 	C:\WINDOWS\System32\msvcp_win.dll
0x00007ffa3f680000 - 0x00007ffa3f912000 	C:\WINDOWS\WinSxS\amd64_microsoft.windows.common-controls_6595b64144ccf1df_6.0.26100.8521_none_3e08b75ce33403b3\COMCTL32.dll
0x00007ffa5deb0000 - 0x00007ffa5df59000 	C:\WINDOWS\System32\msvcrt.dll
0x00007ffa38020000 - 0x00007ffa3803e000 	C:\Program Files\Eclipse Adoptium\jdk-17.0.19.10-hotspot\bin\VCRUNTIME140.dll
0x00007ffa5fc60000 - 0x00007ffa5fc92000 	C:\WINDOWS\System32\IMM32.DLL
0x00007ffa38010000 - 0x00007ffa3801c000 	C:\Program Files\Eclipse Adoptium\jdk-17.0.19.10-hotspot\bin\vcruntime140_1.dll
0x00007ffa1f700000 - 0x00007ffa1f78d000 	C:\Program Files\Eclipse Adoptium\jdk-17.0.19.10-hotspot\bin\msvcp140.dll
0x00007ff96b680000 - 0x00007ff96c2ec000 	C:\Program Files\Eclipse Adoptium\jdk-17.0.19.10-hotspot\bin\server\jvm.dll
0x00007ffa5fba0000 - 0x00007ffa5fc56000 	C:\WINDOWS\System32\ADVAPI32.dll
0x00007ffa5f1d0000 - 0x00007ffa5f27a000 	C:\WINDOWS\System32\sechost.dll
0x00007ffa5ed80000 - 0x00007ffa5ee98000 	C:\WINDOWS\System32\RPCRT4.dll
0x00007ffa60070000 - 0x00007ffa600f0000 	C:\WINDOWS\System32\WS2_32.dll
0x00007ffa5d230000 - 0x00007ffa5d28e000 	C:\WINDOWS\SYSTEM32\POWRPROF.dll
0x00007ffa54dd0000 - 0x00007ffa54e06000 	C:\WINDOWS\SYSTEM32\WINMM.dll
0x00007ffa4bf90000 - 0x00007ffa4bf9b000 	C:\WINDOWS\SYSTEM32\VERSION.dll
0x00007ffa5d210000 - 0x00007ffa5d224000 	C:\WINDOWS\SYSTEM32\UMPDC.dll
0x00007ffa5c160000 - 0x00007ffa5c17b000 	C:\WINDOWS\SYSTEM32\kernel.appcore.dll
0x00007ffa38000000 - 0x00007ffa3800a000 	C:\Program Files\Eclipse Adoptium\jdk-17.0.19.10-hotspot\bin\jimage.dll
0x00007ffa40390000 - 0x00007ffa405d2000 	C:\WINDOWS\SYSTEM32\DBGHELP.DLL
0x00007ffa5e1e0000 - 0x00007ffa5e563000 	C:\WINDOWS\System32\combase.dll
0x00007ffa5e040000 - 0x00007ffa5e119000 	C:\WINDOWS\System32\OLEAUT32.dll
0x00007ffa36930000 - 0x00007ffa3696b000 	C:\WINDOWS\SYSTEM32\dbgcore.DLL
0x00007ffa5d9b0000 - 0x00007ffa5da58000 	C:\WINDOWS\System32\bcryptPrimitives.dll
0x00007ffa292d0000 - 0x00007ffa292de000 	C:\Program Files\Eclipse Adoptium\jdk-17.0.19.10-hotspot\bin\instrument.dll
0x00007ffa1f6d0000 - 0x00007ffa1f6f5000 	C:\Program Files\Eclipse Adoptium\jdk-17.0.19.10-hotspot\bin\java.dll
0x00007ff9e45c0000 - 0x00007ff9e4697000 	C:\Program Files\Eclipse Adoptium\jdk-17.0.19.10-hotspot\bin\jsvml.dll
0x00007ffa5f390000 - 0x00007ffa5fb14000 	C:\WINDOWS\System32\SHELL32.dll
0x00007ffa5afb0000 - 0x00007ffa5b830000 	C:\WINDOWS\SYSTEM32\windows.storage.dll
0x00007ffa5e7f0000 - 0x00007ffa5e8e6000 	C:\WINDOWS\System32\SHCORE.dll
0x00007ffa5fb20000 - 0x00007ffa5fb87000 	C:\WINDOWS\System32\shlwapi.dll
0x00007ffa5d2f0000 - 0x00007ffa5d319000 	C:\WINDOWS\SYSTEM32\profapi.dll
0x00007ffa1f6b0000 - 0x00007ffa1f6c8000 	C:\Program Files\Eclipse Adoptium\jdk-17.0.19.10-hotspot\bin\zip.dll
0x00007ffa1e810000 - 0x00007ffa1e82a000 	C:\Program Files\Eclipse Adoptium\jdk-17.0.19.10-hotspot\bin\net.dll
0x00007ffa4f1b0000 - 0x00007ffa4f2d9000 	C:\WINDOWS\SYSTEM32\WINHTTP.dll
0x00007ffa5c6d0000 - 0x00007ffa5c73c000 	C:\WINDOWS\system32\mswsock.dll
0x00007ffa1c380000 - 0x00007ffa1c396000 	C:\Program Files\Eclipse Adoptium\jdk-17.0.19.10-hotspot\bin\nio.dll
0x00007ffa28f60000 - 0x00007ffa28f70000 	C:\Program Files\Eclipse Adoptium\jdk-17.0.19.10-hotspot\bin\verify.dll
0x00007ff9c4460000 - 0x00007ff9c4487000 	C:\Users\USER\.gradle\native\1def1411415f61bf3af743bc5b6707747c0891f09f0c88961ee8f79bc544acac\windows-amd64\native-platform.dll
0x00007ff9a2ec0000 - 0x00007ff9a2f38000 	C:\Users\USER\.gradle\native\0.2.7\x86_64-windows-gnu\gradle-fileevents.dll
0x00007ffa28e20000 - 0x00007ffa28e2a000 	C:\Program Files\Eclipse Adoptium\jdk-17.0.19.10-hotspot\bin\management.dll
0x00007ffa1f6a0000 - 0x00007ffa1f6ac000 	C:\Program Files\Eclipse Adoptium\jdk-17.0.19.10-hotspot\bin\management_ext.dll
0x00007ffa5e030000 - 0x00007ffa5e038000 	C:\WINDOWS\System32\PSAPI.DLL
0x00007ffa5bb00000 - 0x00007ffa5bb33000 	C:\WINDOWS\SYSTEM32\IPHLPAPI.DLL
0x00007ffa5e570000 - 0x00007ffa5e57a000 	C:\WINDOWS\System32\NSI.dll
0x00007ffa546d0000 - 0x00007ffa546ed000 	C:\WINDOWS\SYSTEM32\dhcpcsvc6.DLL
0x00007ffa54720000 - 0x00007ffa54745000 	C:\WINDOWS\SYSTEM32\dhcpcsvc.DLL
0x00007ffa5bb40000 - 0x00007ffa5bc8a000 	C:\WINDOWS\SYSTEM32\DNSAPI.dll
0x00007ffa5c4f0000 - 0x00007ffa5c4fd000 	C:\WINDOWS\SYSTEM32\DSPARSE.dll
0x00007ffa1e9b0000 - 0x00007ffa1e9b9000 	C:\Program Files\Eclipse Adoptium\jdk-17.0.19.10-hotspot\bin\extnet.dll
0x00007ffa5c9b0000 - 0x00007ffa5c9cb000 	C:\WINDOWS\SYSTEM32\CRYPTSP.dll
0x00007ffa5c0c0000 - 0x00007ffa5c0f9000 	C:\WINDOWS\system32\rsaenh.dll
0x00007ffa5c780000 - 0x00007ffa5c7b3000 	C:\WINDOWS\SYSTEM32\USERENV.dll
0x00007ffa5d2c0000 - 0x00007ffa5d2ea000 	C:\WINDOWS\SYSTEM32\bcrypt.dll
0x00007ffa5c9d0000 - 0x00007ffa5c9dc000 	C:\WINDOWS\SYSTEM32\CRYPTBASE.dll
0x00007ffa1e800000 - 0x00007ffa1e80e000 	C:\Program Files\Eclipse Adoptium\jdk-17.0.19.10-hotspot\bin\sunmscapi.dll
0x00007ffa5da60000 - 0x00007ffa5dbd8000 	C:\WINDOWS\System32\CRYPT32.dll
0x00007ffa5cbd0000 - 0x00007ffa5cc00000 	C:\WINDOWS\SYSTEM32\ncrypt.dll
0x00007ffa5cb80000 - 0x00007ffa5cbbf000 	C:\WINDOWS\SYSTEM32\NTASN1.dll
0x00007ffa31770000 - 0x00007ffa31778000 	C:\WINDOWS\system32\wshunix.dll

dbghelp: loaded successfully - version: 4.0.5 - missing functions: none
symbol engine: initialized successfully - sym options: 0x614 - pdb path: .;C:\Program Files\Eclipse Adoptium\jdk-17.0.19.10-hotspot\bin;C:\WINDOWS\SYSTEM32;C:\WINDOWS\WinSxS\amd64_microsoft.windows.common-controls_6595b64144ccf1df_6.0.26100.8521_none_3e08b75ce33403b3;C:\Program Files\Eclipse Adoptium\jdk-17.0.19.10-hotspot\bin\server;C:\Users\USER\.gradle\native\1def1411415f61bf3af743bc5b6707747c0891f09f0c88961ee8f79bc544acac\windows-amd64;C:\Users\USER\.gradle\native\0.2.7\x86_64-windows-gnu

VM Arguments:
jvm_args: --add-opens=java.base/java.lang=ALL-UNNAMED --add-opens=java.base/java.lang.invoke=ALL-UNNAMED --add-opens=java.base/java.util=ALL-UNNAMED --add-opens=java.prefs/java.util.prefs=ALL-UNNAMED --add-exports=jdk.compiler/com.sun.tools.javac.api=ALL-UNNAMED --add-exports=jdk.compiler/com.sun.tools.javac.util=ALL-UNNAMED --add-opens=java.base/java.util=ALL-UNNAMED --add-opens=java.prefs/java.util.prefs=ALL-UNNAMED --add-opens=java.base/java.nio.charset=ALL-UNNAMED --add-opens=java.base/java.net=ALL-UNNAMED --add-opens=java.base/java.util.concurrent.atomic=ALL-UNNAMED --add-opens=java.xml/javax.xml.namespace=ALL-UNNAMED -XX:MaxMetaspaceSize=512m -Xmx2048m -Dfile.encoding=UTF-8 -Duser.country=ZW -Duser.language=en -Duser.variant -javaagent:C:\Users\USER\.gradle\wrapper\dists\gradle-8.14.3-bin\cv11ve7ro1n3o1j4so8xd9n66\gradle-8.14.3\lib\agents\gradle-instrumentation-agent-8.14.3.jar 
java_command: org.gradle.launcher.daemon.bootstrap.GradleDaemon 8.14.3
java_class_path (initial): C:\Users\USER\.gradle\wrapper\dists\gradle-8.14.3-bin\cv11ve7ro1n3o1j4so8xd9n66\gradle-8.14.3\lib\gradle-daemon-main-8.14.3.jar
Launcher Type: SUN_STANDARD

[Global flags]
     intx CICompilerCount                          = 4                                         {product} {ergonomic}
   size_t CompressedClassSpaceSize                 = 436207616                                 {product} {ergonomic}
     uint ConcGCThreads                            = 2                                         {product} {ergonomic}
     uint G1ConcRefinementThreads                  = 8                                         {product} {ergonomic}
   size_t G1HeapRegionSize                         = 1048576                                   {product} {ergonomic}
    uintx GCDrainStackTargetSize                   = 64                                        {product} {ergonomic}
   size_t InitialHeapSize                          = 130023424                                 {product} {ergonomic}
   size_t MarkStackSize                            = 4194304                                   {product} {ergonomic}
   size_t MaxHeapSize                              = 2147483648                                {product} {command line}
   size_t MaxMetaspaceSize                         = 536870912                                 {product} {command line}
   size_t MaxNewSize                               = 1287651328                                {product} {ergonomic}
   size_t MinHeapDeltaBytes                        = 1048576                                   {product} {ergonomic}
   size_t MinHeapSize                              = 8388608                                   {product} {ergonomic}
    uintx NonNMethodCodeHeapSize                   = 5839372                                {pd product} {ergonomic}
    uintx NonProfiledCodeHeapSize                  = 122909434                              {pd product} {ergonomic}
    uintx ProfiledCodeHeapSize                     = 122909434                              {pd product} {ergonomic}
    uintx ReservedCodeCacheSize                    = 251658240                              {pd product} {ergonomic}
     bool SegmentedCodeCache                       = true                                      {product} {ergonomic}
   size_t SoftMaxHeapSize                          = 2147483648                             {manageable} {ergonomic}
     bool UseCompressedClassPointers               = true                           {product lp64_product} {ergonomic}
     bool UseCompressedOops                        = true                           {product lp64_product} {ergonomic}
     bool UseG1GC                                  = true                                      {product} {ergonomic}
     bool UseLargePagesIndividualAllocation        = false                                  {pd product} {ergonomic}

Logging:
Log output configuration:
 #0: stdout all=warning uptime,level,tags
 #1: stderr all=off uptime,level,tags

Environment Variables:
JAVA_HOME=C:\Program Files\Android\Android Studio\jbr
PATH=C:\Program Files\Eclipse Adoptium\jdk-17.0.19.10-hotspot\bin;C:\Program Files (x86)\Common Files\Intel\Shared Libraries\redist\intel64\compiler;C:\Program Files\Eclipse Adoptium\jdk-25.0.0.36-hotspot\bin;C:\Program Files (x86)\Common Files\Intel\Shared Files\cpp\bin\Intel64;C:\WINDOWS\system32;C:\WINDOWS;C:\WINDOWS\System32\Wbem;C:\WINDOWS\System32\WindowsPowerShell\v1.0\;C:\WINDOWS\System32\OpenSSH\;C:\ProgramData\chocolatey\bin;C:\Program Files\nodejs\;C:\Program Files\Git\cmd;C:\Users\USER\AppData\Local\Programs\Python\Python313\Scripts\;C:\Users\USER\AppData\Local\Programs\Python\Python313\;C:\Users\USER\AppData\Local\Microsoft\WindowsApps;C:\Users\USER\AppData\Local\Programs\Microsoft VS Code\bin;C:\Users\USER\AppData\Local\GitHubDesktop\bin;C:\Users\USER\AppData\Roaming\npm;C:\Users\USER\AppData\Local\Programs\mongosh\;
USERNAME=USER
OS=Windows_NT
PROCESSOR_IDENTIFIER=Intel64 Family 6 Model 186 Stepping 3, GenuineIntel
TMP=C:\Users\USER\AppData\Local\Temp
TEMP=C:\Users\USER\AppData\Local\Temp



Periodic native trim disabled


---------------  S Y S T E M  ---------------

OS:
 Windows 11 , 64 bit Build 26100 (10.0.26100.8521)
OS uptime: 0 days 1:05 hours

CPU: total 8 (initial active 8) (8 cores per cpu, 1 threads per core) family 6 model 186 stepping 3 microcode 0x6134, cx8, cmov, fxsr, mmx, 3dnowpref, sse, sse2, sse3, ssse3, sse4.1, sse4.2, popcnt, lzcnt, tsc, tscinvbit, avx, avx2, aes, erms, clmul, bmi1, bmi2, adx, sha, fma, vzeroupper, clflush, clflushopt, clwb
Processor Information for all 8 processors :
  Max Mhz: 1200, Current Mhz: 1200, Mhz Limit: 1200

Memory: 4k page, system-wide physical 7835M (342M free)
TotalPageFile size 31387M (AvailPageFile size 2M)
current process WorkingSet (physical memory assigned to process): 132M, peak: 219M
current process commit charge ("private bytes"): 454M, peak: 530M

vm_info: OpenJDK 64-Bit Server VM (17.0.19+10) for windows-amd64 JRE (17.0.19+10), built on Apr 25 2026 08:04:44 by "admin" with MS VC++ 17.12 (VS2022)

END.
