#
# There is insufficient memory for the Java Runtime Environment to continue.
# Native memory allocation (malloc) failed to allocate 494576 bytes. Error detail: Chunk::new
# Possible reasons:
#   The system is out of physical RAM or swap space
#   This process is running with CompressedOops enabled, and the Java Heap may be blocking the growth of the native heap
# Possible solutions:
#   Reduce memory load on the system
#   Increase physical memory or swap space
#   Check if swap backing store is full
#   Decrease Java heap size (-Xmx/-Xms)
#   Decrease number of Java threads
#   Decrease Java thread stack sizes (-Xss)
#   Set larger code cache with -XX:ReservedCodeCacheSize=
#   JVM is running with Unscaled Compressed Oops mode in which the Java heap is
#     placed in the first 4GB address space. The Java Heap base address is the
#     maximum limit for the native heap growth. Please use -XX:HeapBaseMinAddress
#     to set the Java Heap base and to place the Java Heap above 4GB virtual address.
# This output file may be truncated or incomplete.
#
#  Out of Memory Error (arena.cpp:191), pid=26160, tid=26992
#
# JRE version: OpenJDK Runtime Environment Temurin-17.0.19+10 (17.0.19+10) (build 17.0.19+10)
# Java VM: OpenJDK 64-Bit Server VM Temurin-17.0.19+10 (17.0.19+10, mixed mode, sharing, tiered, compressed oops, compressed class ptrs, g1 gc, windows-amd64)
# No core dump will be written. Minidumps are not enabled by default on client versions of Windows
#

---------------  S U M M A R Y ------------

Command Line: --add-opens=java.base/java.lang=ALL-UNNAMED --add-opens=java.base/java.lang.invoke=ALL-UNNAMED --add-opens=java.base/java.util=ALL-UNNAMED --add-opens=java.prefs/java.util.prefs=ALL-UNNAMED --add-exports=jdk.compiler/com.sun.tools.javac.api=ALL-UNNAMED --add-exports=jdk.compiler/com.sun.tools.javac.util=ALL-UNNAMED --add-opens=java.base/java.util=ALL-UNNAMED --add-opens=java.prefs/java.util.prefs=ALL-UNNAMED --add-opens=java.base/java.nio.charset=ALL-UNNAMED --add-opens=java.base/java.net=ALL-UNNAMED --add-opens=java.base/java.util.concurrent.atomic=ALL-UNNAMED --add-opens=java.xml/javax.xml.namespace=ALL-UNNAMED -XX:MaxMetaspaceSize=512m -Xmx2048m -Dfile.encoding=UTF-8 -Duser.country=ZW -Duser.language=en -Duser.variant -javaagent:C:\Users\USER\.gradle\wrapper\dists\gradle-8.14.3-bin\cv11ve7ro1n3o1j4so8xd9n66\gradle-8.14.3\lib\agents\gradle-instrumentation-agent-8.14.3.jar org.gradle.launcher.daemon.bootstrap.GradleDaemon 8.14.3

Host: 13th Gen Intel(R) Core(TM) i3-1315U, 8 cores, 7G,  Windows 11 , 64 bit Build 26100 (10.0.26100.8521)
Time: Tue Jul 14 12:32:34 2026 South Africa Standard Time elapsed time: 873.069298 seconds (0d 0h 14m 33s)

---------------  T H R E A D  ---------------

Current thread (0x0000022671d11c90):  JavaThread "C2 CompilerThread0" daemon [_thread_in_native, id=26992, stack(0x0000002cb0a00000,0x0000002cb0b00000)]


Current CompileTask:
C2:873078 9051       4       org.gradle.internal.service.DefaultServiceRegistry$OwnServices::putServiceType (67 bytes)

Stack: [0x0000002cb0a00000,0x0000002cb0b00000]
Native frames: (J=compiled Java code, j=interpreted, Vv=VM code, C=native code)
V  [jvm.dll+0x684b29]
V  [jvm.dll+0x83a2d5]
V  [jvm.dll+0x83bd4e]
V  [jvm.dll+0x83c3d3]
V  [jvm.dll+0x24905f]
V  [jvm.dll+0xad536]
V  [jvm.dll+0xadbdc]
V  [jvm.dll+0x368d4f]
V  [jvm.dll+0x3331d5]
V  [jvm.dll+0x33263a]
V  [jvm.dll+0x219e69]
V  [jvm.dll+0x2192af]
V  [jvm.dll+0x1a49f0]
V  [jvm.dll+0x2299fa]
V  [jvm.dll+0x227bab]
V  [jvm.dll+0x7f0a88]
V  [jvm.dll+0x7eaf1c]
V  [jvm.dll+0x6839f7]
C  [ucrtbase.dll+0x2cd30]
C  [KERNEL32.DLL+0x2e957]
C  [ntdll.dll+0x87c1c]


---------------  P R O C E S S  ---------------

Threads class SMR info:
_java_thread_list=0x000002267a03b720, length=68, elements={
0x000002265184e730, 0x0000022671cf7850, 0x0000022671cf8e90, 0x0000022671d0c600,
0x0000022671d0ced0, 0x0000022671d0f7b0, 0x0000022671d10080, 0x0000022671d11c90,
0x0000022671d17f90, 0x0000022676032810, 0x0000022671ce2250, 0x000002267618f860,
0x00000226770a84c0, 0x0000022677168640, 0x00000226767162c0, 0x0000022677700540,
0x0000022677700a20, 0x00000226760234a0, 0x0000022676022060, 0x0000022676024df0,
0x0000022676022f90, 0x0000022676022570, 0x00000226760239b0, 0x0000022676025300,
0x0000022676025810, 0x00000226760243d0, 0x00000226760248e0, 0x0000022679730aa0,
0x00000226797323f0, 0x0000022679730080, 0x0000022679731ee0, 0x00000226797319d0,
0x0000022679733830, 0x0000022679735690, 0x0000022679736ad0, 0x0000022679735180,
0x0000022679734250, 0x0000022679734760, 0x0000022679735ba0, 0x000002267822efe0,
0x0000022678232280, 0x0000022678231860, 0x0000022678231350, 0x000002267822f4f0,
0x000002267822fa00, 0x0000022678232ca0, 0x0000022678231d70, 0x0000022678232790,
0x0000022678230e40, 0x00000226782331b0, 0x00000226782336c0, 0x000002267822ff10,
0x0000022678233bd0, 0x0000022678230420, 0x0000022678235520, 0x00000226782340e0,
0x00000226782345f0, 0x0000022678235010, 0x0000022678234b00, 0x0000022678235a30,
0x0000022678235f40, 0x0000022678236450, 0x0000022678236960, 0x0000022679736fe0,
0x0000022679734c70, 0x0000022676022a80, 0x0000022679737a00, 0x0000022678230930
}

Java Threads: ( => current thread )
  0x000002265184e730 JavaThread "main" [_thread_blocked, id=2324, stack(0x0000002cafd00000,0x0000002cafe00000)]
  0x0000022671cf7850 JavaThread "Reference Handler" daemon [_thread_blocked, id=17280, stack(0x0000002cb0400000,0x0000002cb0500000)]
  0x0000022671cf8e90 JavaThread "Finalizer" daemon [_thread_blocked, id=17476, stack(0x0000002cb0500000,0x0000002cb0600000)]
  0x0000022671d0c600 JavaThread "Signal Dispatcher" daemon [_thread_blocked, id=7460, stack(0x0000002cb0600000,0x0000002cb0700000)]
  0x0000022671d0ced0 JavaThread "Attach Listener" daemon [_thread_blocked, id=24784, stack(0x0000002cb0700000,0x0000002cb0800000)]
  0x0000022671d0f7b0 JavaThread "Service Thread" daemon [_thread_blocked, id=21288, stack(0x0000002cb0800000,0x0000002cb0900000)]
  0x0000022671d10080 JavaThread "Monitor Deflation Thread" daemon [_thread_blocked, id=25856, stack(0x0000002cb0900000,0x0000002cb0a00000)]
=>0x0000022671d11c90 JavaThread "C2 CompilerThread0" daemon [_thread_in_native, id=26992, stack(0x0000002cb0a00000,0x0000002cb0b00000)]
  0x0000022671d17f90 JavaThread "C1 CompilerThread0" daemon [_thread_blocked, id=21584, stack(0x0000002cb0b00000,0x0000002cb0c00000)]
  0x0000022676032810 JavaThread "Sweeper thread" daemon [_thread_blocked, id=5988, stack(0x0000002cb0c00000,0x0000002cb0d00000)]
  0x0000022671ce2250 JavaThread "Common-Cleaner" daemon [_thread_blocked, id=24872, stack(0x0000002cb0d00000,0x0000002cb0e00000)]
  0x000002267618f860 JavaThread "Notification Thread" daemon [_thread_blocked, id=10504, stack(0x0000002cb0e00000,0x0000002cb0f00000)]
  0x00000226770a84c0 JavaThread "Daemon health stats" [_thread_blocked, id=27380, stack(0x0000002cb1500000,0x0000002cb1600000)]
  0x0000022677168640 JavaThread "Incoming local TCP Connector on port 59416" [_thread_in_native, id=24616, stack(0x0000002cb1600000,0x0000002cb1700000)]
  0x00000226767162c0 JavaThread "Daemon periodic checks" [_thread_blocked, id=27544, stack(0x0000002cb1700000,0x0000002cb1800000)]
  0x0000022677700540 JavaThread "Daemon" [_thread_blocked, id=1052, stack(0x0000002cb1800000,0x0000002cb1900000)]
  0x0000022677700a20 JavaThread "Handler for socket connection from /127.0.0.1:59416 to /127.0.0.1:59426" [_thread_in_native, id=27016, stack(0x0000002cb1900000,0x0000002cb1a00000)]
  0x00000226760234a0 JavaThread "Cancel handler" [_thread_blocked, id=26836, stack(0x0000002cb1a00000,0x0000002cb1b00000)]
  0x0000022676022060 JavaThread "Daemon worker" [_thread_blocked, id=28928, stack(0x0000002cafb00000,0x0000002cafc00000)]
  0x0000022676024df0 JavaThread "Asynchronous log dispatcher for DefaultDaemonConnection: socket connection from /127.0.0.1:59416 to /127.0.0.1:59426" [_thread_blocked, id=28952, stack(0x0000002cb1b00000,0x0000002cb1c00000)]
  0x0000022676022f90 JavaThread "Stdin handler" [_thread_blocked, id=28956, stack(0x0000002cb1c00000,0x0000002cb1d00000)]
  0x0000022676022570 JavaThread "Daemon client event forwarder" [_thread_blocked, id=28960, stack(0x0000002cb1d00000,0x0000002cb1e00000)]
  0x00000226760239b0 JavaThread "Cache worker for journal cache (C:\Users\USER\.gradle\caches\journal-1)" [_thread_blocked, id=29404, stack(0x0000002cb1e00000,0x0000002cb1f00000)]
  0x0000022676025300 JavaThread "File lock request listener" [_thread_in_native, id=29472, stack(0x0000002cb1f00000,0x0000002cb2000000)]
  0x0000022676025810 JavaThread "Cache worker for file hash cache (C:\Users\USER\.gradle\caches\8.14.3\fileHashes)" [_thread_blocked, id=29532, stack(0x0000002cb2100000,0x0000002cb2200000)]
  0x00000226760243d0 JavaThread "Cache worker for file hash cache (C:\Users\USER\kalimed2\android\.gradle\8.14.3\fileHashes)" [_thread_blocked, id=24300, stack(0x0000002cafa00000,0x0000002cafb00000)]
  0x00000226760248e0 JavaThread "Cache worker for Build Output Cleanup Cache (C:\Users\USER\kalimed2\android\.gradle\buildOutputCleanup)" [_thread_blocked, id=6104, stack(0x0000002cafc00000,0x0000002cafd00000)]
  0x0000022679730aa0 JavaThread "File watcher server" daemon [_thread_in_native, id=26340, stack(0x0000002cb2800000,0x0000002cb2900000)]
  0x00000226797323f0 JavaThread "File watcher consumer" daemon [_thread_blocked, id=3292, stack(0x0000002cb2900000,0x0000002cb2a00000)]
  0x0000022679730080 JavaThread "jar transforms" [_thread_blocked, id=8520, stack(0x0000002cb2a00000,0x0000002cb2b00000)]
  0x0000022679731ee0 JavaThread "jar transforms Thread 2" [_thread_blocked, id=28812, stack(0x0000002cb2b00000,0x0000002cb2c00000)]
  0x00000226797319d0 JavaThread "Cache worker for checksums cache (C:\Users\USER\kalimed2\android\.gradle\8.14.3\checksums)" [_thread_blocked, id=29760, stack(0x0000002cb2c00000,0x0000002cb2d00000)]
  0x0000022679733830 JavaThread "Cache worker for file content cache (C:\Users\USER\.gradle\caches\8.14.3\fileContent)" [_thread_blocked, id=29764, stack(0x0000002cb2d00000,0x0000002cb2e00000)]
  0x0000022679735690 JavaThread "jar transforms Thread 3" [_thread_blocked, id=30256, stack(0x0000002cb2e00000,0x0000002cb2f00000)]
  0x0000022679736ad0 JavaThread "Cache worker for cache directory md-supplier (C:\Users\USER\.gradle\caches\8.14.3\md-supplier)" [_thread_blocked, id=30712, stack(0x0000002cb3200000,0x0000002cb3300000)]
  0x0000022679735180 JavaThread "Cache worker for cache directory md-rule (C:\Users\USER\.gradle\caches\8.14.3\md-rule)" [_thread_blocked, id=30264, stack(0x0000002cb3300000,0x0000002cb3400000)]
  0x0000022679734250 JavaThread "Cache worker for Build Output Cleanup Cache (C:\Users\USER\kalimed2\node_modules\@react-native\gradle-plugin\.gradle\buildOutputCleanup)" [_thread_blocked, id=30840, stack(0x0000002cb3400000,0x0000002cb3500000)]
  0x0000022679734760 JavaThread "Unconstrained build operations" [_thread_blocked, id=320, stack(0x0000002cb2200000,0x0000002cb2300000)]
  0x0000022679735ba0 JavaThread "Unconstrained build operations Thread 2" [_thread_blocked, id=25764, stack(0x0000002cb3500000,0x0000002cb3600000)]
  0x000002267822efe0 JavaThread "Unconstrained build operations Thread 3" [_thread_blocked, id=31372, stack(0x0000002cb3600000,0x0000002cb3700000)]
  0x0000022678232280 JavaThread "Unconstrained build operations Thread 4" [_thread_blocked, id=31364, stack(0x0000002cb3700000,0x0000002cb3800000)]
  0x0000022678231860 JavaThread "Unconstrained build operations Thread 5" [_thread_blocked, id=31296, stack(0x0000002cb3800000,0x0000002cb3900000)]
  0x0000022678231350 JavaThread "Unconstrained build operations Thread 6" [_thread_blocked, id=31144, stack(0x0000002cb3900000,0x0000002cb3a00000)]
  0x000002267822f4f0 JavaThread "Cache worker for Build Output Cleanup Cache (C:\Users\USER\kalimed2\node_modules\expo-modules-autolinking\android\expo-gradle-plugin\.gradle\buildOutputCleanup)" [_thread_blocked, id=29688, stack(0x0000002cb2300000,0x0000002cb2400000)]
  0x000002267822fa00 JavaThread "Unconstrained build operations Thread 7" [_thread_blocked, id=32424, stack(0x0000002cb3100000,0x0000002cb3200000)]
  0x0000022678232ca0 JavaThread "Unconstrained build operations Thread 8" [_thread_blocked, id=18360, stack(0x0000002cb3a00000,0x0000002cb3b00000)]
  0x0000022678231d70 JavaThread "Unconstrained build operations Thread 9" [_thread_blocked, id=10700, stack(0x0000002cb3b00000,0x0000002cb3c00000)]
  0x0000022678232790 JavaThread "Unconstrained build operations Thread 10" [_thread_blocked, id=32640, stack(0x0000002cb3c00000,0x0000002cb3d00000)]
  0x0000022678230e40 JavaThread "Unconstrained build operations Thread 11" [_thread_blocked, id=1548, stack(0x0000002cb3d00000,0x0000002cb3e00000)]
  0x00000226782331b0 JavaThread "Unconstrained build operations Thread 12" [_thread_blocked, id=30128, stack(0x0000002cb3e00000,0x0000002cb3f00000)]
  0x00000226782336c0 JavaThread "Unconstrained build operations Thread 13" [_thread_blocked, id=30096, stack(0x0000002cb3f00000,0x0000002cb4000000)]
  0x000002267822ff10 JavaThread "Unconstrained build operations Thread 14" [_thread_blocked, id=32408, stack(0x0000002cb4000000,0x0000002cb4100000)]
  0x0000022678233bd0 JavaThread "Unconstrained build operations Thread 15" [_thread_blocked, id=32488, stack(0x0000002cb4100000,0x0000002cb4200000)]
  0x0000022678230420 JavaThread "Unconstrained build operations Thread 16" [_thread_blocked, id=29188, stack(0x0000002cb4200000,0x0000002cb4300000)]
  0x0000022678235520 JavaThread "Unconstrained build operations Thread 17" [_thread_blocked, id=31524, stack(0x0000002cb4300000,0x0000002cb4400000)]
  0x00000226782340e0 JavaThread "Unconstrained build operations Thread 18" [_thread_blocked, id=31540, stack(0x0000002cb4400000,0x0000002cb4500000)]
  0x00000226782345f0 JavaThread "Unconstrained build operations Thread 19" [_thread_blocked, id=30700, stack(0x0000002cb4500000,0x0000002cb4600000)]
  0x0000022678235010 JavaThread "Unconstrained build operations Thread 20" [_thread_blocked, id=32444, stack(0x0000002cb4600000,0x0000002cb4700000)]
  0x0000022678234b00 JavaThread "Unconstrained build operations Thread 21" [_thread_blocked, id=32376, stack(0x0000002cb4700000,0x0000002cb4800000)]
  0x0000022678235a30 JavaThread "Unconstrained build operations Thread 22" [_thread_blocked, id=32380, stack(0x0000002cb4800000,0x0000002cb4900000)]
  0x0000022678235f40 JavaThread "Unconstrained build operations Thread 23" [_thread_blocked, id=21368, stack(0x0000002cb4900000,0x0000002cb4a00000)]
  0x0000022678236450 JavaThread "Unconstrained build operations Thread 24" [_thread_blocked, id=18532, stack(0x0000002cb4a00000,0x0000002cb4b00000)]
  0x0000022678236960 JavaThread "Unconstrained build operations Thread 25" [_thread_blocked, id=24288, stack(0x0000002cb4b00000,0x0000002cb4c00000)]
  0x0000022679736fe0 JavaThread "Unconstrained build operations Thread 26" [_thread_blocked, id=27488, stack(0x0000002cb4c00000,0x0000002cb4d00000)]
  0x0000022679734c70 JavaThread "Unconstrained build operations Thread 27" [_thread_blocked, id=32332, stack(0x0000002cb4d00000,0x0000002cb4e00000)]
  0x0000022676022a80 JavaThread "build event listener" [_thread_blocked, id=34028, stack(0x0000002cb2000000,0x0000002cb2100000)]
  0x0000022679737a00 JavaThread "File lock release action executor Thread 4" [_thread_blocked, id=16020, stack(0x0000002cb2f00000,0x0000002cb3000000)]
  0x0000022678230930 JavaThread "Memory manager" [_thread_blocked, id=35700, stack(0x0000002cb3000000,0x0000002cb3100000)]

Other Threads:
  0x0000022671cf1550 VMThread "VM Thread" [stack: 0x0000002cb0300000,0x0000002cb0400000] [id=27604]
  0x000002267618fd40 WatcherThread [stack: 0x0000002cb0f00000,0x0000002cb1000000] [id=324]
  0x00000226518ad570 GCTaskThread "GC Thread#0" [stack: 0x0000002cafe00000,0x0000002caff00000] [id=23996]
  0x00000226762d9040 GCTaskThread "GC Thread#1" [stack: 0x0000002cb1100000,0x0000002cb1200000] [id=14768]
  0x00000226764b4900 GCTaskThread "GC Thread#2" [stack: 0x0000002cb1200000,0x0000002cb1300000] [id=340]
  0x0000022676d47f30 GCTaskThread "GC Thread#3" [stack: 0x0000002cb1000000,0x0000002cb1100000] [id=28560]
  0x00000226761e4080 GCTaskThread "GC Thread#4" [stack: 0x0000002cb1300000,0x0000002cb1400000] [id=28564]
  0x00000226781390f0 GCTaskThread "GC Thread#5" [stack: 0x0000002cb2400000,0x0000002cb2500000] [id=14984]
  0x0000022678138e30 GCTaskThread "GC Thread#6" [stack: 0x0000002cb2500000,0x0000002cb2600000] [id=18012]
  0x0000022678139670 GCTaskThread "GC Thread#7" [stack: 0x0000002cb2600000,0x0000002cb2700000] [id=25788]
  0x00000226518be3d0 ConcurrentGCThread "G1 Main Marker" [stack: 0x0000002caff00000,0x0000002cb0000000] [id=26148]
  0x00000226518bed00 ConcurrentGCThread "G1 Conc#0" [stack: 0x0000002cb0000000,0x0000002cb0100000] [id=12808]
  0x0000022678139930 ConcurrentGCThread "G1 Conc#1" [stack: 0x0000002cb2700000,0x0000002cb2800000] [id=20796]
  0x00000226518fe7f0 ConcurrentGCThread "G1 Refine#0" [stack: 0x0000002cb0100000,0x0000002cb0200000] [id=22232]
  0x0000022676276150 ConcurrentGCThread "G1 Refine#1" [stack: 0x0000002cb1400000,0x0000002cb1500000] [id=28568]
  0x0000022671ba7f30 ConcurrentGCThread "G1 Service" [stack: 0x0000002cb0200000,0x0000002cb0300000] [id=13412]

Threads with active compile tasks:
C2 CompilerThread0  873338 9051       4       org.gradle.internal.service.DefaultServiceRegistry$OwnServices::putServiceType (67 bytes)
C1 CompilerThread0  873338 9089       1       org.gradle.api.internal.attributes.DefaultCompatibilityRuleChain::getRules (5 bytes)

VM state: at safepoint (normal execution)

VM Mutex/Monitor currently owned by a thread:  ([mutex/lock_event])
[0x00000226518495b0] Threads_lock - owner thread: 0x0000022671cf1550
[0x0000022651849910] Heap_lock - owner thread: 0x00000226767162c0

Heap address: 0x0000000080000000, size: 2048 MB, Compressed Oops mode: 32-bit

CDS archive(s) mapped at: [0x0000022600000000-0x0000022600bb0000-0x0000022600bb0000), size 12255232, SharedBaseAddress: 0x0000022600000000, ArchiveRelocationMode: 1.
Compressed class space mapped at: 0x0000022601000000-0x000002261b000000, reserved size: 436207616
Narrow klass base: 0x0000022600000000, Narrow klass shift: 0, Narrow klass range: 0x100000000

GC Precious Log:
 CPUs: 8 total, 8 available
 Memory: 7835M
 Large Page Support: Disabled
 NUMA Support: Disabled
 Compressed Oops: Enabled (32-bit)
 Heap Region Size: 1M
 Heap Min Capacity: 8M
 Heap Initial Capacity: 124M
 Heap Max Capacity: 2G
 Pre-touch: Disabled
 Parallel Workers: 8
 Concurrent Workers: 2
 Concurrent Refinement Workers: 8
 Periodic GC: Disabled

Heap:
 garbage-first heap   total 210944K, used 103690K [0x0000000080000000, 0x0000000100000000)
  region size 1024K, 48 young (49152K), 5 survivors (5120K)
 Metaspace       used 67129K, committed 67968K, reserved 491520K
  class space    used 9413K, committed 9792K, reserved 425984K

Heap Regions: E=young(eden), S=young(survivor), O=old, HS=humongous(starts), HC=humongous(continues), CS=collection set, F=free, OA=open archive, CA=closed archive, TAMS=top-at-mark-start (previous, next)
|   0|0x0000000080000000, 0x0000000080100000, 0x0000000080100000|100%|HS|  |TAMS 0x0000000080100000, 0x0000000080000000| Complete 
|   1|0x0000000080100000, 0x0000000080200000, 0x0000000080200000|100%|HC|  |TAMS 0x0000000080200000, 0x0000000080100000| Complete 
|   2|0x0000000080200000, 0x0000000080300000, 0x0000000080300000|100%|HC|  |TAMS 0x0000000080300000, 0x0000000080200000| Complete 
|   3|0x0000000080300000, 0x0000000080400000, 0x0000000080400000|100%| O|  |TAMS 0x0000000080400000, 0x0000000080300000| Untracked 
|   4|0x0000000080400000, 0x0000000080500000, 0x0000000080500000|100%| O|  |TAMS 0x0000000080500000, 0x0000000080400000| Untracked 
|   5|0x0000000080500000, 0x0000000080600000, 0x0000000080600000|100%| O|  |TAMS 0x0000000080600000, 0x0000000080500000| Untracked 
|   6|0x0000000080600000, 0x0000000080700000, 0x0000000080700000|100%|HS|  |TAMS 0x0000000080700000, 0x0000000080600000| Complete 
|   7|0x0000000080700000, 0x0000000080800000, 0x0000000080800000|100%| O|  |TAMS 0x0000000080800000, 0x0000000080700000| Untracked 
|   8|0x0000000080800000, 0x0000000080900000, 0x0000000080900000|100%| O|  |TAMS 0x0000000080900000, 0x0000000080800000| Untracked 
|   9|0x0000000080900000, 0x0000000080a00000, 0x0000000080a00000|100%| O|  |TAMS 0x0000000080a00000, 0x0000000080900000| Untracked 
|  10|0x0000000080a00000, 0x0000000080b00000, 0x0000000080b00000|100%| O|  |TAMS 0x0000000080b00000, 0x0000000080a00000| Untracked 
|  11|0x0000000080b00000, 0x0000000080c00000, 0x0000000080c00000|100%| O|  |TAMS 0x0000000080c00000, 0x0000000080b00000| Untracked 
|  12|0x0000000080c00000, 0x0000000080d00000, 0x0000000080d00000|100%| O|  |TAMS 0x0000000080d00000, 0x0000000080c00000| Untracked 
|  13|0x0000000080d00000, 0x0000000080e00000, 0x0000000080e00000|100%| O|  |TAMS 0x0000000080e00000, 0x0000000080d00000| Untracked 
|  14|0x0000000080e00000, 0x0000000080f00000, 0x0000000080f00000|100%| O|  |TAMS 0x0000000080f00000, 0x0000000080e00000| Untracked 
|  15|0x0000000080f00000, 0x0000000081000000, 0x0000000081000000|100%| O|  |TAMS 0x0000000081000000, 0x0000000080f00000| Untracked 
|  16|0x0000000081000000, 0x0000000081100000, 0x0000000081100000|100%| O|  |TAMS 0x0000000081100000, 0x0000000081000000| Untracked 
|  17|0x0000000081100000, 0x0000000081200000, 0x0000000081200000|100%| O|  |TAMS 0x0000000081200000, 0x0000000081100000| Untracked 
|  18|0x0000000081200000, 0x0000000081300000, 0x0000000081300000|100%| O|  |TAMS 0x0000000081300000, 0x0000000081200000| Untracked 
|  19|0x0000000081300000, 0x0000000081400000, 0x0000000081400000|100%| O|  |TAMS 0x0000000081400000, 0x0000000081300000| Untracked 
|  20|0x0000000081400000, 0x0000000081500000, 0x0000000081500000|100%| O|  |TAMS 0x0000000081500000, 0x0000000081400000| Untracked 
|  21|0x0000000081500000, 0x0000000081600000, 0x0000000081600000|100%| O|  |TAMS 0x0000000081600000, 0x0000000081500000| Untracked 
|  22|0x0000000081600000, 0x0000000081700000, 0x0000000081700000|100%| O|  |TAMS 0x0000000081700000, 0x0000000081600000| Untracked 
|  23|0x0000000081700000, 0x0000000081800000, 0x0000000081800000|100%| O|  |TAMS 0x0000000081800000, 0x0000000081700000| Untracked 
|  24|0x0000000081800000, 0x0000000081900000, 0x0000000081900000|100%| O|  |TAMS 0x0000000081900000, 0x0000000081800000| Untracked 
|  25|0x0000000081900000, 0x0000000081a00000, 0x0000000081a00000|100%| O|  |TAMS 0x0000000081a00000, 0x0000000081900000| Untracked 
|  26|0x0000000081a00000, 0x0000000081b00000, 0x0000000081b00000|100%| O|  |TAMS 0x0000000081b00000, 0x0000000081a00000| Untracked 
|  27|0x0000000081b00000, 0x0000000081c00000, 0x0000000081c00000|100%| O|  |TAMS 0x0000000081c00000, 0x0000000081b00000| Untracked 
|  28|0x0000000081c00000, 0x0000000081d00000, 0x0000000081d00000|100%| O|  |TAMS 0x0000000081d00000, 0x0000000081c00000| Untracked 
|  29|0x0000000081d00000, 0x0000000081e00000, 0x0000000081e00000|100%| O|  |TAMS 0x0000000081e00000, 0x0000000081d00000| Untracked 
|  30|0x0000000081e00000, 0x0000000081f00000, 0x0000000081f00000|100%| O|  |TAMS 0x0000000081f00000, 0x0000000081e00000| Untracked 
|  31|0x0000000081f00000, 0x0000000082000000, 0x0000000082000000|100%| O|  |TAMS 0x0000000082000000, 0x0000000081f00000| Untracked 
|  32|0x0000000082000000, 0x0000000082100000, 0x0000000082100000|100%| O|  |TAMS 0x0000000082100000, 0x0000000082000000| Untracked 
|  33|0x0000000082100000, 0x0000000082200000, 0x0000000082200000|100%| O|  |TAMS 0x0000000082200000, 0x0000000082100000| Untracked 
|  34|0x0000000082200000, 0x0000000082300000, 0x0000000082300000|100%| O|  |TAMS 0x0000000082300000, 0x0000000082200000| Untracked 
|  35|0x0000000082300000, 0x0000000082400000, 0x0000000082400000|100%| O|  |TAMS 0x0000000082400000, 0x0000000082300000| Untracked 
|  36|0x0000000082400000, 0x0000000082500000, 0x0000000082500000|100%| O|  |TAMS 0x0000000082500000, 0x0000000082400000| Untracked 
|  37|0x0000000082500000, 0x0000000082600000, 0x0000000082600000|100%| O|  |TAMS 0x0000000082539600, 0x0000000082500000| Untracked 
|  38|0x0000000082600000, 0x0000000082700000, 0x0000000082700000|100%| O|  |TAMS 0x0000000082600000, 0x0000000082600000| Untracked 
|  39|0x0000000082700000, 0x0000000082800000, 0x0000000082800000|100%| O|  |TAMS 0x0000000082700000, 0x0000000082700000| Untracked 
|  40|0x0000000082800000, 0x0000000082900000, 0x0000000082900000|100%| O|  |TAMS 0x0000000082800000, 0x0000000082800000| Untracked 
|  41|0x0000000082900000, 0x0000000082a00000, 0x0000000082a00000|100%| O|  |TAMS 0x0000000082900000, 0x0000000082900000| Untracked 
|  42|0x0000000082a00000, 0x0000000082b00000, 0x0000000082b00000|100%| O|  |TAMS 0x0000000082a00000, 0x0000000082a00000| Untracked 
|  43|0x0000000082b00000, 0x0000000082c00000, 0x0000000082c00000|100%| O|  |TAMS 0x0000000082b00000, 0x0000000082b00000| Untracked 
|  44|0x0000000082c00000, 0x0000000082d00000, 0x0000000082d00000|100%| O|  |TAMS 0x0000000082c00000, 0x0000000082c00000| Untracked 
|  45|0x0000000082d00000, 0x0000000082e00000, 0x0000000082e00000|100%|HS|  |TAMS 0x0000000082d00000, 0x0000000082d00000| Complete 
|  46|0x0000000082e00000, 0x0000000082f00000, 0x0000000082f00000|100%|HC|  |TAMS 0x0000000082e00000, 0x0000000082e00000| Complete 
|  47|0x0000000082f00000, 0x0000000083000000, 0x0000000083000000|100%|HC|  |TAMS 0x0000000082f00000, 0x0000000082f00000| Complete 
|  48|0x0000000083000000, 0x0000000083100000, 0x0000000083100000|100%|HS|  |TAMS 0x0000000083000000, 0x0000000083000000| Complete 
|  49|0x0000000083100000, 0x0000000083200000, 0x0000000083200000|100%|HC|  |TAMS 0x0000000083100000, 0x0000000083100000| Complete 
|  50|0x0000000083200000, 0x0000000083300000, 0x0000000083300000|100%|HC|  |TAMS 0x0000000083200000, 0x0000000083200000| Complete 
|  51|0x0000000083300000, 0x0000000083400000, 0x0000000083400000|100%| O|  |TAMS 0x0000000083300000, 0x0000000083300000| Untracked 
|  52|0x0000000083400000, 0x0000000083500000, 0x0000000083500000|100%| O|  |TAMS 0x0000000083400000, 0x0000000083400000| Untracked 
|  53|0x0000000083500000, 0x0000000083600000, 0x0000000083600000|100%| O|  |TAMS 0x0000000083500000, 0x0000000083500000| Untracked 
|  54|0x0000000083600000, 0x0000000083700000, 0x0000000083700000|100%| O|  |TAMS 0x0000000083600000, 0x0000000083600000| Untracked 
|  55|0x0000000083700000, 0x000000008373c578, 0x0000000083800000| 23%| O|  |TAMS 0x0000000083700000, 0x0000000083700000| Untracked 
|  56|0x0000000083800000, 0x0000000083800000, 0x0000000083900000|  0%| F|  |TAMS 0x0000000083800000, 0x0000000083800000| Untracked 
|  57|0x0000000083900000, 0x0000000083900000, 0x0000000083a00000|  0%| F|  |TAMS 0x0000000083900000, 0x0000000083900000| Untracked 
|  58|0x0000000083a00000, 0x0000000083a00000, 0x0000000083b00000|  0%| F|  |TAMS 0x0000000083a00000, 0x0000000083a00000| Untracked 
|  59|0x0000000083b00000, 0x0000000083b00000, 0x0000000083c00000|  0%| F|  |TAMS 0x0000000083b00000, 0x0000000083b00000| Untracked 
|  60|0x0000000083c00000, 0x0000000083c00000, 0x0000000083d00000|  0%| F|  |TAMS 0x0000000083c00000, 0x0000000083c00000| Untracked 
|  61|0x0000000083d00000, 0x0000000083d00000, 0x0000000083e00000|  0%| F|  |TAMS 0x0000000083d00000, 0x0000000083d00000| Untracked 
|  62|0x0000000083e00000, 0x0000000083e00000, 0x0000000083f00000|  0%| F|  |TAMS 0x0000000083e00000, 0x0000000083e00000| Untracked 
|  63|0x0000000083f00000, 0x0000000083f00000, 0x0000000084000000|  0%| F|  |TAMS 0x0000000083f00000, 0x0000000083f00000| Untracked 
|  64|0x0000000084000000, 0x0000000084000000, 0x0000000084100000|  0%| F|  |TAMS 0x0000000084000000, 0x0000000084000000| Untracked 
|  65|0x0000000084100000, 0x0000000084100000, 0x0000000084200000|  0%| F|  |TAMS 0x0000000084100000, 0x0000000084100000| Untracked 
|  66|0x0000000084200000, 0x0000000084200000, 0x0000000084300000|  0%| F|  |TAMS 0x0000000084200000, 0x0000000084200000| Untracked 
|  67|0x0000000084300000, 0x0000000084300000, 0x0000000084400000|  0%| F|  |TAMS 0x0000000084300000, 0x0000000084300000| Untracked 
|  68|0x0000000084400000, 0x0000000084400000, 0x0000000084500000|  0%| F|  |TAMS 0x0000000084400000, 0x0000000084400000| Untracked 
|  69|0x0000000084500000, 0x0000000084500000, 0x0000000084600000|  0%| F|  |TAMS 0x0000000084500000, 0x0000000084500000| Untracked 
|  70|0x0000000084600000, 0x0000000084600000, 0x0000000084700000|  0%| F|  |TAMS 0x0000000084600000, 0x0000000084600000| Untracked 
|  71|0x0000000084700000, 0x0000000084700000, 0x0000000084800000|  0%| F|  |TAMS 0x0000000084700000, 0x0000000084700000| Untracked 
|  72|0x0000000084800000, 0x0000000084800000, 0x0000000084900000|  0%| F|  |TAMS 0x0000000084800000, 0x0000000084800000| Untracked 
|  73|0x0000000084900000, 0x0000000084900000, 0x0000000084a00000|  0%| F|  |TAMS 0x0000000084900000, 0x0000000084900000| Untracked 
|  74|0x0000000084a00000, 0x0000000084a00000, 0x0000000084b00000|  0%| F|  |TAMS 0x0000000084a00000, 0x0000000084a00000| Untracked 
|  75|0x0000000084b00000, 0x0000000084b00000, 0x0000000084c00000|  0%| F|  |TAMS 0x0000000084b00000, 0x0000000084b00000| Untracked 
|  76|0x0000000084c00000, 0x0000000084c00000, 0x0000000084d00000|  0%| F|  |TAMS 0x0000000084c00000, 0x0000000084c00000| Untracked 
|  77|0x0000000084d00000, 0x0000000084d00000, 0x0000000084e00000|  0%| F|  |TAMS 0x0000000084d00000, 0x0000000084d00000| Untracked 
|  78|0x0000000084e00000, 0x0000000084e00000, 0x0000000084f00000|  0%| F|  |TAMS 0x0000000084e00000, 0x0000000084e00000| Untracked 
|  79|0x0000000084f00000, 0x0000000084f00000, 0x0000000085000000|  0%| F|  |TAMS 0x0000000084f00000, 0x0000000084f00000| Untracked 
|  80|0x0000000085000000, 0x0000000085000000, 0x0000000085100000|  0%| F|  |TAMS 0x0000000085000000, 0x0000000085000000| Untracked 
|  81|0x0000000085100000, 0x0000000085100000, 0x0000000085200000|  0%| F|  |TAMS 0x0000000085100000, 0x0000000085100000| Untracked 
|  82|0x0000000085200000, 0x0000000085200000, 0x0000000085300000|  0%| F|  |TAMS 0x0000000085200000, 0x0000000085200000| Untracked 
|  83|0x0000000085300000, 0x0000000085300000, 0x0000000085400000|  0%| F|  |TAMS 0x0000000085300000, 0x0000000085300000| Untracked 
|  84|0x0000000085400000, 0x0000000085400000, 0x0000000085500000|  0%| F|  |TAMS 0x0000000085400000, 0x0000000085400000| Untracked 
|  85|0x0000000085500000, 0x0000000085500000, 0x0000000085600000|  0%| F|  |TAMS 0x0000000085500000, 0x0000000085500000| Untracked 
|  86|0x0000000085600000, 0x0000000085600000, 0x0000000085700000|  0%| F|  |TAMS 0x0000000085600000, 0x0000000085600000| Untracked 
|  87|0x0000000085700000, 0x0000000085700000, 0x0000000085800000|  0%| F|  |TAMS 0x0000000085700000, 0x0000000085700000| Untracked 
|  88|0x0000000085800000, 0x0000000085800000, 0x0000000085900000|  0%| F|  |TAMS 0x0000000085800000, 0x0000000085800000| Untracked 
|  89|0x0000000085900000, 0x0000000085900000, 0x0000000085a00000|  0%| F|  |TAMS 0x0000000085900000, 0x0000000085900000| Untracked 
|  90|0x0000000085a00000, 0x0000000085a00000, 0x0000000085b00000|  0%| F|  |TAMS 0x0000000085a00000, 0x0000000085a00000| Untracked 
|  91|0x0000000085b00000, 0x0000000085b00000, 0x0000000085c00000|  0%| F|  |TAMS 0x0000000085b00000, 0x0000000085b00000| Untracked 
|  92|0x0000000085c00000, 0x0000000085c00000, 0x0000000085d00000|  0%| F|  |TAMS 0x0000000085c00000, 0x0000000085c00000| Untracked 
|  93|0x0000000085d00000, 0x0000000085d00000, 0x0000000085e00000|  0%| F|  |TAMS 0x0000000085d00000, 0x0000000085d00000| Untracked 
|  94|0x0000000085e00000, 0x0000000085e00000, 0x0000000085f00000|  0%| F|  |TAMS 0x0000000085e00000, 0x0000000085e00000| Untracked 
|  95|0x0000000085f00000, 0x0000000085f00000, 0x0000000086000000|  0%| F|  |TAMS 0x0000000085f00000, 0x0000000085f00000| Untracked 
|  96|0x0000000086000000, 0x0000000086000000, 0x0000000086100000|  0%| F|  |TAMS 0x0000000086000000, 0x0000000086000000| Untracked 
|  97|0x0000000086100000, 0x0000000086100000, 0x0000000086200000|  0%| F|  |TAMS 0x0000000086100000, 0x0000000086100000| Untracked 
|  98|0x0000000086200000, 0x0000000086200000, 0x0000000086300000|  0%| F|  |TAMS 0x0000000086200000, 0x0000000086200000| Untracked 
|  99|0x0000000086300000, 0x0000000086300000, 0x0000000086400000|  0%| F|  |TAMS 0x0000000086300000, 0x0000000086300000| Untracked 
| 100|0x0000000086400000, 0x0000000086400000, 0x0000000086500000|  0%| F|  |TAMS 0x0000000086400000, 0x0000000086400000| Untracked 
| 101|0x0000000086500000, 0x0000000086500000, 0x0000000086600000|  0%| F|  |TAMS 0x0000000086500000, 0x0000000086500000| Untracked 
| 102|0x0000000086600000, 0x0000000086600000, 0x0000000086700000|  0%| F|  |TAMS 0x0000000086600000, 0x0000000086600000| Untracked 
| 103|0x0000000086700000, 0x0000000086700000, 0x0000000086800000|  0%| F|  |TAMS 0x0000000086700000, 0x0000000086700000| Untracked 
| 104|0x0000000086800000, 0x0000000086800000, 0x0000000086900000|  0%| F|  |TAMS 0x0000000086800000, 0x0000000086800000| Untracked 
| 105|0x0000000086900000, 0x0000000086900000, 0x0000000086a00000|  0%| F|  |TAMS 0x0000000086900000, 0x0000000086900000| Untracked 
| 106|0x0000000086a00000, 0x0000000086a00000, 0x0000000086b00000|  0%| F|  |TAMS 0x0000000086a00000, 0x0000000086a00000| Untracked 
| 107|0x0000000086b00000, 0x0000000086b00000, 0x0000000086c00000|  0%| F|  |TAMS 0x0000000086b00000, 0x0000000086b00000| Untracked 
| 108|0x0000000086c00000, 0x0000000086c00000, 0x0000000086d00000|  0%| F|  |TAMS 0x0000000086c00000, 0x0000000086c00000| Untracked 
| 109|0x0000000086d00000, 0x0000000086d00000, 0x0000000086e00000|  0%| F|  |TAMS 0x0000000086d00000, 0x0000000086d00000| Untracked 
| 110|0x0000000086e00000, 0x0000000086e00000, 0x0000000086f00000|  0%| F|  |TAMS 0x0000000086e00000, 0x0000000086e00000| Untracked 
| 111|0x0000000086f00000, 0x0000000086f00000, 0x0000000087000000|  0%| F|  |TAMS 0x0000000086f00000, 0x0000000086f00000| Untracked 
| 112|0x0000000087000000, 0x0000000087000000, 0x0000000087100000|  0%| F|  |TAMS 0x0000000087000000, 0x0000000087000000| Untracked 
| 113|0x0000000087100000, 0x0000000087100000, 0x0000000087200000|  0%| F|  |TAMS 0x0000000087100000, 0x0000000087100000| Untracked 
| 114|0x0000000087200000, 0x0000000087200000, 0x0000000087300000|  0%| F|  |TAMS 0x0000000087200000, 0x0000000087200000| Untracked 
| 115|0x0000000087300000, 0x0000000087300000, 0x0000000087400000|  0%| F|  |TAMS 0x0000000087300000, 0x0000000087300000| Untracked 
| 116|0x0000000087400000, 0x0000000087400000, 0x0000000087500000|  0%| F|  |TAMS 0x0000000087400000, 0x0000000087400000| Untracked 
| 117|0x0000000087500000, 0x0000000087500000, 0x0000000087600000|  0%| F|  |TAMS 0x0000000087500000, 0x0000000087500000| Untracked 
| 118|0x0000000087600000, 0x0000000087600000, 0x0000000087700000|  0%| F|  |TAMS 0x0000000087600000, 0x0000000087600000| Untracked 
| 119|0x0000000087700000, 0x0000000087700000, 0x0000000087800000|  0%| F|  |TAMS 0x0000000087700000, 0x0000000087700000| Untracked 
| 120|0x0000000087800000, 0x0000000087800000, 0x0000000087900000|  0%| F|  |TAMS 0x0000000087800000, 0x0000000087800000| Untracked 
| 121|0x0000000087900000, 0x0000000087900000, 0x0000000087a00000|  0%| F|  |TAMS 0x0000000087900000, 0x0000000087900000| Untracked 
| 122|0x0000000087a00000, 0x0000000087a00000, 0x0000000087b00000|  0%| F|  |TAMS 0x0000000087a00000, 0x0000000087a00000| Untracked 
| 123|0x0000000087b00000, 0x0000000087b00000, 0x0000000087c00000|  0%| F|  |TAMS 0x0000000087b00000, 0x0000000087b00000| Untracked 
| 124|0x0000000087c00000, 0x0000000087c00000, 0x0000000087d00000|  0%| F|  |TAMS 0x0000000087c00000, 0x0000000087c00000| Untracked 
| 125|0x0000000087d00000, 0x0000000087d00000, 0x0000000087e00000|  0%| F|  |TAMS 0x0000000087d00000, 0x0000000087d00000| Untracked 
| 126|0x0000000087e00000, 0x0000000087e00000, 0x0000000087f00000|  0%| F|  |TAMS 0x0000000087e00000, 0x0000000087e00000| Untracked 
| 127|0x0000000087f00000, 0x0000000087f00000, 0x0000000088000000|  0%| F|  |TAMS 0x0000000087f00000, 0x0000000087f00000| Untracked 
| 128|0x0000000088000000, 0x0000000088000000, 0x0000000088100000|  0%| F|  |TAMS 0x0000000088000000, 0x0000000088000000| Untracked 
| 129|0x0000000088100000, 0x0000000088100000, 0x0000000088200000|  0%| F|  |TAMS 0x0000000088100000, 0x0000000088100000| Untracked 
| 130|0x0000000088200000, 0x0000000088200000, 0x0000000088300000|  0%| F|  |TAMS 0x0000000088200000, 0x0000000088200000| Untracked 
| 131|0x0000000088300000, 0x0000000088300000, 0x0000000088400000|  0%| F|  |TAMS 0x0000000088300000, 0x0000000088300000| Untracked 
| 132|0x0000000088400000, 0x0000000088400000, 0x0000000088500000|  0%| F|  |TAMS 0x0000000088400000, 0x0000000088400000| Untracked 
| 133|0x0000000088500000, 0x0000000088500000, 0x0000000088600000|  0%| F|  |TAMS 0x0000000088500000, 0x0000000088500000| Untracked 
| 134|0x0000000088600000, 0x0000000088600000, 0x0000000088700000|  0%| F|  |TAMS 0x0000000088600000, 0x0000000088600000| Untracked 
| 135|0x0000000088700000, 0x0000000088700000, 0x0000000088800000|  0%| F|  |TAMS 0x0000000088700000, 0x0000000088700000| Untracked 
| 136|0x0000000088800000, 0x0000000088800000, 0x0000000088900000|  0%| F|  |TAMS 0x0000000088800000, 0x0000000088800000| Untracked 
| 137|0x0000000088900000, 0x0000000088900000, 0x0000000088a00000|  0%| F|  |TAMS 0x0000000088900000, 0x0000000088900000| Untracked 
| 138|0x0000000088a00000, 0x0000000088a00000, 0x0000000088b00000|  0%| F|  |TAMS 0x0000000088a00000, 0x0000000088a00000| Untracked 
| 139|0x0000000088b00000, 0x0000000088b00000, 0x0000000088c00000|  0%| F|  |TAMS 0x0000000088b00000, 0x0000000088b00000| Untracked 
| 140|0x0000000088c00000, 0x0000000088c00000, 0x0000000088d00000|  0%| F|  |TAMS 0x0000000088c00000, 0x0000000088c00000| Untracked 
| 141|0x0000000088d00000, 0x0000000088d00000, 0x0000000088e00000|  0%| F|  |TAMS 0x0000000088d00000, 0x0000000088d00000| Untracked 
| 142|0x0000000088e00000, 0x0000000088e00000, 0x0000000088f00000|  0%| F|  |TAMS 0x0000000088e00000, 0x0000000088e00000| Untracked 
| 143|0x0000000088f00000, 0x0000000088f00000, 0x0000000089000000|  0%| F|  |TAMS 0x0000000088f00000, 0x0000000088f00000| Untracked 
| 144|0x0000000089000000, 0x0000000089000000, 0x0000000089100000|  0%| F|  |TAMS 0x0000000089000000, 0x0000000089000000| Untracked 
| 145|0x0000000089100000, 0x0000000089100000, 0x0000000089200000|  0%| F|  |TAMS 0x0000000089100000, 0x0000000089100000| Untracked 
| 146|0x0000000089200000, 0x0000000089200000, 0x0000000089300000|  0%| F|  |TAMS 0x0000000089200000, 0x0000000089200000| Untracked 
| 147|0x0000000089300000, 0x0000000089300000, 0x0000000089400000|  0%| F|  |TAMS 0x0000000089300000, 0x0000000089300000| Untracked 
| 148|0x0000000089400000, 0x0000000089400000, 0x0000000089500000|  0%| F|  |TAMS 0x0000000089400000, 0x0000000089400000| Untracked 
| 149|0x0000000089500000, 0x0000000089500000, 0x0000000089600000|  0%| F|  |TAMS 0x0000000089500000, 0x0000000089500000| Untracked 
| 150|0x0000000089600000, 0x0000000089600000, 0x0000000089700000|  0%| F|  |TAMS 0x0000000089600000, 0x0000000089600000| Untracked 
| 151|0x0000000089700000, 0x0000000089700000, 0x0000000089800000|  0%| F|  |TAMS 0x0000000089700000, 0x0000000089700000| Untracked 
| 152|0x0000000089800000, 0x0000000089800000, 0x0000000089900000|  0%| F|  |TAMS 0x0000000089800000, 0x0000000089800000| Untracked 
| 153|0x0000000089900000, 0x0000000089962520, 0x0000000089a00000| 38%| S|  |TAMS 0x0000000089900000, 0x0000000089900000| Complete 
| 154|0x0000000089a00000, 0x0000000089b00000, 0x0000000089b00000|100%| S|  |TAMS 0x0000000089a00000, 0x0000000089a00000| Complete 
| 155|0x0000000089b00000, 0x0000000089c00000, 0x0000000089c00000|100%| S|  |TAMS 0x0000000089b00000, 0x0000000089b00000| Complete 
| 156|0x0000000089c00000, 0x0000000089d00000, 0x0000000089d00000|100%| S|  |TAMS 0x0000000089c00000, 0x0000000089c00000| Complete 
| 157|0x0000000089d00000, 0x0000000089e00000, 0x0000000089e00000|100%| S|  |TAMS 0x0000000089d00000, 0x0000000089d00000| Complete 
| 158|0x0000000089e00000, 0x0000000089f00000, 0x0000000089f00000|100%| S|  |TAMS 0x0000000089e00000, 0x0000000089e00000| Complete 
| 159|0x0000000089f00000, 0x000000008a000000, 0x000000008a000000|100%| E|CS|TAMS 0x0000000089f00000, 0x0000000089f00000| Complete 
| 160|0x000000008a000000, 0x000000008a100000, 0x000000008a100000|100%| E|CS|TAMS 0x000000008a000000, 0x000000008a000000| Complete 
| 161|0x000000008a100000, 0x000000008a200000, 0x000000008a200000|100%| E|CS|TAMS 0x000000008a100000, 0x000000008a100000| Complete 
| 162|0x000000008a200000, 0x000000008a300000, 0x000000008a300000|100%| E|CS|TAMS 0x000000008a200000, 0x000000008a200000| Complete 
| 163|0x000000008a300000, 0x000000008a400000, 0x000000008a400000|100%| E|CS|TAMS 0x000000008a300000, 0x000000008a300000| Complete 
| 164|0x000000008a400000, 0x000000008a500000, 0x000000008a500000|100%| E|CS|TAMS 0x000000008a400000, 0x000000008a400000| Complete 
| 165|0x000000008a500000, 0x000000008a600000, 0x000000008a600000|100%| E|CS|TAMS 0x000000008a500000, 0x000000008a500000| Complete 
| 166|0x000000008a600000, 0x000000008a6998e0, 0x000000008a700000| 59%| E|CS|TAMS 0x000000008a600000, 0x000000008a600000| Complete 
| 167|0x000000008a700000, 0x000000008a800000, 0x000000008a800000|100%| E|CS|TAMS 0x000000008a700000, 0x000000008a700000| Complete 
| 168|0x000000008a800000, 0x000000008a900000, 0x000000008a900000|100%| E|CS|TAMS 0x000000008a800000, 0x000000008a800000| Complete 
| 169|0x000000008a900000, 0x000000008aa00000, 0x000000008aa00000|100%| E|CS|TAMS 0x000000008a900000, 0x000000008a900000| Complete 
| 170|0x000000008aa00000, 0x000000008ab00000, 0x000000008ab00000|100%| E|CS|TAMS 0x000000008aa00000, 0x000000008aa00000| Complete 
| 171|0x000000008ab00000, 0x000000008ac00000, 0x000000008ac00000|100%| E|CS|TAMS 0x000000008ab00000, 0x000000008ab00000| Complete 
| 172|0x000000008ac00000, 0x000000008ad00000, 0x000000008ad00000|100%| E|CS|TAMS 0x000000008ac00000, 0x000000008ac00000| Complete 
| 173|0x000000008ad00000, 0x000000008ae00000, 0x000000008ae00000|100%| E|CS|TAMS 0x000000008ad00000, 0x000000008ad00000| Complete 
| 174|0x000000008ae00000, 0x000000008af00000, 0x000000008af00000|100%| E|CS|TAMS 0x000000008ae00000, 0x000000008ae00000| Complete 
| 175|0x000000008af00000, 0x000000008b000000, 0x000000008b000000|100%| E|CS|TAMS 0x000000008af00000, 0x000000008af00000| Complete 
| 176|0x000000008b000000, 0x000000008b100000, 0x000000008b100000|100%| E|CS|TAMS 0x000000008b000000, 0x000000008b000000| Complete 
| 177|0x000000008b100000, 0x000000008b200000, 0x000000008b200000|100%| E|CS|TAMS 0x000000008b100000, 0x000000008b100000| Complete 
| 178|0x000000008b200000, 0x000000008b300000, 0x000000008b300000|100%| E|CS|TAMS 0x000000008b200000, 0x000000008b200000| Complete 
| 179|0x000000008b300000, 0x000000008b400000, 0x000000008b400000|100%| E|CS|TAMS 0x000000008b300000, 0x000000008b300000| Complete 
| 180|0x000000008b400000, 0x000000008b500000, 0x000000008b500000|100%| E|CS|TAMS 0x000000008b400000, 0x000000008b400000| Complete 
| 181|0x000000008b500000, 0x000000008b600000, 0x000000008b600000|100%| E|CS|TAMS 0x000000008b500000, 0x000000008b500000| Complete 
| 182|0x000000008b600000, 0x000000008b700000, 0x000000008b700000|100%| E|CS|TAMS 0x000000008b600000, 0x000000008b600000| Complete 
| 183|0x000000008b700000, 0x000000008b800000, 0x000000008b800000|100%| E|CS|TAMS 0x000000008b700000, 0x000000008b700000| Complete 
| 184|0x000000008b800000, 0x000000008b900000, 0x000000008b900000|100%| E|CS|TAMS 0x000000008b800000, 0x000000008b800000| Complete 
| 185|0x000000008b900000, 0x000000008ba00000, 0x000000008ba00000|100%| E|CS|TAMS 0x000000008b900000, 0x000000008b900000| Complete 
| 186|0x000000008ba00000, 0x000000008bb00000, 0x000000008bb00000|100%| E|CS|TAMS 0x000000008ba00000, 0x000000008ba00000| Complete 
| 187|0x000000008bb00000, 0x000000008bc00000, 0x000000008bc00000|100%| E|CS|TAMS 0x000000008bb00000, 0x000000008bb00000| Complete 
| 188|0x000000008bc00000, 0x000000008bd00000, 0x000000008bd00000|100%| E|CS|TAMS 0x000000008bc00000, 0x000000008bc00000| Complete 
| 189|0x000000008bd00000, 0x000000008be00000, 0x000000008be00000|100%| E|CS|TAMS 0x000000008bd00000, 0x000000008bd00000| Complete 
| 190|0x000000008be00000, 0x000000008bf00000, 0x000000008bf00000|100%| E|CS|TAMS 0x000000008be00000, 0x000000008be00000| Complete 
| 191|0x000000008bf00000, 0x000000008c000000, 0x000000008c000000|100%| E|CS|TAMS 0x000000008bf00000, 0x000000008bf00000| Complete 
| 192|0x000000008c000000, 0x000000008c100000, 0x000000008c100000|100%| E|CS|TAMS 0x000000008c000000, 0x000000008c000000| Complete 
| 193|0x000000008c100000, 0x000000008c200000, 0x000000008c200000|100%| E|CS|TAMS 0x000000008c100000, 0x000000008c100000| Complete 
| 194|0x000000008c200000, 0x000000008c300000, 0x000000008c300000|100%| E|CS|TAMS 0x000000008c200000, 0x000000008c200000| Complete 
| 195|0x000000008c300000, 0x000000008c400000, 0x000000008c400000|100%| E|CS|TAMS 0x000000008c300000, 0x000000008c300000| Complete 
| 196|0x000000008c400000, 0x000000008c500000, 0x000000008c500000|100%| E|CS|TAMS 0x000000008c400000, 0x000000008c400000| Complete 
| 197|0x000000008c500000, 0x000000008c600000, 0x000000008c600000|100%| E|CS|TAMS 0x000000008c500000, 0x000000008c500000| Complete 
| 198|0x000000008c600000, 0x000000008c700000, 0x000000008c700000|100%| E|CS|TAMS 0x000000008c600000, 0x000000008c600000| Complete 
| 199|0x000000008c700000, 0x000000008c800000, 0x000000008c800000|100%| E|CS|TAMS 0x000000008c700000, 0x000000008c700000| Complete 
| 200|0x000000008c800000, 0x000000008c900000, 0x000000008c900000|100%| E|CS|TAMS 0x000000008c800000, 0x000000008c800000| Complete 
| 201|0x000000008c900000, 0x000000008ca00000, 0x000000008ca00000|100%| E|CS|TAMS 0x000000008c900000, 0x000000008c900000| Complete 
| 202|0x000000008ca00000, 0x000000008cb00000, 0x000000008cb00000|100%| E|CS|TAMS 0x000000008ca00000, 0x000000008ca00000| Complete 
| 203|0x000000008cb00000, 0x000000008cc00000, 0x000000008cc00000|100%| E|CS|TAMS 0x000000008cb00000, 0x000000008cb00000| Complete 
| 204|0x000000008cc00000, 0x000000008cd00000, 0x000000008cd00000|100%| E|CS|TAMS 0x000000008cc00000, 0x000000008cc00000| Complete 
| 205|0x000000008cd00000, 0x000000008ce00000, 0x000000008ce00000|100%| E|CS|TAMS 0x000000008cd00000, 0x000000008cd00000| Complete 

Card table byte_map: [0x000002266aa50000,0x000002266ae50000] _byte_map_base: 0x000002266a650000

Marking Bits (Prev, Next): (CMBitMap*) 0x00000226518adae0, (CMBitMap*) 0x00000226518adaa0
 Prev Bits: [0x000002266d250000, 0x000002266f250000)
 Next Bits: [0x000002266b250000, 0x000002266d250000)

Polling page: 0x0000022651900000

Metaspace:

Usage:
  Non-class:     56.36 MB used.
      Class:      9.19 MB used.
       Both:     65.56 MB used.

Virtual space:
  Non-class space:       64.00 MB reserved,      56.81 MB ( 89%) committed,  1 nodes.
      Class space:      416.00 MB reserved,       9.56 MB (  2%) committed,  1 nodes.
             Both:      480.00 MB reserved,      66.38 MB ( 14%) committed. 

Chunk freelists:
   Non-Class:  7.07 MB
       Class:  6.32 MB
        Both:  13.38 MB

MaxMetaspaceSize: 512.00 MB
CompressedClassSpaceSize: 416.00 MB
Initial GC threshold: 21.00 MB
Current GC threshold: 85.31 MB
CDS: on
MetaspaceReclaimPolicy: balanced
 - commit_granule_bytes: 65536.
 - commit_granule_words: 8192.
 - virtual_space_node_default_size: 8388608.
 - enlarge_chunks_in_place: 1.
 - new_chunks_are_fully_committed: 0.
 - uncommit_free_chunks: 1.
 - use_allocation_guard: 0.
 - handle_deallocations: 1.


Internal statistics:

num_allocs_failed_limit: 6.
num_arena_births: 1046.
num_arena_deaths: 0.
num_vsnodes_births: 2.
num_vsnodes_deaths: 0.
num_space_committed: 1062.
num_space_uncommitted: 0.
num_chunks_returned_to_freelist: 6.
num_chunks_taken_from_freelist: 3954.
num_chunk_merges: 6.
num_chunk_splits: 2526.
num_chunks_enlarged: 1611.
num_inconsistent_stats: 0.

CodeHeap 'non-profiled nmethods': size=120000Kb used=5027Kb max_used=5027Kb free=114972Kb
 bounds [0x00000226626c0000, 0x0000022662bb0000, 0x0000022669bf0000]
CodeHeap 'profiled nmethods': size=120000Kb used=16187Kb max_used=16187Kb free=103812Kb
 bounds [0x000002265abf0000, 0x000002265bbc0000, 0x0000022662120000]
CodeHeap 'non-nmethods': size=5760Kb used=2380Kb max_used=2422Kb free=3379Kb
 bounds [0x0000022662120000, 0x0000022662390000, 0x00000226626c0000]
 total_blobs=9121 nmethods=8213 adapters=820
 compilation: enabled
              stopped_count=0, restarted_count=0
 full_count=0

Compilation events (20 events):
Event: 870.971 Thread 0x0000022671d17f90 nmethod 9060 0x000002265bbade90 code [0x000002265bbae160, 0x000002265bbaefa8]
Event: 870.971 Thread 0x0000022671d17f90 9061       3       org.gradle.api.internal.project.DefaultProject::getTasks (9 bytes)
Event: 870.973 Thread 0x0000022671d17f90 nmethod 9061 0x000002265bbaf410 code [0x000002265bbaf5e0, 0x000002265bbaf8e8]
Event: 870.996 Thread 0x0000022671d17f90 9062       3       com.google.common.collect.Maps::newLinkedHashMapWithExpectedSize (12 bytes)
Event: 870.997 Thread 0x0000022671d17f90 nmethod 9062 0x000002265bbafa90 code [0x000002265bbafc80, 0x000002265bbaff18]
Event: 870.997 Thread 0x0000022671d17f90 9063       3       org.gradle.api.internal.project.DefaultProject_Decorated::getCrossProjectModelAccess (32 bytes)
Event: 870.998 Thread 0x0000022671d17f90 nmethod 9063 0x000002265bbb0090 code [0x000002265bbb0280, 0x000002265bbb08f8]
Event: 870.999 Thread 0x0000022671d17f90 9064       3       java.nio.Buffer::discardMark (6 bytes)
Event: 870.999 Thread 0x0000022671d17f90 nmethod 9064 0x000002265bbb0b10 code [0x000002265bbb0ca0, 0x000002265bbb0db8]
Event: 871.023 Thread 0x0000022671d17f90 9067       3       org.gradle.api.internal.tasks.compile.tooling.JavaCompileTaskSuccessResultPostProcessor::finished (86 bytes)
Event: 871.042 Thread 0x0000022671d17f90 nmethod 9067 0x000002265bbb0e90 code [0x000002265bbb1100, 0x000002265bbb1978]
Event: 871.042 Thread 0x0000022671d17f90 9068       3       org.gradle.tooling.internal.provider.runner.PluginApplicationTracker::discardState (15 bytes)
Event: 871.042 Thread 0x0000022671d17f90 nmethod 9068 0x000002265bbb1c10 code [0x000002265bbb1dc0, 0x000002265bbb1fc8]
Event: 871.200 Thread 0x0000022671d17f90 9069   !   3       org.gradle.internal.snapshot.DirectorySnapshot::accept (156 bytes)
Event: 871.210 Thread 0x0000022671d17f90 nmethod 9069 0x000002265bbb2090 code [0x000002265bbb2420, 0x000002265bbb4148]
Event: 871.210 Thread 0x0000022671d17f90 9070       3       org.gradle.internal.snapshot.DirectorySnapshot::accept (8 bytes)
Event: 871.214 Thread 0x0000022671d17f90 nmethod 9070 0x000002265bbb4b90 code [0x000002265bbb4d40, 0x000002265bbb4f78]
Event: 871.214 Thread 0x0000022671d17f90 9071       3       org.gradle.internal.snapshot.FileSystemLocationSnapshot$FileSystemLocationSnapshotVisitor::visitDirectory (1 bytes)
Event: 871.214 Thread 0x0000022671d17f90 nmethod 9071 0x000002265bbb5090 code [0x000002265bbb5220, 0x000002265bbb5338]
Event: 872.978 Thread 0x0000022671d17f90 9072       3       org.gradle.internal.component.resolution.failure.ResolutionFailureDescriberRegistry::registerDescriber (42 bytes)

GC Heap History (20 events):
Event: 662.028 GC heap before
{Heap before GC invocations=32 (full 0):
 garbage-first heap   total 105472K, used 53715K [0x0000000080000000, 0x0000000100000000)
  region size 1024K, 9 young (9216K), 1 survivors (1024K)
 Metaspace       used 54843K, committed 55488K, reserved 491520K
  class space    used 7655K, committed 7936K, reserved 425984K
}
Event: 662.032 GC heap after
{Heap after GC invocations=33 (full 0):
 garbage-first heap   total 210944K, used 46064K [0x0000000080000000, 0x0000000100000000)
  region size 1024K, 1 young (1024K), 1 survivors (1024K)
 Metaspace       used 54843K, committed 55488K, reserved 491520K
  class space    used 7655K, committed 7936K, reserved 425984K
}
Event: 693.129 GC heap before
{Heap before GC invocations=33 (full 0):
 garbage-first heap   total 210944K, used 66544K [0x0000000080000000, 0x0000000100000000)
  region size 1024K, 18 young (18432K), 1 survivors (1024K)
 Metaspace       used 55496K, committed 56128K, reserved 491520K
  class space    used 7744K, committed 8000K, reserved 425984K
}
Event: 693.214 GC heap after
{Heap after GC invocations=34 (full 0):
 garbage-first heap   total 210944K, used 50551K [0x0000000080000000, 0x0000000100000000)
  region size 1024K, 2 young (2048K), 2 survivors (2048K)
 Metaspace       used 55496K, committed 56128K, reserved 491520K
  class space    used 7744K, committed 8000K, reserved 425984K
}
Event: 750.083 GC heap before
{Heap before GC invocations=34 (full 0):
 garbage-first heap   total 210944K, used 71031K [0x0000000080000000, 0x0000000100000000)
  region size 1024K, 20 young (20480K), 2 survivors (2048K)
 Metaspace       used 56070K, committed 56832K, reserved 491520K
  class space    used 7826K, committed 8192K, reserved 425984K
}
Event: 750.245 GC heap after
{Heap after GC invocations=35 (full 0):
 garbage-first heap   total 210944K, used 55115K [0x0000000080000000, 0x0000000100000000)
  region size 1024K, 3 young (3072K), 3 survivors (3072K)
 Metaspace       used 56070K, committed 56832K, reserved 491520K
  class space    used 7826K, committed 8192K, reserved 425984K
}
Event: 816.729 GC heap before
{Heap before GC invocations=35 (full 0):
 garbage-first heap   total 210944K, used 67403K [0x0000000080000000, 0x0000000100000000)
  region size 1024K, 16 young (16384K), 3 survivors (3072K)
 Metaspace       used 57834K, committed 58496K, reserved 491520K
  class space    used 8034K, committed 8320K, reserved 425984K
}
Event: 818.177 GC heap after
{Heap after GC invocations=36 (full 0):
 garbage-first heap   total 210944K, used 55804K [0x0000000080000000, 0x0000000100000000)
  region size 1024K, 1 young (1024K), 1 survivors (1024K)
 Metaspace       used 57834K, committed 58496K, reserved 491520K
  class space    used 8034K, committed 8320K, reserved 425984K
}
Event: 829.766 GC heap before
{Heap before GC invocations=36 (full 0):
 garbage-first heap   total 210944K, used 63996K [0x0000000080000000, 0x0000000100000000)
  region size 1024K, 10 young (10240K), 1 survivors (1024K)
 Metaspace       used 58462K, committed 59200K, reserved 491520K
  class space    used 8128K, committed 8448K, reserved 425984K
}
Event: 829.773 GC heap after
{Heap after GC invocations=37 (full 0):
 garbage-first heap   total 210944K, used 56098K [0x0000000080000000, 0x0000000100000000)
  region size 1024K, 2 young (2048K), 2 survivors (2048K)
 Metaspace       used 58462K, committed 59200K, reserved 491520K
  class space    used 8128K, committed 8448K, reserved 425984K
}
Event: 831.781 GC heap before
{Heap before GC invocations=37 (full 0):
 garbage-first heap   total 210944K, used 64290K [0x0000000080000000, 0x0000000100000000)
  region size 1024K, 10 young (10240K), 2 survivors (2048K)
 Metaspace       used 58993K, committed 59712K, reserved 491520K
  class space    used 8224K, committed 8512K, reserved 425984K
}
Event: 831.786 GC heap after
{Heap after GC invocations=38 (full 0):
 garbage-first heap   total 210944K, used 56246K [0x0000000080000000, 0x0000000100000000)
  region size 1024K, 2 young (2048K), 2 survivors (2048K)
 Metaspace       used 58993K, committed 59712K, reserved 491520K
  class space    used 8224K, committed 8512K, reserved 425984K
}
Event: 833.381 GC heap before
{Heap before GC invocations=38 (full 0):
 garbage-first heap   total 210944K, used 68534K [0x0000000080000000, 0x0000000100000000)
  region size 1024K, 14 young (14336K), 2 survivors (2048K)
 Metaspace       used 59856K, committed 60544K, reserved 491520K
  class space    used 8328K, committed 8640K, reserved 425984K
}
Event: 833.407 GC heap after
{Heap after GC invocations=39 (full 0):
 garbage-first heap   total 210944K, used 57057K [0x0000000080000000, 0x0000000100000000)
  region size 1024K, 2 young (2048K), 2 survivors (2048K)
 Metaspace       used 59856K, committed 60544K, reserved 491520K
  class space    used 8328K, committed 8640K, reserved 425984K
}
Event: 836.923 GC heap before
{Heap before GC invocations=39 (full 0):
 garbage-first heap   total 210944K, used 77537K [0x0000000080000000, 0x0000000100000000)
  region size 1024K, 22 young (22528K), 2 survivors (2048K)
 Metaspace       used 61133K, committed 61888K, reserved 491520K
  class space    used 8494K, committed 8832K, reserved 425984K
}
Event: 836.926 GC heap after
{Heap after GC invocations=40 (full 0):
 garbage-first heap   total 210944K, used 57355K [0x0000000080000000, 0x0000000100000000)
  region size 1024K, 2 young (2048K), 2 survivors (2048K)
 Metaspace       used 61133K, committed 61888K, reserved 491520K
  class space    used 8494K, committed 8832K, reserved 425984K
}
Event: 844.555 GC heap before
{Heap before GC invocations=40 (full 0):
 garbage-first heap   total 210944K, used 91147K [0x0000000080000000, 0x0000000100000000)
  region size 1024K, 35 young (35840K), 2 survivors (2048K)
 Metaspace       used 64015K, committed 64832K, reserved 491520K
  class space    used 8972K, committed 9344K, reserved 425984K
}
Event: 844.571 GC heap after
{Heap after GC invocations=41 (full 0):
 garbage-first heap   total 210944K, used 58619K [0x0000000080000000, 0x0000000100000000)
  region size 1024K, 3 young (3072K), 3 survivors (3072K)
 Metaspace       used 64015K, committed 64832K, reserved 491520K
  class space    used 8972K, committed 9344K, reserved 425984K
}
Event: 850.934 GC heap before
{Heap before GC invocations=41 (full 0):
 garbage-first heap   total 210944K, used 92411K [0x0000000080000000, 0x0000000100000000)
  region size 1024K, 36 young (36864K), 3 survivors (3072K)
 Metaspace       used 65753K, committed 66560K, reserved 491520K
  class space    used 9231K, committed 9600K, reserved 425984K
}
Event: 850.964 GC heap after
{Heap after GC invocations=42 (full 0):
 garbage-first heap   total 210944K, used 59658K [0x0000000080000000, 0x0000000100000000)
  region size 1024K, 4 young (4096K), 4 survivors (4096K)
 Metaspace       used 65753K, committed 66560K, reserved 491520K
  class space    used 9231K, committed 9600K, reserved 425984K
}

Dll operation events (15 events):
Event: 0.453 Loaded shared library C:\Program Files\Eclipse Adoptium\jdk-17.0.19.10-hotspot\bin\java.dll
Event: 1.280 Loaded shared library C:\Program Files\Eclipse Adoptium\jdk-17.0.19.10-hotspot\bin\jsvml.dll
Event: 1.670 Loaded shared library C:\Program Files\Eclipse Adoptium\jdk-17.0.19.10-hotspot\bin\zip.dll
Event: 1.672 Loaded shared library C:\Program Files\Eclipse Adoptium\jdk-17.0.19.10-hotspot\bin\instrument.dll
Event: 1.679 Loaded shared library C:\Program Files\Eclipse Adoptium\jdk-17.0.19.10-hotspot\bin\net.dll
Event: 1.681 Loaded shared library C:\Program Files\Eclipse Adoptium\jdk-17.0.19.10-hotspot\bin\nio.dll
Event: 1.684 Loaded shared library C:\Program Files\Eclipse Adoptium\jdk-17.0.19.10-hotspot\bin\zip.dll
Event: 3.718 Loaded shared library C:\Program Files\Eclipse Adoptium\jdk-17.0.19.10-hotspot\bin\jimage.dll
Event: 4.851 Loaded shared library C:\Program Files\Eclipse Adoptium\jdk-17.0.19.10-hotspot\bin\verify.dll
Event: 5.253 Loaded shared library C:\Users\USER\.gradle\native\1def1411415f61bf3af743bc5b6707747c0891f09f0c88961ee8f79bc544acac\windows-amd64\native-platform.dll
Event: 5.308 Loaded shared library C:\Users\USER\.gradle\native\0.2.7\x86_64-windows-gnu\gradle-fileevents.dll
Event: 14.125 Loaded shared library C:\Program Files\Eclipse Adoptium\jdk-17.0.19.10-hotspot\bin\management.dll
Event: 14.131 Loaded shared library C:\Program Files\Eclipse Adoptium\jdk-17.0.19.10-hotspot\bin\management_ext.dll
Event: 19.399 Loaded shared library C:\Program Files\Eclipse Adoptium\jdk-17.0.19.10-hotspot\bin\extnet.dll
Event: 23.138 Loaded shared library C:\Program Files\Eclipse Adoptium\jdk-17.0.19.10-hotspot\bin\sunmscapi.dll

Deoptimization events (20 events):
Event: 858.742 Thread 0x0000022676022060 Uncommon trap: trap_request=0xffffffc6 fr.pc=0x000002266280d270 relative=0x0000000000000710
Event: 858.742 Thread 0x0000022676022060 Uncommon trap: reason=bimorphic_or_optimized_type_check action=maybe_recompile pc=0x000002266280d270 method=java.util.HashMap.removeNode(ILjava/lang/Object;Ljava/lang/Object;ZZ)Ljava/util/HashMap$Node; @ 68 c2
Event: 858.742 Thread 0x0000022676022060 DEOPT PACKING pc=0x000002266280d270 sp=0x0000002cafbf6c60
Event: 858.742 Thread 0x0000022676022060 DEOPT UNPACKING pc=0x00000226621769a3 sp=0x0000002cafbf6b88 mode 2
Event: 859.342 Thread 0x0000022676022060 Uncommon trap: trap_request=0xffffffc6 fr.pc=0x000002266280d270 relative=0x0000000000000710
Event: 859.342 Thread 0x0000022676022060 Uncommon trap: reason=bimorphic_or_optimized_type_check action=maybe_recompile pc=0x000002266280d270 method=java.util.HashMap.removeNode(ILjava/lang/Object;Ljava/lang/Object;ZZ)Ljava/util/HashMap$Node; @ 68 c2
Event: 859.342 Thread 0x0000022676022060 DEOPT PACKING pc=0x000002266280d270 sp=0x0000002cafbf6c60
Event: 859.342 Thread 0x0000022676022060 DEOPT UNPACKING pc=0x00000226621769a3 sp=0x0000002cafbf6b88 mode 2
Event: 868.462 Thread 0x0000022676022060 Uncommon trap: trap_request=0xffffff45 fr.pc=0x0000022662b4cbb0 relative=0x0000000000000c50
Event: 868.462 Thread 0x0000022676022060 Uncommon trap: reason=unstable_if action=reinterpret pc=0x0000022662b4cbb0 method=java.lang.reflect.Constructor.acquireConstructorAccessor()Ljdk/internal/reflect/ConstructorAccessor; @ 18 c2
Event: 868.462 Thread 0x0000022676022060 DEOPT PACKING pc=0x0000022662b4cbb0 sp=0x0000002cafbf5020
Event: 868.462 Thread 0x0000022676022060 DEOPT UNPACKING pc=0x00000226621769a3 sp=0x0000002cafbf4f88 mode 2
Event: 870.234 Thread 0x0000022676022060 Uncommon trap: trap_request=0xffffffc6 fr.pc=0x000002266280d270 relative=0x0000000000000710
Event: 870.234 Thread 0x0000022676022060 Uncommon trap: reason=bimorphic_or_optimized_type_check action=maybe_recompile pc=0x000002266280d270 method=java.util.HashMap.removeNode(ILjava/lang/Object;Ljava/lang/Object;ZZ)Ljava/util/HashMap$Node; @ 68 c2
Event: 870.234 Thread 0x0000022676022060 DEOPT PACKING pc=0x000002266280d270 sp=0x0000002cafbf6e90
Event: 870.257 Thread 0x0000022676022060 DEOPT UNPACKING pc=0x00000226621769a3 sp=0x0000002cafbf6db8 mode 2
Event: 870.339 Thread 0x0000022676022060 Uncommon trap: trap_request=0xffffffc6 fr.pc=0x000002266280d270 relative=0x0000000000000710
Event: 870.339 Thread 0x0000022676022060 Uncommon trap: reason=bimorphic_or_optimized_type_check action=maybe_recompile pc=0x000002266280d270 method=java.util.HashMap.removeNode(ILjava/lang/Object;Ljava/lang/Object;ZZ)Ljava/util/HashMap$Node; @ 68 c2
Event: 870.339 Thread 0x0000022676022060 DEOPT PACKING pc=0x000002266280d270 sp=0x0000002cafbf6e90
Event: 870.353 Thread 0x0000022676022060 DEOPT UNPACKING pc=0x00000226621769a3 sp=0x0000002cafbf6db8 mode 2

Classes loaded (20 events):
Event: 838.560 Loading class com/sun/org/apache/xerces/internal/utils/XMLSecurityPropertyManager
Event: 838.561 Loading class com/sun/org/apache/xerces/internal/utils/XMLSecurityPropertyManager done
Event: 838.561 Loading class com/sun/org/apache/xerces/internal/utils/XMLSecurityPropertyManager$State
Event: 838.561 Loading class com/sun/org/apache/xerces/internal/utils/XMLSecurityPropertyManager$State done
Event: 838.561 Loading class com/sun/org/apache/xerces/internal/utils/XMLSecurityPropertyManager$Property
Event: 838.567 Loading class com/sun/org/apache/xerces/internal/utils/XMLSecurityPropertyManager$Property done
Event: 838.568 Loading class javax/xml/parsers/DocumentBuilderFactory
Event: 838.569 Loading class javax/xml/parsers/DocumentBuilderFactory done
Event: 838.569 Loading class javax/xml/parsers/FactoryFinder
Event: 838.570 Loading class javax/xml/parsers/FactoryFinder done
Event: 838.578 Loading class javax/xml/parsers/FactoryFinder$1
Event: 838.578 Loading class javax/xml/parsers/FactoryFinder$1 done
Event: 838.579 Loading class com/sun/org/apache/xerces/internal/jaxp/DocumentBuilderFactoryImpl
Event: 838.580 Loading class com/sun/org/apache/xerces/internal/jaxp/DocumentBuilderFactoryImpl done
Event: 839.242 Loading class java/util/regex/Pattern$SliceI
Event: 839.243 Loading class java/util/regex/Pattern$SliceI done
Event: 842.602 Loading class java/lang/Character$UnicodeBlock
Event: 842.607 Loading class java/lang/Character$Subset
Event: 842.607 Loading class java/lang/Character$Subset done
Event: 842.607 Loading class java/lang/Character$UnicodeBlock done

Classes unloaded (0 events):
No events

Classes redefined (0 events):
No events

Internal exceptions (20 events):
Event: 760.224 Thread 0x0000022676022060 Exception <a 'java/lang/NoSuchMethodError'{0x000000008c63ea28}: static Lorg/jetbrains/kotlin/gradle/plugin/internal/DefaultMavenPublicationComponentAccessorFactory;.<clinit>()V> (0x000000008c63ea28) 
thrown [s\src\hotspot\share\prims\jni.cpp, line 1112]
Event: 760.303 Thread 0x0000022676022060 Exception <a 'java/lang/NoSuchMethodError'{0x000000008c671a60}: static Lorg/jetbrains/kotlin/gradle/plugin/internal/DefaultCompatibilityConventionRegistrar$Factory;.<clinit>()V> (0x000000008c671a60) 
thrown [s\src\hotspot\share\prims\jni.cpp, line 1112]
Event: 760.365 Thread 0x0000022676022060 Exception <a 'java/lang/NoSuchMethodError'{0x000000008c695bb8}: static Lorg/jetbrains/kotlin/gradle/plugin/internal/DefaultConfigurationCacheStartParameterAccessorVariantFactory;.<clinit>()V> (0x000000008c695bb8) 
thrown [s\src\hotspot\share\prims\jni.cpp, line 1112]
Event: 769.061 Thread 0x0000022676022060 Exception <a 'java/lang/IncompatibleClassChangeError'{0x000000008c47d120}: Found class java.lang.Object, but interface was expected> (0x000000008c47d120) 
thrown [s\src\hotspot\share\interpreter\linkResolver.cpp, line 826]
Event: 826.512 Thread 0x0000022676022060 Exception <a 'java/lang/NoSuchMethodError'{0x000000008c8cb700}: static Ljava/lang/Object;.<clinit>()V> (0x000000008c8cb700) 
thrown [s\src\hotspot\share\prims\jni.cpp, line 1112]
Event: 828.740 Thread 0x0000022676022060 Exception <a 'java/lang/NoSuchMethodError'{0x000000008c7b69b0}: static Lorg/jetbrains/kotlin/gradle/plugin/statistics/MetricContainer;.<clinit>()V> (0x000000008c7b69b0) 
thrown [s\src\hotspot\share\prims\jni.cpp, line 1112]
Event: 840.031 Thread 0x0000022676022060 Exception <a 'java/lang/NoSuchMethodError'{0x000000008c3c6528}: 'void java.lang.invoke.DirectMethodHandle$Holder.invokeVirtual(java.lang.Object, java.lang.Object)'> (0x000000008c3c6528) 
thrown [s\src\hotspot\share\interpreter\linkResolver.cpp, line 759]
Event: 842.724 Thread 0x0000022676022060 Exception <a 'java/lang/NoSuchMethodError'{0x000000008b4a98b8}: 'int java.lang.invoke.DirectMethodHandle$Holder.invokeStatic(java.lang.Object, java.lang.Object, int)'> (0x000000008b4a98b8) 
thrown [s\src\hotspot\share\interpreter\linkResolver.cpp, line 759]
Event: 849.441 Thread 0x0000022676022060 Exception <a 'java/lang/ClassNotFoundException'{0x000000008b840608}: org/jetbrains/kotlin/gradle/targets/js/npm/DefaultNpmDependencyExtensionBeanInfo> (0x000000008b840608) 
thrown [s\src\hotspot\share\classfile\systemDictionary.cpp, line 256]
Event: 849.445 Thread 0x0000022676022060 Exception <a 'java/lang/ClassNotFoundException'{0x000000008b855108}: org/jetbrains/kotlin/gradle/targets/js/npm/DefaultNpmDependencyExtensionCustomizer> (0x000000008b855108) 
thrown [s\src\hotspot\share\classfile\systemDictionary.cpp, line 256]
Event: 849.672 Thread 0x0000022676022060 Exception <a 'java/lang/ClassNotFoundException'{0x000000008b704d70}: org/jetbrains/kotlin/gradle/targets/js/npm/NpmDependencyExtensionKt$defaultNpmDependencyDelegate$1BeanInfo> (0x000000008b704d70) 
thrown [s\src\hotspot\share\classfile\systemDictionary.cpp, line 256]
Event: 849.674 Thread 0x0000022676022060 Exception <a 'java/lang/ClassNotFoundException'{0x000000008b7198b0}: org/jetbrains/kotlin/gradle/targets/js/npm/NpmDependencyExtensionDelegateBeanInfo> (0x000000008b7198b0) 
thrown [s\src\hotspot\share\classfile\systemDictionary.cpp, line 256]
Event: 849.685 Thread 0x0000022676022060 Exception <a 'java/lang/ClassNotFoundException'{0x000000008b72e400}: org/jetbrains/kotlin/gradle/targets/js/npm/NpmDependencyExtensionDelegateCustomizer> (0x000000008b72e400) 
thrown [s\src\hotspot\share\classfile\systemDictionary.cpp, line 256]
Event: 849.698 Thread 0x0000022676022060 Exception <a 'java/lang/ClassNotFoundException'{0x000000008b76ac00}: org/jetbrains/kotlin/gradle/targets/js/npm/NpmDependencyExtensionKt$defaultNpmDependencyDelegate$1Customizer> (0x000000008b76ac00) 
thrown [s\src\hotspot\share\classfile\systemDictionary.cpp, line 256]
Event: 849.709 Thread 0x0000022676022060 Exception <a 'java/lang/ClassNotFoundException'{0x000000008b7b7e80}: org/jetbrains/kotlin/gradle/targets/js/npm/DefaultDevNpmDependencyExtensionBeanInfo> (0x000000008b7b7e80) 
thrown [s\src\hotspot\share\classfile\systemDictionary.cpp, line 256]
Event: 849.710 Thread 0x0000022676022060 Exception <a 'java/lang/ClassNotFoundException'{0x000000008b7cc9d8}: org/jetbrains/kotlin/gradle/targets/js/npm/DefaultDevNpmDependencyExtensionCustomizer> (0x000000008b7cc9d8) 
thrown [s\src\hotspot\share\classfile\systemDictionary.cpp, line 256]
Event: 849.720 Thread 0x0000022676022060 Exception <a 'java/lang/ClassNotFoundException'{0x000000008b622ce0}: org/jetbrains/kotlin/gradle/targets/js/npm/DefaultPeerNpmDependencyExtensionBeanInfo> (0x000000008b622ce0) 
thrown [s\src\hotspot\share\classfile\systemDictionary.cpp, line 256]
Event: 849.724 Thread 0x0000022676022060 Exception <a 'java/lang/ClassNotFoundException'{0x000000008b637858}: org/jetbrains/kotlin/gradle/targets/js/npm/DefaultPeerNpmDependencyExtensionCustomizer> (0x000000008b637858) 
thrown [s\src\hotspot\share\classfile\systemDictionary.cpp, line 256]
Event: 849.738 Thread 0x0000022676022060 Exception <a 'java/lang/ClassNotFoundException'{0x000000008b696578}: org/jetbrains/kotlin/gradle/targets/js/npm/DefaultPeerNpmDependencyExtension$delegate$1BeanInfo> (0x000000008b696578) 
thrown [s\src\hotspot\share\classfile\systemDictionary.cpp, line 256]
Event: 849.738 Thread 0x0000022676022060 Exception <a 'java/lang/ClassNotFoundException'{0x000000008b6ab308}: org/jetbrains/kotlin/gradle/targets/js/npm/DefaultPeerNpmDependencyExtension$delegate$1Customizer> (0x000000008b6ab308) 
thrown [s\src\hotspot\share\classfile\systemDictionary.cpp, line 256]

VM Operations (20 events):
Event: 860.095 Executing VM operation: Cleanup
Event: 863.419 Executing VM operation: Cleanup done
Event: 863.421 Executing VM operation: HandshakeAllThreads
Event: 863.423 Executing VM operation: HandshakeAllThreads done
Event: 864.435 Executing VM operation: Cleanup
Event: 864.457 Executing VM operation: Cleanup done
Event: 865.469 Executing VM operation: Cleanup
Event: 865.729 Executing VM operation: Cleanup done
Event: 866.731 Executing VM operation: Cleanup
Event: 866.746 Executing VM operation: Cleanup done
Event: 867.748 Executing VM operation: Cleanup
Event: 867.764 Executing VM operation: Cleanup done
Event: 868.766 Executing VM operation: Cleanup
Event: 868.781 Executing VM operation: Cleanup done
Event: 869.786 Executing VM operation: Cleanup
Event: 869.801 Executing VM operation: Cleanup done
Event: 870.803 Executing VM operation: Cleanup
Event: 870.818 Executing VM operation: Cleanup done
Event: 871.821 Executing VM operation: Cleanup
Event: 871.821 Executing VM operation: Cleanup done

Memory protections (0 events):
No events

Nmethod flushes (20 events):
Event: 134.049 Thread 0x0000022676032810 flushing  nmethod 0x000002265b3b8f90
Event: 134.049 Thread 0x0000022676032810 flushing  nmethod 0x000002265b3cc590
Event: 134.049 Thread 0x0000022676032810 flushing  nmethod 0x000002265b3d7a10
Event: 134.049 Thread 0x0000022676032810 flushing  nmethod 0x000002265b3d8590
Event: 134.049 Thread 0x0000022676032810 flushing  nmethod 0x000002265b3d8d90
Event: 134.049 Thread 0x0000022676032810 flushing  nmethod 0x000002265b3d9810
Event: 134.049 Thread 0x0000022676032810 flushing  nmethod 0x000002265b3dad10
Event: 134.049 Thread 0x0000022676032810 flushing  nmethod 0x000002265b3dc210
Event: 134.049 Thread 0x0000022676032810 flushing  nmethod 0x000002265b3e0390
Event: 134.049 Thread 0x0000022676032810 flushing  nmethod 0x000002265b3e1410
Event: 134.049 Thread 0x0000022676032810 flushing  nmethod 0x000002265b3ee390
Event: 134.050 Thread 0x0000022676032810 flushing  nmethod 0x000002265b411c10
Event: 134.050 Thread 0x0000022676032810 flushing  nmethod 0x000002265b424310
Event: 134.050 Thread 0x0000022676032810 flushing  nmethod 0x000002265b43b710
Event: 134.050 Thread 0x0000022676032810 flushing  nmethod 0x000002265b493a10
Event: 134.050 Thread 0x0000022676032810 flushing  nmethod 0x000002265b493e90
Event: 134.050 Thread 0x0000022676032810 flushing  nmethod 0x000002265b495a90
Event: 134.050 Thread 0x0000022676032810 flushing  nmethod 0x000002265b4d2210
Event: 705.126 Thread 0x0000022676032810 flushing  nmethod 0x000002265ac8fc90
Event: 709.910 Thread 0x0000022676032810 flushing  nmethod 0x000002265af4ed10

Events (20 events):
Event: 658.350 Thread 0x0000022676022060 Thread added: 0x00000226782331b0
Event: 658.350 Thread 0x0000022676022060 Thread added: 0x00000226782336c0
Event: 659.236 Thread 0x0000022676022060 Thread added: 0x000002267822ff10
Event: 659.244 Thread 0x0000022676022060 Thread added: 0x0000022678233bd0
Event: 659.258 Thread 0x0000022676022060 Thread added: 0x0000022678230420
Event: 659.267 Thread 0x0000022676022060 Thread added: 0x0000022678235520
Event: 659.274 Thread 0x0000022676022060 Thread added: 0x00000226782340e0
Event: 659.280 Thread 0x0000022676022060 Thread added: 0x00000226782345f0
Event: 659.284 Thread 0x0000022676022060 Thread added: 0x0000022678235010
Event: 659.660 Thread 0x0000022676022060 Thread added: 0x0000022678234b00
Event: 659.661 Thread 0x0000022676022060 Thread added: 0x0000022678235a30
Event: 659.662 Thread 0x0000022676022060 Thread added: 0x0000022678235f40
Event: 659.663 Thread 0x0000022676022060 Thread added: 0x0000022678236450
Event: 659.677 Thread 0x0000022676022060 Thread added: 0x0000022678236960
Event: 659.693 Thread 0x0000022676022060 Thread added: 0x0000022679736fe0
Event: 659.694 Thread 0x0000022676022060 Thread added: 0x0000022679734c70
Event: 786.930 Thread 0x0000022678230930 Thread exited: 0x0000022678230930
Event: 829.707 Thread 0x0000022676022060 Thread added: 0x0000022676022a80
Event: 838.042 Thread 0x0000022676025300 Thread added: 0x0000022679737a00
Event: 839.586 Thread 0x0000022676022060 Thread added: 0x0000022678230930


Dynamic libraries:
0x00007ff6ce910000 - 0x00007ff6ce91e000 	C:\Program Files\Eclipse Adoptium\jdk-17.0.19.10-hotspot\bin\java.exe
0x00007ffa60140000 - 0x00007ffa603a6000 	C:\WINDOWS\SYSTEM32\ntdll.dll
0x00007ffa5f100000 - 0x00007ffa5f1c9000 	C:\WINDOWS\System32\KERNEL32.DLL
0x00007ffa5d5b0000 - 0x00007ffa5d9aa000 	C:\WINDOWS\System32\KERNELBASE.dll
0x00007ffa5d460000 - 0x00007ffa5d5ac000 	C:\WINDOWS\System32\ucrtbase.dll
0x00007ffa38040000 - 0x00007ffa38058000 	C:\Program Files\Eclipse Adoptium\jdk-17.0.19.10-hotspot\bin\jli.dll
0x00007ffa5fea0000 - 0x00007ffa60067000 	C:\WINDOWS\System32\USER32.dll
0x00007ffa5de80000 - 0x00007ffa5dea7000 	C:\WINDOWS\System32\win32u.dll
0x00007ffa5f280000 - 0x00007ffa5f2ab000 	C:\WINDOWS\System32\GDI32.dll
0x00007ffa5dc90000 - 0x00007ffa5ddbb000 	C:\WINDOWS\System32\gdi32full.dll
0x00007ffa5dbe0000 - 0x00007ffa5dc83000 	C:\WINDOWS\System32\msvcp_win.dll
0x00007ffa3f680000 - 0x00007ffa3f912000 	C:\WINDOWS\WinSxS\amd64_microsoft.windows.common-controls_6595b64144ccf1df_6.0.26100.8521_none_3e08b75ce33403b3\COMCTL32.dll
0x00007ffa5deb0000 - 0x00007ffa5df59000 	C:\WINDOWS\System32\msvcrt.dll
0x00007ffa38020000 - 0x00007ffa3803e000 	C:\Program Files\Eclipse Adoptium\jdk-17.0.19.10-hotspot\bin\VCRUNTIME140.dll
0x00007ffa5fc60000 - 0x00007ffa5fc92000 	C:\WINDOWS\System32\IMM32.DLL
0x00007ffa38010000 - 0x00007ffa3801c000 	C:\Program Files\Eclipse Adoptium\jdk-17.0.19.10-hotspot\bin\vcruntime140_1.dll
0x00007ffa1f700000 - 0x00007ffa1f78d000 	C:\Program Files\Eclipse Adoptium\jdk-17.0.19.10-hotspot\bin\msvcp140.dll
0x00007ff96b680000 - 0x00007ff96c2ec000 	C:\Program Files\Eclipse Adoptium\jdk-17.0.19.10-hotspot\bin\server\jvm.dll
0x00007ffa5fba0000 - 0x00007ffa5fc56000 	C:\WINDOWS\System32\ADVAPI32.dll
0x00007ffa5f1d0000 - 0x00007ffa5f27a000 	C:\WINDOWS\System32\sechost.dll
0x00007ffa5ed80000 - 0x00007ffa5ee98000 	C:\WINDOWS\System32\RPCRT4.dll
0x00007ffa60070000 - 0x00007ffa600f0000 	C:\WINDOWS\System32\WS2_32.dll
0x00007ffa5d230000 - 0x00007ffa5d28e000 	C:\WINDOWS\SYSTEM32\POWRPROF.dll
0x00007ffa54dd0000 - 0x00007ffa54e06000 	C:\WINDOWS\SYSTEM32\WINMM.dll
0x00007ffa4bf90000 - 0x00007ffa4bf9b000 	C:\WINDOWS\SYSTEM32\VERSION.dll
0x00007ffa5d210000 - 0x00007ffa5d224000 	C:\WINDOWS\SYSTEM32\UMPDC.dll
0x00007ffa5c160000 - 0x00007ffa5c17b000 	C:\WINDOWS\SYSTEM32\kernel.appcore.dll
0x00007ffa38000000 - 0x00007ffa3800a000 	C:\Program Files\Eclipse Adoptium\jdk-17.0.19.10-hotspot\bin\jimage.dll
0x00007ffa40390000 - 0x00007ffa405d2000 	C:\WINDOWS\SYSTEM32\DBGHELP.DLL
0x00007ffa5e1e0000 - 0x00007ffa5e563000 	C:\WINDOWS\System32\combase.dll
0x00007ffa5e040000 - 0x00007ffa5e119000 	C:\WINDOWS\System32\OLEAUT32.dll
0x00007ffa36930000 - 0x00007ffa3696b000 	C:\WINDOWS\SYSTEM32\dbgcore.DLL
0x00007ffa5d9b0000 - 0x00007ffa5da58000 	C:\WINDOWS\System32\bcryptPrimitives.dll
0x00007ffa292d0000 - 0x00007ffa292de000 	C:\Program Files\Eclipse Adoptium\jdk-17.0.19.10-hotspot\bin\instrument.dll
0x00007ffa1f6d0000 - 0x00007ffa1f6f5000 	C:\Program Files\Eclipse Adoptium\jdk-17.0.19.10-hotspot\bin\java.dll
0x00007ff9e45c0000 - 0x00007ff9e4697000 	C:\Program Files\Eclipse Adoptium\jdk-17.0.19.10-hotspot\bin\jsvml.dll
0x00007ffa5f390000 - 0x00007ffa5fb14000 	C:\WINDOWS\System32\SHELL32.dll
0x00007ffa5afb0000 - 0x00007ffa5b830000 	C:\WINDOWS\SYSTEM32\windows.storage.dll
0x00007ffa5e7f0000 - 0x00007ffa5e8e6000 	C:\WINDOWS\System32\SHCORE.dll
0x00007ffa5fb20000 - 0x00007ffa5fb87000 	C:\WINDOWS\System32\shlwapi.dll
0x00007ffa5d2f0000 - 0x00007ffa5d319000 	C:\WINDOWS\SYSTEM32\profapi.dll
0x00007ffa1f6b0000 - 0x00007ffa1f6c8000 	C:\Program Files\Eclipse Adoptium\jdk-17.0.19.10-hotspot\bin\zip.dll
0x00007ffa1e810000 - 0x00007ffa1e82a000 	C:\Program Files\Eclipse Adoptium\jdk-17.0.19.10-hotspot\bin\net.dll
0x00007ffa4f1b0000 - 0x00007ffa4f2d9000 	C:\WINDOWS\SYSTEM32\WINHTTP.dll
0x00007ffa5c6d0000 - 0x00007ffa5c73c000 	C:\WINDOWS\system32\mswsock.dll
0x00007ffa1c380000 - 0x00007ffa1c396000 	C:\Program Files\Eclipse Adoptium\jdk-17.0.19.10-hotspot\bin\nio.dll
0x00007ffa28f60000 - 0x00007ffa28f70000 	C:\Program Files\Eclipse Adoptium\jdk-17.0.19.10-hotspot\bin\verify.dll
0x00007ff9c4460000 - 0x00007ff9c4487000 	C:\Users\USER\.gradle\native\1def1411415f61bf3af743bc5b6707747c0891f09f0c88961ee8f79bc544acac\windows-amd64\native-platform.dll
0x00007ff9a2ec0000 - 0x00007ff9a2f38000 	C:\Users\USER\.gradle\native\0.2.7\x86_64-windows-gnu\gradle-fileevents.dll
0x00007ffa28e20000 - 0x00007ffa28e2a000 	C:\Program Files\Eclipse Adoptium\jdk-17.0.19.10-hotspot\bin\management.dll
0x00007ffa1f6a0000 - 0x00007ffa1f6ac000 	C:\Program Files\Eclipse Adoptium\jdk-17.0.19.10-hotspot\bin\management_ext.dll
0x00007ffa5e030000 - 0x00007ffa5e038000 	C:\WINDOWS\System32\PSAPI.DLL
0x00007ffa5bb00000 - 0x00007ffa5bb33000 	C:\WINDOWS\SYSTEM32\IPHLPAPI.DLL
0x00007ffa5e570000 - 0x00007ffa5e57a000 	C:\WINDOWS\System32\NSI.dll
0x00007ffa546d0000 - 0x00007ffa546ed000 	C:\WINDOWS\SYSTEM32\dhcpcsvc6.DLL
0x00007ffa54720000 - 0x00007ffa54745000 	C:\WINDOWS\SYSTEM32\dhcpcsvc.DLL
0x00007ffa5bb40000 - 0x00007ffa5bc8a000 	C:\WINDOWS\SYSTEM32\DNSAPI.dll
0x00007ffa5c4f0000 - 0x00007ffa5c4fd000 	C:\WINDOWS\SYSTEM32\DSPARSE.dll
0x00007ffa1e9b0000 - 0x00007ffa1e9b9000 	C:\Program Files\Eclipse Adoptium\jdk-17.0.19.10-hotspot\bin\extnet.dll
0x00007ffa5c9b0000 - 0x00007ffa5c9cb000 	C:\WINDOWS\SYSTEM32\CRYPTSP.dll
0x00007ffa5c0c0000 - 0x00007ffa5c0f9000 	C:\WINDOWS\system32\rsaenh.dll
0x00007ffa5c780000 - 0x00007ffa5c7b3000 	C:\WINDOWS\SYSTEM32\USERENV.dll
0x00007ffa5d2c0000 - 0x00007ffa5d2ea000 	C:\WINDOWS\SYSTEM32\bcrypt.dll
0x00007ffa5c9d0000 - 0x00007ffa5c9dc000 	C:\WINDOWS\SYSTEM32\CRYPTBASE.dll
0x00007ffa1e800000 - 0x00007ffa1e80e000 	C:\Program Files\Eclipse Adoptium\jdk-17.0.19.10-hotspot\bin\sunmscapi.dll
0x00007ffa5da60000 - 0x00007ffa5dbd8000 	C:\WINDOWS\System32\CRYPT32.dll
0x00007ffa5cbd0000 - 0x00007ffa5cc00000 	C:\WINDOWS\SYSTEM32\ncrypt.dll
0x00007ffa5cb80000 - 0x00007ffa5cbbf000 	C:\WINDOWS\SYSTEM32\NTASN1.dll
0x00007ffa31770000 - 0x00007ffa31778000 	C:\WINDOWS\system32\wshunix.dll

dbghelp: loaded successfully - version: 4.0.5 - missing functions: none
symbol engine: initialized successfully - sym options: 0x614 - pdb path: .;C:\Program Files\Eclipse Adoptium\jdk-17.0.19.10-hotspot\bin;C:\WINDOWS\SYSTEM32;C:\WINDOWS\WinSxS\amd64_microsoft.windows.common-controls_6595b64144ccf1df_6.0.26100.8521_none_3e08b75ce33403b3;C:\Program Files\Eclipse Adoptium\jdk-17.0.19.10-hotspot\bin\server;C:\Users\USER\.gradle\native\1def1411415f61bf3af743bc5b6707747c0891f09f0c88961ee8f79bc544acac\windows-amd64;C:\Users\USER\.gradle\native\0.2.7\x86_64-windows-gnu

VM Arguments:
jvm_args: --add-opens=java.base/java.lang=ALL-UNNAMED --add-opens=java.base/java.lang.invoke=ALL-UNNAMED --add-opens=java.base/java.util=ALL-UNNAMED --add-opens=java.prefs/java.util.prefs=ALL-UNNAMED --add-exports=jdk.compiler/com.sun.tools.javac.api=ALL-UNNAMED --add-exports=jdk.compiler/com.sun.tools.javac.util=ALL-UNNAMED --add-opens=java.base/java.util=ALL-UNNAMED --add-opens=java.prefs/java.util.prefs=ALL-UNNAMED --add-opens=java.base/java.nio.charset=ALL-UNNAMED --add-opens=java.base/java.net=ALL-UNNAMED --add-opens=java.base/java.util.concurrent.atomic=ALL-UNNAMED --add-opens=java.xml/javax.xml.namespace=ALL-UNNAMED -XX:MaxMetaspaceSize=512m -Xmx2048m -Dfile.encoding=UTF-8 -Duser.country=ZW -Duser.language=en -Duser.variant -javaagent:C:\Users\USER\.gradle\wrapper\dists\gradle-8.14.3-bin\cv11ve7ro1n3o1j4so8xd9n66\gradle-8.14.3\lib\agents\gradle-instrumentation-agent-8.14.3.jar 
java_command: org.gradle.launcher.daemon.bootstrap.GradleDaemon 8.14.3
java_class_path (initial): C:\Users\USER\.gradle\wrapper\dists\gradle-8.14.3-bin\cv11ve7ro1n3o1j4so8xd9n66\gradle-8.14.3\lib\gradle-daemon-main-8.14.3.jar
Launcher Type: SUN_STANDARD

[Global flags]
     intx CICompilerCount                          = 4                                         {product} {ergonomic}
   size_t CompressedClassSpaceSize                 = 436207616                                 {product} {ergonomic}
     uint ConcGCThreads                            = 2                                         {product} {ergonomic}
     uint G1ConcRefinementThreads                  = 8                                         {product} {ergonomic}
   size_t G1HeapRegionSize                         = 1048576                                   {product} {ergonomic}
    uintx GCDrainStackTargetSize                   = 64                                        {product} {ergonomic}
   size_t InitialHeapSize                          = 130023424                                 {product} {ergonomic}
   size_t MarkStackSize                            = 4194304                                   {product} {ergonomic}
   size_t MaxHeapSize                              = 2147483648                                {product} {command line}
   size_t MaxMetaspaceSize                         = 536870912                                 {product} {command line}
   size_t MaxNewSize                               = 1287651328                                {product} {ergonomic}
   size_t MinHeapDeltaBytes                        = 1048576                                   {product} {ergonomic}
   size_t MinHeapSize                              = 8388608                                   {product} {ergonomic}
    uintx NonNMethodCodeHeapSize                   = 5839372                                {pd product} {ergonomic}
    uintx NonProfiledCodeHeapSize                  = 122909434                              {pd product} {ergonomic}
    uintx ProfiledCodeHeapSize                     = 122909434                              {pd product} {ergonomic}
    uintx ReservedCodeCacheSize                    = 251658240                              {pd product} {ergonomic}
     bool SegmentedCodeCache                       = true                                      {product} {ergonomic}
   size_t SoftMaxHeapSize                          = 2147483648                             {manageable} {ergonomic}
     bool UseCompressedClassPointers               = true                           {product lp64_product} {ergonomic}
     bool UseCompressedOops                        = true                           {product lp64_product} {ergonomic}
     bool UseG1GC                                  = true                                      {product} {ergonomic}
     bool UseLargePagesIndividualAllocation        = false                                  {pd product} {ergonomic}

Logging:
Log output configuration:
 #0: stdout all=warning uptime,level,tags
 #1: stderr all=off uptime,level,tags

Environment Variables:
JAVA_HOME=C:\Program Files\Android\Android Studio\jbr
PATH=C:\Program Files\Eclipse Adoptium\jdk-17.0.19.10-hotspot\bin;C:\Program Files (x86)\Common Files\Intel\Shared Libraries\redist\intel64\compiler;C:\Program Files\Eclipse Adoptium\jdk-25.0.0.36-hotspot\bin;C:\Program Files (x86)\Common Files\Intel\Shared Files\cpp\bin\Intel64;C:\WINDOWS\system32;C:\WINDOWS;C:\WINDOWS\System32\Wbem;C:\WINDOWS\System32\WindowsPowerShell\v1.0\;C:\WINDOWS\System32\OpenSSH\;C:\ProgramData\chocolatey\bin;C:\Program Files\nodejs\;C:\Program Files\Git\cmd;C:\Users\USER\AppData\Local\Programs\Python\Python313\Scripts\;C:\Users\USER\AppData\Local\Programs\Python\Python313\;C:\Users\USER\AppData\Local\Microsoft\WindowsApps;C:\Users\USER\AppData\Local\Programs\Microsoft VS Code\bin;C:\Users\USER\AppData\Local\GitHubDesktop\bin;C:\Users\USER\AppData\Roaming\npm;C:\Users\USER\AppData\Local\Programs\mongosh\;
USERNAME=USER
OS=Windows_NT
PROCESSOR_IDENTIFIER=Intel64 Family 6 Model 186 Stepping 3, GenuineIntel
TMP=C:\Users\USER\AppData\Local\Temp
TEMP=C:\Users\USER\AppData\Local\Temp



Periodic native trim disabled


---------------  S Y S T E M  ---------------

OS:
 Windows 11 , 64 bit Build 26100 (10.0.26100.8521)
OS uptime: 0 days 1:03 hours

CPU: total 8 (initial active 8) (8 cores per cpu, 1 threads per core) family 6 model 186 stepping 3 microcode 0x6134, cx8, cmov, fxsr, mmx, 3dnowpref, sse, sse2, sse3, ssse3, sse4.1, sse4.2, popcnt, lzcnt, tsc, tscinvbit, avx, avx2, aes, erms, clmul, bmi1, bmi2, adx, sha, fma, vzeroupper, clflush, clflushopt, clwb
Processor Information for all 8 processors :
  Max Mhz: 1200, Current Mhz: 1200, Mhz Limit: 1200

Memory: 4k page, system-wide physical 7835M (362M free)
TotalPageFile size 31387M (AvailPageFile size 0M)
current process WorkingSet (physical memory assigned to process): 177M, peak: 177M
current process commit charge ("private bytes"): 441M, peak: 444M

vm_info: OpenJDK 64-Bit Server VM (17.0.19+10) for windows-amd64 JRE (17.0.19+10), built on Apr 25 2026 08:04:44 by "admin" with MS VC++ 17.12 (VS2022)

END.
