#
# There is insufficient memory for the Java Runtime Environment to continue.
# Native memory allocation (malloc) failed to allocate 1188816 bytes. Error detail: Chunk::new
# Possible reasons:
#   The system is out of physical RAM or swap space
#   This process is running with CompressedOops enabled, and the Java Heap may be blocking the growth of the native heap
# Possible solutions:
#   Reduce memory load on the system
#   Increase physical memory or swap space
#   Check if swap backing store is full
#   Decrease Java heap size (-Xmx/-Xms)
#   Decrease number of Java threads
#   Decrease Java thread stack sizes (-Xss)
#   Set larger code cache with -XX:ReservedCodeCacheSize=
#   JVM is running with Unscaled Compressed Oops mode in which the Java heap is
#     placed in the first 4GB address space. The Java Heap base address is the
#     maximum limit for the native heap growth. Please use -XX:HeapBaseMinAddress
#     to set the Java Heap base and to place the Java Heap above 4GB virtual address.
# This output file may be truncated or incomplete.
#
#  Out of Memory Error (arena.cpp:191), pid=25340, tid=11244
#
# JRE version: OpenJDK Runtime Environment Temurin-17.0.19+10 (17.0.19+10) (build 17.0.19+10)
# Java VM: OpenJDK 64-Bit Server VM Temurin-17.0.19+10 (17.0.19+10, mixed mode, sharing, tiered, compressed oops, compressed class ptrs, g1 gc, windows-amd64)
# No core dump will be written. Minidumps are not enabled by default on client versions of Windows
#

---------------  S U M M A R Y ------------

Command Line: --add-opens=java.base/java.lang=ALL-UNNAMED --add-opens=java.base/java.lang.invoke=ALL-UNNAMED --add-opens=java.base/java.util=ALL-UNNAMED --add-opens=java.prefs/java.util.prefs=ALL-UNNAMED --add-exports=jdk.compiler/com.sun.tools.javac.api=ALL-UNNAMED --add-exports=jdk.compiler/com.sun.tools.javac.util=ALL-UNNAMED --add-opens=java.base/java.util=ALL-UNNAMED --add-opens=java.prefs/java.util.prefs=ALL-UNNAMED --add-opens=java.base/java.nio.charset=ALL-UNNAMED --add-opens=java.base/java.net=ALL-UNNAMED --add-opens=java.base/java.util.concurrent.atomic=ALL-UNNAMED --add-opens=java.xml/javax.xml.namespace=ALL-UNNAMED -XX:MaxMetaspaceSize=512m -Xmx2048m -Dfile.encoding=UTF-8 -Duser.country=ZW -Duser.language=en -Duser.variant -javaagent:C:\Users\USER\.gradle\wrapper\dists\gradle-8.14.3-bin\cv11ve7ro1n3o1j4so8xd9n66\gradle-8.14.3\lib\agents\gradle-instrumentation-agent-8.14.3.jar org.gradle.launcher.daemon.bootstrap.GradleDaemon 8.14.3

Host: 13th Gen Intel(R) Core(TM) i3-1315U, 8 cores, 7G,  Windows 11 , 64 bit Build 26100 (10.0.26100.8521)
Time: Tue Jul 14 12:32:16 2026 South Africa Standard Time elapsed time: 855.622769 seconds (0d 0h 14m 15s)

---------------  T H R E A D  ---------------

Current thread (0x00000186612c1740):  JavaThread "C2 CompilerThread0" daemon [_thread_in_native, id=11244, stack(0x00000034ef900000,0x00000034efa00000)]


Current CompileTask:
C2:855637 10729       4       org.gradle.internal.time.ExponentialBackoff::retryUntil (65 bytes)

Stack: [0x00000034ef900000,0x00000034efa00000]
Native frames: (J=compiled Java code, j=interpreted, Vv=VM code, C=native code)
V  [jvm.dll+0x684b29]
V  [jvm.dll+0x83a2d5]
V  [jvm.dll+0x83bd4e]
V  [jvm.dll+0x83c3d3]
V  [jvm.dll+0x24905f]
V  [jvm.dll+0xad536]
V  [jvm.dll+0xadbdc]
V  [jvm.dll+0x368d4f]
V  [jvm.dll+0x1bc2bf]
V  [jvm.dll+0x219fc0]
V  [jvm.dll+0x2192af]
V  [jvm.dll+0x1a49f0]
V  [jvm.dll+0x2299fa]
V  [jvm.dll+0x227bab]
V  [jvm.dll+0x7f0a88]
V  [jvm.dll+0x7eaf1c]
V  [jvm.dll+0x6839f7]
C  [ucrtbase.dll+0x2cd30]
C  [KERNEL32.DLL+0x2e957]
C  [ntdll.dll+0x87c1c]


---------------  P R O C E S S  ---------------

Threads class SMR info:
_java_thread_list=0x0000018604a7ac10, length=97, elements={
0x000001864104e6b0, 0x00000186612a7430, 0x00000186612a8a70, 0x00000186612be0c0,
0x00000186612be990, 0x00000186612bf260, 0x00000186612bfb30, 0x00000186612c1740,
0x00000186612c7a40, 0x000001866130e5c0, 0x00000186612925a0, 0x00000186615bba40,
0x000001867db7a180, 0x000001867da1efc0, 0x00000186616bc9a0, 0x000001867d97e370,
0x000001867d97e850, 0x000001867db74b30, 0x000001867db72cd0, 0x000001867db731e0,
0x000001867db736f0, 0x000001867db73c00, 0x000001867db722b0, 0x000001867db74110,
0x000001867db727c0, 0x000001867db71890, 0x000001867db71da0, 0x00000186043cb3b0,
0x00000186043c9550, 0x00000186043ca990, 0x00000186043caea0, 0x00000186043ccd00,
0x00000186043cc7f0, 0x00000186043cd210, 0x00000186043ce650, 0x00000186043d04b0,
0x00000186043cf070, 0x00000186043cf580, 0x00000186043ceb60, 0x00000186043cfa90,
0x00000186043cffa0, 0x00000186043c9f70, 0x00000186043cb8c0, 0x00000186043cbdd0,
0x00000186043d09c0, 0x00000186043d0ed0, 0x00000186043cdc30, 0x000001867e96e590,
0x000001867e971830, 0x000001867e9703f0, 0x000001867e96f4c0, 0x000001867e96efb0,
0x000001867e96e080, 0x000001867e96f9d0, 0x000001867e972250, 0x000001867e96fee0,
0x000001867e96eaa0, 0x000001867e972c70, 0x000001867e973180, 0x000001867e972760,
0x000001867e973690, 0x000001867e970900, 0x000001867e9740b0, 0x000001867e973ba0,
0x000001867e971d40, 0x000001867e9745c0, 0x000001867e974ad0, 0x000001867e974fe0,
0x000001867e975a00, 0x000001867e9754f0, 0x000001867f643c10, 0x000001867f646490,
0x000001867f643700, 0x000001867f642ce0, 0x000001867f6431f0, 0x000001867f644120,
0x000001867f6469a0, 0x000001867f645560, 0x000001867f645f80, 0x000001867f646eb0,
0x000001867f6478d0, 0x000001867f647de0, 0x000001867f644630, 0x000001867f648800,
0x000001867f6482f0, 0x000001867f648d10, 0x000001867f649220, 0x000001867f649c40,
0x000001867f64a660, 0x000001867f649730, 0x000001867f64a150, 0x000001867db74620,
0x00000186048bc3b0, 0x00000186048bb990, 0x00000186048bc8c0, 0x00000186048baa60,
0x00000186048bd2e0
}

Java Threads: ( => current thread )
  0x000001864104e6b0 JavaThread "main" [_thread_blocked, id=25680, stack(0x00000034eec00000,0x00000034eed00000)]
  0x00000186612a7430 JavaThread "Reference Handler" daemon [_thread_blocked, id=22032, stack(0x00000034ef300000,0x00000034ef400000)]
  0x00000186612a8a70 JavaThread "Finalizer" daemon [_thread_blocked, id=25948, stack(0x00000034ef400000,0x00000034ef500000)]
  0x00000186612be0c0 JavaThread "Signal Dispatcher" daemon [_thread_blocked, id=24744, stack(0x00000034ef500000,0x00000034ef600000)]
  0x00000186612be990 JavaThread "Attach Listener" daemon [_thread_blocked, id=15688, stack(0x00000034ef600000,0x00000034ef700000)]
  0x00000186612bf260 JavaThread "Service Thread" daemon [_thread_blocked, id=7308, stack(0x00000034ef700000,0x00000034ef800000)]
  0x00000186612bfb30 JavaThread "Monitor Deflation Thread" daemon [_thread_blocked, id=10208, stack(0x00000034ef800000,0x00000034ef900000)]
=>0x00000186612c1740 JavaThread "C2 CompilerThread0" daemon [_thread_in_native, id=11244, stack(0x00000034ef900000,0x00000034efa00000)]
  0x00000186612c7a40 JavaThread "C1 CompilerThread0" daemon [_thread_blocked, id=26684, stack(0x00000034efa00000,0x00000034efb00000)]
  0x000001866130e5c0 JavaThread "Sweeper thread" daemon [_thread_blocked, id=1700, stack(0x00000034efb00000,0x00000034efc00000)]
  0x00000186612925a0 JavaThread "Common-Cleaner" daemon [_thread_blocked, id=8080, stack(0x00000034efc00000,0x00000034efd00000)]
  0x00000186615bba40 JavaThread "Notification Thread" daemon [_thread_blocked, id=1396, stack(0x00000034efd00000,0x00000034efe00000)]
  0x000001867db7a180 JavaThread "Daemon health stats" [_thread_blocked, id=27416, stack(0x00000034f0300000,0x00000034f0400000)]
  0x000001867da1efc0 JavaThread "Incoming local TCP Connector on port 59414" [_thread_in_native, id=19536, stack(0x00000034f0400000,0x00000034f0500000)]
  0x00000186616bc9a0 JavaThread "Daemon periodic checks" [_thread_blocked, id=10540, stack(0x00000034f0500000,0x00000034f0600000)]
  0x000001867d97e370 JavaThread "Daemon" [_thread_blocked, id=24504, stack(0x00000034f0600000,0x00000034f0700000)]
  0x000001867d97e850 JavaThread "Handler for socket connection from /127.0.0.1:59414 to /127.0.0.1:59420" [_thread_in_native, id=26820, stack(0x00000034f0700000,0x00000034f0800000)]
  0x000001867db74b30 JavaThread "Cancel handler" [_thread_blocked, id=4672, stack(0x00000034f0800000,0x00000034f0900000)]
  0x000001867db72cd0 JavaThread "Daemon worker" [_thread_blocked, id=24800, stack(0x00000034f0900000,0x00000034f0a00000)]
  0x000001867db731e0 JavaThread "Asynchronous log dispatcher for DefaultDaemonConnection: socket connection from /127.0.0.1:59414 to /127.0.0.1:59420" [_thread_blocked, id=19056, stack(0x00000034f0a00000,0x00000034f0b00000)]
  0x000001867db736f0 JavaThread "Stdin handler" [_thread_blocked, id=23276, stack(0x00000034f0b00000,0x00000034f0c00000)]
  0x000001867db73c00 JavaThread "Daemon client event forwarder" [_thread_blocked, id=25828, stack(0x00000034f0c00000,0x00000034f0d00000)]
  0x000001867db722b0 JavaThread "Cache worker for journal cache (C:\Users\USER\.gradle\caches\journal-1)" [_thread_blocked, id=27052, stack(0x00000034f0d00000,0x00000034f0e00000)]
  0x000001867db74110 JavaThread "File lock request listener" [_thread_in_native, id=11056, stack(0x00000034eea00000,0x00000034eeb00000)]
  0x000001867db727c0 JavaThread "Cache worker for file hash cache (C:\Users\USER\.gradle\caches\8.14.3\fileHashes)" [_thread_blocked, id=28688, stack(0x00000034f0f00000,0x00000034f1000000)]
  0x000001867db71890 JavaThread "Cache worker for file hash cache (C:\Users\USER\kalimed2\android\.gradle\8.14.3\fileHashes)" [_thread_blocked, id=17908, stack(0x00000034f1500000,0x00000034f1600000)]
  0x000001867db71da0 JavaThread "Cache worker for Build Output Cleanup Cache (C:\Users\USER\kalimed2\android\.gradle\buildOutputCleanup)" [_thread_blocked, id=26808, stack(0x00000034f1600000,0x00000034f1700000)]
  0x00000186043cb3b0 JavaThread "File watcher server" daemon [_thread_in_native, id=23088, stack(0x00000034f1800000,0x00000034f1900000)]
  0x00000186043c9550 JavaThread "File watcher consumer" daemon [_thread_blocked, id=11772, stack(0x00000034f1900000,0x00000034f1a00000)]
  0x00000186043ca990 JavaThread "jar transforms" [_thread_blocked, id=23672, stack(0x00000034ee900000,0x00000034eea00000)]
  0x00000186043caea0 JavaThread "jar transforms Thread 2" [_thread_blocked, id=2164, stack(0x00000034eeb00000,0x00000034eec00000)]
  0x00000186043ccd00 JavaThread "Cache worker for checksums cache (C:\Users\USER\kalimed2\android\.gradle\8.14.3\checksums)" [_thread_blocked, id=14556, stack(0x00000034f1a00000,0x00000034f1b00000)]
  0x00000186043cc7f0 JavaThread "Cache worker for file content cache (C:\Users\USER\.gradle\caches\8.14.3\fileContent)" [_thread_blocked, id=25908, stack(0x00000034f1b00000,0x00000034f1c00000)]
  0x00000186043cd210 JavaThread "jar transforms Thread 3" [_thread_blocked, id=30184, stack(0x00000034f1d00000,0x00000034f1e00000)]
  0x00000186043ce650 JavaThread "Cache worker for cache directory md-supplier (C:\Users\USER\.gradle\caches\8.14.3\md-supplier)" [_thread_blocked, id=30004, stack(0x00000034f1300000,0x00000034f1400000)]
  0x00000186043d04b0 JavaThread "Cache worker for cache directory md-rule (C:\Users\USER\.gradle\caches\8.14.3\md-rule)" [_thread_blocked, id=29836, stack(0x00000034f2100000,0x00000034f2200000)]
  0x00000186043cf070 JavaThread "Cache worker for Build Output Cleanup Cache (C:\Users\USER\kalimed2\node_modules\@react-native\gradle-plugin\.gradle\buildOutputCleanup)" [_thread_blocked, id=31552, stack(0x00000034f2200000,0x00000034f2300000)]
  0x00000186043cf580 JavaThread "Unconstrained build operations" [_thread_blocked, id=26748, stack(0x00000034f2300000,0x00000034f2400000)]
  0x00000186043ceb60 JavaThread "Unconstrained build operations Thread 2" [_thread_blocked, id=31420, stack(0x00000034f2400000,0x00000034f2500000)]
  0x00000186043cfa90 JavaThread "Unconstrained build operations Thread 3" [_thread_blocked, id=31472, stack(0x00000034f2500000,0x00000034f2600000)]
  0x00000186043cffa0 JavaThread "Unconstrained build operations Thread 4" [_thread_blocked, id=21172, stack(0x00000034f2600000,0x00000034f2700000)]
  0x00000186043c9f70 JavaThread "Unconstrained build operations Thread 5" [_thread_blocked, id=26216, stack(0x00000034f1e00000,0x00000034f1f00000)]
  0x00000186043cb8c0 JavaThread "Unconstrained build operations Thread 6" [_thread_blocked, id=25732, stack(0x00000034f1f00000,0x00000034f2000000)]
  0x00000186043cbdd0 JavaThread "Cache worker for Build Output Cleanup Cache (C:\Users\USER\kalimed2\node_modules\expo-modules-autolinking\android\expo-gradle-plugin\.gradle\buildOutputCleanup)" [_thread_blocked, id=30696, stack(0x00000034f1400000,0x00000034f1500000)]
  0x00000186043d09c0 JavaThread "Unconstrained build operations Thread 7" [_thread_blocked, id=30084, stack(0x00000034f2900000,0x00000034f2a00000)]
  0x00000186043d0ed0 JavaThread "Unconstrained build operations Thread 8" [_thread_blocked, id=10984, stack(0x00000034f2a00000,0x00000034f2b00000)]
  0x00000186043cdc30 JavaThread "Unconstrained build operations Thread 9" [_thread_blocked, id=31344, stack(0x00000034f2b00000,0x00000034f2c00000)]
  0x000001867e96e590 JavaThread "Unconstrained build operations Thread 10" [_thread_blocked, id=6260, stack(0x00000034f2c00000,0x00000034f2d00000)]
  0x000001867e971830 JavaThread "Unconstrained build operations Thread 11" [_thread_blocked, id=25804, stack(0x00000034f2d00000,0x00000034f2e00000)]
  0x000001867e9703f0 JavaThread "Unconstrained build operations Thread 12" [_thread_blocked, id=20704, stack(0x00000034f2e00000,0x00000034f2f00000)]
  0x000001867e96f4c0 JavaThread "Unconstrained build operations Thread 13" [_thread_blocked, id=21280, stack(0x00000034f2f00000,0x00000034f3000000)]
  0x000001867e96efb0 JavaThread "Unconstrained build operations Thread 14" [_thread_blocked, id=11472, stack(0x00000034f3000000,0x00000034f3100000)]
  0x000001867e96e080 JavaThread "Unconstrained build operations Thread 15" [_thread_blocked, id=22076, stack(0x00000034f3100000,0x00000034f3200000)]
  0x000001867e96f9d0 JavaThread "Unconstrained build operations Thread 16" [_thread_blocked, id=16524, stack(0x00000034f3200000,0x00000034f3300000)]
  0x000001867e972250 JavaThread "Unconstrained build operations Thread 17" [_thread_blocked, id=24820, stack(0x00000034f3300000,0x00000034f3400000)]
  0x000001867e96fee0 JavaThread "Unconstrained build operations Thread 18" [_thread_blocked, id=26956, stack(0x00000034f3400000,0x00000034f3500000)]
  0x000001867e96eaa0 JavaThread "Unconstrained build operations Thread 19" [_thread_blocked, id=5908, stack(0x00000034f3500000,0x00000034f3600000)]
  0x000001867e972c70 JavaThread "Unconstrained build operations Thread 20" [_thread_blocked, id=1476, stack(0x00000034f3600000,0x00000034f3700000)]
  0x000001867e973180 JavaThread "Unconstrained build operations Thread 21" [_thread_blocked, id=26332, stack(0x00000034f3700000,0x00000034f3800000)]
  0x000001867e972760 JavaThread "Unconstrained build operations Thread 22" [_thread_blocked, id=24756, stack(0x00000034f3800000,0x00000034f3900000)]
  0x000001867e973690 JavaThread "Unconstrained build operations Thread 23" [_thread_blocked, id=19976, stack(0x00000034f3900000,0x00000034f3a00000)]
  0x000001867e970900 JavaThread "Unconstrained build operations Thread 24" [_thread_blocked, id=27096, stack(0x00000034f3a00000,0x00000034f3b00000)]
  0x000001867e9740b0 JavaThread "Unconstrained build operations Thread 25" [_thread_blocked, id=7900, stack(0x00000034f3b00000,0x00000034f3c00000)]
  0x000001867e973ba0 JavaThread "Unconstrained build operations Thread 26" [_thread_blocked, id=22084, stack(0x00000034f3c00000,0x00000034f3d00000)]
  0x000001867e971d40 JavaThread "Unconstrained build operations Thread 27" [_thread_blocked, id=23184, stack(0x00000034f3d00000,0x00000034f3e00000)]
  0x000001867e9745c0 JavaThread "build event listener" [_thread_blocked, id=26156, stack(0x00000034f2000000,0x00000034f2100000)]
  0x000001867e974ad0 JavaThread "Memory manager" [_thread_blocked, id=22388, stack(0x00000034f2700000,0x00000034f2800000)]
  0x000001867e974fe0 JavaThread "Unconstrained build operations Thread 28" [_thread_blocked, id=23128, stack(0x00000034f2800000,0x00000034f2900000)]
  0x000001867e975a00 JavaThread "Unconstrained build operations Thread 29" [_thread_blocked, id=26256, stack(0x00000034f3e00000,0x00000034f3f00000)]
  0x000001867e9754f0 JavaThread "Unconstrained build operations Thread 30" [_thread_blocked, id=20088, stack(0x00000034f3f00000,0x00000034f4000000)]
  0x000001867f643c10 JavaThread "Unconstrained build operations Thread 31" [_thread_blocked, id=31692, stack(0x00000034f4000000,0x00000034f4100000)]
  0x000001867f646490 JavaThread "Unconstrained build operations Thread 32" [_thread_blocked, id=31332, stack(0x00000034f4100000,0x00000034f4200000)]
  0x000001867f643700 JavaThread "Unconstrained build operations Thread 33" [_thread_blocked, id=28124, stack(0x00000034f4200000,0x00000034f4300000)]
  0x000001867f642ce0 JavaThread "Unconstrained build operations Thread 34" [_thread_blocked, id=25284, stack(0x00000034f4300000,0x00000034f4400000)]
  0x000001867f6431f0 JavaThread "build event listener" [_thread_blocked, id=23936, stack(0x00000034f4400000,0x00000034f4500000)]
  0x000001867f644120 JavaThread "Unconstrained build operations Thread 35" [_thread_blocked, id=29884, stack(0x00000034f4800000,0x00000034f4900000)]
  0x000001867f6469a0 JavaThread "Unconstrained build operations Thread 36" [_thread_blocked, id=26120, stack(0x00000034f4900000,0x00000034f4a00000)]
  0x000001867f645560 JavaThread "Unconstrained build operations Thread 37" [_thread_blocked, id=30576, stack(0x00000034f4a00000,0x00000034f4b00000)]
  0x000001867f645f80 JavaThread "Unconstrained build operations Thread 38" [_thread_blocked, id=32272, stack(0x00000034f4b00000,0x00000034f4c00000)]
  0x000001867f646eb0 JavaThread "Unconstrained build operations Thread 39" [_thread_blocked, id=32288, stack(0x00000034f4c00000,0x00000034f4d00000)]
  0x000001867f6478d0 JavaThread "Unconstrained build operations Thread 40" [_thread_blocked, id=29832, stack(0x00000034f4d00000,0x00000034f4e00000)]
  0x000001867f647de0 JavaThread "Unconstrained build operations Thread 41" [_thread_blocked, id=20740, stack(0x00000034f4e00000,0x00000034f4f00000)]
  0x000001867f644630 JavaThread "Unconstrained build operations Thread 42" [_thread_blocked, id=32312, stack(0x00000034f4500000,0x00000034f4600000)]
  0x000001867f648800 JavaThread "Unconstrained build operations Thread 43" [_thread_blocked, id=32296, stack(0x00000034f4600000,0x00000034f4700000)]
  0x000001867f6482f0 JavaThread "Unconstrained build operations Thread 44" [_thread_blocked, id=28424, stack(0x00000034f4700000,0x00000034f4800000)]
  0x000001867f648d10 JavaThread "Unconstrained build operations Thread 45" [_thread_blocked, id=32264, stack(0x00000034f4f00000,0x00000034f5000000)]
  0x000001867f649220 JavaThread "Unconstrained build operations Thread 46" [_thread_blocked, id=29876, stack(0x00000034f5000000,0x00000034f5100000)]
  0x000001867f649c40 JavaThread "Unconstrained build operations Thread 47" [_thread_blocked, id=31544, stack(0x00000034f5100000,0x00000034f5200000)]
  0x000001867f64a660 JavaThread "Unconstrained build operations Thread 48" [_thread_blocked, id=32304, stack(0x00000034f5200000,0x00000034f5300000)]
  0x000001867f649730 JavaThread "Unconstrained build operations Thread 49" [_thread_blocked, id=32268, stack(0x00000034f5300000,0x00000034f5400000)]
  0x000001867f64a150 JavaThread "Unconstrained build operations Thread 50" [_thread_blocked, id=7752, stack(0x00000034f5400000,0x00000034f5500000)]
  0x000001867db74620 JavaThread "Unconstrained build operations Thread 51" [_thread_blocked, id=30668, stack(0x00000034f5500000,0x00000034f5600000)]
  0x00000186048bc3b0 JavaThread "Unconstrained build operations Thread 52" [_thread_blocked, id=14748, stack(0x00000034f5600000,0x00000034f5700000)]
  0x00000186048bb990 JavaThread "Unconstrained build operations Thread 53" [_thread_blocked, id=572, stack(0x00000034f5700000,0x00000034f5800000)]
  0x00000186048bc8c0 JavaThread "Unconstrained build operations Thread 54" [_thread_blocked, id=19856, stack(0x00000034f5800000,0x00000034f5900000)]
  0x00000186048baa60 JavaThread "Unconstrained build operations Thread 55" [_thread_blocked, id=30092, stack(0x00000034f5900000,0x00000034f5a00000)]
  0x00000186048bd2e0 JavaThread "File lock release action executor Thread 3" [_thread_blocked, id=32452, stack(0x00000034f0e00000,0x00000034f0f00000)]

Other Threads:
  0x00000186612a1130 VMThread "VM Thread" [stack: 0x00000034ef200000,0x00000034ef300000] [id=22952]
  0x00000186615777c0 WatcherThread [stack: 0x00000034efe00000,0x00000034eff00000] [id=19432]
  0x00000186410ad4f0 GCTaskThread "GC Thread#0" [stack: 0x00000034eed00000,0x00000034eee00000] [id=6376]
  0x000001867d0aa1a0 GCTaskThread "GC Thread#1" [stack: 0x00000034f0000000,0x00000034f0100000] [id=22940]
  0x000001866176a810 GCTaskThread "GC Thread#2" [stack: 0x00000034f0100000,0x00000034f0200000] [id=26260]
  0x000001867d72b8a0 GCTaskThread "GC Thread#3" [stack: 0x00000034eff00000,0x00000034f0000000] [id=28020]
  0x000001867db7d4f0 GCTaskThread "GC Thread#4" [stack: 0x00000034f0200000,0x00000034f0300000] [id=28024]
  0x000001867f79e7c0 GCTaskThread "GC Thread#5" [stack: 0x00000034f1000000,0x00000034f1100000] [id=28912]
  0x000001867f79ea80 GCTaskThread "GC Thread#6" [stack: 0x00000034f1100000,0x00000034f1200000] [id=28916]
  0x000001867ec2f8d0 GCTaskThread "GC Thread#7" [stack: 0x00000034f1200000,0x00000034f1300000] [id=28920]
  0x00000186410be350 ConcurrentGCThread "G1 Main Marker" [stack: 0x00000034eee00000,0x00000034eef00000] [id=24668]
  0x00000186410bec80 ConcurrentGCThread "G1 Conc#0" [stack: 0x00000034eef00000,0x00000034ef000000] [id=4268]
  0x00000186043ff410 ConcurrentGCThread "G1 Conc#1" [stack: 0x00000034f1700000,0x00000034f1800000] [id=26464]
  0x00000186410fe770 ConcurrentGCThread "G1 Refine#0" [stack: 0x00000034ef000000,0x00000034ef100000] [id=17852]
  0x000001867efea9f0 ConcurrentGCThread "G1 Refine#1" [stack: 0x00000034f1c00000,0x00000034f1d00000] [id=29768]
  0x0000018661157260 ConcurrentGCThread "G1 Service" [stack: 0x00000034ef100000,0x00000034ef200000] [id=3740]

Threads with active compile tasks:
C2 CompilerThread0  856045 10729       4       org.gradle.internal.time.ExponentialBackoff::retryUntil (65 bytes)

VM state: not at safepoint (normal execution)

VM Mutex/Monitor currently owned by a thread: None

Heap address: 0x0000000080000000, size: 2048 MB, Compressed Oops mode: 32-bit

CDS archive(s) mapped at: [0x0000018662000000-0x0000018662bb0000-0x0000018662bb0000), size 12255232, SharedBaseAddress: 0x0000018662000000, ArchiveRelocationMode: 1.
Compressed class space mapped at: 0x0000018663000000-0x000001867d000000, reserved size: 436207616
Narrow klass base: 0x0000018662000000, Narrow klass shift: 0, Narrow klass range: 0x100000000

GC Precious Log:
 CPUs: 8 total, 8 available
 Memory: 7835M
 Large Page Support: Disabled
 NUMA Support: Disabled
 Compressed Oops: Enabled (32-bit)
 Heap Region Size: 1M
 Heap Min Capacity: 8M
 Heap Initial Capacity: 124M
 Heap Max Capacity: 2G
 Pre-touch: Disabled
 Parallel Workers: 8
 Concurrent Workers: 2
 Concurrent Refinement Workers: 8
 Periodic GC: Disabled

Heap:
 garbage-first heap   total 201728K, used 89431K [0x0000000080000000, 0x0000000100000000)
  region size 1024K, 22 young (22528K), 1 survivors (1024K)
 Metaspace       used 75387K, committed 76352K, reserved 491520K
  class space    used 10535K, committed 11008K, reserved 425984K

Heap Regions: E=young(eden), S=young(survivor), O=old, HS=humongous(starts), HC=humongous(continues), CS=collection set, F=free, OA=open archive, CA=closed archive, TAMS=top-at-mark-start (previous, next)
|   0|0x0000000080000000, 0x0000000080100000, 0x0000000080100000|100%|HS|  |TAMS 0x0000000080100000, 0x0000000080000000| Complete 
|   1|0x0000000080100000, 0x0000000080200000, 0x0000000080200000|100%|HC|  |TAMS 0x0000000080200000, 0x0000000080100000| Complete 
|   2|0x0000000080200000, 0x0000000080300000, 0x0000000080300000|100%|HC|  |TAMS 0x0000000080300000, 0x0000000080200000| Complete 
|   3|0x0000000080300000, 0x0000000080400000, 0x0000000080400000|100%| O|  |TAMS 0x0000000080400000, 0x0000000080300000| Untracked 
|   4|0x0000000080400000, 0x0000000080500000, 0x0000000080500000|100%| O|  |TAMS 0x0000000080500000, 0x0000000080400000| Untracked 
|   5|0x0000000080500000, 0x0000000080600000, 0x0000000080600000|100%| O|  |TAMS 0x0000000080600000, 0x0000000080500000| Untracked 
|   6|0x0000000080600000, 0x0000000080700000, 0x0000000080700000|100%|HS|  |TAMS 0x0000000080700000, 0x0000000080600000| Complete 
|   7|0x0000000080700000, 0x0000000080800000, 0x0000000080800000|100%| O|  |TAMS 0x0000000080800000, 0x0000000080700000| Untracked 
|   8|0x0000000080800000, 0x0000000080900000, 0x0000000080900000|100%| O|  |TAMS 0x0000000080900000, 0x0000000080800000| Untracked 
|   9|0x0000000080900000, 0x0000000080a00000, 0x0000000080a00000|100%| O|  |TAMS 0x0000000080a00000, 0x0000000080900000| Untracked 
|  10|0x0000000080a00000, 0x0000000080b00000, 0x0000000080b00000|100%| O|  |TAMS 0x0000000080b00000, 0x0000000080a00000| Untracked 
|  11|0x0000000080b00000, 0x0000000080c00000, 0x0000000080c00000|100%| O|  |TAMS 0x0000000080c00000, 0x0000000080b00000| Untracked 
|  12|0x0000000080c00000, 0x0000000080d00000, 0x0000000080d00000|100%| O|  |TAMS 0x0000000080d00000, 0x0000000080c00000| Untracked 
|  13|0x0000000080d00000, 0x0000000080e00000, 0x0000000080e00000|100%| O|  |TAMS 0x0000000080e00000, 0x0000000080d00000| Untracked 
|  14|0x0000000080e00000, 0x0000000080f00000, 0x0000000080f00000|100%| O|  |TAMS 0x0000000080f00000, 0x0000000080e00000| Untracked 
|  15|0x0000000080f00000, 0x0000000081000000, 0x0000000081000000|100%| O|  |TAMS 0x0000000081000000, 0x0000000080f00000| Untracked 
|  16|0x0000000081000000, 0x0000000081100000, 0x0000000081100000|100%| O|  |TAMS 0x0000000081100000, 0x0000000081000000| Untracked 
|  17|0x0000000081100000, 0x0000000081200000, 0x0000000081200000|100%| O|  |TAMS 0x0000000081200000, 0x0000000081100000| Untracked 
|  18|0x0000000081200000, 0x0000000081300000, 0x0000000081300000|100%| O|  |TAMS 0x0000000081300000, 0x0000000081200000| Untracked 
|  19|0x0000000081300000, 0x0000000081400000, 0x0000000081400000|100%| O|  |TAMS 0x0000000081400000, 0x0000000081300000| Untracked 
|  20|0x0000000081400000, 0x00000000814a0000, 0x0000000081500000| 62%| O|  |TAMS 0x00000000814a0000, 0x0000000081400000| Untracked 
|  21|0x0000000081500000, 0x0000000081600000, 0x0000000081600000|100%| O|  |TAMS 0x0000000081600000, 0x0000000081500000| Untracked 
|  22|0x0000000081600000, 0x0000000081700000, 0x0000000081700000|100%| O|  |TAMS 0x0000000081700000, 0x0000000081600000| Untracked 
|  23|0x0000000081700000, 0x0000000081800000, 0x0000000081800000|100%| O|  |TAMS 0x0000000081800000, 0x0000000081700000| Untracked 
|  24|0x0000000081800000, 0x0000000081900000, 0x0000000081900000|100%| O|  |TAMS 0x0000000081900000, 0x0000000081800000| Untracked 
|  25|0x0000000081900000, 0x0000000081a00000, 0x0000000081a00000|100%| O|  |TAMS 0x0000000081a00000, 0x0000000081900000| Untracked 
|  26|0x0000000081a00000, 0x0000000081b00000, 0x0000000081b00000|100%| O|  |TAMS 0x0000000081b00000, 0x0000000081a00000| Untracked 
|  27|0x0000000081b00000, 0x0000000081c00000, 0x0000000081c00000|100%| O|  |TAMS 0x0000000081c00000, 0x0000000081b00000| Untracked 
|  28|0x0000000081c00000, 0x0000000081d00000, 0x0000000081d00000|100%| O|  |TAMS 0x0000000081d00000, 0x0000000081c00000| Untracked 
|  29|0x0000000081d00000, 0x0000000081e00000, 0x0000000081e00000|100%| O|  |TAMS 0x0000000081e00000, 0x0000000081d00000| Untracked 
|  30|0x0000000081e00000, 0x0000000081f00000, 0x0000000081f00000|100%| O|  |TAMS 0x0000000081f00000, 0x0000000081e00000| Untracked 
|  31|0x0000000081f00000, 0x0000000082000000, 0x0000000082000000|100%| O|  |TAMS 0x0000000082000000, 0x0000000081f00000| Untracked 
|  32|0x0000000082000000, 0x0000000082100000, 0x0000000082100000|100%| O|  |TAMS 0x0000000082100000, 0x0000000082000000| Untracked 
|  33|0x0000000082100000, 0x0000000082200000, 0x0000000082200000|100%| O|  |TAMS 0x0000000082200000, 0x0000000082100000| Untracked 
|  34|0x0000000082200000, 0x0000000082300000, 0x0000000082300000|100%| O|  |TAMS 0x0000000082300000, 0x0000000082200000| Untracked 
|  35|0x0000000082300000, 0x0000000082400000, 0x0000000082400000|100%| O|  |TAMS 0x0000000082400000, 0x0000000082300000| Untracked 
|  36|0x0000000082400000, 0x0000000082500000, 0x0000000082500000|100%| O|  |TAMS 0x0000000082500000, 0x0000000082400000| Untracked 
|  37|0x0000000082500000, 0x0000000082600000, 0x0000000082600000|100%| O|  |TAMS 0x0000000082600000, 0x0000000082500000| Untracked 
|  38|0x0000000082600000, 0x0000000082700000, 0x0000000082700000|100%| O|  |TAMS 0x0000000082700000, 0x0000000082600000| Untracked 
|  39|0x0000000082700000, 0x0000000082800000, 0x0000000082800000|100%| O|  |TAMS 0x0000000082800000, 0x0000000082700000| Untracked 
|  40|0x0000000082800000, 0x0000000082900000, 0x0000000082900000|100%| O|  |TAMS 0x0000000082900000, 0x0000000082800000| Untracked 
|  41|0x0000000082900000, 0x0000000082a00000, 0x0000000082a00000|100%| O|  |TAMS 0x0000000082a00000, 0x0000000082900000| Untracked 
|  42|0x0000000082a00000, 0x0000000082b00000, 0x0000000082b00000|100%| O|  |TAMS 0x0000000082b00000, 0x0000000082a00000| Untracked 
|  43|0x0000000082b00000, 0x0000000082c00000, 0x0000000082c00000|100%| O|  |TAMS 0x0000000082b00000, 0x0000000082b00000| Untracked 
|  44|0x0000000082c00000, 0x0000000082d00000, 0x0000000082d00000|100%| O|  |TAMS 0x0000000082d00000, 0x0000000082c00000| Untracked 
|  45|0x0000000082d00000, 0x0000000082e00000, 0x0000000082e00000|100%| O|  |TAMS 0x0000000082e00000, 0x0000000082d00000| Untracked 
|  46|0x0000000082e00000, 0x0000000082f00000, 0x0000000082f00000|100%|HS|  |TAMS 0x0000000082f00000, 0x0000000082e00000| Complete 
|  47|0x0000000082f00000, 0x0000000083000000, 0x0000000083000000|100%|HC|  |TAMS 0x0000000083000000, 0x0000000082f00000| Complete 
|  48|0x0000000083000000, 0x0000000083100000, 0x0000000083100000|100%|HC|  |TAMS 0x0000000083100000, 0x0000000083000000| Complete 
|  49|0x0000000083100000, 0x0000000083200000, 0x0000000083200000|100%|HS|  |TAMS 0x0000000083200000, 0x0000000083100000| Complete 
|  50|0x0000000083200000, 0x0000000083300000, 0x0000000083300000|100%|HC|  |TAMS 0x0000000083300000, 0x0000000083200000| Complete 
|  51|0x0000000083300000, 0x0000000083400000, 0x0000000083400000|100%|HC|  |TAMS 0x0000000083400000, 0x0000000083300000| Complete 
|  52|0x0000000083400000, 0x0000000083500000, 0x0000000083500000|100%| O|  |TAMS 0x0000000083500000, 0x0000000083400000| Untracked 
|  53|0x0000000083500000, 0x0000000083600000, 0x0000000083600000|100%| O|  |TAMS 0x0000000083600000, 0x0000000083500000| Untracked 
|  54|0x0000000083600000, 0x0000000083700000, 0x0000000083700000|100%| O|  |TAMS 0x0000000083700000, 0x0000000083600000| Untracked 
|  55|0x0000000083700000, 0x0000000083758000, 0x0000000083800000| 34%| O|  |TAMS 0x0000000083758000, 0x0000000083700000| Untracked 
|  56|0x0000000083800000, 0x0000000083900000, 0x0000000083900000|100%| O|  |TAMS 0x0000000083800000, 0x0000000083800000| Untracked 
|  57|0x0000000083900000, 0x0000000083a00000, 0x0000000083a00000|100%| O|  |TAMS 0x0000000083900000, 0x0000000083900000| Untracked 
|  58|0x0000000083a00000, 0x0000000083b00000, 0x0000000083b00000|100%| O|  |TAMS 0x0000000083a00000, 0x0000000083a00000| Untracked 
|  59|0x0000000083b00000, 0x0000000083c00000, 0x0000000083c00000|100%| O|  |TAMS 0x0000000083b00000, 0x0000000083b00000| Untracked 
|  60|0x0000000083c00000, 0x0000000083d00000, 0x0000000083d00000|100%| O|  |TAMS 0x0000000083c00000, 0x0000000083c00000| Untracked 
|  61|0x0000000083d00000, 0x0000000083e00000, 0x0000000083e00000|100%| O|  |TAMS 0x0000000083d00000, 0x0000000083d00000| Untracked 
|  62|0x0000000083e00000, 0x0000000083f00000, 0x0000000083f00000|100%| O|  |TAMS 0x0000000083e00000, 0x0000000083e00000| Untracked 
|  63|0x0000000083f00000, 0x0000000084000000, 0x0000000084000000|100%| O|  |TAMS 0x0000000083f00000, 0x0000000083f00000| Untracked 
|  64|0x0000000084000000, 0x0000000084100000, 0x0000000084100000|100%| O|  |TAMS 0x0000000084000000, 0x0000000084000000| Untracked 
|  65|0x0000000084100000, 0x0000000084200000, 0x0000000084200000|100%| O|  |TAMS 0x0000000084100000, 0x0000000084100000| Untracked 
|  66|0x0000000084200000, 0x0000000084300000, 0x0000000084300000|100%| O|  |TAMS 0x0000000084200000, 0x0000000084200000| Untracked 
|  67|0x0000000084300000, 0x0000000084400000, 0x0000000084400000|100%| O|  |TAMS 0x0000000084300000, 0x0000000084300000| Untracked 
|  68|0x0000000084400000, 0x0000000084467200, 0x0000000084500000| 40%| O|  |TAMS 0x0000000084400000, 0x0000000084400000| Untracked 
|  69|0x0000000084500000, 0x0000000084500000, 0x0000000084600000|  0%| F|  |TAMS 0x0000000084500000, 0x0000000084500000| Untracked 
|  70|0x0000000084600000, 0x0000000084600000, 0x0000000084700000|  0%| F|  |TAMS 0x0000000084600000, 0x0000000084600000| Untracked 
|  71|0x0000000084700000, 0x0000000084700000, 0x0000000084800000|  0%| F|  |TAMS 0x0000000084700000, 0x0000000084700000| Untracked 
|  72|0x0000000084800000, 0x0000000084800000, 0x0000000084900000|  0%| F|  |TAMS 0x0000000084800000, 0x0000000084800000| Untracked 
|  73|0x0000000084900000, 0x0000000084900000, 0x0000000084a00000|  0%| F|  |TAMS 0x0000000084900000, 0x0000000084900000| Untracked 
|  74|0x0000000084a00000, 0x0000000084a00000, 0x0000000084b00000|  0%| F|  |TAMS 0x0000000084a00000, 0x0000000084a00000| Untracked 
|  75|0x0000000084b00000, 0x0000000084b00000, 0x0000000084c00000|  0%| F|  |TAMS 0x0000000084b00000, 0x0000000084b00000| Untracked 
|  76|0x0000000084c00000, 0x0000000084c00000, 0x0000000084d00000|  0%| F|  |TAMS 0x0000000084c00000, 0x0000000084c00000| Untracked 
|  77|0x0000000084d00000, 0x0000000084d00000, 0x0000000084e00000|  0%| F|  |TAMS 0x0000000084d00000, 0x0000000084d00000| Untracked 
|  78|0x0000000084e00000, 0x0000000084e00000, 0x0000000084f00000|  0%| F|  |TAMS 0x0000000084e00000, 0x0000000084e00000| Untracked 
|  79|0x0000000084f00000, 0x0000000084f00000, 0x0000000085000000|  0%| F|  |TAMS 0x0000000084f00000, 0x0000000084f00000| Untracked 
|  80|0x0000000085000000, 0x0000000085000000, 0x0000000085100000|  0%| F|  |TAMS 0x0000000085000000, 0x0000000085000000| Untracked 
|  81|0x0000000085100000, 0x0000000085100000, 0x0000000085200000|  0%| F|  |TAMS 0x0000000085100000, 0x0000000085100000| Untracked 
|  82|0x0000000085200000, 0x0000000085200000, 0x0000000085300000|  0%| F|  |TAMS 0x0000000085200000, 0x0000000085200000| Untracked 
|  83|0x0000000085300000, 0x0000000085300000, 0x0000000085400000|  0%| F|  |TAMS 0x0000000085300000, 0x0000000085300000| Untracked 
|  84|0x0000000085400000, 0x0000000085400000, 0x0000000085500000|  0%| F|  |TAMS 0x0000000085400000, 0x0000000085400000| Untracked 
|  85|0x0000000085500000, 0x0000000085500000, 0x0000000085600000|  0%| F|  |TAMS 0x0000000085500000, 0x0000000085500000| Untracked 
|  86|0x0000000085600000, 0x0000000085600000, 0x0000000085700000|  0%| F|  |TAMS 0x0000000085600000, 0x0000000085600000| Untracked 
|  87|0x0000000085700000, 0x0000000085700000, 0x0000000085800000|  0%| F|  |TAMS 0x0000000085700000, 0x0000000085700000| Untracked 
|  88|0x0000000085800000, 0x0000000085800000, 0x0000000085900000|  0%| F|  |TAMS 0x0000000085800000, 0x0000000085800000| Untracked 
|  89|0x0000000085900000, 0x0000000085900000, 0x0000000085a00000|  0%| F|  |TAMS 0x0000000085900000, 0x0000000085900000| Untracked 
|  90|0x0000000085a00000, 0x0000000085a00000, 0x0000000085b00000|  0%| F|  |TAMS 0x0000000085a00000, 0x0000000085a00000| Untracked 
|  91|0x0000000085b00000, 0x0000000085b00000, 0x0000000085c00000|  0%| F|  |TAMS 0x0000000085b00000, 0x0000000085b00000| Untracked 
|  92|0x0000000085c00000, 0x0000000085c00000, 0x0000000085d00000|  0%| F|  |TAMS 0x0000000085c00000, 0x0000000085c00000| Untracked 
|  93|0x0000000085d00000, 0x0000000085d00000, 0x0000000085e00000|  0%| F|  |TAMS 0x0000000085d00000, 0x0000000085d00000| Untracked 
|  94|0x0000000085e00000, 0x0000000085e00000, 0x0000000085f00000|  0%| F|  |TAMS 0x0000000085e00000, 0x0000000085e00000| Untracked 
|  95|0x0000000085f00000, 0x0000000085f00000, 0x0000000086000000|  0%| F|  |TAMS 0x0000000085f00000, 0x0000000085f00000| Untracked 
|  96|0x0000000086000000, 0x0000000086000000, 0x0000000086100000|  0%| F|  |TAMS 0x0000000086000000, 0x0000000086000000| Untracked 
|  97|0x0000000086100000, 0x0000000086100000, 0x0000000086200000|  0%| F|  |TAMS 0x0000000086100000, 0x0000000086100000| Untracked 
|  98|0x0000000086200000, 0x0000000086200000, 0x0000000086300000|  0%| F|  |TAMS 0x0000000086200000, 0x0000000086200000| Untracked 
|  99|0x0000000086300000, 0x0000000086300000, 0x0000000086400000|  0%| F|  |TAMS 0x0000000086300000, 0x0000000086300000| Untracked 
| 100|0x0000000086400000, 0x0000000086400000, 0x0000000086500000|  0%| F|  |TAMS 0x0000000086400000, 0x0000000086400000| Untracked 
| 101|0x0000000086500000, 0x0000000086500000, 0x0000000086600000|  0%| F|  |TAMS 0x0000000086500000, 0x0000000086500000| Untracked 
| 102|0x0000000086600000, 0x0000000086600000, 0x0000000086700000|  0%| F|  |TAMS 0x0000000086600000, 0x0000000086600000| Untracked 
| 103|0x0000000086700000, 0x0000000086700000, 0x0000000086800000|  0%| F|  |TAMS 0x0000000086700000, 0x0000000086700000| Untracked 
| 104|0x0000000086800000, 0x0000000086800000, 0x0000000086900000|  0%| F|  |TAMS 0x0000000086800000, 0x0000000086800000| Untracked 
| 105|0x0000000086900000, 0x0000000086900000, 0x0000000086a00000|  0%| F|  |TAMS 0x0000000086900000, 0x0000000086900000| Untracked 
| 106|0x0000000086a00000, 0x0000000086a00000, 0x0000000086b00000|  0%| F|  |TAMS 0x0000000086a00000, 0x0000000086a00000| Untracked 
| 107|0x0000000086b00000, 0x0000000086b00000, 0x0000000086c00000|  0%| F|  |TAMS 0x0000000086b00000, 0x0000000086b00000| Untracked 
| 108|0x0000000086c00000, 0x0000000086c00000, 0x0000000086d00000|  0%| F|  |TAMS 0x0000000086c00000, 0x0000000086c00000| Untracked 
| 109|0x0000000086d00000, 0x0000000086d00000, 0x0000000086e00000|  0%| F|  |TAMS 0x0000000086d00000, 0x0000000086d00000| Untracked 
| 110|0x0000000086e00000, 0x0000000086e00000, 0x0000000086f00000|  0%| F|  |TAMS 0x0000000086e00000, 0x0000000086e00000| Untracked 
| 111|0x0000000086f00000, 0x0000000086f00000, 0x0000000087000000|  0%| F|  |TAMS 0x0000000086f00000, 0x0000000086f00000| Untracked 
| 112|0x0000000087000000, 0x0000000087000000, 0x0000000087100000|  0%| F|  |TAMS 0x0000000087000000, 0x0000000087000000| Untracked 
| 113|0x0000000087100000, 0x0000000087100000, 0x0000000087200000|  0%| F|  |TAMS 0x0000000087100000, 0x0000000087100000| Untracked 
| 114|0x0000000087200000, 0x0000000087200000, 0x0000000087300000|  0%| F|  |TAMS 0x0000000087200000, 0x0000000087200000| Untracked 
| 115|0x0000000087300000, 0x0000000087300000, 0x0000000087400000|  0%| F|  |TAMS 0x0000000087300000, 0x0000000087300000| Untracked 
| 116|0x0000000087400000, 0x0000000087400000, 0x0000000087500000|  0%| F|  |TAMS 0x0000000087400000, 0x0000000087400000| Untracked 
| 117|0x0000000087500000, 0x0000000087500000, 0x0000000087600000|  0%| F|  |TAMS 0x0000000087500000, 0x0000000087500000| Untracked 
| 118|0x0000000087600000, 0x0000000087600000, 0x0000000087700000|  0%| F|  |TAMS 0x0000000087600000, 0x0000000087600000| Untracked 
| 119|0x0000000087700000, 0x0000000087700000, 0x0000000087800000|  0%| F|  |TAMS 0x0000000087700000, 0x0000000087700000| Untracked 
| 120|0x0000000087800000, 0x0000000087800000, 0x0000000087900000|  0%| F|  |TAMS 0x0000000087800000, 0x0000000087800000| Untracked 
| 121|0x0000000087900000, 0x0000000087900000, 0x0000000087a00000|  0%| F|  |TAMS 0x0000000087900000, 0x0000000087900000| Untracked 
| 122|0x0000000087a00000, 0x0000000087a00000, 0x0000000087b00000|  0%| F|  |TAMS 0x0000000087a00000, 0x0000000087a00000| Untracked 
| 123|0x0000000087b00000, 0x0000000087b00000, 0x0000000087c00000|  0%| F|  |TAMS 0x0000000087b00000, 0x0000000087b00000| Untracked 
| 124|0x0000000087c00000, 0x0000000087c00000, 0x0000000087d00000|  0%| F|  |TAMS 0x0000000087c00000, 0x0000000087c00000| Untracked 
| 125|0x0000000087d00000, 0x0000000087d00000, 0x0000000087e00000|  0%| F|  |TAMS 0x0000000087d00000, 0x0000000087d00000| Untracked 
| 126|0x0000000087e00000, 0x0000000087e00000, 0x0000000087f00000|  0%| F|  |TAMS 0x0000000087e00000, 0x0000000087e00000| Untracked 
| 127|0x0000000087f00000, 0x0000000087f00000, 0x0000000088000000|  0%| F|  |TAMS 0x0000000087f00000, 0x0000000087f00000| Untracked 
| 128|0x0000000088000000, 0x0000000088000000, 0x0000000088100000|  0%| F|  |TAMS 0x0000000088000000, 0x0000000088000000| Untracked 
| 129|0x0000000088100000, 0x0000000088100000, 0x0000000088200000|  0%| F|  |TAMS 0x0000000088100000, 0x0000000088100000| Untracked 
| 130|0x0000000088200000, 0x0000000088200000, 0x0000000088300000|  0%| F|  |TAMS 0x0000000088200000, 0x0000000088200000| Untracked 
| 131|0x0000000088300000, 0x0000000088300000, 0x0000000088400000|  0%| F|  |TAMS 0x0000000088300000, 0x0000000088300000| Untracked 
| 132|0x0000000088400000, 0x0000000088400000, 0x0000000088500000|  0%| F|  |TAMS 0x0000000088400000, 0x0000000088400000| Untracked 
| 133|0x0000000088500000, 0x0000000088500000, 0x0000000088600000|  0%| F|  |TAMS 0x0000000088500000, 0x0000000088500000| Untracked 
| 134|0x0000000088600000, 0x0000000088600000, 0x0000000088700000|  0%| F|  |TAMS 0x0000000088600000, 0x0000000088600000| Untracked 
| 135|0x0000000088700000, 0x0000000088700000, 0x0000000088800000|  0%| F|  |TAMS 0x0000000088700000, 0x0000000088700000| Untracked 
| 136|0x0000000088800000, 0x0000000088800000, 0x0000000088900000|  0%| F|  |TAMS 0x0000000088800000, 0x0000000088800000| Untracked 
| 137|0x0000000088900000, 0x0000000088900000, 0x0000000088a00000|  0%| F|  |TAMS 0x0000000088900000, 0x0000000088900000| Untracked 
| 138|0x0000000088a00000, 0x0000000088a00000, 0x0000000088b00000|  0%| F|  |TAMS 0x0000000088a00000, 0x0000000088a00000| Untracked 
| 139|0x0000000088b00000, 0x0000000088b00000, 0x0000000088c00000|  0%| F|  |TAMS 0x0000000088b00000, 0x0000000088b00000| Untracked 
| 140|0x0000000088c00000, 0x0000000088c00000, 0x0000000088d00000|  0%| F|  |TAMS 0x0000000088c00000, 0x0000000088c00000| Untracked 
| 141|0x0000000088d00000, 0x0000000088d00000, 0x0000000088e00000|  0%| F|  |TAMS 0x0000000088d00000, 0x0000000088d00000| Untracked 
| 142|0x0000000088e00000, 0x0000000088e00000, 0x0000000088f00000|  0%| F|  |TAMS 0x0000000088e00000, 0x0000000088e00000| Untracked 
| 143|0x0000000088f00000, 0x0000000088f00000, 0x0000000089000000|  0%| F|  |TAMS 0x0000000088f00000, 0x0000000088f00000| Untracked 
| 144|0x0000000089000000, 0x0000000089000000, 0x0000000089100000|  0%| F|  |TAMS 0x0000000089000000, 0x0000000089000000| Untracked 
| 145|0x0000000089100000, 0x0000000089100000, 0x0000000089200000|  0%| F|  |TAMS 0x0000000089100000, 0x0000000089100000| Untracked 
| 146|0x0000000089200000, 0x0000000089200000, 0x0000000089300000|  0%| F|  |TAMS 0x0000000089200000, 0x0000000089200000| Untracked 
| 147|0x0000000089300000, 0x0000000089300000, 0x0000000089400000|  0%| F|  |TAMS 0x0000000089300000, 0x0000000089300000| Untracked 
| 148|0x0000000089400000, 0x0000000089400000, 0x0000000089500000|  0%| F|  |TAMS 0x0000000089400000, 0x0000000089400000| Untracked 
| 149|0x0000000089500000, 0x0000000089500000, 0x0000000089600000|  0%| F|  |TAMS 0x0000000089500000, 0x0000000089500000| Untracked 
| 150|0x0000000089600000, 0x0000000089600000, 0x0000000089700000|  0%| F|  |TAMS 0x0000000089600000, 0x0000000089600000| Untracked 
| 151|0x0000000089700000, 0x0000000089700000, 0x0000000089800000|  0%| F|  |TAMS 0x0000000089700000, 0x0000000089700000| Untracked 
| 152|0x0000000089800000, 0x0000000089800000, 0x0000000089900000|  0%| F|  |TAMS 0x0000000089800000, 0x0000000089800000| Untracked 
| 153|0x0000000089900000, 0x0000000089900000, 0x0000000089a00000|  0%| F|  |TAMS 0x0000000089900000, 0x0000000089900000| Untracked 
| 154|0x0000000089a00000, 0x0000000089a00000, 0x0000000089b00000|  0%| F|  |TAMS 0x0000000089a00000, 0x0000000089a00000| Untracked 
| 155|0x0000000089b00000, 0x0000000089b00000, 0x0000000089c00000|  0%| F|  |TAMS 0x0000000089b00000, 0x0000000089b00000| Untracked 
| 156|0x0000000089c00000, 0x0000000089c00000, 0x0000000089d00000|  0%| F|  |TAMS 0x0000000089c00000, 0x0000000089c00000| Untracked 
| 157|0x0000000089d00000, 0x0000000089d00000, 0x0000000089e00000|  0%| F|  |TAMS 0x0000000089d00000, 0x0000000089d00000| Untracked 
| 158|0x0000000089e00000, 0x0000000089e00000, 0x0000000089f00000|  0%| F|  |TAMS 0x0000000089e00000, 0x0000000089e00000| Untracked 
| 159|0x0000000089f00000, 0x0000000089f00000, 0x000000008a000000|  0%| F|  |TAMS 0x0000000089f00000, 0x0000000089f00000| Untracked 
| 160|0x000000008a000000, 0x000000008a000000, 0x000000008a100000|  0%| F|  |TAMS 0x000000008a000000, 0x000000008a000000| Untracked 
| 161|0x000000008a100000, 0x000000008a100000, 0x000000008a200000|  0%| F|  |TAMS 0x000000008a100000, 0x000000008a100000| Untracked 
| 162|0x000000008a200000, 0x000000008a200000, 0x000000008a300000|  0%| F|  |TAMS 0x000000008a200000, 0x000000008a200000| Untracked 
| 163|0x000000008a300000, 0x000000008a300000, 0x000000008a400000|  0%| F|  |TAMS 0x000000008a300000, 0x000000008a300000| Untracked 
| 164|0x000000008a400000, 0x000000008a400000, 0x000000008a500000|  0%| F|  |TAMS 0x000000008a400000, 0x000000008a400000| Untracked 
| 165|0x000000008a500000, 0x000000008a500000, 0x000000008a600000|  0%| F|  |TAMS 0x000000008a500000, 0x000000008a500000| Untracked 
| 166|0x000000008a600000, 0x000000008a600000, 0x000000008a700000|  0%| F|  |TAMS 0x000000008a600000, 0x000000008a600000| Untracked 
| 167|0x000000008a700000, 0x000000008a700000, 0x000000008a800000|  0%| F|  |TAMS 0x000000008a700000, 0x000000008a700000| Untracked 
| 168|0x000000008a800000, 0x000000008a800000, 0x000000008a900000|  0%| F|  |TAMS 0x000000008a800000, 0x000000008a800000| Untracked 
| 169|0x000000008a900000, 0x000000008a900000, 0x000000008aa00000|  0%| F|  |TAMS 0x000000008a900000, 0x000000008a900000| Untracked 
| 170|0x000000008aa00000, 0x000000008aa00000, 0x000000008ab00000|  0%| F|  |TAMS 0x000000008aa00000, 0x000000008aa00000| Untracked 
| 171|0x000000008ab00000, 0x000000008ab00000, 0x000000008ac00000|  0%| F|  |TAMS 0x000000008ab00000, 0x000000008ab00000| Untracked 
| 172|0x000000008ac00000, 0x000000008ac00000, 0x000000008ad00000|  0%| F|  |TAMS 0x000000008ac00000, 0x000000008ac00000| Untracked 
| 173|0x000000008ad00000, 0x000000008ad00000, 0x000000008ae00000|  0%| F|  |TAMS 0x000000008ad00000, 0x000000008ad00000| Untracked 
| 174|0x000000008ae00000, 0x000000008ae00000, 0x000000008af00000|  0%| F|  |TAMS 0x000000008ae00000, 0x000000008ae00000| Untracked 
| 175|0x000000008af00000, 0x000000008af6aaa0, 0x000000008b000000| 41%| E|  |TAMS 0x000000008af00000, 0x000000008af00000| Complete 
| 176|0x000000008b000000, 0x000000008b100000, 0x000000008b100000|100%| E|CS|TAMS 0x000000008b000000, 0x000000008b000000| Complete 
| 177|0x000000008b100000, 0x000000008b200000, 0x000000008b200000|100%| E|CS|TAMS 0x000000008b100000, 0x000000008b100000| Complete 
| 178|0x000000008b200000, 0x000000008b300000, 0x000000008b300000|100%| E|CS|TAMS 0x000000008b200000, 0x000000008b200000| Complete 
| 179|0x000000008b300000, 0x000000008b400000, 0x000000008b400000|100%| E|CS|TAMS 0x000000008b300000, 0x000000008b300000| Complete 
| 180|0x000000008b400000, 0x000000008b500000, 0x000000008b500000|100%| E|CS|TAMS 0x000000008b400000, 0x000000008b400000| Complete 
| 181|0x000000008b500000, 0x000000008b600000, 0x000000008b600000|100%| E|CS|TAMS 0x000000008b500000, 0x000000008b500000| Complete 
| 182|0x000000008b600000, 0x000000008b6f6ce0, 0x000000008b700000| 96%| S|CS|TAMS 0x000000008b600000, 0x000000008b600000| Complete 
| 183|0x000000008b700000, 0x000000008b800000, 0x000000008b800000|100%| E|  |TAMS 0x000000008b700000, 0x000000008b700000| Complete 
| 184|0x000000008b800000, 0x000000008b900000, 0x000000008b900000|100%| E|CS|TAMS 0x000000008b800000, 0x000000008b800000| Complete 
| 185|0x000000008b900000, 0x000000008ba00000, 0x000000008ba00000|100%| E|CS|TAMS 0x000000008b900000, 0x000000008b900000| Complete 
| 186|0x000000008ba00000, 0x000000008bb00000, 0x000000008bb00000|100%| E|CS|TAMS 0x000000008ba00000, 0x000000008ba00000| Complete 
| 187|0x000000008bb00000, 0x000000008bc00000, 0x000000008bc00000|100%| E|CS|TAMS 0x000000008bb00000, 0x000000008bb00000| Complete 
| 188|0x000000008bc00000, 0x000000008bd00000, 0x000000008bd00000|100%| E|CS|TAMS 0x000000008bc00000, 0x000000008bc00000| Complete 
| 189|0x000000008bd00000, 0x000000008be00000, 0x000000008be00000|100%| E|CS|TAMS 0x000000008bd00000, 0x000000008bd00000| Complete 
| 190|0x000000008be00000, 0x000000008bf00000, 0x000000008bf00000|100%| E|CS|TAMS 0x000000008be00000, 0x000000008be00000| Complete 
| 191|0x000000008bf00000, 0x000000008c000000, 0x000000008c000000|100%| E|CS|TAMS 0x000000008bf00000, 0x000000008bf00000| Complete 
| 192|0x000000008c000000, 0x000000008c100000, 0x000000008c100000|100%| E|CS|TAMS 0x000000008c000000, 0x000000008c000000| Complete 
| 193|0x000000008c100000, 0x000000008c200000, 0x000000008c200000|100%| E|CS|TAMS 0x000000008c100000, 0x000000008c100000| Complete 
| 350|0x0000000095e00000, 0x0000000095f00000, 0x0000000095f00000|100%| E|CS|TAMS 0x0000000095e00000, 0x0000000095e00000| Complete 
| 351|0x0000000095f00000, 0x0000000096000000, 0x0000000096000000|100%| E|CS|TAMS 0x0000000095f00000, 0x0000000095f00000| Complete 
| 376|0x0000000097800000, 0x0000000097900000, 0x0000000097900000|100%| E|CS|TAMS 0x0000000097800000, 0x0000000097800000| Complete 

Card table byte_map: [0x000001865a000000,0x000001865a400000] _byte_map_base: 0x0000018659c00000

Marking Bits (Prev, Next): (CMBitMap*) 0x00000186410ada60, (CMBitMap*) 0x00000186410ada20
 Prev Bits: [0x000001865c800000, 0x000001865e800000)
 Next Bits: [0x000001865a800000, 0x000001865c800000)

Polling page: 0x0000018640da0000

Metaspace:

Usage:
  Non-class:     63.33 MB used.
      Class:     10.29 MB used.
       Both:     73.62 MB used.

Virtual space:
  Non-class space:       64.00 MB reserved,      63.81 MB (>99%) committed,  1 nodes.
      Class space:      416.00 MB reserved,      10.75 MB (  3%) committed,  1 nodes.
             Both:      480.00 MB reserved,      74.56 MB ( 16%) committed. 

Chunk freelists:
   Non-Class:  173.00 KB
       Class:  5.17 MB
        Both:  5.34 MB

MaxMetaspaceSize: 512.00 MB
CompressedClassSpaceSize: 416.00 MB
Initial GC threshold: 21.00 MB
Current GC threshold: 98.56 MB
CDS: on
MetaspaceReclaimPolicy: balanced
 - commit_granule_bytes: 65536.
 - commit_granule_words: 8192.
 - virtual_space_node_default_size: 8388608.
 - enlarge_chunks_in_place: 1.
 - new_chunks_are_fully_committed: 0.
 - uncommit_free_chunks: 1.
 - use_allocation_guard: 0.
 - handle_deallocations: 1.


Internal statistics:

num_allocs_failed_limit: 9.
num_arena_births: 1164.
num_arena_deaths: 0.
num_vsnodes_births: 2.
num_vsnodes_deaths: 0.
num_space_committed: 1193.
num_space_uncommitted: 0.
num_chunks_returned_to_freelist: 9.
num_chunks_taken_from_freelist: 4545.
num_chunk_merges: 9.
num_chunk_splits: 2873.
num_chunks_enlarged: 1802.
num_inconsistent_stats: 0.

CodeHeap 'non-profiled nmethods': size=120000Kb used=5623Kb max_used=6155Kb free=114376Kb
 bounds [0x0000018651c60000, 0x0000018652270000, 0x0000018659190000]
CodeHeap 'profiled nmethods': size=120000Kb used=17153Kb max_used=19606Kb free=102846Kb
 bounds [0x000001864a190000, 0x000001864b4c0000, 0x00000186516c0000]
CodeHeap 'non-nmethods': size=5760Kb used=2376Kb max_used=2427Kb free=3383Kb
 bounds [0x00000186516c0000, 0x0000018651930000, 0x0000018651c60000]
 total_blobs=9937 nmethods=9029 adapters=820
 compilation: enabled
              stopped_count=0, restarted_count=0
 full_count=0

Compilation events (20 events):
Event: 849.731 Thread 0x00000186612c7a40 nmethod 10719 0x000001864a1eb690 code [0x000001864a1eb840, 0x000001864a1eb9f8]
Event: 849.731 Thread 0x00000186612c7a40 10721       3       org.gradle.internal.resources.DefaultResourceLockCoordinationService::maybeNotifyStateChange (94 bytes)
Event: 849.762 Thread 0x00000186612c7a40 nmethod 10721 0x000001864a47da10 code [0x000001864a47dca0, 0x000001864a47ea48]
Event: 849.762 Thread 0x00000186612c7a40 10720       3       org.gradle.internal.resources.DefaultResourceLockCoordinationService::startOperation (49 bytes)
Event: 849.785 Thread 0x00000186612c7a40 nmethod 10720 0x000001864a1ce510 code [0x000001864a1ce6e0, 0x000001864a1cea48]
Event: 849.785 Thread 0x00000186612c7a40 10722       3       org.gradle.internal.resources.DefaultResourceLockCoordinationService::finishOperation (38 bytes)
Event: 849.786 Thread 0x00000186612c7a40 nmethod 10722 0x000001864a248c10 code [0x000001864a248dc0, 0x000001864a2490c8]
Event: 849.816 Thread 0x00000186612c7a40 10723       1       org.gradle.api.internal.AbstractTask::getInputs (5 bytes)
Event: 849.816 Thread 0x00000186612c7a40 nmethod 10723 0x0000018651ed6290 code [0x0000018651ed6420, 0x0000018651ed64f8]
Event: 849.856 Thread 0x00000186612c7a40 10724       3       org.apache.commons.io.FilenameUtils::requireNonNullChars (21 bytes)
Event: 849.889 Thread 0x00000186612c7a40 nmethod 10724 0x000001864a349210 code [0x000001864a349400, 0x000001864a349868]
Event: 849.912 Thread 0x00000186612c7a40 10725       3       java.util.ArrayDeque::<init> (35 bytes)
Event: 849.913 Thread 0x00000186612c7a40 nmethod 10725 0x000001864a341090 code [0x000001864a341240, 0x000001864a3415b8]
Event: 850.015 Thread 0x00000186612c7a40 10726       1       org.gradle.internal.graph.CachingDirectedGraphWalker$NodeDetails::access$500 (5 bytes)
Event: 850.015 Thread 0x00000186612c7a40 nmethod 10726 0x0000018652151490 code [0x0000018652151620, 0x00000186521516d8]
Event: 850.015 Thread 0x00000186612c7a40 10727       1       org.gradle.internal.graph.CachingDirectedGraphWalker$NodeDetails::access$200 (5 bytes)
Event: 850.016 Thread 0x00000186612c7a40 nmethod 10727 0x0000018652153e90 code [0x0000018652154020, 0x00000186521540d8]
Event: 850.335 Thread 0x00000186612c1740 10728       4       sun.nio.ch.FileDispatcherImpl::release (8 bytes)
Event: 850.335 Thread 0x00000186612c1740 nmethod 10728 0x0000018651c7dd90 code [0x0000018651c7df20, 0x0000018651c7dfc8]
Event: 850.336 Thread 0x00000186612c1740 10729       4       org.gradle.internal.time.ExponentialBackoff::retryUntil (65 bytes)

GC Heap History (20 events):
Event: 417.866 GC heap before
{Heap before GC invocations=33 (full 0):
 garbage-first heap   total 386048K, used 80033K [0x0000000080000000, 0x0000000100000000)
  region size 1024K, 25 young (25600K), 2 survivors (2048K)
 Metaspace       used 59730K, committed 60416K, reserved 491520K
  class space    used 8326K, committed 8640K, reserved 425984K
}
Event: 417.891 GC heap after
{Heap after GC invocations=34 (full 0):
 garbage-first heap   total 386048K, used 58038K [0x0000000080000000, 0x0000000100000000)
  region size 1024K, 2 young (2048K), 2 survivors (2048K)
 Metaspace       used 59730K, committed 60416K, reserved 491520K
  class space    used 8326K, committed 8640K, reserved 425984K
}
Event: 422.881 GC heap before
{Heap before GC invocations=35 (full 0):
 garbage-first heap   total 201728K, used 119478K [0x0000000080000000, 0x0000000100000000)
  region size 1024K, 62 young (63488K), 2 survivors (2048K)
 Metaspace       used 64253K, committed 65024K, reserved 491520K
  class space    used 9019K, committed 9408K, reserved 425984K
}
Event: 422.899 GC heap after
{Heap after GC invocations=36 (full 0):
 garbage-first heap   total 201728K, used 60108K [0x0000000080000000, 0x0000000100000000)
  region size 1024K, 4 young (4096K), 4 survivors (4096K)
 Metaspace       used 64253K, committed 65024K, reserved 491520K
  class space    used 9019K, committed 9408K, reserved 425984K
}
Event: 423.124 GC heap before
{Heap before GC invocations=36 (full 0):
 garbage-first heap   total 201728K, used 64204K [0x0000000080000000, 0x0000000100000000)
  region size 1024K, 9 young (9216K), 4 survivors (4096K)
 Metaspace       used 64546K, committed 65280K, reserved 491520K
  class space    used 9058K, committed 9408K, reserved 425984K
}
Event: 423.184 GC heap after
{Heap after GC invocations=37 (full 0):
 garbage-first heap   total 201728K, used 59618K [0x0000000080000000, 0x0000000100000000)
  region size 1024K, 1 young (1024K), 1 survivors (1024K)
 Metaspace       used 64546K, committed 65280K, reserved 491520K
  class space    used 9058K, committed 9408K, reserved 425984K
}
Event: 477.592 GC heap before
{Heap before GC invocations=37 (full 0):
 garbage-first heap   total 201728K, used 138466K [0x0000000080000000, 0x0000000100000000)
  region size 1024K, 78 young (79872K), 1 survivors (1024K)
 Metaspace       used 67069K, committed 67840K, reserved 491520K
  class space    used 9416K, committed 9792K, reserved 425984K
}
Event: 477.835 GC heap after
{Heap after GC invocations=38 (full 0):
 garbage-first heap   total 201728K, used 64836K [0x0000000080000000, 0x0000000100000000)
  region size 1024K, 6 young (6144K), 6 survivors (6144K)
 Metaspace       used 67069K, committed 67840K, reserved 491520K
  class space    used 9416K, committed 9792K, reserved 425984K
}
Event: 586.389 GC heap before
{Heap before GC invocations=38 (full 0):
 garbage-first heap   total 201728K, used 125252K [0x0000000080000000, 0x0000000100000000)
  region size 1024K, 66 young (67584K), 6 survivors (6144K)
 Metaspace       used 69523K, committed 70464K, reserved 491520K
  class space    used 9730K, committed 10176K, reserved 425984K
}
Event: 586.605 GC heap after
{Heap after GC invocations=39 (full 0):
 garbage-first heap   total 201728K, used 64552K [0x0000000080000000, 0x0000000100000000)
  region size 1024K, 3 young (3072K), 3 survivors (3072K)
 Metaspace       used 69523K, committed 70464K, reserved 491520K
  class space    used 9730K, committed 10176K, reserved 425984K
}
Event: 662.995 GC heap before
{Heap before GC invocations=39 (full 0):
 garbage-first heap   total 201728K, used 130088K [0x0000000080000000, 0x0000000100000000)
  region size 1024K, 67 young (68608K), 3 survivors (3072K)
 Metaspace       used 73268K, committed 74112K, reserved 491520K
  class space    used 10237K, committed 10624K, reserved 425984K
}
Event: 663.181 GC heap after
{Heap after GC invocations=40 (full 0):
 garbage-first heap   total 201728K, used 66469K [0x0000000080000000, 0x0000000100000000)
  region size 1024K, 5 young (5120K), 5 survivors (5120K)
 Metaspace       used 73268K, committed 74112K, reserved 491520K
  class space    used 10237K, committed 10624K, reserved 425984K
}
Event: 716.845 GC heap before
{Heap before GC invocations=40 (full 0):
 garbage-first heap   total 201728K, used 106405K [0x0000000080000000, 0x0000000100000000)
  region size 1024K, 44 young (45056K), 5 survivors (5120K)
 Metaspace       used 74197K, committed 75072K, reserved 491520K
  class space    used 10342K, committed 10752K, reserved 425984K
}
Event: 718.004 GC heap after
{Heap after GC invocations=41 (full 0):
 garbage-first heap   total 201728K, used 70567K [0x0000000080000000, 0x0000000100000000)
  region size 1024K, 6 young (6144K), 6 survivors (6144K)
 Metaspace       used 74197K, committed 75072K, reserved 491520K
  class space    used 10342K, committed 10752K, reserved 425984K
}
Event: 721.100 GC heap before
{Heap before GC invocations=41 (full 0):
 garbage-first heap   total 201728K, used 73639K [0x0000000080000000, 0x0000000100000000)
  region size 1024K, 9 young (9216K), 6 survivors (6144K)
 Metaspace       used 74198K, committed 75072K, reserved 491520K
  class space    used 10342K, committed 10752K, reserved 425984K
}
Event: 721.235 GC heap after
{Heap after GC invocations=42 (full 0):
 garbage-first heap   total 201728K, used 70566K [0x0000000080000000, 0x0000000100000000)
  region size 1024K, 2 young (2048K), 2 survivors (2048K)
 Metaspace       used 74198K, committed 75072K, reserved 491520K
  class space    used 10342K, committed 10752K, reserved 425984K
}
Event: 729.958 GC heap before
{Heap before GC invocations=42 (full 0):
 garbage-first heap   total 201728K, used 76710K [0x0000000080000000, 0x0000000100000000)
  region size 1024K, 9 young (9216K), 2 survivors (2048K)
 Metaspace       used 74202K, committed 75072K, reserved 491520K
  class space    used 10342K, committed 10752K, reserved 425984K
}
Event: 730.114 GC heap after
{Heap after GC invocations=43 (full 0):
 garbage-first heap   total 201728K, used 69562K [0x0000000080000000, 0x0000000100000000)
  region size 1024K, 1 young (1024K), 1 survivors (1024K)
 Metaspace       used 74202K, committed 75072K, reserved 491520K
  class space    used 10342K, committed 10752K, reserved 425984K
}
Event: 834.565 GC heap before
{Heap before GC invocations=43 (full 0):
 garbage-first heap   total 201728K, used 81850K [0x0000000080000000, 0x0000000100000000)
  region size 1024K, 14 young (14336K), 1 survivors (1024K)
 Metaspace       used 74365K, committed 75200K, reserved 491520K
  class space    used 10356K, committed 10752K, reserved 425984K
}
Event: 834.675 GC heap after
{Heap after GC invocations=44 (full 0):
 garbage-first heap   total 201728K, used 69975K [0x0000000080000000, 0x0000000100000000)
  region size 1024K, 1 young (1024K), 1 survivors (1024K)
 Metaspace       used 74365K, committed 75200K, reserved 491520K
  class space    used 10356K, committed 10752K, reserved 425984K
}

Dll operation events (15 events):
Event: 0.257 Loaded shared library C:\Program Files\Eclipse Adoptium\jdk-17.0.19.10-hotspot\bin\java.dll
Event: 1.282 Loaded shared library C:\Program Files\Eclipse Adoptium\jdk-17.0.19.10-hotspot\bin\jsvml.dll
Event: 1.522 Loaded shared library C:\Program Files\Eclipse Adoptium\jdk-17.0.19.10-hotspot\bin\zip.dll
Event: 1.525 Loaded shared library C:\Program Files\Eclipse Adoptium\jdk-17.0.19.10-hotspot\bin\instrument.dll
Event: 1.532 Loaded shared library C:\Program Files\Eclipse Adoptium\jdk-17.0.19.10-hotspot\bin\net.dll
Event: 1.535 Loaded shared library C:\Program Files\Eclipse Adoptium\jdk-17.0.19.10-hotspot\bin\nio.dll
Event: 1.538 Loaded shared library C:\Program Files\Eclipse Adoptium\jdk-17.0.19.10-hotspot\bin\zip.dll
Event: 2.812 Loaded shared library C:\Program Files\Eclipse Adoptium\jdk-17.0.19.10-hotspot\bin\jimage.dll
Event: 4.232 Loaded shared library C:\Program Files\Eclipse Adoptium\jdk-17.0.19.10-hotspot\bin\verify.dll
Event: 4.798 Loaded shared library C:\Users\USER\.gradle\native\1def1411415f61bf3af743bc5b6707747c0891f09f0c88961ee8f79bc544acac\windows-amd64\native-platform.dll
Event: 4.826 Loaded shared library C:\Users\USER\.gradle\native\0.2.7\x86_64-windows-gnu\gradle-fileevents.dll
Event: 10.842 Loaded shared library C:\Program Files\Eclipse Adoptium\jdk-17.0.19.10-hotspot\bin\management.dll
Event: 10.885 Loaded shared library C:\Program Files\Eclipse Adoptium\jdk-17.0.19.10-hotspot\bin\management_ext.dll
Event: 17.548 Loaded shared library C:\Program Files\Eclipse Adoptium\jdk-17.0.19.10-hotspot\bin\extnet.dll
Event: 22.624 Loaded shared library C:\Program Files\Eclipse Adoptium\jdk-17.0.19.10-hotspot\bin\sunmscapi.dll

Deoptimization events (20 events):
Event: 844.398 Thread 0x000001867db72cd0 Uncommon trap: trap_request=0xffffffde fr.pc=0x000001865210e1bc relative=0x00000000000008bc
Event: 844.398 Thread 0x000001867db72cd0 Uncommon trap: reason=class_check action=maybe_recompile pc=0x000001865210e1bc method=com.google.common.collect.Sets$1$1.computeNext()Ljava/lang/Object; @ 16 c2
Event: 844.398 Thread 0x000001867db72cd0 DEOPT PACKING pc=0x000001865210e1bc sp=0x00000034f09f9080
Event: 844.398 Thread 0x000001867db72cd0 DEOPT UNPACKING pc=0x00000186517169a3 sp=0x00000034f09f8f90 mode 2
Event: 844.490 Thread 0x000001867db72cd0 Uncommon trap: trap_request=0xffffffc6 fr.pc=0x00000186521c91ac relative=0x00000000000003ec
Event: 844.490 Thread 0x000001867db72cd0 Uncommon trap: reason=bimorphic_or_optimized_type_check action=maybe_recompile pc=0x00000186521c91ac method=com.google.common.collect.NaturalOrdering.compare(Ljava/lang/Comparable;Ljava/lang/Comparable;)I @ 12 c2
Event: 844.490 Thread 0x000001867db72cd0 DEOPT PACKING pc=0x00000186521c91ac sp=0x00000034f09f8a30
Event: 844.490 Thread 0x000001867db72cd0 DEOPT UNPACKING pc=0x00000186517169a3 sp=0x00000034f09f8958 mode 2
Event: 844.777 Thread 0x000001867db72cd0 Uncommon trap: trap_request=0xffffffc6 fr.pc=0x00000186521c91ac relative=0x00000000000003ec
Event: 844.777 Thread 0x000001867db72cd0 Uncommon trap: reason=bimorphic_or_optimized_type_check action=maybe_recompile pc=0x00000186521c91ac method=com.google.common.collect.NaturalOrdering.compare(Ljava/lang/Comparable;Ljava/lang/Comparable;)I @ 12 c2
Event: 844.777 Thread 0x000001867db72cd0 DEOPT PACKING pc=0x00000186521c91ac sp=0x00000034f09f8a30
Event: 844.777 Thread 0x000001867db72cd0 DEOPT UNPACKING pc=0x00000186517169a3 sp=0x00000034f09f8958 mode 2
Event: 850.093 Thread 0x000001867db72cd0 Uncommon trap: trap_request=0xffffffbe fr.pc=0x00000186521eab04 relative=0x0000000000000c44
Event: 850.093 Thread 0x000001867db72cd0 Uncommon trap: reason=profile_predicate action=maybe_recompile pc=0x00000186521eab04 method=org.gradle.tooling.internal.provider.runner.ClientBuildEventGenerator.started(Lorg/gradle/internal/operations/BuildOperationDescriptor;Lorg/gradle/internal/operati
Event: 850.093 Thread 0x000001867db72cd0 DEOPT PACKING pc=0x00000186521eab04 sp=0x00000034f09fa030
Event: 850.093 Thread 0x000001867db72cd0 DEOPT UNPACKING pc=0x00000186517169a3 sp=0x00000034f09f9fe8 mode 2
Event: 850.096 Thread 0x000001867db72cd0 Uncommon trap: trap_request=0xffffffbe fr.pc=0x00000186521eab04 relative=0x0000000000000c44
Event: 850.096 Thread 0x000001867db72cd0 Uncommon trap: reason=profile_predicate action=maybe_recompile pc=0x00000186521eab04 method=org.gradle.tooling.internal.provider.runner.ClientBuildEventGenerator.started(Lorg/gradle/internal/operations/BuildOperationDescriptor;Lorg/gradle/internal/operati
Event: 850.096 Thread 0x000001867db72cd0 DEOPT PACKING pc=0x00000186521eab04 sp=0x00000034f09fa030
Event: 850.096 Thread 0x000001867db72cd0 DEOPT UNPACKING pc=0x00000186517169a3 sp=0x00000034f09f9fe8 mode 2

Classes loaded (20 events):
Event: 421.516 Loading class javax/xml/parsers/FactoryFinder$1
Event: 421.516 Loading class javax/xml/parsers/FactoryFinder$1 done
Event: 421.519 Loading class com/sun/org/apache/xerces/internal/jaxp/DocumentBuilderFactoryImpl
Event: 421.520 Loading class com/sun/org/apache/xerces/internal/jaxp/DocumentBuilderFactoryImpl done
Event: 421.637 Loading class java/util/regex/Pattern$SliceI
Event: 421.637 Loading class java/util/regex/Pattern$SliceI done
Event: 422.351 Loading class java/lang/Character$UnicodeBlock
Event: 422.374 Loading class java/lang/Character$Subset
Event: 422.374 Loading class java/lang/Character$Subset done
Event: 422.374 Loading class java/lang/Character$UnicodeBlock done
Event: 484.058 Loading class java/lang/AbstractMethodError
Event: 484.068 Loading class java/lang/AbstractMethodError done
Event: 663.685 Loading class sun/reflect/annotation/AnnotationInvocationHandler$1
Event: 663.706 Loading class sun/reflect/annotation/AnnotationInvocationHandler$1 done
Event: 664.084 Loading class java/util/stream/ReduceOps$5
Event: 664.086 Loading class java/util/stream/ReduceOps$5 done
Event: 664.086 Loading class java/util/stream/ReduceOps$CountingSink$OfRef
Event: 664.087 Loading class java/util/stream/ReduceOps$CountingSink
Event: 664.089 Loading class java/util/stream/ReduceOps$CountingSink done
Event: 664.089 Loading class java/util/stream/ReduceOps$CountingSink$OfRef done

Classes unloaded (0 events):
No events

Classes redefined (0 events):
No events

Internal exceptions (20 events):
Event: 579.801 Thread 0x000001867db72cd0 Exception <a 'java/lang/NoSuchMethodError'{0x00000000899705b0}: static Lorg/jetbrains/kotlin/gradle/plugin/internal/DefaultMavenPublicationComponentAccessorFactory;.<clinit>()V> (0x00000000899705b0) 
thrown [s\src\hotspot\share\prims\jni.cpp, line 1112]
Event: 579.818 Thread 0x000001867db72cd0 Exception <a 'java/lang/NoSuchMethodError'{0x0000000089993c28}: static Lorg/jetbrains/kotlin/gradle/plugin/internal/DefaultCompatibilityConventionRegistrar$Factory;.<clinit>()V> (0x0000000089993c28) 
thrown [s\src\hotspot\share\prims\jni.cpp, line 1112]
Event: 579.833 Thread 0x000001867db72cd0 Exception <a 'java/lang/NoSuchMethodError'{0x00000000899aff88}: static Lorg/jetbrains/kotlin/gradle/plugin/internal/DefaultConfigurationCacheStartParameterAccessorVariantFactory;.<clinit>()V> (0x00000000899aff88) 
thrown [s\src\hotspot\share\prims\jni.cpp, line 1112]
Event: 583.440 Thread 0x000001867db72cd0 Exception <a 'java/lang/NoSuchMethodError'{0x0000000089467660}: static Ljava/lang/Object;.<clinit>()V> (0x0000000089467660) 
thrown [s\src\hotspot\share\prims\jni.cpp, line 1112]
Event: 583.623 Thread 0x000001867db72cd0 Exception <a 'java/lang/NoSuchMethodError'{0x00000000894b6698}: static Lorg/jetbrains/kotlin/gradle/plugin/statistics/MetricContainer;.<clinit>()V> (0x00000000894b6698) 
thrown [s\src\hotspot\share\prims\jni.cpp, line 1112]
Event: 631.992 Thread 0x000001867db72cd0 Exception <a 'java/lang/ClassNotFoundException'{0x000000008a75a5d0}: org/jetbrains/kotlin/gradle/targets/js/npm/DefaultNpmDependencyExtensionBeanInfo> (0x000000008a75a5d0) 
thrown [s\src\hotspot\share\classfile\systemDictionary.cpp, line 256]
Event: 632.005 Thread 0x000001867db72cd0 Exception <a 'java/lang/ClassNotFoundException'{0x000000008a763548}: org/jetbrains/kotlin/gradle/targets/js/npm/DefaultNpmDependencyExtensionCustomizer> (0x000000008a763548) 
thrown [s\src\hotspot\share\classfile\systemDictionary.cpp, line 256]
Event: 633.346 Thread 0x000001867db72cd0 Exception <a 'java/lang/ClassNotFoundException'{0x000000008a7f48a8}: org/jetbrains/kotlin/gradle/targets/js/npm/NpmDependencyExtensionKt$defaultNpmDependencyDelegate$1BeanInfo> (0x000000008a7f48a8) 
thrown [s\src\hotspot\share\classfile\systemDictionary.cpp, line 256]
Event: 633.347 Thread 0x000001867db72cd0 Exception <a 'java/lang/ClassNotFoundException'{0x000000008a7fd868}: org/jetbrains/kotlin/gradle/targets/js/npm/NpmDependencyExtensionDelegateBeanInfo> (0x000000008a7fd868) 
thrown [s\src\hotspot\share\classfile\systemDictionary.cpp, line 256]
Event: 633.372 Thread 0x000001867db72cd0 Exception <a 'java/lang/ClassNotFoundException'{0x000000008a620100}: org/jetbrains/kotlin/gradle/targets/js/npm/NpmDependencyExtensionDelegateCustomizer> (0x000000008a620100) 
thrown [s\src\hotspot\share\classfile\systemDictionary.cpp, line 256]
Event: 633.498 Thread 0x000001867db72cd0 Exception <a 'java/lang/ClassNotFoundException'{0x000000008a651248}: org/jetbrains/kotlin/gradle/targets/js/npm/NpmDependencyExtensionKt$defaultNpmDependencyDelegate$1Customizer> (0x000000008a651248) 
thrown [s\src\hotspot\share\classfile\systemDictionary.cpp, line 256]
Event: 633.649 Thread 0x000001867db72cd0 Exception <a 'java/lang/ClassNotFoundException'{0x000000008a689b90}: org/jetbrains/kotlin/gradle/targets/js/npm/DefaultDevNpmDependencyExtensionBeanInfo> (0x000000008a689b90) 
thrown [s\src\hotspot\share\classfile\systemDictionary.cpp, line 256]
Event: 633.649 Thread 0x000001867db72cd0 Exception <a 'java/lang/ClassNotFoundException'{0x000000008a692b18}: org/jetbrains/kotlin/gradle/targets/js/npm/DefaultDevNpmDependencyExtensionCustomizer> (0x000000008a692b18) 
thrown [s\src\hotspot\share\classfile\systemDictionary.cpp, line 256]
Event: 633.750 Thread 0x000001867db72cd0 Exception <a 'java/lang/ClassNotFoundException'{0x000000008a6d98b0}: org/jetbrains/kotlin/gradle/targets/js/npm/DefaultPeerNpmDependencyExtensionBeanInfo> (0x000000008a6d98b0) 
thrown [s\src\hotspot\share\classfile\systemDictionary.cpp, line 256]
Event: 633.754 Thread 0x000001867db72cd0 Exception <a 'java/lang/ClassNotFoundException'{0x000000008a6e2840}: org/jetbrains/kotlin/gradle/targets/js/npm/DefaultPeerNpmDependencyExtensionCustomizer> (0x000000008a6e2840) 
thrown [s\src\hotspot\share\classfile\systemDictionary.cpp, line 256]
Event: 633.816 Thread 0x000001867db72cd0 Exception <a 'java/lang/ClassNotFoundException'{0x000000008a52ef28}: org/jetbrains/kotlin/gradle/targets/js/npm/DefaultPeerNpmDependencyExtension$delegate$1BeanInfo> (0x000000008a52ef28) 
thrown [s\src\hotspot\share\classfile\systemDictionary.cpp, line 256]
Event: 633.817 Thread 0x000001867db72cd0 Exception <a 'java/lang/ClassNotFoundException'{0x000000008a537fb0}: org/jetbrains/kotlin/gradle/targets/js/npm/DefaultPeerNpmDependencyExtension$delegate$1Customizer> (0x000000008a537fb0) 
thrown [s\src\hotspot\share\classfile\systemDictionary.cpp, line 256]
Event: 652.488 Thread 0x00000186616bc9a0 Implicit null exception at 0x0000018651cb52f2 to 0x0000018651cb58d0
Event: 850.091 Thread 0x000001867db72cd0 Implicit null exception at 0x00000186521ea252 to 0x00000186521eaae0
Event: 850.096 Thread 0x000001867db72cd0 Implicit null exception at 0x00000186521ea252 to 0x00000186521eaae0

VM Operations (20 events):
Event: 844.869 Executing VM operation: Cleanup
Event: 844.902 Executing VM operation: Cleanup done
Event: 845.907 Executing VM operation: Cleanup
Event: 845.923 Executing VM operation: Cleanup done
Event: 846.169 Executing VM operation: HandshakeAllThreads
Event: 846.223 Executing VM operation: HandshakeAllThreads done
Event: 847.231 Executing VM operation: Cleanup
Event: 847.233 Executing VM operation: Cleanup done
Event: 848.237 Executing VM operation: Cleanup
Event: 848.237 Executing VM operation: Cleanup done
Event: 849.165 Executing VM operation: HandshakeAllThreads
Event: 849.169 Executing VM operation: HandshakeAllThreads done
Event: 849.266 Executing VM operation: HandshakeAllThreads
Event: 849.267 Executing VM operation: HandshakeAllThreads done
Event: 849.267 Executing VM operation: Cleanup
Event: 849.268 Executing VM operation: Cleanup done
Event: 851.277 Executing VM operation: Cleanup
Event: 851.277 Executing VM operation: Cleanup done
Event: 853.290 Executing VM operation: Cleanup
Event: 853.291 Executing VM operation: Cleanup done

Memory protections (0 events):
No events

Nmethod flushes (20 events):
Event: 849.312 Thread 0x000001866130e5c0 flushing  nmethod 0x000001864afa2510
Event: 849.312 Thread 0x000001866130e5c0 flushing  nmethod 0x000001864afb0890
Event: 849.312 Thread 0x000001866130e5c0 flushing  nmethod 0x000001864afc2990
Event: 849.312 Thread 0x000001866130e5c0 flushing  nmethod 0x000001864afd6890
Event: 849.312 Thread 0x000001866130e5c0 flushing  nmethod 0x000001864afe6210
Event: 849.312 Thread 0x000001866130e5c0 flushing  nmethod 0x000001864affb990
Event: 849.312 Thread 0x000001866130e5c0 flushing  nmethod 0x000001864b032b90
Event: 849.312 Thread 0x000001866130e5c0 flushing  nmethod 0x000001864b045c10
Event: 849.312 Thread 0x000001866130e5c0 flushing  nmethod 0x000001864b063f90
Event: 849.313 Thread 0x000001866130e5c0 flushing  nmethod 0x000001864b068790
Event: 849.313 Thread 0x000001866130e5c0 flushing  nmethod 0x000001864b069c90
Event: 849.313 Thread 0x000001866130e5c0 flushing  nmethod 0x000001864b07b510
Event: 849.313 Thread 0x000001866130e5c0 flushing  nmethod 0x000001864b0e2e90
Event: 849.313 Thread 0x000001866130e5c0 flushing  nmethod 0x000001864b12ce10
Event: 849.314 Thread 0x000001866130e5c0 flushing  nmethod 0x000001864b2b7910
Event: 849.314 Thread 0x000001866130e5c0 flushing  nmethod 0x000001864b2bbd10
Event: 849.314 Thread 0x000001866130e5c0 flushing  nmethod 0x000001864b2ca890
Event: 849.314 Thread 0x000001866130e5c0 flushing  nmethod 0x000001864b2e8c90
Event: 849.314 Thread 0x000001866130e5c0 flushing  nmethod 0x000001864b30e510
Event: 849.315 Thread 0x000001866130e5c0 flushing  nmethod 0x000001864b376e10

Events (20 events):
Event: 668.990 Thread 0x000001867db72cd0 Thread added: 0x000001867f645f80
Event: 668.993 Thread 0x000001867db72cd0 Thread added: 0x000001867f646eb0
Event: 668.994 Thread 0x000001867db72cd0 Thread added: 0x000001867f6478d0
Event: 669.000 Thread 0x000001867db72cd0 Thread added: 0x000001867f647de0
Event: 670.450 Thread 0x000001867db72cd0 Thread added: 0x000001867f644630
Event: 670.453 Thread 0x000001867db72cd0 Thread added: 0x000001867f648800
Event: 670.465 Thread 0x000001867db72cd0 Thread added: 0x000001867f6482f0
Event: 670.476 Thread 0x000001867db72cd0 Thread added: 0x000001867f648d10
Event: 670.480 Thread 0x000001867db72cd0 Thread added: 0x000001867f649220
Event: 670.489 Thread 0x000001867db72cd0 Thread added: 0x000001867f649c40
Event: 670.493 Thread 0x000001867db72cd0 Thread added: 0x000001867f64a660
Event: 670.972 Thread 0x000001867db72cd0 Thread added: 0x000001867f649730
Event: 670.974 Thread 0x000001867db72cd0 Thread added: 0x000001867f64a150
Event: 670.976 Thread 0x000001867db72cd0 Thread added: 0x000001867db74620
Event: 670.981 Thread 0x000001867db72cd0 Thread added: 0x00000186048bc3b0
Event: 670.982 Thread 0x000001867db72cd0 Thread added: 0x00000186048bb990
Event: 670.983 Thread 0x000001867db72cd0 Thread added: 0x00000186048bc8c0
Event: 671.008 Thread 0x000001867db72cd0 Thread added: 0x00000186048baa60
Event: 827.827 Thread 0x000001867f6473c0 Thread exited: 0x000001867f6473c0
Event: 834.506 Thread 0x000001867db74110 Thread added: 0x00000186048bd2e0


Dynamic libraries:
0x00007ff6ce910000 - 0x00007ff6ce91e000 	C:\Program Files\Eclipse Adoptium\jdk-17.0.19.10-hotspot\bin\java.exe
0x00007ffa60140000 - 0x00007ffa603a6000 	C:\WINDOWS\SYSTEM32\ntdll.dll
0x00007ffa5f100000 - 0x00007ffa5f1c9000 	C:\WINDOWS\System32\KERNEL32.DLL
0x00007ffa5d5b0000 - 0x00007ffa5d9aa000 	C:\WINDOWS\System32\KERNELBASE.dll
0x00007ffa5d460000 - 0x00007ffa5d5ac000 	C:\WINDOWS\System32\ucrtbase.dll
0x00007ffa38040000 - 0x00007ffa38058000 	C:\Program Files\Eclipse Adoptium\jdk-17.0.19.10-hotspot\bin\jli.dll
0x00007ffa5fea0000 - 0x00007ffa60067000 	C:\WINDOWS\System32\USER32.dll
0x00007ffa5de80000 - 0x00007ffa5dea7000 	C:\WINDOWS\System32\win32u.dll
0x00007ffa5f280000 - 0x00007ffa5f2ab000 	C:\WINDOWS\System32\GDI32.dll
0x00007ffa5dc90000 - 0x00007ffa5ddbb000 	C:\WINDOWS\System32\gdi32full.dll
0x00007ffa5dbe0000 - 0x00007ffa5dc83000 	C:\WINDOWS\System32\msvcp_win.dll
0x00007ffa3f680000 - 0x00007ffa3f912000 	C:\WINDOWS\WinSxS\amd64_microsoft.windows.common-controls_6595b64144ccf1df_6.0.26100.8521_none_3e08b75ce33403b3\COMCTL32.dll
0x00007ffa5deb0000 - 0x00007ffa5df59000 	C:\WINDOWS\System32\msvcrt.dll
0x00007ffa38020000 - 0x00007ffa3803e000 	C:\Program Files\Eclipse Adoptium\jdk-17.0.19.10-hotspot\bin\VCRUNTIME140.dll
0x00007ffa5fc60000 - 0x00007ffa5fc92000 	C:\WINDOWS\System32\IMM32.DLL
0x00007ffa38010000 - 0x00007ffa3801c000 	C:\Program Files\Eclipse Adoptium\jdk-17.0.19.10-hotspot\bin\vcruntime140_1.dll
0x00007ffa1f700000 - 0x00007ffa1f78d000 	C:\Program Files\Eclipse Adoptium\jdk-17.0.19.10-hotspot\bin\msvcp140.dll
0x00007ff96b680000 - 0x00007ff96c2ec000 	C:\Program Files\Eclipse Adoptium\jdk-17.0.19.10-hotspot\bin\server\jvm.dll
0x00007ffa5fba0000 - 0x00007ffa5fc56000 	C:\WINDOWS\System32\ADVAPI32.dll
0x00007ffa5f1d0000 - 0x00007ffa5f27a000 	C:\WINDOWS\System32\sechost.dll
0x00007ffa5ed80000 - 0x00007ffa5ee98000 	C:\WINDOWS\System32\RPCRT4.dll
0x00007ffa60070000 - 0x00007ffa600f0000 	C:\WINDOWS\System32\WS2_32.dll
0x00007ffa5d230000 - 0x00007ffa5d28e000 	C:\WINDOWS\SYSTEM32\POWRPROF.dll
0x00007ffa54dd0000 - 0x00007ffa54e06000 	C:\WINDOWS\SYSTEM32\WINMM.dll
0x00007ffa4bf90000 - 0x00007ffa4bf9b000 	C:\WINDOWS\SYSTEM32\VERSION.dll
0x00007ffa5d210000 - 0x00007ffa5d224000 	C:\WINDOWS\SYSTEM32\UMPDC.dll
0x00007ffa5c160000 - 0x00007ffa5c17b000 	C:\WINDOWS\SYSTEM32\kernel.appcore.dll
0x00007ffa38000000 - 0x00007ffa3800a000 	C:\Program Files\Eclipse Adoptium\jdk-17.0.19.10-hotspot\bin\jimage.dll
0x00007ffa40390000 - 0x00007ffa405d2000 	C:\WINDOWS\SYSTEM32\DBGHELP.DLL
0x00007ffa5e1e0000 - 0x00007ffa5e563000 	C:\WINDOWS\System32\combase.dll
0x00007ffa5e040000 - 0x00007ffa5e119000 	C:\WINDOWS\System32\OLEAUT32.dll
0x00007ffa36930000 - 0x00007ffa3696b000 	C:\WINDOWS\SYSTEM32\dbgcore.DLL
0x00007ffa5d9b0000 - 0x00007ffa5da58000 	C:\WINDOWS\System32\bcryptPrimitives.dll
0x00007ffa292d0000 - 0x00007ffa292de000 	C:\Program Files\Eclipse Adoptium\jdk-17.0.19.10-hotspot\bin\instrument.dll
0x00007ffa1f6d0000 - 0x00007ffa1f6f5000 	C:\Program Files\Eclipse Adoptium\jdk-17.0.19.10-hotspot\bin\java.dll
0x00007ff9e45c0000 - 0x00007ff9e4697000 	C:\Program Files\Eclipse Adoptium\jdk-17.0.19.10-hotspot\bin\jsvml.dll
0x00007ffa5f390000 - 0x00007ffa5fb14000 	C:\WINDOWS\System32\SHELL32.dll
0x00007ffa5afb0000 - 0x00007ffa5b830000 	C:\WINDOWS\SYSTEM32\windows.storage.dll
0x00007ffa5e7f0000 - 0x00007ffa5e8e6000 	C:\WINDOWS\System32\SHCORE.dll
0x00007ffa5fb20000 - 0x00007ffa5fb87000 	C:\WINDOWS\System32\shlwapi.dll
0x00007ffa5d2f0000 - 0x00007ffa5d319000 	C:\WINDOWS\SYSTEM32\profapi.dll
0x00007ffa1f6b0000 - 0x00007ffa1f6c8000 	C:\Program Files\Eclipse Adoptium\jdk-17.0.19.10-hotspot\bin\zip.dll
0x00007ffa1e810000 - 0x00007ffa1e82a000 	C:\Program Files\Eclipse Adoptium\jdk-17.0.19.10-hotspot\bin\net.dll
0x00007ffa4f1b0000 - 0x00007ffa4f2d9000 	C:\WINDOWS\SYSTEM32\WINHTTP.dll
0x00007ffa5c6d0000 - 0x00007ffa5c73c000 	C:\WINDOWS\system32\mswsock.dll
0x00007ffa1c380000 - 0x00007ffa1c396000 	C:\Program Files\Eclipse Adoptium\jdk-17.0.19.10-hotspot\bin\nio.dll
0x00007ffa28f60000 - 0x00007ffa28f70000 	C:\Program Files\Eclipse Adoptium\jdk-17.0.19.10-hotspot\bin\verify.dll
0x00007ff9c4460000 - 0x00007ff9c4487000 	C:\Users\USER\.gradle\native\1def1411415f61bf3af743bc5b6707747c0891f09f0c88961ee8f79bc544acac\windows-amd64\native-platform.dll
0x00007ff9a2ec0000 - 0x00007ff9a2f38000 	C:\Users\USER\.gradle\native\0.2.7\x86_64-windows-gnu\gradle-fileevents.dll
0x00007ffa28e20000 - 0x00007ffa28e2a000 	C:\Program Files\Eclipse Adoptium\jdk-17.0.19.10-hotspot\bin\management.dll
0x00007ffa1f6a0000 - 0x00007ffa1f6ac000 	C:\Program Files\Eclipse Adoptium\jdk-17.0.19.10-hotspot\bin\management_ext.dll
0x00007ffa5e030000 - 0x00007ffa5e038000 	C:\WINDOWS\System32\PSAPI.DLL
0x00007ffa5bb00000 - 0x00007ffa5bb33000 	C:\WINDOWS\SYSTEM32\IPHLPAPI.DLL
0x00007ffa5e570000 - 0x00007ffa5e57a000 	C:\WINDOWS\System32\NSI.dll
0x00007ffa546d0000 - 0x00007ffa546ed000 	C:\WINDOWS\SYSTEM32\dhcpcsvc6.DLL
0x00007ffa54720000 - 0x00007ffa54745000 	C:\WINDOWS\SYSTEM32\dhcpcsvc.DLL
0x00007ffa5bb40000 - 0x00007ffa5bc8a000 	C:\WINDOWS\SYSTEM32\DNSAPI.dll
0x00007ffa5c4f0000 - 0x00007ffa5c4fd000 	C:\WINDOWS\SYSTEM32\DSPARSE.dll
0x00007ffa1e9b0000 - 0x00007ffa1e9b9000 	C:\Program Files\Eclipse Adoptium\jdk-17.0.19.10-hotspot\bin\extnet.dll
0x00007ffa5c9b0000 - 0x00007ffa5c9cb000 	C:\WINDOWS\SYSTEM32\CRYPTSP.dll
0x00007ffa5c0c0000 - 0x00007ffa5c0f9000 	C:\WINDOWS\system32\rsaenh.dll
0x00007ffa5c780000 - 0x00007ffa5c7b3000 	C:\WINDOWS\SYSTEM32\USERENV.dll
0x00007ffa5d2c0000 - 0x00007ffa5d2ea000 	C:\WINDOWS\SYSTEM32\bcrypt.dll
0x00007ffa5c9d0000 - 0x00007ffa5c9dc000 	C:\WINDOWS\SYSTEM32\CRYPTBASE.dll
0x00007ffa1e800000 - 0x00007ffa1e80e000 	C:\Program Files\Eclipse Adoptium\jdk-17.0.19.10-hotspot\bin\sunmscapi.dll
0x00007ffa5da60000 - 0x00007ffa5dbd8000 	C:\WINDOWS\System32\CRYPT32.dll
0x00007ffa5cbd0000 - 0x00007ffa5cc00000 	C:\WINDOWS\SYSTEM32\ncrypt.dll
0x00007ffa5cb80000 - 0x00007ffa5cbbf000 	C:\WINDOWS\SYSTEM32\NTASN1.dll
0x00007ffa31770000 - 0x00007ffa31778000 	C:\WINDOWS\system32\wshunix.dll

dbghelp: loaded successfully - version: 4.0.5 - missing functions: none
symbol engine: initialized successfully - sym options: 0x614 - pdb path: .;C:\Program Files\Eclipse Adoptium\jdk-17.0.19.10-hotspot\bin;C:\WINDOWS\SYSTEM32;C:\WINDOWS\WinSxS\amd64_microsoft.windows.common-controls_6595b64144ccf1df_6.0.26100.8521_none_3e08b75ce33403b3;C:\Program Files\Eclipse Adoptium\jdk-17.0.19.10-hotspot\bin\server;C:\Users\USER\.gradle\native\1def1411415f61bf3af743bc5b6707747c0891f09f0c88961ee8f79bc544acac\windows-amd64;C:\Users\USER\.gradle\native\0.2.7\x86_64-windows-gnu

VM Arguments:
jvm_args: --add-opens=java.base/java.lang=ALL-UNNAMED --add-opens=java.base/java.lang.invoke=ALL-UNNAMED --add-opens=java.base/java.util=ALL-UNNAMED --add-opens=java.prefs/java.util.prefs=ALL-UNNAMED --add-exports=jdk.compiler/com.sun.tools.javac.api=ALL-UNNAMED --add-exports=jdk.compiler/com.sun.tools.javac.util=ALL-UNNAMED --add-opens=java.base/java.util=ALL-UNNAMED --add-opens=java.prefs/java.util.prefs=ALL-UNNAMED --add-opens=java.base/java.nio.charset=ALL-UNNAMED --add-opens=java.base/java.net=ALL-UNNAMED --add-opens=java.base/java.util.concurrent.atomic=ALL-UNNAMED --add-opens=java.xml/javax.xml.namespace=ALL-UNNAMED -XX:MaxMetaspaceSize=512m -Xmx2048m -Dfile.encoding=UTF-8 -Duser.country=ZW -Duser.language=en -Duser.variant -javaagent:C:\Users\USER\.gradle\wrapper\dists\gradle-8.14.3-bin\cv11ve7ro1n3o1j4so8xd9n66\gradle-8.14.3\lib\agents\gradle-instrumentation-agent-8.14.3.jar 
java_command: org.gradle.launcher.daemon.bootstrap.GradleDaemon 8.14.3
java_class_path (initial): C:\Users\USER\.gradle\wrapper\dists\gradle-8.14.3-bin\cv11ve7ro1n3o1j4so8xd9n66\gradle-8.14.3\lib\gradle-daemon-main-8.14.3.jar
Launcher Type: SUN_STANDARD

[Global flags]
     intx CICompilerCount                          = 4                                         {product} {ergonomic}
   size_t CompressedClassSpaceSize                 = 436207616                                 {product} {ergonomic}
     uint ConcGCThreads                            = 2                                         {product} {ergonomic}
     uint G1ConcRefinementThreads                  = 8                                         {product} {ergonomic}
   size_t G1HeapRegionSize                         = 1048576                                   {product} {ergonomic}
    uintx GCDrainStackTargetSize                   = 64                                        {product} {ergonomic}
   size_t InitialHeapSize                          = 130023424                                 {product} {ergonomic}
   size_t MarkStackSize                            = 4194304                                   {product} {ergonomic}
   size_t MaxHeapSize                              = 2147483648                                {product} {command line}
   size_t MaxMetaspaceSize                         = 536870912                                 {product} {command line}
   size_t MaxNewSize                               = 1287651328                                {product} {ergonomic}
   size_t MinHeapDeltaBytes                        = 1048576                                   {product} {ergonomic}
   size_t MinHeapSize                              = 8388608                                   {product} {ergonomic}
    uintx NonNMethodCodeHeapSize                   = 5839372                                {pd product} {ergonomic}
    uintx NonProfiledCodeHeapSize                  = 122909434                              {pd product} {ergonomic}
    uintx ProfiledCodeHeapSize                     = 122909434                              {pd product} {ergonomic}
    uintx ReservedCodeCacheSize                    = 251658240                              {pd product} {ergonomic}
     bool SegmentedCodeCache                       = true                                      {product} {ergonomic}
   size_t SoftMaxHeapSize                          = 2147483648                             {manageable} {ergonomic}
     bool UseCompressedClassPointers               = true                           {product lp64_product} {ergonomic}
     bool UseCompressedOops                        = true                           {product lp64_product} {ergonomic}
     bool UseG1GC                                  = true                                      {product} {ergonomic}
     bool UseLargePagesIndividualAllocation        = false                                  {pd product} {ergonomic}

Logging:
Log output configuration:
 #0: stdout all=warning uptime,level,tags
 #1: stderr all=off uptime,level,tags

Environment Variables:
JAVA_HOME=C:\Program Files\Android\Android Studio\jbr
PATH=C:\Program Files\Eclipse Adoptium\jdk-17.0.19.10-hotspot\bin;C:\Program Files (x86)\Common Files\Intel\Shared Libraries\redist\intel64\compiler;C:\Program Files\Eclipse Adoptium\jdk-25.0.0.36-hotspot\bin;C:\Program Files (x86)\Common Files\Intel\Shared Files\cpp\bin\Intel64;C:\WINDOWS\system32;C:\WINDOWS;C:\WINDOWS\System32\Wbem;C:\WINDOWS\System32\WindowsPowerShell\v1.0\;C:\WINDOWS\System32\OpenSSH\;C:\ProgramData\chocolatey\bin;C:\Program Files\nodejs\;C:\Program Files\Git\cmd;C:\Users\USER\AppData\Local\Programs\Python\Python313\Scripts\;C:\Users\USER\AppData\Local\Programs\Python\Python313\;C:\Users\USER\AppData\Local\Microsoft\WindowsApps;C:\Users\USER\AppData\Local\Programs\Microsoft VS Code\bin;C:\Users\USER\AppData\Local\GitHubDesktop\bin;C:\Users\USER\AppData\Roaming\npm;C:\Users\USER\AppData\Local\Programs\mongosh\;
USERNAME=USER
OS=Windows_NT
PROCESSOR_IDENTIFIER=Intel64 Family 6 Model 186 Stepping 3, GenuineIntel
TMP=C:\Users\USER\AppData\Local\Temp
TEMP=C:\Users\USER\AppData\Local\Temp



Periodic native trim disabled


---------------  S Y S T E M  ---------------

OS:
 Windows 11 , 64 bit Build 26100 (10.0.26100.8521)
OS uptime: 0 days 1:02 hours

CPU: total 8 (initial active 8) (8 cores per cpu, 1 threads per core) family 6 model 186 stepping 3 microcode 0x6134, cx8, cmov, fxsr, mmx, 3dnowpref, sse, sse2, sse3, ssse3, sse4.1, sse4.2, popcnt, lzcnt, tsc, tscinvbit, avx, avx2, aes, erms, clmul, bmi1, bmi2, adx, sha, fma, vzeroupper, clflush, clflushopt, clwb
Processor Information for all 8 processors :
  Max Mhz: 1200, Current Mhz: 1200, Mhz Limit: 1200

Memory: 4k page, system-wide physical 7835M (146M free)
TotalPageFile size 31387M (AvailPageFile size 75M)
current process WorkingSet (physical memory assigned to process): 115M, peak: 217M
current process commit charge ("private bytes"): 462M, peak: 600M

vm_info: OpenJDK 64-Bit Server VM (17.0.19+10) for windows-amd64 JRE (17.0.19+10), built on Apr 25 2026 08:04:44 by "admin" with MS VC++ 17.12 (VS2022)

END.
