#
# There is insufficient memory for the Java Runtime Environment to continue.
# Native memory allocation (malloc) failed to allocate 1579160 bytes. Error detail: Chunk::new
# Possible reasons:
#   The system is out of physical RAM or swap space
#   This process is running with CompressedOops enabled, and the Java Heap may be blocking the growth of the native heap
# Possible solutions:
#   Reduce memory load on the system
#   Increase physical memory or swap space
#   Check if swap backing store is full
#   Decrease Java heap size (-Xmx/-Xms)
#   Decrease number of Java threads
#   Decrease Java thread stack sizes (-Xss)
#   Set larger code cache with -XX:ReservedCodeCacheSize=
#   JVM is running with Unscaled Compressed Oops mode in which the Java heap is
#     placed in the first 4GB address space. The Java Heap base address is the
#     maximum limit for the native heap growth. Please use -XX:HeapBaseMinAddress
#     to set the Java Heap base and to place the Java Heap above 4GB virtual address.
# This output file may be truncated or incomplete.
#
#  Out of Memory Error (arena.cpp:186), pid=32128, tid=18280
#
# JRE version: OpenJDK Runtime Environment Temurin-25+36 (25.0+36) (build 25+36-LTS)
# Java VM: OpenJDK 64-Bit Server VM Temurin-25+36 (25+36-LTS, mixed mode, sharing, tiered, compressed oops, compressed class ptrs, g1 gc, windows-amd64)
# No core dump will be written. Minidumps are not enabled by default on client versions of Windows
#

---------------  S U M M A R Y ------------

Command Line: --add-opens=java.base/java.util=ALL-UNNAMED --add-opens=java.base/java.lang=ALL-UNNAMED --add-opens=java.base/java.lang.invoke=ALL-UNNAMED --add-opens=java.prefs/java.util.prefs=ALL-UNNAMED --add-exports=jdk.compiler/com.sun.tools.javac.api=ALL-UNNAMED --add-exports=jdk.compiler/com.sun.tools.javac.util=ALL-UNNAMED --add-opens=java.base/java.nio.charset=ALL-UNNAMED --add-opens=java.base/java.net=ALL-UNNAMED --add-opens=java.base/java.util.concurrent.atomic=ALL-UNNAMED -XX:MaxMetaspaceSize=384m -XX:+HeapDumpOnOutOfMemoryError -Xms256m -Xmx512m -Dfile.encoding=utf8 -Duser.country=ZW -Duser.language=en -Duser.variant -javaagent:C:\Users\USER\.gradle\wrapper\dists\gradle-8.9-bin\90cnw93cvbtalezasaz0blq0a\gradle-8.9\lib\agents\gradle-instrumentation-agent-8.9.jar org.gradle.launcher.daemon.bootstrap.GradleDaemon 8.9

Host: 13th Gen Intel(R) Core(TM) i3-1315U, 8 cores, 7G,  Windows 11 , 64 bit Build 26100 (10.0.26100.8521)
Time: Tue Jul 14 12:32:32 2026 South Africa Standard Time elapsed time: 192.085928 seconds (0d 0h 3m 12s)

---------------  T H R E A D  ---------------

Current thread (0x00000200fb9d6c20):  JavaThread "C2 CompilerThread0" daemon [_thread_in_native, id=18280, stack(0x000000347d300000,0x000000347d400000) (1024K)]


Current CompileTask:
C2:192089 6341       4       com.esotericsoftware.kryo.io.Input::readUtf8 (90 bytes)

Stack: [0x000000347d300000,0x000000347d400000]
Native frames: (J=compiled Java code, j=interpreted, Vv=VM code, C=native code)
V  [jvm.dll+0x7a8259]  (no source info available)
V  [jvm.dll+0x7728dd]  (no source info available)
V  [jvm.dll+0x9f5583]  (no source info available)
V  [jvm.dll+0x9f7b71]  (no source info available)
V  [jvm.dll+0x9f8273]  (no source info available)
V  [jvm.dll+0x2fcd26]  (no source info available)
V  [jvm.dll+0x111086]  (no source info available)
V  [jvm.dll+0x1113ae]  (no source info available)
V  [jvm.dll+0x1a01a2]  (no source info available)
V  [jvm.dll+0x3b5e72]  (no source info available)
V  [jvm.dll+0x7adbcc]  (no source info available)
V  [jvm.dll+0x2c0327]  (no source info available)
V  [jvm.dll+0x2bf2ef]  (no source info available)
V  [jvm.dll+0x237300]  (no source info available)
V  [jvm.dll+0x2cf386]  (no source info available)
V  [jvm.dll+0x2cd60a]  (no source info available)
V  [jvm.dll+0x48f5ee]  (no source info available)
V  [jvm.dll+0x99610d]  (no source info available)
V  [jvm.dll+0x7a6835]  (no source info available)
C  [ucrtbase.dll+0x2cd30]  (no source info available)
C  [KERNEL32.DLL+0x2e957]  (no source info available)
C  [ntdll.dll+0x87c1c]  (no source info available)

Lock stack of current Java thread (top to bottom):


---------------  P R O C E S S  ---------------

Threads class SMR info:
_java_thread_list=0x000002009d2a8bb0, length=33, elements={
0x00000200f60187d0, 0x00000200fb9bf4d0, 0x00000200fb9bff30, 0x00000200fb9c7c10,
0x00000200fb9c9d70, 0x00000200fb9cf4c0, 0x00000200fb9d0080, 0x00000200fb9d6c20,
0x00000200fb9d9840, 0x0000020097afa800, 0x0000020097bef4b0, 0x000002009d192f40,
0x000002009d2e6ea0, 0x000002009d2efdb0, 0x0000020097b90850, 0x000002009d1d4300,
0x000002009d1d71e0, 0x000002009d27cb20, 0x000002009d27b3b0, 0x000002009d27fa00,
0x000002009eb8c5e0, 0x000002009eb8cdb0, 0x000002009eb8ae70, 0x000002009eb8d580,
0x000002009efad9e0, 0x000002009efb3f70, 0x000002009efb4740, 0x000002009d27c350,
0x000002009efae980, 0x000002009efb1860, 0x000002009efb1090, 0x000002009d1d3b30,
0x000002009d1d1bf0
}

Java Threads: ( => current thread )
  0x00000200f60187d0 JavaThread "main"                              [_thread_blocked, id=16660, stack(0x000000347c500000,0x000000347c600000) (1024K)]
  0x00000200fb9bf4d0 JavaThread "Reference Handler"          daemon [_thread_blocked, id=28436, stack(0x000000347cd00000,0x000000347ce00000) (1024K)]
  0x00000200fb9bff30 JavaThread "Finalizer"                  daemon [_thread_blocked, id=13616, stack(0x000000347ce00000,0x000000347cf00000) (1024K)]
  0x00000200fb9c7c10 JavaThread "Signal Dispatcher"          daemon [_thread_blocked, id=27916, stack(0x000000347cf00000,0x000000347d000000) (1024K)]
  0x00000200fb9c9d70 JavaThread "Attach Listener"            daemon [_thread_blocked, id=30656, stack(0x000000347d000000,0x000000347d100000) (1024K)]
  0x00000200fb9cf4c0 JavaThread "Service Thread"             daemon [_thread_blocked, id=13608, stack(0x000000347d100000,0x000000347d200000) (1024K)]
  0x00000200fb9d0080 JavaThread "Monitor Deflation Thread"   daemon [_thread_blocked, id=30772, stack(0x000000347d200000,0x000000347d300000) (1024K)]
=>0x00000200fb9d6c20 JavaThread "C2 CompilerThread0"         daemon [_thread_in_native, id=18280, stack(0x000000347d300000,0x000000347d400000) (1024K)]
  0x00000200fb9d9840 JavaThread "C1 CompilerThread0"         daemon [_thread_blocked, id=13860, stack(0x000000347d400000,0x000000347d500000) (1024K)]
  0x0000020097afa800 JavaThread "Common-Cleaner"             daemon [_thread_blocked, id=16464, stack(0x000000347d500000,0x000000347d600000) (1024K)]
  0x0000020097bef4b0 JavaThread "Notification Thread"        daemon [_thread_blocked, id=30488, stack(0x000000347d600000,0x000000347d700000) (1024K)]
  0x000002009d192f40 JavaThread "Daemon health stats"               [_thread_blocked, id=34800, stack(0x000000347dd00000,0x000000347de00000) (1024K)]
  0x000002009d2e6ea0 JavaThread "Incoming local TCP Connector on port 51941"        [_thread_in_native, id=34016, stack(0x000000347de00000,0x000000347df00000) (1024K)]
  0x000002009d2efdb0 JavaThread "Daemon periodic checks"            [_thread_blocked, id=17120, stack(0x000000347df00000,0x000000347e000000) (1024K)]
  0x0000020097b90850 JavaThread "Daemon"                            [_thread_blocked, id=20196, stack(0x000000347e000000,0x000000347e100000) (1024K)]
  0x000002009d1d4300 JavaThread "Daemon worker"                     [_thread_in_Java, id=32316, stack(0x000000347e300000,0x000000347e400000) (1024K)]
  0x000002009d1d71e0 JavaThread "Cache worker for journal cache (C:\Users\USER\.gradle\caches\journal-1)"        [_thread_blocked, id=33928, stack(0x000000347e700000,0x000000347e800000) (1024K)]
  0x000002009d27cb20 JavaThread "File lock request listener"        [_thread_in_native, id=24048, stack(0x000000347e800000,0x000000347e900000) (1024K)]
  0x000002009d27b3b0 JavaThread "Cache worker for file hash cache (C:\Users\USER\.gradle\caches\8.9\fileHashes)"        [_thread_blocked, id=33008, stack(0x000000347c300000,0x000000347c400000) (1024K)]
  0x000002009d27fa00 JavaThread "File watcher server"        daemon [_thread_in_native, id=34872, stack(0x000000347ef00000,0x000000347f000000) (1024K)]
  0x000002009eb8c5e0 JavaThread "File watcher consumer"      daemon [_thread_blocked, id=34876, stack(0x000000347f000000,0x000000347f100000) (1024K)]
  0x000002009eb8cdb0 JavaThread "jar transforms"                    [_thread_blocked, id=34912, stack(0x000000347f100000,0x000000347f200000) (1024K)]
  0x000002009eb8ae70 JavaThread "jar transforms Thread 2"           [_thread_blocked, id=34916, stack(0x000000347f200000,0x000000347f300000) (1024K)]
  0x000002009eb8d580 JavaThread "jar transforms Thread 3"           [_thread_blocked, id=34920, stack(0x000000347f300000,0x000000347f400000) (1024K)]
  0x000002009efad9e0 JavaThread "Cache worker for file content cache (C:\Users\USER\.gradle\caches\8.9\fileContent)"        [_thread_blocked, id=35028, stack(0x000000347f500000,0x000000347f600000) (1024K)]
  0x000002009efb3f70 JavaThread "jar transforms Thread 4"           [_thread_blocked, id=35784, stack(0x000000347c200000,0x000000347c300000) (1024K)]
  0x000002009efb4740 JavaThread "File lock release action executor Thread 2"        [_thread_blocked, id=2280, stack(0x000000347c400000,0x000000347c500000) (1024K)]
  0x000002009d27c350 JavaThread "VFS cleanup"                       [_thread_blocked, id=28736, stack(0x000000347dc00000,0x000000347dd00000) (1024K)]
  0x000002009efae980 JavaThread "Handler for socket connection from /127.0.0.1:51941 to /127.0.0.1:53642"        [_thread_in_native, id=23000, stack(0x000000347e100000,0x000000347e200000) (1024K)]
  0x000002009efb1860 JavaThread "Cancel handler"                    [_thread_blocked, id=2644, stack(0x000000347e200000,0x000000347e300000) (1024K)]
  0x000002009efb1090 JavaThread "Asynchronous log dispatcher for DefaultDaemonConnection: socket connection from /127.0.0.1:51941 to /127.0.0.1:53642"        [_thread_blocked, id=18568, stack(0x000000347e400000,0x000000347e500000) (1024K)]
  0x000002009d1d3b30 JavaThread "Stdin handler"                     [_thread_blocked, id=25992, stack(0x000000347e500000,0x000000347e600000) (1024K)]
  0x000002009d1d1bf0 JavaThread "Daemon client event forwarder"        [_thread_blocked, id=22664, stack(0x000000347e600000,0x000000347e700000) (1024K)]
Total: 33

Other Threads:
  0x00000200f60c6620 VMThread "VM Thread"                           [id=20200, stack(0x000000347cc00000,0x000000347cd00000) (1024K)]
  0x00000200f60b3980 WatcherThread "VM Periodic Task Thread"        [id=26180, stack(0x000000347cb00000,0x000000347cc00000) (1024K)]
  0x00000200f6045240 WorkerThread "GC Thread#0"                     [id=32460, stack(0x000000347c600000,0x000000347c700000) (1024K)]
  0x000002009c8f1ea0 WorkerThread "GC Thread#1"                     [id=4760, stack(0x000000347d700000,0x000000347d800000) (1024K)]
  0x000002009c8f22d0 WorkerThread "GC Thread#2"                     [id=29640, stack(0x000000347d800000,0x000000347d900000) (1024K)]
  0x000002009c8f2700 WorkerThread "GC Thread#3"                     [id=11444, stack(0x000000347d900000,0x000000347da00000) (1024K)]
  0x000002009caeae70 WorkerThread "GC Thread#4"                     [id=29196, stack(0x000000347da00000,0x000000347db00000) (1024K)]
  0x000002009caeb2a0 WorkerThread "GC Thread#5"                     [id=31852, stack(0x000000347db00000,0x000000347dc00000) (1024K)]
  0x000002009ec3bd70 WorkerThread "GC Thread#6"                     [id=33448, stack(0x000000347ea00000,0x000000347eb00000) (1024K)]
  0x000002009ec38110 WorkerThread "GC Thread#7"                     [id=4164, stack(0x000000347eb00000,0x000000347ec00000) (1024K)]
  0x00000200f60472e0 ConcurrentGCThread "G1 Main Marker"            [id=10500, stack(0x000000347c700000,0x000000347c800000) (1024K)]
  0x00000200f6047e80 WorkerThread "G1 Conc#0"                       [id=27328, stack(0x000000347c800000,0x000000347c900000) (1024K)]
  0x000002009ec38e00 WorkerThread "G1 Conc#1"                       [id=34820, stack(0x000000347ec00000,0x000000347ed00000) (1024K)]
  0x00000200f60a5910 ConcurrentGCThread "G1 Refine#0"               [id=31704, stack(0x000000347c900000,0x000000347ca00000) (1024K)]
  0x00000200f60a7370 ConcurrentGCThread "G1 Service"                [id=27484, stack(0x000000347ca00000,0x000000347cb00000) (1024K)]
Total: 15

Threads with active compile tasks:
C2 CompilerThread0  192530 6341       4       com.esotericsoftware.kryo.io.Input::readUtf8 (90 bytes)
Total: 1

VM state: not at safepoint (normal execution)

VM Mutex/Monitor currently owned by a thread: None

Heap address: 0x00000000e0000000, size: 512 MB, Compressed Oops mode: 32-bit

CDS archive(s) mapped at: [0x00000000a8000000-0x00000000a8dd0000-0x00000000a8dd0000), size 14483456, SharedBaseAddress: 0x00000000a8000000, ArchiveRelocationMode: 1.
Compressed class space mapped at: 0x00000000a9000000-0x00000000bd000000, reserved size: 335544320
UseCompressedClassPointers 1, UseCompactObjectHeaders 0
Narrow klass pointer bits 32, Max shift 3
Narrow klass base: 0x00000000a8000000, Narrow klass shift: 0
Encoding Range: [0x00000000a8000000 - 0x00000001a8000000), (4294967296 bytes)
Klass Range:    [0x00000000a8010000 - 0x00000000bd000000), (352256000 bytes)
Klass ID Range:  [65536 - 352321529) (352255993)
Protection zone: [0x00000000a8000000 - 0x00000000a8010000), (65536 bytes)

GC Precious Log:
 CardTable entry size: 512
 Card Set container configuration: InlinePtr #cards 5 size 8 Array Of Cards #cards 10 size 36 Howl #buckets 4 coarsen threshold 1843 Howl Bitmap #cards 512 size 80 coarsen threshold 460 Card regions per heap region 1 cards per card region 2048
 CPUs: 8 total, 8 available
 Memory: 7835M
 Large Page Support: Disabled
 NUMA Support: Disabled
 Compressed Oops: Enabled (32-bit)
 Heap Region Size: 1M
 Heap Min Capacity: 256M
 Heap Initial Capacity: 256M
 Heap Max Capacity: 512M
 Pre-touch: Disabled
 Parallel Workers: 8
 Concurrent Workers: 2
 Concurrent Refinement Workers: 8
 Periodic GC: Disabled

Heap:
 garbage-first heap   total reserved 524288K, committed 262144K, used 102257K [0x00000000e0000000, 0x0000000100000000)
  region size 1024K, 69 young (70656K), 1 survivors (1024K)

Heap Regions: E=young(eden), S=young(survivor), O=old, HS=humongous(starts), HC=humongous(continues), CS=collection set, F=free, TAMS=top-at-mark-start, PB=parsable bottom
|   0|0x00000000e0000000, 0x00000000e0100000, 0x00000000e0100000|100%|HS|  |TAMS 0x00000000e0000000| PB 0x00000000e0000000| Complete |  0
|   1|0x00000000e0100000, 0x00000000e0200000, 0x00000000e0200000|100%|HC|  |TAMS 0x00000000e0100000| PB 0x00000000e0100000| Complete |  0
|   2|0x00000000e0200000, 0x00000000e0300000, 0x00000000e0300000|100%|HC|  |TAMS 0x00000000e0200000| PB 0x00000000e0200000| Complete |  0
|   3|0x00000000e0300000, 0x00000000e0400000, 0x00000000e0400000|100%|HC|  |TAMS 0x00000000e0300000| PB 0x00000000e0300000| Complete |  0
|   4|0x00000000e0400000, 0x00000000e0500000, 0x00000000e0500000|100%| O|  |TAMS 0x00000000e0400000| PB 0x00000000e0400000| Untracked |  0
|   5|0x00000000e0500000, 0x00000000e0600000, 0x00000000e0600000|100%|HS|  |TAMS 0x00000000e0500000| PB 0x00000000e0500000| Complete |  0
|   6|0x00000000e0600000, 0x00000000e0700000, 0x00000000e0700000|100%| O|  |TAMS 0x00000000e0600000| PB 0x00000000e0600000| Untracked |  0
|   7|0x00000000e0700000, 0x00000000e0800000, 0x00000000e0800000|100%| O|  |TAMS 0x00000000e0700000| PB 0x00000000e0700000| Untracked |  0
|   8|0x00000000e0800000, 0x00000000e0900000, 0x00000000e0900000|100%| O|  |TAMS 0x00000000e0800000| PB 0x00000000e0800000| Untracked |  0
|   9|0x00000000e0900000, 0x00000000e0a00000, 0x00000000e0a00000|100%| O|  |TAMS 0x00000000e0900000| PB 0x00000000e0900000| Untracked |  0
|  10|0x00000000e0a00000, 0x00000000e0b00000, 0x00000000e0b00000|100%| O|  |TAMS 0x00000000e0a00000| PB 0x00000000e0a00000| Untracked |  0
|  11|0x00000000e0b00000, 0x00000000e0c00000, 0x00000000e0c00000|100%| O|  |TAMS 0x00000000e0b00000| PB 0x00000000e0b00000| Untracked |  0
|  12|0x00000000e0c00000, 0x00000000e0d00000, 0x00000000e0d00000|100%| O|  |TAMS 0x00000000e0c00000| PB 0x00000000e0c00000| Untracked |  0
|  13|0x00000000e0d00000, 0x00000000e0d226f0, 0x00000000e0e00000| 13%| O|Cm|TAMS 0x00000000e0d00000| PB 0x00000000e0d00000| Complete |  0
|  14|0x00000000e0e00000, 0x00000000e0f00000, 0x00000000e0f00000|100%| O|  |TAMS 0x00000000e0e00000| PB 0x00000000e0e00000| Untracked |  0
|  15|0x00000000e0f00000, 0x00000000e1000000, 0x00000000e1000000|100%| O|  |TAMS 0x00000000e0f00000| PB 0x00000000e0f00000| Untracked |  0
|  16|0x00000000e1000000, 0x00000000e1100000, 0x00000000e1100000|100%| O|  |TAMS 0x00000000e1000000| PB 0x00000000e1000000| Untracked |  0
|  17|0x00000000e1100000, 0x00000000e1200000, 0x00000000e1200000|100%| O|  |TAMS 0x00000000e1100000| PB 0x00000000e1100000| Untracked |  0
|  18|0x00000000e1200000, 0x00000000e1300000, 0x00000000e1300000|100%| O|  |TAMS 0x00000000e1200000| PB 0x00000000e1200000| Untracked |  0
|  19|0x00000000e1300000, 0x00000000e1400000, 0x00000000e1400000|100%| O|  |TAMS 0x00000000e1300000| PB 0x00000000e1300000| Untracked |  0
|  20|0x00000000e1400000, 0x00000000e1500000, 0x00000000e1500000|100%| O|  |TAMS 0x00000000e1400000| PB 0x00000000e1400000| Untracked |  0
|  21|0x00000000e1500000, 0x00000000e1600000, 0x00000000e1600000|100%| O|  |TAMS 0x00000000e1500000| PB 0x00000000e1500000| Untracked |  0
|  22|0x00000000e1600000, 0x00000000e1700000, 0x00000000e1700000|100%| O|  |TAMS 0x00000000e1600000| PB 0x00000000e1600000| Untracked |  0
|  23|0x00000000e1700000, 0x00000000e1800000, 0x00000000e1800000|100%| O|  |TAMS 0x00000000e1700000| PB 0x00000000e1700000| Untracked |  0
|  24|0x00000000e1800000, 0x00000000e1900000, 0x00000000e1900000|100%| O|  |TAMS 0x00000000e1800000| PB 0x00000000e1800000| Untracked |  0
|  25|0x00000000e1900000, 0x00000000e1a00000, 0x00000000e1a00000|100%| O|  |TAMS 0x00000000e1900000| PB 0x00000000e1900000| Untracked |  0
|  26|0x00000000e1a00000, 0x00000000e1b00000, 0x00000000e1b00000|100%| O|  |TAMS 0x00000000e1a00000| PB 0x00000000e1a00000| Untracked |  0
|  27|0x00000000e1b00000, 0x00000000e1c00000, 0x00000000e1c00000|100%| O|  |TAMS 0x00000000e1b00000| PB 0x00000000e1b00000| Untracked |  0
|  28|0x00000000e1c00000, 0x00000000e1d00000, 0x00000000e1d00000|100%| O|  |TAMS 0x00000000e1c00000| PB 0x00000000e1c00000| Untracked |  0
|  29|0x00000000e1d00000, 0x00000000e1e00000, 0x00000000e1e00000|100%| O|  |TAMS 0x00000000e1d00000| PB 0x00000000e1d00000| Untracked |  0
|  30|0x00000000e1e00000, 0x00000000e1f00000, 0x00000000e1f00000|100%| O|  |TAMS 0x00000000e1e00000| PB 0x00000000e1e00000| Untracked |  0
|  31|0x00000000e1f00000, 0x00000000e2000000, 0x00000000e2000000|100%| O|  |TAMS 0x00000000e1f00000| PB 0x00000000e1f00000| Untracked |  0
|  32|0x00000000e2000000, 0x00000000e202cdd8, 0x00000000e2100000| 17%| O|  |TAMS 0x00000000e2000000| PB 0x00000000e2000000| Untracked |  0
|  33|0x00000000e2100000, 0x00000000e2100000, 0x00000000e2200000|  0%| F|  |TAMS 0x00000000e2100000| PB 0x00000000e2100000| Untracked |  0
|  34|0x00000000e2200000, 0x00000000e2200000, 0x00000000e2300000|  0%| F|  |TAMS 0x00000000e2200000| PB 0x00000000e2200000| Untracked |  0
|  35|0x00000000e2300000, 0x00000000e2300000, 0x00000000e2400000|  0%| F|  |TAMS 0x00000000e2300000| PB 0x00000000e2300000| Untracked |  0
|  36|0x00000000e2400000, 0x00000000e2400000, 0x00000000e2500000|  0%| F|  |TAMS 0x00000000e2400000| PB 0x00000000e2400000| Untracked |  0
|  37|0x00000000e2500000, 0x00000000e2500000, 0x00000000e2600000|  0%| F|  |TAMS 0x00000000e2500000| PB 0x00000000e2500000| Untracked |  0
|  38|0x00000000e2600000, 0x00000000e2600000, 0x00000000e2700000|  0%| F|  |TAMS 0x00000000e2600000| PB 0x00000000e2600000| Untracked |  0
|  39|0x00000000e2700000, 0x00000000e2700000, 0x00000000e2800000|  0%| F|  |TAMS 0x00000000e2700000| PB 0x00000000e2700000| Untracked |  0
|  40|0x00000000e2800000, 0x00000000e2800000, 0x00000000e2900000|  0%| F|  |TAMS 0x00000000e2800000| PB 0x00000000e2800000| Untracked |  0
|  41|0x00000000e2900000, 0x00000000e2900000, 0x00000000e2a00000|  0%| F|  |TAMS 0x00000000e2900000| PB 0x00000000e2900000| Untracked |  0
|  42|0x00000000e2a00000, 0x00000000e2a00000, 0x00000000e2b00000|  0%| F|  |TAMS 0x00000000e2a00000| PB 0x00000000e2a00000| Untracked |  0
|  43|0x00000000e2b00000, 0x00000000e2b00000, 0x00000000e2c00000|  0%| F|  |TAMS 0x00000000e2b00000| PB 0x00000000e2b00000| Untracked |  0
|  44|0x00000000e2c00000, 0x00000000e2c00000, 0x00000000e2d00000|  0%| F|  |TAMS 0x00000000e2c00000| PB 0x00000000e2c00000| Untracked |  0
|  45|0x00000000e2d00000, 0x00000000e2d00000, 0x00000000e2e00000|  0%| F|  |TAMS 0x00000000e2d00000| PB 0x00000000e2d00000| Untracked |  0
|  46|0x00000000e2e00000, 0x00000000e2e00000, 0x00000000e2f00000|  0%| F|  |TAMS 0x00000000e2e00000| PB 0x00000000e2e00000| Untracked |  0
|  47|0x00000000e2f00000, 0x00000000e2f00000, 0x00000000e3000000|  0%| F|  |TAMS 0x00000000e2f00000| PB 0x00000000e2f00000| Untracked |  0
|  48|0x00000000e3000000, 0x00000000e3000000, 0x00000000e3100000|  0%| F|  |TAMS 0x00000000e3000000| PB 0x00000000e3000000| Untracked |  0
|  49|0x00000000e3100000, 0x00000000e3100000, 0x00000000e3200000|  0%| F|  |TAMS 0x00000000e3100000| PB 0x00000000e3100000| Untracked |  0
|  50|0x00000000e3200000, 0x00000000e3200000, 0x00000000e3300000|  0%| F|  |TAMS 0x00000000e3200000| PB 0x00000000e3200000| Untracked |  0
|  51|0x00000000e3300000, 0x00000000e3300000, 0x00000000e3400000|  0%| F|  |TAMS 0x00000000e3300000| PB 0x00000000e3300000| Untracked |  0
|  52|0x00000000e3400000, 0x00000000e3400000, 0x00000000e3500000|  0%| F|  |TAMS 0x00000000e3400000| PB 0x00000000e3400000| Untracked |  0
|  53|0x00000000e3500000, 0x00000000e3500000, 0x00000000e3600000|  0%| F|  |TAMS 0x00000000e3500000| PB 0x00000000e3500000| Untracked |  0
|  54|0x00000000e3600000, 0x00000000e3600000, 0x00000000e3700000|  0%| F|  |TAMS 0x00000000e3600000| PB 0x00000000e3600000| Untracked |  0
|  55|0x00000000e3700000, 0x00000000e3700000, 0x00000000e3800000|  0%| F|  |TAMS 0x00000000e3700000| PB 0x00000000e3700000| Untracked |  0
|  56|0x00000000e3800000, 0x00000000e3800000, 0x00000000e3900000|  0%| F|  |TAMS 0x00000000e3800000| PB 0x00000000e3800000| Untracked |  0
|  57|0x00000000e3900000, 0x00000000e3900000, 0x00000000e3a00000|  0%| F|  |TAMS 0x00000000e3900000| PB 0x00000000e3900000| Untracked |  0
|  58|0x00000000e3a00000, 0x00000000e3a00000, 0x00000000e3b00000|  0%| F|  |TAMS 0x00000000e3a00000| PB 0x00000000e3a00000| Untracked |  0
|  59|0x00000000e3b00000, 0x00000000e3b00000, 0x00000000e3c00000|  0%| F|  |TAMS 0x00000000e3b00000| PB 0x00000000e3b00000| Untracked |  0
|  60|0x00000000e3c00000, 0x00000000e3c00000, 0x00000000e3d00000|  0%| F|  |TAMS 0x00000000e3c00000| PB 0x00000000e3c00000| Untracked |  0
|  61|0x00000000e3d00000, 0x00000000e3d00000, 0x00000000e3e00000|  0%| F|  |TAMS 0x00000000e3d00000| PB 0x00000000e3d00000| Untracked |  0
|  62|0x00000000e3e00000, 0x00000000e3e00000, 0x00000000e3f00000|  0%| F|  |TAMS 0x00000000e3e00000| PB 0x00000000e3e00000| Untracked |  0
|  63|0x00000000e3f00000, 0x00000000e3f00000, 0x00000000e4000000|  0%| F|  |TAMS 0x00000000e3f00000| PB 0x00000000e3f00000| Untracked |  0
|  64|0x00000000e4000000, 0x00000000e4000000, 0x00000000e4100000|  0%| F|  |TAMS 0x00000000e4000000| PB 0x00000000e4000000| Untracked |  0
|  65|0x00000000e4100000, 0x00000000e4100000, 0x00000000e4200000|  0%| F|  |TAMS 0x00000000e4100000| PB 0x00000000e4100000| Untracked |  0
|  66|0x00000000e4200000, 0x00000000e4200000, 0x00000000e4300000|  0%| F|  |TAMS 0x00000000e4200000| PB 0x00000000e4200000| Untracked |  0
|  67|0x00000000e4300000, 0x00000000e4300000, 0x00000000e4400000|  0%| F|  |TAMS 0x00000000e4300000| PB 0x00000000e4300000| Untracked |  0
|  68|0x00000000e4400000, 0x00000000e4400000, 0x00000000e4500000|  0%| F|  |TAMS 0x00000000e4400000| PB 0x00000000e4400000| Untracked |  0
|  69|0x00000000e4500000, 0x00000000e4500000, 0x00000000e4600000|  0%| F|  |TAMS 0x00000000e4500000| PB 0x00000000e4500000| Untracked |  0
|  70|0x00000000e4600000, 0x00000000e4600000, 0x00000000e4700000|  0%| F|  |TAMS 0x00000000e4600000| PB 0x00000000e4600000| Untracked |  0
|  71|0x00000000e4700000, 0x00000000e4700000, 0x00000000e4800000|  0%| F|  |TAMS 0x00000000e4700000| PB 0x00000000e4700000| Untracked |  0
|  72|0x00000000e4800000, 0x00000000e4800000, 0x00000000e4900000|  0%| F|  |TAMS 0x00000000e4800000| PB 0x00000000e4800000| Untracked |  0
|  73|0x00000000e4900000, 0x00000000e4900000, 0x00000000e4a00000|  0%| F|  |TAMS 0x00000000e4900000| PB 0x00000000e4900000| Untracked |  0
|  74|0x00000000e4a00000, 0x00000000e4a00000, 0x00000000e4b00000|  0%| F|  |TAMS 0x00000000e4a00000| PB 0x00000000e4a00000| Untracked |  0
|  75|0x00000000e4b00000, 0x00000000e4b00000, 0x00000000e4c00000|  0%| F|  |TAMS 0x00000000e4b00000| PB 0x00000000e4b00000| Untracked |  0
|  76|0x00000000e4c00000, 0x00000000e4c00000, 0x00000000e4d00000|  0%| F|  |TAMS 0x00000000e4c00000| PB 0x00000000e4c00000| Untracked |  0
|  77|0x00000000e4d00000, 0x00000000e4d00000, 0x00000000e4e00000|  0%| F|  |TAMS 0x00000000e4d00000| PB 0x00000000e4d00000| Untracked |  0
|  78|0x00000000e4e00000, 0x00000000e4e00000, 0x00000000e4f00000|  0%| F|  |TAMS 0x00000000e4e00000| PB 0x00000000e4e00000| Untracked |  0
|  79|0x00000000e4f00000, 0x00000000e4f00000, 0x00000000e5000000|  0%| F|  |TAMS 0x00000000e4f00000| PB 0x00000000e4f00000| Untracked |  0
|  80|0x00000000e5000000, 0x00000000e5000000, 0x00000000e5100000|  0%| F|  |TAMS 0x00000000e5000000| PB 0x00000000e5000000| Untracked |  0
|  81|0x00000000e5100000, 0x00000000e5100000, 0x00000000e5200000|  0%| F|  |TAMS 0x00000000e5100000| PB 0x00000000e5100000| Untracked |  0
|  82|0x00000000e5200000, 0x00000000e5200000, 0x00000000e5300000|  0%| F|  |TAMS 0x00000000e5200000| PB 0x00000000e5200000| Untracked |  0
|  83|0x00000000e5300000, 0x00000000e5300000, 0x00000000e5400000|  0%| F|  |TAMS 0x00000000e5300000| PB 0x00000000e5300000| Untracked |  0
|  84|0x00000000e5400000, 0x00000000e5400000, 0x00000000e5500000|  0%| F|  |TAMS 0x00000000e5400000| PB 0x00000000e5400000| Untracked |  0
|  85|0x00000000e5500000, 0x00000000e5500000, 0x00000000e5600000|  0%| F|  |TAMS 0x00000000e5500000| PB 0x00000000e5500000| Untracked |  0
|  86|0x00000000e5600000, 0x00000000e5600000, 0x00000000e5700000|  0%| F|  |TAMS 0x00000000e5600000| PB 0x00000000e5600000| Untracked |  0
|  87|0x00000000e5700000, 0x00000000e5700000, 0x00000000e5800000|  0%| F|  |TAMS 0x00000000e5700000| PB 0x00000000e5700000| Untracked |  0
|  88|0x00000000e5800000, 0x00000000e5800000, 0x00000000e5900000|  0%| F|  |TAMS 0x00000000e5800000| PB 0x00000000e5800000| Untracked |  0
|  89|0x00000000e5900000, 0x00000000e5900000, 0x00000000e5a00000|  0%| F|  |TAMS 0x00000000e5900000| PB 0x00000000e5900000| Untracked |  0
|  90|0x00000000e5a00000, 0x00000000e5a00000, 0x00000000e5b00000|  0%| F|  |TAMS 0x00000000e5a00000| PB 0x00000000e5a00000| Untracked |  0
|  91|0x00000000e5b00000, 0x00000000e5b00000, 0x00000000e5c00000|  0%| F|  |TAMS 0x00000000e5b00000| PB 0x00000000e5b00000| Untracked |  0
|  92|0x00000000e5c00000, 0x00000000e5c00000, 0x00000000e5d00000|  0%| F|  |TAMS 0x00000000e5c00000| PB 0x00000000e5c00000| Untracked |  0
|  93|0x00000000e5d00000, 0x00000000e5d00000, 0x00000000e5e00000|  0%| F|  |TAMS 0x00000000e5d00000| PB 0x00000000e5d00000| Untracked |  0
|  94|0x00000000e5e00000, 0x00000000e5e00000, 0x00000000e5f00000|  0%| F|  |TAMS 0x00000000e5e00000| PB 0x00000000e5e00000| Untracked |  0
|  95|0x00000000e5f00000, 0x00000000e5f00000, 0x00000000e6000000|  0%| F|  |TAMS 0x00000000e5f00000| PB 0x00000000e5f00000| Untracked |  0
|  96|0x00000000e6000000, 0x00000000e6000000, 0x00000000e6100000|  0%| F|  |TAMS 0x00000000e6000000| PB 0x00000000e6000000| Untracked |  0
|  97|0x00000000e6100000, 0x00000000e6100000, 0x00000000e6200000|  0%| F|  |TAMS 0x00000000e6100000| PB 0x00000000e6100000| Untracked |  0
|  98|0x00000000e6200000, 0x00000000e6200000, 0x00000000e6300000|  0%| F|  |TAMS 0x00000000e6200000| PB 0x00000000e6200000| Untracked |  0
|  99|0x00000000e6300000, 0x00000000e6300000, 0x00000000e6400000|  0%| F|  |TAMS 0x00000000e6300000| PB 0x00000000e6300000| Untracked |  0
| 100|0x00000000e6400000, 0x00000000e6400000, 0x00000000e6500000|  0%| F|  |TAMS 0x00000000e6400000| PB 0x00000000e6400000| Untracked |  0
| 101|0x00000000e6500000, 0x00000000e6500000, 0x00000000e6600000|  0%| F|  |TAMS 0x00000000e6500000| PB 0x00000000e6500000| Untracked |  0
| 102|0x00000000e6600000, 0x00000000e6600000, 0x00000000e6700000|  0%| F|  |TAMS 0x00000000e6600000| PB 0x00000000e6600000| Untracked |  0
| 103|0x00000000e6700000, 0x00000000e6700000, 0x00000000e6800000|  0%| F|  |TAMS 0x00000000e6700000| PB 0x00000000e6700000| Untracked |  0
| 104|0x00000000e6800000, 0x00000000e6800000, 0x00000000e6900000|  0%| F|  |TAMS 0x00000000e6800000| PB 0x00000000e6800000| Untracked |  0
| 105|0x00000000e6900000, 0x00000000e6900000, 0x00000000e6a00000|  0%| F|  |TAMS 0x00000000e6900000| PB 0x00000000e6900000| Untracked |  0
| 106|0x00000000e6a00000, 0x00000000e6a00000, 0x00000000e6b00000|  0%| F|  |TAMS 0x00000000e6a00000| PB 0x00000000e6a00000| Untracked |  0
| 107|0x00000000e6b00000, 0x00000000e6b00000, 0x00000000e6c00000|  0%| F|  |TAMS 0x00000000e6b00000| PB 0x00000000e6b00000| Untracked |  0
| 108|0x00000000e6c00000, 0x00000000e6c00000, 0x00000000e6d00000|  0%| F|  |TAMS 0x00000000e6c00000| PB 0x00000000e6c00000| Untracked |  0
| 109|0x00000000e6d00000, 0x00000000e6d00000, 0x00000000e6e00000|  0%| F|  |TAMS 0x00000000e6d00000| PB 0x00000000e6d00000| Untracked |  0
| 110|0x00000000e6e00000, 0x00000000e6e00000, 0x00000000e6f00000|  0%| F|  |TAMS 0x00000000e6e00000| PB 0x00000000e6e00000| Untracked |  0
| 111|0x00000000e6f00000, 0x00000000e6f00000, 0x00000000e7000000|  0%| F|  |TAMS 0x00000000e6f00000| PB 0x00000000e6f00000| Untracked |  0
| 112|0x00000000e7000000, 0x00000000e7000000, 0x00000000e7100000|  0%| F|  |TAMS 0x00000000e7000000| PB 0x00000000e7000000| Untracked |  0
| 113|0x00000000e7100000, 0x00000000e7100000, 0x00000000e7200000|  0%| F|  |TAMS 0x00000000e7100000| PB 0x00000000e7100000| Untracked |  0
| 114|0x00000000e7200000, 0x00000000e7200000, 0x00000000e7300000|  0%| F|  |TAMS 0x00000000e7200000| PB 0x00000000e7200000| Untracked |  0
| 115|0x00000000e7300000, 0x00000000e7300000, 0x00000000e7400000|  0%| F|  |TAMS 0x00000000e7300000| PB 0x00000000e7300000| Untracked |  0
| 116|0x00000000e7400000, 0x00000000e7400000, 0x00000000e7500000|  0%| F|  |TAMS 0x00000000e7400000| PB 0x00000000e7400000| Untracked |  0
| 117|0x00000000e7500000, 0x00000000e7500000, 0x00000000e7600000|  0%| F|  |TAMS 0x00000000e7500000| PB 0x00000000e7500000| Untracked |  0
| 118|0x00000000e7600000, 0x00000000e7600000, 0x00000000e7700000|  0%| F|  |TAMS 0x00000000e7600000| PB 0x00000000e7600000| Untracked |  0
| 119|0x00000000e7700000, 0x00000000e7700000, 0x00000000e7800000|  0%| F|  |TAMS 0x00000000e7700000| PB 0x00000000e7700000| Untracked |  0
| 120|0x00000000e7800000, 0x00000000e7800000, 0x00000000e7900000|  0%| F|  |TAMS 0x00000000e7800000| PB 0x00000000e7800000| Untracked |  0
| 121|0x00000000e7900000, 0x00000000e7900000, 0x00000000e7a00000|  0%| F|  |TAMS 0x00000000e7900000| PB 0x00000000e7900000| Untracked |  0
| 122|0x00000000e7a00000, 0x00000000e7a00000, 0x00000000e7b00000|  0%| F|  |TAMS 0x00000000e7a00000| PB 0x00000000e7a00000| Untracked |  0
| 123|0x00000000e7b00000, 0x00000000e7b00000, 0x00000000e7c00000|  0%| F|  |TAMS 0x00000000e7b00000| PB 0x00000000e7b00000| Untracked |  0
| 124|0x00000000e7c00000, 0x00000000e7c00000, 0x00000000e7d00000|  0%| F|  |TAMS 0x00000000e7c00000| PB 0x00000000e7c00000| Untracked |  0
| 125|0x00000000e7d00000, 0x00000000e7d00000, 0x00000000e7e00000|  0%| F|  |TAMS 0x00000000e7d00000| PB 0x00000000e7d00000| Untracked |  0
| 126|0x00000000e7e00000, 0x00000000e7e00000, 0x00000000e7f00000|  0%| F|  |TAMS 0x00000000e7e00000| PB 0x00000000e7e00000| Untracked |  0
| 127|0x00000000e7f00000, 0x00000000e7f00000, 0x00000000e8000000|  0%| F|  |TAMS 0x00000000e7f00000| PB 0x00000000e7f00000| Untracked |  0
| 128|0x00000000e8000000, 0x00000000e8000000, 0x00000000e8100000|  0%| F|  |TAMS 0x00000000e8000000| PB 0x00000000e8000000| Untracked |  0
| 129|0x00000000e8100000, 0x00000000e8100000, 0x00000000e8200000|  0%| F|  |TAMS 0x00000000e8100000| PB 0x00000000e8100000| Untracked |  0
| 130|0x00000000e8200000, 0x00000000e8200000, 0x00000000e8300000|  0%| F|  |TAMS 0x00000000e8200000| PB 0x00000000e8200000| Untracked |  0
| 131|0x00000000e8300000, 0x00000000e8300000, 0x00000000e8400000|  0%| F|  |TAMS 0x00000000e8300000| PB 0x00000000e8300000| Untracked |  0
| 132|0x00000000e8400000, 0x00000000e8400000, 0x00000000e8500000|  0%| F|  |TAMS 0x00000000e8400000| PB 0x00000000e8400000| Untracked |  0
| 133|0x00000000e8500000, 0x00000000e8500000, 0x00000000e8600000|  0%| F|  |TAMS 0x00000000e8500000| PB 0x00000000e8500000| Untracked |  0
| 134|0x00000000e8600000, 0x00000000e8600000, 0x00000000e8700000|  0%| F|  |TAMS 0x00000000e8600000| PB 0x00000000e8600000| Untracked |  0
| 135|0x00000000e8700000, 0x00000000e8700000, 0x00000000e8800000|  0%| F|  |TAMS 0x00000000e8700000| PB 0x00000000e8700000| Untracked |  0
| 136|0x00000000e8800000, 0x00000000e8800000, 0x00000000e8900000|  0%| F|  |TAMS 0x00000000e8800000| PB 0x00000000e8800000| Untracked |  0
| 137|0x00000000e8900000, 0x00000000e8900000, 0x00000000e8a00000|  0%| F|  |TAMS 0x00000000e8900000| PB 0x00000000e8900000| Untracked |  0
| 138|0x00000000e8a00000, 0x00000000e8a00000, 0x00000000e8b00000|  0%| F|  |TAMS 0x00000000e8a00000| PB 0x00000000e8a00000| Untracked |  0
| 139|0x00000000e8b00000, 0x00000000e8b00000, 0x00000000e8c00000|  0%| F|  |TAMS 0x00000000e8b00000| PB 0x00000000e8b00000| Untracked |  0
| 140|0x00000000e8c00000, 0x00000000e8c00000, 0x00000000e8d00000|  0%| F|  |TAMS 0x00000000e8c00000| PB 0x00000000e8c00000| Untracked |  0
| 141|0x00000000e8d00000, 0x00000000e8d00000, 0x00000000e8e00000|  0%| F|  |TAMS 0x00000000e8d00000| PB 0x00000000e8d00000| Untracked |  0
| 142|0x00000000e8e00000, 0x00000000e8e00000, 0x00000000e8f00000|  0%| F|  |TAMS 0x00000000e8e00000| PB 0x00000000e8e00000| Untracked |  0
| 143|0x00000000e8f00000, 0x00000000e8f00000, 0x00000000e9000000|  0%| F|  |TAMS 0x00000000e8f00000| PB 0x00000000e8f00000| Untracked |  0
| 144|0x00000000e9000000, 0x00000000e9000000, 0x00000000e9100000|  0%| F|  |TAMS 0x00000000e9000000| PB 0x00000000e9000000| Untracked |  0
| 145|0x00000000e9100000, 0x00000000e9100000, 0x00000000e9200000|  0%| F|  |TAMS 0x00000000e9100000| PB 0x00000000e9100000| Untracked |  0
| 146|0x00000000e9200000, 0x00000000e9200000, 0x00000000e9300000|  0%| F|  |TAMS 0x00000000e9200000| PB 0x00000000e9200000| Untracked |  0
| 147|0x00000000e9300000, 0x00000000e9300000, 0x00000000e9400000|  0%| F|  |TAMS 0x00000000e9300000| PB 0x00000000e9300000| Untracked |  0
| 148|0x00000000e9400000, 0x00000000e9400000, 0x00000000e9500000|  0%| F|  |TAMS 0x00000000e9400000| PB 0x00000000e9400000| Untracked |  0
| 149|0x00000000e9500000, 0x00000000e9500000, 0x00000000e9600000|  0%| F|  |TAMS 0x00000000e9500000| PB 0x00000000e9500000| Untracked |  0
| 150|0x00000000e9600000, 0x00000000e9600000, 0x00000000e9700000|  0%| F|  |TAMS 0x00000000e9600000| PB 0x00000000e9600000| Untracked |  0
| 151|0x00000000e9700000, 0x00000000e9700000, 0x00000000e9800000|  0%| F|  |TAMS 0x00000000e9700000| PB 0x00000000e9700000| Untracked |  0
| 152|0x00000000e9800000, 0x00000000e9800000, 0x00000000e9900000|  0%| F|  |TAMS 0x00000000e9800000| PB 0x00000000e9800000| Untracked |  0
| 153|0x00000000e9900000, 0x00000000e9900000, 0x00000000e9a00000|  0%| F|  |TAMS 0x00000000e9900000| PB 0x00000000e9900000| Untracked |  0
| 154|0x00000000e9a00000, 0x00000000e9a00000, 0x00000000e9b00000|  0%| F|  |TAMS 0x00000000e9a00000| PB 0x00000000e9a00000| Untracked |  0
| 155|0x00000000e9b00000, 0x00000000e9b00000, 0x00000000e9c00000|  0%| F|  |TAMS 0x00000000e9b00000| PB 0x00000000e9b00000| Untracked |  0
| 156|0x00000000e9c00000, 0x00000000e9c00000, 0x00000000e9d00000|  0%| F|  |TAMS 0x00000000e9c00000| PB 0x00000000e9c00000| Untracked |  0
| 157|0x00000000e9d00000, 0x00000000e9d00000, 0x00000000e9e00000|  0%| F|  |TAMS 0x00000000e9d00000| PB 0x00000000e9d00000| Untracked |  0
| 158|0x00000000e9e00000, 0x00000000e9e00000, 0x00000000e9f00000|  0%| F|  |TAMS 0x00000000e9e00000| PB 0x00000000e9e00000| Untracked |  0
| 159|0x00000000e9f00000, 0x00000000e9f00000, 0x00000000ea000000|  0%| F|  |TAMS 0x00000000e9f00000| PB 0x00000000e9f00000| Untracked |  0
| 160|0x00000000ea000000, 0x00000000ea000000, 0x00000000ea100000|  0%| F|  |TAMS 0x00000000ea000000| PB 0x00000000ea000000| Untracked |  0
| 161|0x00000000ea100000, 0x00000000ea100000, 0x00000000ea200000|  0%| F|  |TAMS 0x00000000ea100000| PB 0x00000000ea100000| Untracked |  0
| 162|0x00000000ea200000, 0x00000000ea200000, 0x00000000ea300000|  0%| F|  |TAMS 0x00000000ea200000| PB 0x00000000ea200000| Untracked |  0
| 163|0x00000000ea300000, 0x00000000ea300000, 0x00000000ea400000|  0%| F|  |TAMS 0x00000000ea300000| PB 0x00000000ea300000| Untracked |  0
| 164|0x00000000ea400000, 0x00000000ea400000, 0x00000000ea500000|  0%| F|  |TAMS 0x00000000ea400000| PB 0x00000000ea400000| Untracked |  0
| 165|0x00000000ea500000, 0x00000000ea500000, 0x00000000ea600000|  0%| F|  |TAMS 0x00000000ea500000| PB 0x00000000ea500000| Untracked |  0
| 166|0x00000000ea600000, 0x00000000ea600000, 0x00000000ea700000|  0%| F|  |TAMS 0x00000000ea600000| PB 0x00000000ea600000| Untracked |  0
| 167|0x00000000ea700000, 0x00000000ea700000, 0x00000000ea800000|  0%| F|  |TAMS 0x00000000ea700000| PB 0x00000000ea700000| Untracked |  0
| 168|0x00000000ea800000, 0x00000000ea800000, 0x00000000ea900000|  0%| F|  |TAMS 0x00000000ea800000| PB 0x00000000ea800000| Untracked |  0
| 169|0x00000000ea900000, 0x00000000ea900000, 0x00000000eaa00000|  0%| F|  |TAMS 0x00000000ea900000| PB 0x00000000ea900000| Untracked |  0
| 170|0x00000000eaa00000, 0x00000000eaa00000, 0x00000000eab00000|  0%| F|  |TAMS 0x00000000eaa00000| PB 0x00000000eaa00000| Untracked |  0
| 171|0x00000000eab00000, 0x00000000eab00000, 0x00000000eac00000|  0%| F|  |TAMS 0x00000000eab00000| PB 0x00000000eab00000| Untracked |  0
| 172|0x00000000eac00000, 0x00000000eac00000, 0x00000000ead00000|  0%| F|  |TAMS 0x00000000eac00000| PB 0x00000000eac00000| Untracked |  0
| 173|0x00000000ead00000, 0x00000000ead00000, 0x00000000eae00000|  0%| F|  |TAMS 0x00000000ead00000| PB 0x00000000ead00000| Untracked |  0
| 174|0x00000000eae00000, 0x00000000eae00000, 0x00000000eaf00000|  0%| F|  |TAMS 0x00000000eae00000| PB 0x00000000eae00000| Untracked |  0
| 175|0x00000000eaf00000, 0x00000000eaf00000, 0x00000000eb000000|  0%| F|  |TAMS 0x00000000eaf00000| PB 0x00000000eaf00000| Untracked |  0
| 176|0x00000000eb000000, 0x00000000eb000000, 0x00000000eb100000|  0%| F|  |TAMS 0x00000000eb000000| PB 0x00000000eb000000| Untracked |  0
| 177|0x00000000eb100000, 0x00000000eb100000, 0x00000000eb200000|  0%| F|  |TAMS 0x00000000eb100000| PB 0x00000000eb100000| Untracked |  0
| 178|0x00000000eb200000, 0x00000000eb200000, 0x00000000eb300000|  0%| F|  |TAMS 0x00000000eb200000| PB 0x00000000eb200000| Untracked |  0
| 179|0x00000000eb300000, 0x00000000eb300000, 0x00000000eb400000|  0%| F|  |TAMS 0x00000000eb300000| PB 0x00000000eb300000| Untracked |  0
| 180|0x00000000eb400000, 0x00000000eb400000, 0x00000000eb500000|  0%| F|  |TAMS 0x00000000eb400000| PB 0x00000000eb400000| Untracked |  0
| 181|0x00000000eb500000, 0x00000000eb500000, 0x00000000eb600000|  0%| F|  |TAMS 0x00000000eb500000| PB 0x00000000eb500000| Untracked |  0
| 182|0x00000000eb600000, 0x00000000eb600000, 0x00000000eb700000|  0%| F|  |TAMS 0x00000000eb600000| PB 0x00000000eb600000| Untracked |  0
| 183|0x00000000eb700000, 0x00000000eb700000, 0x00000000eb800000|  0%| F|  |TAMS 0x00000000eb700000| PB 0x00000000eb700000| Untracked |  0
| 184|0x00000000eb800000, 0x00000000eb800000, 0x00000000eb900000|  0%| F|  |TAMS 0x00000000eb800000| PB 0x00000000eb800000| Untracked |  0
| 185|0x00000000eb900000, 0x00000000eb900000, 0x00000000eba00000|  0%| F|  |TAMS 0x00000000eb900000| PB 0x00000000eb900000| Untracked |  0
| 186|0x00000000eba00000, 0x00000000eba6f2f0, 0x00000000ebb00000| 43%| E|  |TAMS 0x00000000eba00000| PB 0x00000000eba00000| Complete |  0
| 187|0x00000000ebb00000, 0x00000000ebc00000, 0x00000000ebc00000|100%| E|CS|TAMS 0x00000000ebb00000| PB 0x00000000ebb00000| Complete |  0
| 188|0x00000000ebc00000, 0x00000000ebd00000, 0x00000000ebd00000|100%| E|CS|TAMS 0x00000000ebc00000| PB 0x00000000ebc00000| Complete |  0
| 189|0x00000000ebd00000, 0x00000000ebe00000, 0x00000000ebe00000|100%| E|CS|TAMS 0x00000000ebd00000| PB 0x00000000ebd00000| Complete |  0
| 190|0x00000000ebe00000, 0x00000000ebf00000, 0x00000000ebf00000|100%| E|CS|TAMS 0x00000000ebe00000| PB 0x00000000ebe00000| Complete |  0
| 191|0x00000000ebf00000, 0x00000000ec000000, 0x00000000ec000000|100%| E|CS|TAMS 0x00000000ebf00000| PB 0x00000000ebf00000| Complete |  0
| 192|0x00000000ec000000, 0x00000000ec100000, 0x00000000ec100000|100%| E|CS|TAMS 0x00000000ec000000| PB 0x00000000ec000000| Complete |  0
| 193|0x00000000ec100000, 0x00000000ec200000, 0x00000000ec200000|100%| E|CS|TAMS 0x00000000ec100000| PB 0x00000000ec100000| Complete |  0
| 194|0x00000000ec200000, 0x00000000ec300000, 0x00000000ec300000|100%| E|CS|TAMS 0x00000000ec200000| PB 0x00000000ec200000| Complete |  0
| 195|0x00000000ec300000, 0x00000000ec400000, 0x00000000ec400000|100%| E|CS|TAMS 0x00000000ec300000| PB 0x00000000ec300000| Complete |  0
| 196|0x00000000ec400000, 0x00000000ec500000, 0x00000000ec500000|100%| E|CS|TAMS 0x00000000ec400000| PB 0x00000000ec400000| Complete |  0
| 197|0x00000000ec500000, 0x00000000ec600000, 0x00000000ec600000|100%| E|CS|TAMS 0x00000000ec500000| PB 0x00000000ec500000| Complete |  0
| 198|0x00000000ec600000, 0x00000000ec700000, 0x00000000ec700000|100%| E|CS|TAMS 0x00000000ec600000| PB 0x00000000ec600000| Complete |  0
| 199|0x00000000ec700000, 0x00000000ec800000, 0x00000000ec800000|100%| E|CS|TAMS 0x00000000ec700000| PB 0x00000000ec700000| Complete |  0
| 200|0x00000000ec800000, 0x00000000ec900000, 0x00000000ec900000|100%| E|CS|TAMS 0x00000000ec800000| PB 0x00000000ec800000| Complete |  0
| 201|0x00000000ec900000, 0x00000000eca00000, 0x00000000eca00000|100%| E|CS|TAMS 0x00000000ec900000| PB 0x00000000ec900000| Complete |  0
| 202|0x00000000eca00000, 0x00000000ecb00000, 0x00000000ecb00000|100%| E|CS|TAMS 0x00000000eca00000| PB 0x00000000eca00000| Complete |  0
| 203|0x00000000ecb00000, 0x00000000ecc00000, 0x00000000ecc00000|100%| E|CS|TAMS 0x00000000ecb00000| PB 0x00000000ecb00000| Complete |  0
| 204|0x00000000ecc00000, 0x00000000ecd00000, 0x00000000ecd00000|100%| E|CS|TAMS 0x00000000ecc00000| PB 0x00000000ecc00000| Complete |  0
| 205|0x00000000ecd00000, 0x00000000ece00000, 0x00000000ece00000|100%| E|CS|TAMS 0x00000000ecd00000| PB 0x00000000ecd00000| Complete |  0
| 206|0x00000000ece00000, 0x00000000ecf00000, 0x00000000ecf00000|100%| E|CS|TAMS 0x00000000ece00000| PB 0x00000000ece00000| Complete |  0
| 207|0x00000000ecf00000, 0x00000000ed000000, 0x00000000ed000000|100%| E|CS|TAMS 0x00000000ecf00000| PB 0x00000000ecf00000| Complete |  0
| 208|0x00000000ed000000, 0x00000000ed100000, 0x00000000ed100000|100%| E|CS|TAMS 0x00000000ed000000| PB 0x00000000ed000000| Complete |  0
| 209|0x00000000ed100000, 0x00000000ed200000, 0x00000000ed200000|100%| E|CS|TAMS 0x00000000ed100000| PB 0x00000000ed100000| Complete |  0
| 210|0x00000000ed200000, 0x00000000ed300000, 0x00000000ed300000|100%| E|CS|TAMS 0x00000000ed200000| PB 0x00000000ed200000| Complete |  0
| 211|0x00000000ed300000, 0x00000000ed400000, 0x00000000ed400000|100%| E|CS|TAMS 0x00000000ed300000| PB 0x00000000ed300000| Complete |  0
| 212|0x00000000ed400000, 0x00000000ed500000, 0x00000000ed500000|100%| E|CS|TAMS 0x00000000ed400000| PB 0x00000000ed400000| Complete |  0
| 213|0x00000000ed500000, 0x00000000ed600000, 0x00000000ed600000|100%| E|CS|TAMS 0x00000000ed500000| PB 0x00000000ed500000| Complete |  0
| 214|0x00000000ed600000, 0x00000000ed700000, 0x00000000ed700000|100%| E|CS|TAMS 0x00000000ed600000| PB 0x00000000ed600000| Complete |  0
| 215|0x00000000ed700000, 0x00000000ed800000, 0x00000000ed800000|100%| E|CS|TAMS 0x00000000ed700000| PB 0x00000000ed700000| Complete |  0
| 216|0x00000000ed800000, 0x00000000ed900000, 0x00000000ed900000|100%| E|CS|TAMS 0x00000000ed800000| PB 0x00000000ed800000| Complete |  0
| 217|0x00000000ed900000, 0x00000000eda00000, 0x00000000eda00000|100%| E|CS|TAMS 0x00000000ed900000| PB 0x00000000ed900000| Complete |  0
| 218|0x00000000eda00000, 0x00000000edb00000, 0x00000000edb00000|100%| E|CS|TAMS 0x00000000eda00000| PB 0x00000000eda00000| Complete |  0
| 219|0x00000000edb00000, 0x00000000edc00000, 0x00000000edc00000|100%| E|CS|TAMS 0x00000000edb00000| PB 0x00000000edb00000| Complete |  0
| 220|0x00000000edc00000, 0x00000000edd00000, 0x00000000edd00000|100%| E|CS|TAMS 0x00000000edc00000| PB 0x00000000edc00000| Complete |  0
| 221|0x00000000edd00000, 0x00000000ede00000, 0x00000000ede00000|100%| E|CS|TAMS 0x00000000edd00000| PB 0x00000000edd00000| Complete |  0
| 222|0x00000000ede00000, 0x00000000edf00000, 0x00000000edf00000|100%| E|CS|TAMS 0x00000000ede00000| PB 0x00000000ede00000| Complete |  0
| 223|0x00000000edf00000, 0x00000000ee000000, 0x00000000ee000000|100%| E|CS|TAMS 0x00000000edf00000| PB 0x00000000edf00000| Complete |  0
| 224|0x00000000ee000000, 0x00000000ee100000, 0x00000000ee100000|100%| E|CS|TAMS 0x00000000ee000000| PB 0x00000000ee000000| Complete |  0
| 225|0x00000000ee100000, 0x00000000ee200000, 0x00000000ee200000|100%| E|CS|TAMS 0x00000000ee100000| PB 0x00000000ee100000| Complete |  0
| 226|0x00000000ee200000, 0x00000000ee300000, 0x00000000ee300000|100%| E|CS|TAMS 0x00000000ee200000| PB 0x00000000ee200000| Complete |  0
| 227|0x00000000ee300000, 0x00000000ee400000, 0x00000000ee400000|100%| E|CS|TAMS 0x00000000ee300000| PB 0x00000000ee300000| Complete |  0
| 228|0x00000000ee400000, 0x00000000ee500000, 0x00000000ee500000|100%| E|CS|TAMS 0x00000000ee400000| PB 0x00000000ee400000| Complete |  0
| 229|0x00000000ee500000, 0x00000000ee600000, 0x00000000ee600000|100%| E|CS|TAMS 0x00000000ee500000| PB 0x00000000ee500000| Complete |  0
| 230|0x00000000ee600000, 0x00000000ee700000, 0x00000000ee700000|100%| E|CS|TAMS 0x00000000ee600000| PB 0x00000000ee600000| Complete |  0
| 231|0x00000000ee700000, 0x00000000ee800000, 0x00000000ee800000|100%| E|CS|TAMS 0x00000000ee700000| PB 0x00000000ee700000| Complete |  0
| 232|0x00000000ee800000, 0x00000000ee900000, 0x00000000ee900000|100%| E|CS|TAMS 0x00000000ee800000| PB 0x00000000ee800000| Complete |  0
| 233|0x00000000ee900000, 0x00000000eea00000, 0x00000000eea00000|100%| E|CS|TAMS 0x00000000ee900000| PB 0x00000000ee900000| Complete |  0
| 234|0x00000000eea00000, 0x00000000eeb00000, 0x00000000eeb00000|100%| E|CS|TAMS 0x00000000eea00000| PB 0x00000000eea00000| Complete |  0
| 235|0x00000000eeb00000, 0x00000000eec00000, 0x00000000eec00000|100%| E|CS|TAMS 0x00000000eeb00000| PB 0x00000000eeb00000| Complete |  0
| 236|0x00000000eec00000, 0x00000000eed00000, 0x00000000eed00000|100%| E|CS|TAMS 0x00000000eec00000| PB 0x00000000eec00000| Complete |  0
| 237|0x00000000eed00000, 0x00000000eee00000, 0x00000000eee00000|100%| E|CS|TAMS 0x00000000eed00000| PB 0x00000000eed00000| Complete |  0
| 238|0x00000000eee00000, 0x00000000eef00000, 0x00000000eef00000|100%| E|CS|TAMS 0x00000000eee00000| PB 0x00000000eee00000| Complete |  0
| 239|0x00000000eef00000, 0x00000000ef000000, 0x00000000ef000000|100%| E|CS|TAMS 0x00000000eef00000| PB 0x00000000eef00000| Complete |  0
| 240|0x00000000ef000000, 0x00000000ef100000, 0x00000000ef100000|100%| E|CS|TAMS 0x00000000ef000000| PB 0x00000000ef000000| Complete |  0
| 241|0x00000000ef100000, 0x00000000ef200000, 0x00000000ef200000|100%| E|CS|TAMS 0x00000000ef100000| PB 0x00000000ef100000| Complete |  0
| 242|0x00000000ef200000, 0x00000000ef300000, 0x00000000ef300000|100%| E|CS|TAMS 0x00000000ef200000| PB 0x00000000ef200000| Complete |  0
| 243|0x00000000ef300000, 0x00000000ef400000, 0x00000000ef400000|100%| E|CS|TAMS 0x00000000ef300000| PB 0x00000000ef300000| Complete |  0
| 244|0x00000000ef400000, 0x00000000ef500000, 0x00000000ef500000|100%| E|CS|TAMS 0x00000000ef400000| PB 0x00000000ef400000| Complete |  0
| 245|0x00000000ef500000, 0x00000000ef600000, 0x00000000ef600000|100%| E|CS|TAMS 0x00000000ef500000| PB 0x00000000ef500000| Complete |  0
| 246|0x00000000ef600000, 0x00000000ef700000, 0x00000000ef700000|100%| E|CS|TAMS 0x00000000ef600000| PB 0x00000000ef600000| Complete |  0
| 247|0x00000000ef700000, 0x00000000ef800000, 0x00000000ef800000|100%| E|CS|TAMS 0x00000000ef700000| PB 0x00000000ef700000| Complete |  0
| 248|0x00000000ef800000, 0x00000000ef900000, 0x00000000ef900000|100%| E|CS|TAMS 0x00000000ef800000| PB 0x00000000ef800000| Complete |  0
| 249|0x00000000ef900000, 0x00000000efa00000, 0x00000000efa00000|100%| E|CS|TAMS 0x00000000ef900000| PB 0x00000000ef900000| Complete |  0
| 250|0x00000000efa00000, 0x00000000efb00000, 0x00000000efb00000|100%| E|CS|TAMS 0x00000000efa00000| PB 0x00000000efa00000| Complete |  0
| 251|0x00000000efb00000, 0x00000000efb8d298, 0x00000000efc00000| 55%| S|CS|TAMS 0x00000000efb00000| PB 0x00000000efb00000| Complete |  0
| 252|0x00000000efc00000, 0x00000000efd00000, 0x00000000efd00000|100%| E|CS|TAMS 0x00000000efc00000| PB 0x00000000efc00000| Complete |  0
| 255|0x00000000eff00000, 0x00000000f0000000, 0x00000000f0000000|100%| E|CS|TAMS 0x00000000eff00000| PB 0x00000000eff00000| Complete |  0
| 510|0x00000000ffe00000, 0x00000000fff00000, 0x00000000fff00000|100%| O|  |TAMS 0x00000000ffe00000| PB 0x00000000ffe00000| Untracked |  0
| 511|0x00000000fff00000, 0x0000000100000000, 0x0000000100000000|100%| E|CS|TAMS 0x00000000fff00000| PB 0x00000000fff00000| Complete |  0

Card table byte_map: [0x00000200f86d0000,0x00000200f87d0000] _byte_map_base: 0x00000200f7fd0000

Marking Bits: (CMBitMap*) 0x00000200f60459d0
 Bits: [0x00000200f87d0000, 0x00000200f8fd0000)

Polling page: 0x00000200f63f0000

Metaspace:
Metaspace        used 40101K, committed 41408K, reserved 393216K
 class space     used 4630K, committed 5248K, reserved 327680K

Usage:
  Non-class:     34.64 MB used.
      Class:      4.52 MB used.
       Both:     39.16 MB used.

Virtual space:
  Non-class space:       64.00 MB reserved,      35.31 MB ( 55%) committed,  1 nodes.
      Class space:      320.00 MB reserved,       5.12 MB (  2%) committed,  1 nodes.
             Both:      384.00 MB reserved,      40.44 MB ( 11%) committed. 

Chunk freelists:
   Non-Class:  12.52 MB
       Class:  10.76 MB
        Both:  23.28 MB

MaxMetaspaceSize: 384.00 MB
CompressedClassSpaceSize: 320.00 MB
Initial GC threshold: 21.00 MB
Current GC threshold: 59.81 MB
CDS: on
 - commit_granule_bytes: 65536.
 - commit_granule_words: 8192.
 - virtual_space_node_default_size: 8388608.
 - enlarge_chunks_in_place: 1.
UseCompressedClassPointers 1, UseCompactObjectHeaders 0
Narrow klass pointer bits 32, Max shift 3
Narrow klass base: 0x00000000a8000000, Narrow klass shift: 0
Encoding Range: [0x00000000a8000000 - 0x00000001a8000000), (4294967296 bytes)
Klass Range:    [0x00000000a8010000 - 0x00000000bd000000), (352256000 bytes)
Klass ID Range:  [65536 - 352321529) (352255993)
Protection zone: [0x00000000a8000000 - 0x00000000a8010000), (65536 bytes)


Internal statistics:

num_allocs_failed_limit: 12.
num_arena_births: 2172.
num_arena_deaths: 0.
num_vsnodes_births: 2.
num_vsnodes_deaths: 0.
num_space_committed: 647.
num_space_uncommitted: 0.
num_chunks_returned_to_freelist: 12.
num_chunks_taken_from_freelist: 3853.
num_chunk_merges: 12.
num_chunk_splits: 2553.
num_chunks_enlarged: 1648.
num_inconsistent_stats: 0.

CodeHeap 'non-profiled nmethods': size=120064Kb used=2508Kb max_used=2508Kb free=117555Kb
 bounds [0x00000200904f0000, 0x0000020090770000, 0x0000020097a30000]
CodeHeap 'profiled nmethods': size=120000Kb used=8732Kb max_used=8732Kb free=111267Kb
 bounds [0x0000020088a30000, 0x00000200892c0000, 0x000002008ff60000]
CodeHeap 'non-nmethods': size=5696Kb used=1896Kb max_used=2050Kb free=3799Kb
 bounds [0x000002008ff60000, 0x00000200901d0000, 0x00000200904f0000]
CodeCache: size=245760Kb, used=13136Kb, max_used=13290Kb, free=232621Kb
 total_blobs=6558, nmethods=5809, adapters=651, full_count=0
Compilation: enabled, stopped_count=0, restarted_count=0

Compilation events (20 events):
Event: 190.752 Thread 0x00000200fb9d9840 nmethod 6344 0x00000200892a8a88 code [0x00000200892a8b80, 0x00000200892a9cf8]
Event: 190.753 Thread 0x00000200fb9d9840 6352       3       java.lang.Class::forName (23 bytes)
Event: 190.753 Thread 0x00000200fb9d9840 nmethod 6352 0x00000200892a9d08 code [0x00000200892a9e00, 0x00000200892aa0d8]
Event: 190.753 Thread 0x00000200fb9d9840 6350       3       org.gradle.internal.SystemProperties::isStandardProperty (10 bytes)
Event: 190.761 Thread 0x00000200fb9d9840 nmethod 6350 0x00000200892aa108 code [0x00000200892aa200, 0x00000200892aa4b8]
Event: 190.761 Thread 0x00000200fb9d9840 6347       3       java.lang.ProcessEnvironment$CheckedEntry::getValue (5 bytes)
Event: 190.761 Thread 0x00000200fb9d9840 nmethod 6347 0x00000200892aa508 code [0x00000200892aa600, 0x00000200892aa908]
Event: 190.761 Thread 0x00000200fb9d9840 6348       3       java.lang.ProcessEnvironment$CheckedEntry::getValue (13 bytes)
Event: 190.762 Thread 0x00000200fb9d9840 nmethod 6348 0x00000200892aa988 code [0x00000200892aaa80, 0x00000200892aad20]
Event: 190.762 Thread 0x00000200fb9d9840 6345       3       java.io.DataOutputStream::<init> (19 bytes)
Event: 190.772 Thread 0x00000200fb9d9840 nmethod 6345 0x00000200892aad88 code [0x00000200892aae80, 0x00000200892ab330]
Event: 190.772 Thread 0x00000200fb9d9840 6354   !   3       sun.util.locale.provider.JRELocaleProviderAdapter::getDateFormatSymbolsProvider (56 bytes)
Event: 190.821 Thread 0x00000200fb9d9840 nmethod 6354 0x00000200892ab388 code [0x00000200892ab480, 0x00000200892abc10]
Event: 190.827 Thread 0x00000200fb9d9840 6355       3       sun.util.locale.provider.DateFormatSymbolsProviderImpl::getInstance (21 bytes)
Event: 190.827 Thread 0x00000200fb9d9840 nmethod 6355 0x00000200892abc88 code [0x00000200892abd80, 0x00000200892ac020]
Event: 190.827 Thread 0x00000200fb9d9840 6356       3       java.text.DateFormatSymbols::<init> (60 bytes)
Event: 190.827 Thread 0x00000200fb9d9840 nmethod 6356 0x00000200892ac088 code [0x00000200892ac180, 0x00000200892ac4c0]
Event: 190.827 Thread 0x00000200fb9d9840 6357       3       java.text.DateFormatSymbols::initializeData (342 bytes)
Event: 191.860 Thread 0x00000200fb9d9840 nmethod 6357 0x00000200892ac508 code [0x00000200892ac600, 0x00000200892b00b0]
Event: 191.860 Thread 0x00000200fb9d9840 6370       3       java.text.DigitList::set (174 bytes)

GC Heap Usage History (12 events):
Event: 22.241 {heap Before GC invocations=0 (full 0):
 garbage-first heap   total reserved 524288K, committed 264192K, used 52371K [0x00000000e0000000, 0x0000000100000000)
  region size 1024K, 47 young (48128K), 0 survivors (0K)
}
Event: 23.050 {heap After GC invocations=1 (full 0):
 garbage-first heap   total reserved 524288K, committed 264192K, used 12264K [0x00000000e0000000, 0x0000000100000000)
  region size 1024K, 6 young (6144K), 6 survivors (6144K)
}
Event: 36.343 {heap Before GC invocations=1 (full 0):
 garbage-first heap   total reserved 524288K, committed 264192K, used 57320K [0x00000000e0000000, 0x0000000100000000)
  region size 1024K, 48 young (49152K), 6 survivors (6144K)
}
Event: 36.350 {heap After GC invocations=2 (full 0):
 garbage-first heap   total reserved 524288K, committed 264192K, used 19368K [0x00000000e0000000, 0x0000000100000000)
  region size 1024K, 6 young (6144K), 6 survivors (6144K)
}
Event: 67.925 {heap Before GC invocations=2 (full 0):
 garbage-first heap   total reserved 524288K, committed 264192K, used 110504K [0x00000000e0000000, 0x0000000100000000)
  region size 1024K, 96 young (98304K), 6 survivors (6144K)
}
Event: 68.314 {heap After GC invocations=3 (full 0):
 garbage-first heap   total reserved 524288K, committed 264192K, used 25344K [0x00000000e0000000, 0x0000000100000000)
  region size 1024K, 12 young (12288K), 12 survivors (12288K)
}
Event: 86.514 {heap Before GC invocations=4 (full 0):
 garbage-first heap   total reserved 524288K, committed 262144K, used 163584K [0x00000000e0000000, 0x0000000100000000)
  region size 1024K, 149 young (152576K), 12 survivors (12288K)
}
Event: 86.855 {heap After GC invocations=5 (full 0):
 garbage-first heap   total reserved 524288K, committed 262144K, used 33817K [0x00000000e0000000, 0x0000000100000000)
  region size 1024K, 15 young (15360K), 15 survivors (15360K)
}
Event: 87.161 {heap Before GC invocations=5 (full 0):
 garbage-first heap   total reserved 524288K, committed 262144K, used 34841K [0x00000000e0000000, 0x0000000100000000)
  region size 1024K, 18 young (18432K), 15 survivors (15360K)
}
Event: 87.170 {heap After GC invocations=6 (full 0):
 garbage-first heap   total reserved 524288K, committed 262144K, used 34716K [0x00000000e0000000, 0x0000000100000000)
  region size 1024K, 2 young (2048K), 2 survivors (2048K)
}
Event: 87.907 {heap Before GC invocations=6 (full 0):
 garbage-first heap   total reserved 524288K, committed 262144K, used 36764K [0x00000000e0000000, 0x0000000100000000)
  region size 1024K, 5 young (5120K), 2 survivors (2048K)
}
Event: 87.914 {heap After GC invocations=7 (full 0):
 garbage-first heap   total reserved 524288K, committed 262144K, used 33649K [0x00000000e0000000, 0x0000000100000000)
  region size 1024K, 1 young (1024K), 1 survivors (1024K)
}

Metaspace Usage History (12 events):
Event: 22.260 {metaspace Before GC invocations=0 (full 0):
 Metaspace       used 4369K, committed 4544K, reserved 393216K
  class space    used 362K, committed 448K, reserved 327680K
}
Event: 23.050 {metaspace After GC invocations=1 (full 0):
 Metaspace       used 4369K, committed 4544K, reserved 393216K
  class space    used 362K, committed 448K, reserved 327680K
}
Event: 36.343 {metaspace Before GC invocations=1 (full 0):
 Metaspace       used 5683K, committed 5952K, reserved 393216K
  class space    used 510K, committed 640K, reserved 327680K
}
Event: 36.350 {metaspace After GC invocations=2 (full 0):
 Metaspace       used 5683K, committed 5952K, reserved 393216K
  class space    used 510K, committed 640K, reserved 327680K
}
Event: 67.930 {metaspace Before GC invocations=2 (full 0):
 Metaspace       used 20859K, committed 21504K, reserved 393216K
  class space    used 2198K, committed 2496K, reserved 327680K
}
Event: 68.314 {metaspace After GC invocations=3 (full 0):
 Metaspace       used 20859K, committed 21504K, reserved 393216K
  class space    used 2198K, committed 2496K, reserved 327680K
}
Event: 86.526 {metaspace Before GC invocations=4 (full 0):
 Metaspace       used 34775K, committed 35968K, reserved 393216K
  class space    used 3901K, committed 4480K, reserved 327680K
}
Event: 86.855 {metaspace After GC invocations=5 (full 0):
 Metaspace       used 34775K, committed 35968K, reserved 393216K
  class space    used 3901K, committed 4480K, reserved 327680K
}
Event: 87.161 {metaspace Before GC invocations=5 (full 0):
 Metaspace       used 35067K, committed 36288K, reserved 393216K
  class space    used 3923K, committed 4480K, reserved 327680K
}
Event: 87.170 {metaspace After GC invocations=6 (full 0):
 Metaspace       used 35067K, committed 36288K, reserved 393216K
  class space    used 3923K, committed 4480K, reserved 327680K
}
Event: 87.907 {metaspace Before GC invocations=6 (full 0):
 Metaspace       used 35392K, committed 36608K, reserved 393216K
  class space    used 3993K, committed 4544K, reserved 327680K
}
Event: 87.914 {metaspace After GC invocations=7 (full 0):
 Metaspace       used 35392K, committed 36608K, reserved 393216K
  class space    used 3993K, committed 4544K, reserved 327680K
}

Dll operation events (14 events):
Event: 0.480 Loaded shared library C:\Program Files\Eclipse Adoptium\jdk-25.0.0.36-hotspot\bin\java.dll
Event: 2.947 Loaded shared library C:\Program Files\Eclipse Adoptium\jdk-25.0.0.36-hotspot\bin\zip.dll
Event: 2.976 Loaded shared library C:\Program Files\Eclipse Adoptium\jdk-25.0.0.36-hotspot\bin\instrument.dll
Event: 3.014 Loaded shared library C:\Program Files\Eclipse Adoptium\jdk-25.0.0.36-hotspot\bin\net.dll
Event: 3.062 Loaded shared library C:\Program Files\Eclipse Adoptium\jdk-25.0.0.36-hotspot\bin\nio.dll
Event: 3.067 Loaded shared library C:\Program Files\Eclipse Adoptium\jdk-25.0.0.36-hotspot\bin\zip.dll
Event: 4.750 Loaded shared library C:\Program Files\Eclipse Adoptium\jdk-25.0.0.36-hotspot\bin\jimage.dll
Event: 12.016 Loaded shared library C:\Program Files\Eclipse Adoptium\jdk-25.0.0.36-hotspot\bin\verify.dll
Event: 13.606 Loaded shared library C:\Users\USER\.gradle\native\c067742578af261105cb4f569cf0c3c89f3d7b1fecec35dd04571415982c5e48\windows-amd64\native-platform.dll
Event: 13.725 Loaded shared library C:\Users\USER\.gradle\native\100fb08df4bc3b14c8652ba06237920a3bd2aa13389f12d3474272988ae205f9\windows-amd64\native-platform-file-events.dll
Event: 37.085 Loaded shared library C:\Program Files\Eclipse Adoptium\jdk-25.0.0.36-hotspot\bin\management.dll
Event: 37.241 Loaded shared library C:\Program Files\Eclipse Adoptium\jdk-25.0.0.36-hotspot\bin\management_ext.dll
Event: 40.728 Loaded shared library C:\Program Files\Eclipse Adoptium\jdk-25.0.0.36-hotspot\bin\extnet.dll
Event: 47.794 Loaded shared library C:\Program Files\Eclipse Adoptium\jdk-25.0.0.36-hotspot\bin\sunmscapi.dll

Deoptimization events (20 events):
Event: 150.925 Thread 0x000002009d1d4300 DEOPT PACKING pc=0x00000200906b8b24 sp=0x000000347e3fe030
Event: 150.925 Thread 0x000002009d1d4300 DEOPT UNPACKING pc=0x0000020090082b82 sp=0x000000347e3fdf10 mode 2
Event: 151.902 Thread 0x0000020097b90850 Uncommon trap: trap_request=0xffffff45 fr.pc=0x00000200906338ec relative=0x00000000000001ec
Event: 151.902 Thread 0x0000020097b90850 Uncommon trap: reason=unstable_if action=reinterpret pc=0x00000200906338ec method=java.util.HashMap$HashIterator.<init>(Ljava/util/HashMap;)V @ 50 c2
Event: 151.902 Thread 0x0000020097b90850 DEOPT PACKING pc=0x00000200906338ec sp=0x000000347e0fec50
Event: 151.902 Thread 0x0000020097b90850 DEOPT UNPACKING pc=0x0000020090082b82 sp=0x000000347e0febf8 mode 2
Event: 162.492 Thread 0x000002009d1d4300 DEOPT PACKING pc=0x00000200890181f5 sp=0x000000347e3fc4e0
Event: 162.492 Thread 0x000002009d1d4300 DEOPT UNPACKING pc=0x000002008ffb1702 sp=0x000000347e3fba18 mode 0
Event: 163.791 Thread 0x000002009d1d4300 Uncommon trap: trap_request=0xffffff66 fr.pc=0x000002009050e374 relative=0x0000000000000174
Event: 163.791 Thread 0x000002009d1d4300 Uncommon trap: reason=loop_limit_check action=maybe_recompile pc=0x000002009050e374 method=java.lang.StringLatin1.lastIndexOf([BII)I @ 19 c2
Event: 163.792 Thread 0x000002009d1d4300 DEOPT PACKING pc=0x000002009050e374 sp=0x000000347e3f3380
Event: 163.792 Thread 0x000002009d1d4300 DEOPT UNPACKING pc=0x0000020090082b82 sp=0x000000347e3f3300 mode 2
Event: 163.934 Thread 0x000002009d1d4300 Uncommon trap: trap_request=0xffffffc6 fr.pc=0x000002009063caf0 relative=0x00000000000029f0
Event: 163.934 Thread 0x000002009d1d4300 Uncommon trap: reason=bimorphic_or_optimized_type_check action=maybe_recompile pc=0x000002009063caf0 method=java.net.URL.<init>(Ljava/net/URL;Ljava/lang/String;Ljava/net/URLStreamHandler;)V @ 484 c2
Event: 163.935 Thread 0x000002009d1d4300 DEOPT PACKING pc=0x000002009063caf0 sp=0x000000347e3f66e0
Event: 163.935 Thread 0x000002009d1d4300 DEOPT UNPACKING pc=0x0000020090082b82 sp=0x000000347e3f6650 mode 2
Event: 164.094 Thread 0x000002009d1d4300 Uncommon trap: trap_request=0xffffffde fr.pc=0x0000020090617f4c relative=0x00000000000003cc
Event: 164.094 Thread 0x000002009d1d4300 Uncommon trap: reason=class_check action=maybe_recompile pc=0x0000020090617f4c method=java.util.Collections$SetFromMap.remove(Ljava/lang/Object;)Z @ 5 c2
Event: 164.094 Thread 0x000002009d1d4300 DEOPT PACKING pc=0x0000020090617f4c sp=0x000000347e3faad0
Event: 164.094 Thread 0x000002009d1d4300 DEOPT UNPACKING pc=0x0000020090082b82 sp=0x000000347e3faab8 mode 2

Classes loaded (20 events):
Event: 145.554 Loading class java/lang/invoke/BoundMethodHandle$Species_LI
Event: 145.554 Loading class java/lang/invoke/BoundMethodHandle$Species_LI done
Event: 146.362 Loading class java/util/concurrent/ConcurrentLinkedQueue$Itr
Event: 146.415 Loading class java/util/concurrent/ConcurrentLinkedQueue$Itr done
Event: 147.090 Loading class java/util/AbstractList$ListItr
Event: 147.100 Loading class java/util/AbstractList$ListItr done
Event: 147.152 Loading class java/util/Collections$EmptyListIterator
Event: 147.162 Loading class java/util/Collections$EmptyListIterator done
Event: 147.315 Loading class java/time/Instant$1
Event: 147.319 Loading class java/time/Instant$1 done
Event: 151.019 Loading class java/net/UrlDeserializedState
Event: 151.021 Loading class java/net/UrlDeserializedState done
Event: 151.023 Loading class java/net/Proxy
Event: 151.024 Loading class java/net/Proxy done
Event: 151.547 Loading class java/util/concurrent/CompletableFuture$AsyncRun
Event: 151.554 Loading class java/util/concurrent/CompletableFuture$AsyncRun done
Event: 161.053 Loading class java/util/Formatter$FormatSpecifierParser
Event: 161.091 Loading class java/util/Formatter$FormatSpecifierParser done
Event: 161.093 Loading class jdk/internal/math/FormattedFPDecimal
Event: 161.110 Loading class jdk/internal/math/FormattedFPDecimal done

Classes unloaded (0 events):
No events

Classes redefined (0 events):
No events

Internal exceptions (20 events):
Event: 138.052 Thread 0x000002009efb3f70 Exception <a 'java/io/IOException'{0x00000000ed7359a0}> (0x00000000ed7359a0) 
thrown [s\src\hotspot\share\prims\jni.cpp, line 516]
Event: 138.443 Thread 0x000002009efb3f70 Exception <a 'sun/nio/fs/WindowsException'{0x00000000ed73ebf0}> (0x00000000ed73ebf0) 
thrown [s\src\hotspot\share\prims\jni.cpp, line 516]
Event: 138.444 Thread 0x000002009efb3f70 Exception <a 'sun/nio/fs/WindowsException'{0x00000000ed73f300}> (0x00000000ed73f300) 
thrown [s\src\hotspot\share\prims\jni.cpp, line 516]
Event: 143.565 Thread 0x000002009d1d4300 Exception <a 'java/io/IOException'{0x00000000ed556688}> (0x00000000ed556688) 
thrown [s\src\hotspot\share\prims\jni.cpp, line 516]
Event: 143.803 Thread 0x000002009d1d4300 Exception <a 'java/lang/NoSuchMethodError'{0x00000000ed5fe6f0}: 'void java.lang.invoke.DirectMethodHandle$Holder.invokeSpecialIFC(java.lang.Object, java.lang.Object, java.lang.Object)'> (0x00000000ed5fe6f0) 
thrown [s\src\hotspot\share\interpreter\linkResolver.cpp, line 804]
Event: 145.125 Thread 0x000002009d1d79b0 Exception <a 'java/lang/NoSuchMethodError'{0x00000000ed083268}: static Lorg/gradle/internal/build/event/types/DefaultFailureResult;.<clinit>()V> (0x00000000ed083268) 
thrown [s\src\hotspot\share\prims\jni.cpp, line 1106]
Event: 145.158 Thread 0x000002009d1d79b0 Exception <a 'java/lang/NoSuchMethodError'{0x00000000ed08e778}: static Lorg/gradle/internal/build/event/types/DefaultFailure;.<clinit>()V> (0x00000000ed08e778) 
thrown [s\src\hotspot\share\prims\jni.cpp, line 1106]
Event: 145.544 Thread 0x000002009d1d4300 Exception <a 'java/lang/NoSuchMethodError'{0x00000000eceeca98}: 'java.lang.Object java.lang.invoke.DirectMethodHandle$Holder.newInvokeSpecial(java.lang.Object, int, java.lang.Object)'> (0x00000000eceeca98) 
thrown [s\src\hotspot\share\interpreter\linkResolver.cpp, line 804]
Event: 145.550 Thread 0x000002009d1d4300 Exception <a 'java/lang/NoSuchMethodError'{0x00000000ecd0eb48}: 'void java.lang.invoke.DirectMethodHandle$Holder.invokeInterface(java.lang.Object, java.lang.Object, java.lang.Object, int)'> (0x00000000ecd0eb48) 
thrown [s\src\hotspot\share\interpreter\linkResolver.cpp, line 804]
Event: 145.550 Thread 0x000002009d1d4300 Exception <a 'java/lang/IncompatibleClassChangeError'{0x00000000ecd17328}: Found class java.lang.Object, but interface was expected> (0x00000000ecd17328) 
thrown [s\src\hotspot\share\interpreter\linkResolver.cpp, line 871]
Event: 145.551 Thread 0x000002009d1d4300 Implicit null exception at 0x0000020090600d18 to 0x0000020090601044
Event: 145.563 Thread 0x000002009d1d4300 Exception <a 'java/lang/NoSuchMethodError'{0x00000000ecd28c18}: 'java.lang.Object java.lang.invoke.DirectMethodHandle$Holder.invokeStatic(java.lang.Object, java.lang.Object, java.lang.Object, java.lang.Object, int)'> (0x00000000ecd28c18) 
thrown [s\src\hotspot\share\interpreter\linkResolver.cpp, line 804]
Event: 145.571 Thread 0x000002009d1d4300 Exception <a 'java/lang/NoSuchMethodError'{0x00000000ecd41d80}: 'void java.lang.invoke.DelegatingMethodHandle$Holder.reinvoke_L(java.lang.Object, java.lang.Object, java.lang.Object, int)'> (0x00000000ecd41d80) 
thrown [s\src\hotspot\share\interpreter\linkResolver.cpp, line 804]
Event: 145.670 Thread 0x000002009d1d4300 Exception <a 'java/lang/NoSuchMethodError'{0x00000000ecdc9a18}: 'void java.lang.invoke.DirectMethodHandle$Holder.invokeStatic(java.lang.Object, int, java.lang.Object)'> (0x00000000ecdc9a18) 
thrown [s\src\hotspot\share\interpreter\linkResolver.cpp, line 804]
Event: 145.803 Thread 0x000002009d1d4300 Exception <a 'java/lang/NoSuchMethodError'{0x00000000ecc1a080}: 'java.lang.Object java.lang.invoke.Invokers$Holder.linkToTargetMethod(java.lang.Object, java.lang.Object, java.lang.Object, int, java.lang.Object, java.lang.Object)'> (0x00000000ecc1a080) 
thrown [s\src\hotspot\share\interpreter\linkResolver.cpp, line 804]
Event: 146.296 Thread 0x000002009d1d4300 Exception <a 'java/lang/IncompatibleClassChangeError'{0x00000000eccafea0}: Found class java.lang.Object, but interface was expected> (0x00000000eccafea0) 
thrown [s\src\hotspot\share\interpreter\linkResolver.cpp, line 871]
Event: 146.731 Thread 0x000002009d1d4300 Exception <a 'java/lang/IncompatibleClassChangeError'{0x00000000eca594b8}: Found class java.lang.Object, but interface was expected> (0x00000000eca594b8) 
thrown [s\src\hotspot\share\interpreter\linkResolver.cpp, line 871]
Event: 151.012 Thread 0x0000020097b90850 Exception <a 'java/lang/NoSuchMethodError'{0x00000000ec7f7cf0}: static Lorg/gradle/internal/classloader/ClassLoaderSpec;.<clinit>()V> (0x00000000ec7f7cf0) 
thrown [s\src\hotspot\share\prims\jni.cpp, line 1106]
Event: 151.014 Thread 0x0000020097b90850 Exception <a 'java/lang/NoSuchMethodError'{0x00000000ec601498}: static Lorg/gradle/internal/classloader/VisitableURLClassLoader$Spec;.<clinit>()V> (0x00000000ec601498) 
thrown [s\src\hotspot\share\prims\jni.cpp, line 1106]
Event: 163.594 Thread 0x000002009d1d4300 Exception <a 'java/io/IOException'{0x00000000ec192e50}> (0x00000000ec192e50) 
thrown [s\src\hotspot\share\prims\jni.cpp, line 516]

VM Operations (20 events):
Event: 89.829 Executing non-safepoint VM operation: HandshakeAllThreads (Deoptimize)
Event: 89.829 Executing non-safepoint VM operation: HandshakeAllThreads (Deoptimize) done
Event: 89.892 Executing non-safepoint VM operation: HandshakeAllThreads (Deoptimize)
Event: 89.892 Executing non-safepoint VM operation: HandshakeAllThreads (Deoptimize) done
Event: 120.813 Executing non-safepoint VM operation: HandshakeAllThreads (HandshakeForDeflation)
Event: 120.813 Executing non-safepoint VM operation: HandshakeAllThreads (HandshakeForDeflation) done
Event: 120.813 Executing non-safepoint VM operation: RendezvousGCThreads
Event: 120.813 Executing non-safepoint VM operation: RendezvousGCThreads done
Event: 144.839 Executing non-safepoint VM operation: HandshakeAllThreads (Deoptimize)
Event: 144.839 Executing non-safepoint VM operation: HandshakeAllThreads (Deoptimize) done
Event: 144.883 Executing non-safepoint VM operation: HandshakeAllThreads (Deoptimize)
Event: 144.883 Executing non-safepoint VM operation: HandshakeAllThreads (Deoptimize) done
Event: 145.655 Executing non-safepoint VM operation: HandshakeAllThreads (Deoptimize)
Event: 145.655 Executing non-safepoint VM operation: HandshakeAllThreads (Deoptimize) done
Event: 147.102 Executing non-safepoint VM operation: HandshakeAllThreads (Deoptimize)
Event: 147.102 Executing non-safepoint VM operation: HandshakeAllThreads (Deoptimize) done
Event: 180.992 Executing non-safepoint VM operation: HandshakeAllThreads (HandshakeForDeflation)
Event: 180.994 Executing non-safepoint VM operation: HandshakeAllThreads (HandshakeForDeflation) done
Event: 180.994 Executing non-safepoint VM operation: RendezvousGCThreads
Event: 180.994 Executing non-safepoint VM operation: RendezvousGCThreads done

Memory protections (0 events):
No events

Nmethod flushes (20 events):
Event: 88.235 Thread 0x00000200f60c6620 flushing  nmethod 0x0000020088a3fa08
Event: 88.235 Thread 0x00000200f60c6620 flushing  nmethod 0x0000020088a3fd08
Event: 88.235 Thread 0x00000200f60c6620 flushing  nmethod 0x0000020088a40e88
Event: 88.235 Thread 0x00000200f60c6620 flushing  nmethod 0x0000020088a41308
Event: 88.235 Thread 0x00000200f60c6620 flushing  nmethod 0x0000020088a41908
Event: 88.235 Thread 0x00000200f60c6620 flushing  nmethod 0x0000020088a48608
Event: 88.235 Thread 0x00000200f60c6620 flushing  nmethod 0x0000020088a4a308
Event: 88.235 Thread 0x00000200f60c6620 flushing  nmethod 0x0000020088a4a688
Event: 88.235 Thread 0x00000200f60c6620 flushing  nmethod 0x0000020088a4b108
Event: 88.235 Thread 0x00000200f60c6620 flushing  nmethod 0x0000020088a4b588
Event: 88.235 Thread 0x00000200f60c6620 flushing  nmethod 0x0000020088a4c988
Event: 88.235 Thread 0x00000200f60c6620 flushing  nmethod 0x0000020088b1ad08
Event: 88.235 Thread 0x00000200f60c6620 flushing  nmethod 0x0000020088b1ca88
Event: 88.235 Thread 0x00000200f60c6620 flushing  nmethod 0x0000020088b1d008
Event: 88.235 Thread 0x00000200f60c6620 flushing  nmethod 0x0000020088b1dc88
Event: 88.235 Thread 0x00000200f60c6620 flushing  nmethod 0x0000020088b1e688
Event: 88.250 Thread 0x00000200f60c6620 flushing  nmethod 0x0000020088b22708
Event: 88.250 Thread 0x00000200f60c6620 flushing  nmethod 0x0000020088b22d08
Event: 88.250 Thread 0x00000200f60c6620 flushing  nmethod 0x0000020088b23008
Event: 88.250 Thread 0x00000200f60c6620 flushing  nmethod 0x0000020088b25808

Events (20 events):
Event: 162.855 Thread 0x000002009d1d4300 Thread added: 0x000002009efb1860
Event: 163.119 Thread 0x000002009d1d4300 Thread added: 0x000002009efae980
Event: 163.258 Thread 0x000002009d1d4300 Thread added: 0x0000020097b68850
Event: 164.327 Thread 0x0000020097b68850 Thread exited: 0x0000020097b68850
Event: 164.337 Thread 0x000002009efb08c0 Thread exited: 0x000002009efb08c0
Event: 164.357 Thread 0x000002009efae980 Thread exited: 0x000002009efae980
Event: 164.428 Thread 0x000002009d1d4300 Thread added: 0x000002009efae980
Event: 164.438 Thread 0x000002009efae980 Thread exited: 0x000002009efae980
Event: 164.481 Thread 0x000002009d1d5a70 Thread exited: 0x000002009d1d5a70
Event: 164.489 Thread 0x000002009efb1860 Thread exited: 0x000002009efb1860
Event: 164.512 Thread 0x000002009d1d4ad0 Thread exited: 0x000002009d1d4ad0
Event: 164.512 Thread 0x000002009d1d6240 Thread exited: 0x000002009d1d6240
Event: 164.528 Thread 0x000002009d1d2b90 Thread exited: 0x000002009d1d2b90
Event: 164.624 Thread 0x000002009d27bb80 Thread exited: 0x000002009d27bb80
Event: 164.669 Thread 0x000002009d27f230 Thread exited: 0x000002009d27f230
Event: 189.575 Thread 0x0000020097b90850 Thread added: 0x000002009efae980
Event: 189.737 Thread 0x0000020097b90850 Thread added: 0x000002009efb1860
Event: 190.758 Thread 0x000002009d1d4300 Thread added: 0x000002009efb1090
Event: 190.833 Thread 0x000002009d1d4300 Thread added: 0x000002009d1d3b30
Event: 191.849 Thread 0x000002009d1d4300 Thread added: 0x000002009d1d1bf0


Dynamic libraries:
0x00007ff6ea420000 - 0x00007ff6ea42e000 	C:\Program Files\Eclipse Adoptium\jdk-25.0.0.36-hotspot\bin\java.exe
0x00007ffa60140000 - 0x00007ffa603a6000 	C:\WINDOWS\SYSTEM32\ntdll.dll
0x00007ffa5f100000 - 0x00007ffa5f1c9000 	C:\WINDOWS\System32\KERNEL32.DLL
0x00007ffa5d5b0000 - 0x00007ffa5d9aa000 	C:\WINDOWS\System32\KERNELBASE.dll
0x00007ffa5d460000 - 0x00007ffa5d5ac000 	C:\WINDOWS\System32\ucrtbase.dll
0x00007ffa48730000 - 0x00007ffa48746000 	C:\Program Files\Eclipse Adoptium\jdk-25.0.0.36-hotspot\bin\jli.dll
0x00007ffa581e0000 - 0x00007ffa581fe000 	C:\Program Files\Eclipse Adoptium\jdk-25.0.0.36-hotspot\bin\VCRUNTIME140.dll
0x00007ffa5fea0000 - 0x00007ffa60067000 	C:\WINDOWS\System32\USER32.dll
0x00007ffa5de80000 - 0x00007ffa5dea7000 	C:\WINDOWS\System32\win32u.dll
0x00007ffa5f280000 - 0x00007ffa5f2ab000 	C:\WINDOWS\System32\GDI32.dll
0x00007ffa5dc90000 - 0x00007ffa5ddbb000 	C:\WINDOWS\System32\gdi32full.dll
0x00007ffa5dbe0000 - 0x00007ffa5dc83000 	C:\WINDOWS\System32\msvcp_win.dll
0x00007ffa3f680000 - 0x00007ffa3f912000 	C:\WINDOWS\WinSxS\amd64_microsoft.windows.common-controls_6595b64144ccf1df_6.0.26100.8521_none_3e08b75ce33403b3\COMCTL32.dll
0x00007ffa5deb0000 - 0x00007ffa5df59000 	C:\WINDOWS\System32\msvcrt.dll
0x00007ffa5fc60000 - 0x00007ffa5fc92000 	C:\WINDOWS\System32\IMM32.DLL
0x00007ffa581d0000 - 0x00007ffa581dc000 	C:\Program Files\Eclipse Adoptium\jdk-25.0.0.36-hotspot\bin\vcruntime140_1.dll
0x00007ffa28fa0000 - 0x00007ffa2902d000 	C:\Program Files\Eclipse Adoptium\jdk-25.0.0.36-hotspot\bin\msvcp140.dll
0x00007ff951560000 - 0x00007ff952486000 	C:\Program Files\Eclipse Adoptium\jdk-25.0.0.36-hotspot\bin\server\jvm.dll
0x00007ffa5fba0000 - 0x00007ffa5fc56000 	C:\WINDOWS\System32\ADVAPI32.dll
0x00007ffa5f1d0000 - 0x00007ffa5f27a000 	C:\WINDOWS\System32\sechost.dll
0x00007ffa5ed80000 - 0x00007ffa5ee98000 	C:\WINDOWS\System32\RPCRT4.dll
0x00007ffa60070000 - 0x00007ffa600f0000 	C:\WINDOWS\System32\WS2_32.dll
0x00007ffa5d230000 - 0x00007ffa5d28e000 	C:\WINDOWS\SYSTEM32\POWRPROF.dll
0x00007ffa54dd0000 - 0x00007ffa54e06000 	C:\WINDOWS\SYSTEM32\WINMM.dll
0x00007ffa4bf90000 - 0x00007ffa4bf9b000 	C:\WINDOWS\SYSTEM32\VERSION.dll
0x00007ffa5d210000 - 0x00007ffa5d224000 	C:\WINDOWS\SYSTEM32\UMPDC.dll
0x00007ffa5c160000 - 0x00007ffa5c17b000 	C:\WINDOWS\SYSTEM32\kernel.appcore.dll
0x00007ffa4ea60000 - 0x00007ffa4ea6a000 	C:\Program Files\Eclipse Adoptium\jdk-25.0.0.36-hotspot\bin\jimage.dll
0x00007ffa40390000 - 0x00007ffa405d2000 	C:\WINDOWS\SYSTEM32\DBGHELP.DLL
0x00007ffa5e1e0000 - 0x00007ffa5e563000 	C:\WINDOWS\System32\combase.dll
0x00007ffa5e040000 - 0x00007ffa5e119000 	C:\WINDOWS\System32\OLEAUT32.dll
0x00007ffa36930000 - 0x00007ffa3696b000 	C:\WINDOWS\SYSTEM32\dbgcore.DLL
0x00007ffa5d9b0000 - 0x00007ffa5da58000 	C:\WINDOWS\System32\bcryptPrimitives.dll
0x00007ffa49770000 - 0x00007ffa4977f000 	C:\Program Files\Eclipse Adoptium\jdk-25.0.0.36-hotspot\bin\instrument.dll
0x00007ffa48640000 - 0x00007ffa4865e000 	C:\Program Files\Eclipse Adoptium\jdk-25.0.0.36-hotspot\bin\java.dll
0x00007ffa5fd00000 - 0x00007ffa5fe98000 	C:\WINDOWS\System32\ole32.dll
0x00007ffa5f390000 - 0x00007ffa5fb14000 	C:\WINDOWS\System32\SHELL32.dll
0x00007ffa5afb0000 - 0x00007ffa5b830000 	C:\WINDOWS\SYSTEM32\windows.storage.dll
0x00007ffa5e7f0000 - 0x00007ffa5e8e6000 	C:\WINDOWS\System32\SHCORE.dll
0x00007ffa5fb20000 - 0x00007ffa5fb87000 	C:\WINDOWS\System32\shlwapi.dll
0x00007ffa5d2f0000 - 0x00007ffa5d319000 	C:\WINDOWS\SYSTEM32\profapi.dll
0x00007ffa3e890000 - 0x00007ffa3e8a7000 	C:\Program Files\Eclipse Adoptium\jdk-25.0.0.36-hotspot\bin\zip.dll
0x00007ffa3d0a0000 - 0x00007ffa3d0b1000 	C:\Program Files\Eclipse Adoptium\jdk-25.0.0.36-hotspot\bin\net.dll
0x00007ffa5c6d0000 - 0x00007ffa5c73c000 	C:\WINDOWS\system32\mswsock.dll
0x00007ffa3d080000 - 0x00007ffa3d096000 	C:\Program Files\Eclipse Adoptium\jdk-25.0.0.36-hotspot\bin\nio.dll
0x00007ffa495f0000 - 0x00007ffa49600000 	C:\Program Files\Eclipse Adoptium\jdk-25.0.0.36-hotspot\bin\verify.dll
0x00007ffa29300000 - 0x00007ffa29327000 	C:\Users\USER\.gradle\native\c067742578af261105cb4f569cf0c3c89f3d7b1fecec35dd04571415982c5e48\windows-amd64\native-platform.dll
0x00007ffa1ee80000 - 0x00007ffa1efc4000 	C:\Users\USER\.gradle\native\100fb08df4bc3b14c8652ba06237920a3bd2aa13389f12d3474272988ae205f9\windows-amd64\native-platform-file-events.dll
0x00007ffa3d070000 - 0x00007ffa3d07a000 	C:\Program Files\Eclipse Adoptium\jdk-25.0.0.36-hotspot\bin\management.dll
0x00007ffa3d060000 - 0x00007ffa3d06c000 	C:\Program Files\Eclipse Adoptium\jdk-25.0.0.36-hotspot\bin\management_ext.dll
0x00007ffa5e030000 - 0x00007ffa5e038000 	C:\WINDOWS\System32\PSAPI.DLL
0x00007ffa5c9b0000 - 0x00007ffa5c9cb000 	C:\WINDOWS\SYSTEM32\CRYPTSP.dll
0x00007ffa5c0c0000 - 0x00007ffa5c0f9000 	C:\WINDOWS\system32\rsaenh.dll
0x00007ffa5c780000 - 0x00007ffa5c7b3000 	C:\WINDOWS\SYSTEM32\USERENV.dll
0x00007ffa5d2c0000 - 0x00007ffa5d2ea000 	C:\WINDOWS\SYSTEM32\bcrypt.dll
0x00007ffa5c9d0000 - 0x00007ffa5c9dc000 	C:\WINDOWS\SYSTEM32\CRYPTBASE.dll
0x00007ffa5bb00000 - 0x00007ffa5bb33000 	C:\WINDOWS\SYSTEM32\IPHLPAPI.DLL
0x00007ffa5e570000 - 0x00007ffa5e57a000 	C:\WINDOWS\System32\NSI.dll
0x00007ffa3d050000 - 0x00007ffa3d059000 	C:\Program Files\Eclipse Adoptium\jdk-25.0.0.36-hotspot\bin\extnet.dll
0x00007ffa3d040000 - 0x00007ffa3d04e000 	C:\Program Files\Eclipse Adoptium\jdk-25.0.0.36-hotspot\bin\sunmscapi.dll
0x00007ffa5da60000 - 0x00007ffa5dbd8000 	C:\WINDOWS\System32\CRYPT32.dll
0x00007ffa5cbd0000 - 0x00007ffa5cc00000 	C:\WINDOWS\SYSTEM32\ncrypt.dll
0x00007ffa5cb80000 - 0x00007ffa5cbbf000 	C:\WINDOWS\SYSTEM32\NTASN1.dll
0x00007ffa31770000 - 0x00007ffa31778000 	C:\WINDOWS\system32\wshunix.dll

JVMTI agents:
C:\Users\USER\.gradle\wrapper\dists\gradle-8.9-bin\90cnw93cvbtalezasaz0blq0a\gradle-8.9\lib\agents\gradle-instrumentation-agent-8.9.jar path:C:\Program Files\Eclipse Adoptium\jdk-25.0.0.36-hotspot\bin\instrument.dll, loaded, initialized, instrumentlib options:none

dbghelp: loaded successfully - version: 4.0.5 - missing functions: none
symbol engine: initialized successfully - sym options: 0x614 - pdb path: .;C:\Program Files\Eclipse Adoptium\jdk-25.0.0.36-hotspot\bin;C:\WINDOWS\SYSTEM32;C:\WINDOWS\WinSxS\amd64_microsoft.windows.common-controls_6595b64144ccf1df_6.0.26100.8521_none_3e08b75ce33403b3;C:\Program Files\Eclipse Adoptium\jdk-25.0.0.36-hotspot\bin\server;C:\Users\USER\.gradle\native\c067742578af261105cb4f569cf0c3c89f3d7b1fecec35dd04571415982c5e48\windows-amd64;C:\Users\USER\.gradle\native\100fb08df4bc3b14c8652ba06237920a3bd2aa13389f12d3474272988ae205f9\windows-amd64

VM Arguments:
jvm_args: --add-opens=java.base/java.util=ALL-UNNAMED --add-opens=java.base/java.lang=ALL-UNNAMED --add-opens=java.base/java.lang.invoke=ALL-UNNAMED --add-opens=java.prefs/java.util.prefs=ALL-UNNAMED --add-exports=jdk.compiler/com.sun.tools.javac.api=ALL-UNNAMED --add-exports=jdk.compiler/com.sun.tools.javac.util=ALL-UNNAMED --add-opens=java.base/java.nio.charset=ALL-UNNAMED --add-opens=java.base/java.net=ALL-UNNAMED --add-opens=java.base/java.util.concurrent.atomic=ALL-UNNAMED -XX:MaxMetaspaceSize=384m -XX:+HeapDumpOnOutOfMemoryError -Xms256m -Xmx512m -Dfile.encoding=utf8 -Duser.country=ZW -Duser.language=en -Duser.variant -javaagent:C:\Users\USER\.gradle\wrapper\dists\gradle-8.9-bin\90cnw93cvbtalezasaz0blq0a\gradle-8.9\lib\agents\gradle-instrumentation-agent-8.9.jar 
java_command: org.gradle.launcher.daemon.bootstrap.GradleDaemon 8.9
java_class_path (initial): C:\Users\USER\.gradle\wrapper\dists\gradle-8.9-bin\90cnw93cvbtalezasaz0blq0a\gradle-8.9\lib\gradle-daemon-main-8.9.jar
Launcher Type: SUN_STANDARD

[Global flags]
     intx CICompilerCount                          = 4                                         {product} {ergonomic}
   size_t CompressedClassSpaceSize                 = 335544320                                 {product} {ergonomic}
     uint ConcGCThreads                            = 2                                         {product} {ergonomic}
     uint G1ConcRefinementThreads                  = 8                                         {product} {ergonomic}
   size_t G1HeapRegionSize                         = 1048576                                   {product} {ergonomic}
     bool HeapDumpOnOutOfMemoryError               = true                                   {manageable} {command line}
   size_t InitialHeapSize                          = 268435456                                 {product} {command line}
   size_t MarkStackSize                            = 4194304                                   {product} {ergonomic}
   size_t MarkStackSizeMax                         = 536870912                                 {product} {ergonomic}
   size_t MaxHeapSize                              = 536870912                                 {product} {command line}
   size_t MaxMetaspaceSize                         = 402653184                                 {product} {command line}
   size_t MaxNewSize                               = 321912832                                 {product} {ergonomic}
   size_t MinHeapDeltaBytes                        = 1048576                                   {product} {ergonomic}
   size_t MinHeapSize                              = 268435456                                 {product} {command line}
    uintx NonNMethodCodeHeapSize                   = 5832704                                {pd product} {ergonomic}
    uintx NonProfiledCodeHeapSize                  = 122945536                              {pd product} {ergonomic}
    uintx ProfiledCodeHeapSize                     = 122880000                              {pd product} {ergonomic}
    uintx ReservedCodeCacheSize                    = 251658240                              {pd product} {ergonomic}
     bool SegmentedCodeCache                       = true                                      {product} {ergonomic}
   size_t SoftMaxHeapSize                          = 536870912                              {manageable} {ergonomic}
     bool UseCompressedOops                        = true                           {product lp64_product} {ergonomic}
     bool UseG1GC                                  = true                                      {product} {ergonomic}
     bool UseLargePagesIndividualAllocation        = false                                  {pd product} {ergonomic}

Logging:
Log output configuration:
 #0: stdout all=warning uptime,level,tags foldmultilines=false
 #1: stderr all=off uptime,level,tags foldmultilines=false

Release file:
IMPLEMENTOR="Eclipse Adoptium" 
IMPLEMENTOR_VERSION="Temurin-25+36" 
JAVA_RUNTIME_VERSION="25+36-LTS" 
JAVA_VERSION="25" 
JAVA_VERSION_DATE="2025-09-16" 
LIBC="default" 
MODULES="java.base java.compiler java.datatransfer java.xml java.prefs java.desktop java.instrument java.logging java.management java.security.sasl java.naming java.rmi java.management.rmi java.net.http java.scripting java.security.jgss java.transaction.xa java.sql java.sql.rowset java.xml.crypto java.se java.smartcardio jdk.accessibility jdk.internal.jvmstat jdk.attach jdk.charsets jdk.internal.opt jdk.zipfs jdk.compiler jdk.crypto.cryptoki jdk.crypto.ec jdk.crypto.mscapi jdk.dynalink jdk.internal.ed jdk.editpad jdk.internal.vm.ci jdk.graal.compiler jdk.graal.compiler.management jdk.hotspot.agent jdk.httpserver jdk.incubator.vector jdk.internal.le jdk.internal.md jdk.jartool jdk.javadoc jdk.jcmd jdk.management jdk.management.agent jdk.jconsole jdk.jdeps jdk.jdwp.agent jdk.jdi jdk.jfr jdk.jlink jdk.jpackage jdk.jshell jdk.jsobject jdk.jstatd jdk.localedata jdk.management.jfr jdk.naming.dns jdk.naming.rmi jdk.net jdk.nio.mapmode jdk.sctp jdk.security.auth jdk.security.jgss jdk.unsupported jdk.unsupported.desktop jdk.xml.dom" 
OS_ARCH="x86_64" 
OS_NAME="Windows" 
SOURCE=".:git:ef82ae723551" 
BUILD_SOURCE="git:b7337f50fb2a765519e79674ae790c2a7450149e"
BUILD_SOURCE_REPO="https://github.com/adoptium/temurin-build.git"
SOURCE_REPO="https://github.com/adoptium/jdk.git"
FULL_VERSION="25+36-LTS"
SEMANTIC_VERSION="25+36"
BUILD_INFO="OS: Windows Server 2022 Version: 10.0"
JVM_VARIANT="Hotspot"
JVM_VERSION="25+36-LTS"
IMAGE_TYPE="JDK"

Environment Variables:
JAVA_HOME=C:\Program Files\Android\Android Studio\jbr
PATH=C:\Program Files\Eclipse Adoptium\jdk-17.0.19.10-hotspot\bin;C:\Program Files (x86)\Common Files\Intel\Shared Libraries\redist\intel64\compiler;C:\Program Files\Eclipse Adoptium\jdk-25.0.0.36-hotspot\bin;C:\Program Files (x86)\Common Files\Intel\Shared Files\cpp\bin\Intel64;C:\WINDOWS\system32;C:\WINDOWS;C:\WINDOWS\System32\Wbem;C:\WINDOWS\System32\WindowsPowerShell\v1.0\;C:\WINDOWS\System32\OpenSSH\;C:\ProgramData\chocolatey\bin;C:\Program Files\nodejs\;C:\Program Files\Git\cmd;C:\Users\USER\AppData\Local\Programs\Python\Python313\Scripts\;C:\Users\USER\AppData\Local\Programs\Python\Python313\;C:\Users\USER\AppData\Local\Microsoft\WindowsApps;C:\Users\USER\AppData\Local\Programs\Microsoft VS Code\bin;C:\Users\USER\AppData\Local\GitHubDesktop\bin;C:\Users\USER\AppData\Roaming\npm;C:\Users\USER\AppData\Local\Programs\mongosh\;
USERNAME=USER
OS=Windows_NT
PROCESSOR_IDENTIFIER=Intel64 Family 6 Model 186 Stepping 3, GenuineIntel
TMP=C:\Users\USER\AppData\Local\Temp
TEMP=C:\Users\USER\AppData\Local\Temp




Compilation memory statistics disabled.

Periodic native trim disabled

---------------  S Y S T E M  ---------------

OS:
 Windows 11 , 64 bit Build 26100 (10.0.26100.8521)
OS uptime: 0 days 1:03 hours

CPU: total 8 (initial active 8) (4 cores per cpu, 2 threads per core) family 6 model 186 stepping 3 microcode 0x6134, cx8, cmov, fxsr, ht, mmx, 3dnowpref, sse, sse2, sse3, ssse3, sse4.1, sse4.2, popcnt, lzcnt, tsc, tscinvbit, avx, avx2, aes, erms, clmul, bmi1, bmi2, adx, sha, fma, vzeroupper, clflush, clflushopt, clwb, serialize, rdtscp, rdpid, fsrm, gfni, f16c, pku, cet_ibt, cet_ss
Processor Information for the first 8 processors :
  Max Mhz: 1200, Current Mhz: 1200, Mhz Limit: 1200

Memory: 4k page, system-wide physical 7835M (369M free)
TotalPageFile size 31387M (AvailPageFile size 2M)
current process WorkingSet (physical memory assigned to process): 43M, peak: 229M
current process commit charge ("private bytes"): 432M, peak: 471M

vm_info: OpenJDK 64-Bit Server VM (25+36-LTS) for windows-amd64 JRE (25+36-LTS), built on 2025-09-16T00:00:00Z with unknown MS VC++:1942

END.
