#
# There is insufficient memory for the Java Runtime Environment to continue.
# Native memory allocation (malloc) failed to allocate 1530256 bytes. Error detail: Chunk::new
# Possible reasons:
#   The system is out of physical RAM or swap space
#   This process is running with CompressedOops enabled, and the Java Heap may be blocking the growth of the native heap
# Possible solutions:
#   Reduce memory load on the system
#   Increase physical memory or swap space
#   Check if swap backing store is full
#   Decrease Java heap size (-Xmx/-Xms)
#   Decrease number of Java threads
#   Decrease Java thread stack sizes (-Xss)
#   Set larger code cache with -XX:ReservedCodeCacheSize=
#   JVM is running with Unscaled Compressed Oops mode in which the Java heap is
#     placed in the first 4GB address space. The Java Heap base address is the
#     maximum limit for the native heap growth. Please use -XX:HeapBaseMinAddress
#     to set the Java Heap base and to place the Java Heap above 4GB virtual address.
# This output file may be truncated or incomplete.
#
#  Out of Memory Error (arena.cpp:191), pid=28400, tid=28664
#
# JRE version: OpenJDK Runtime Environment Temurin-17.0.19+10 (17.0.19+10) (build 17.0.19+10)
# Java VM: OpenJDK 64-Bit Server VM Temurin-17.0.19+10 (17.0.19+10, mixed mode, sharing, tiered, compressed oops, compressed class ptrs, g1 gc, windows-amd64)
# No core dump will be written. Minidumps are not enabled by default on client versions of Windows
#

---------------  S U M M A R Y ------------

Command Line: --add-opens=java.base/java.lang=ALL-UNNAMED --add-opens=java.base/java.lang.invoke=ALL-UNNAMED --add-opens=java.base/java.util=ALL-UNNAMED --add-opens=java.prefs/java.util.prefs=ALL-UNNAMED --add-exports=jdk.compiler/com.sun.tools.javac.api=ALL-UNNAMED --add-exports=jdk.compiler/com.sun.tools.javac.util=ALL-UNNAMED --add-opens=java.base/java.util=ALL-UNNAMED --add-opens=java.prefs/java.util.prefs=ALL-UNNAMED --add-opens=java.base/java.nio.charset=ALL-UNNAMED --add-opens=java.base/java.net=ALL-UNNAMED --add-opens=java.base/java.util.concurrent.atomic=ALL-UNNAMED --add-opens=java.xml/javax.xml.namespace=ALL-UNNAMED -XX:MaxMetaspaceSize=512m -Xmx2048m -Dfile.encoding=UTF-8 -Duser.country=ZW -Duser.language=en -Duser.variant -javaagent:C:\Users\USER\.gradle\wrapper\dists\gradle-8.14.3-bin\cv11ve7ro1n3o1j4so8xd9n66\gradle-8.14.3\lib\agents\gradle-instrumentation-agent-8.14.3.jar org.gradle.launcher.daemon.bootstrap.GradleDaemon 8.14.3

Host: 13th Gen Intel(R) Core(TM) i3-1315U, 8 cores, 7G,  Windows 11 , 64 bit Build 26100 (10.0.26100.8521)
Time: Tue Jul 14 12:32:46 2026 South Africa Standard Time elapsed time: 875.819843 seconds (0d 0h 14m 35s)

---------------  T H R E A D  ---------------

Current thread (0x000001ca66a148c0):  JavaThread "C2 CompilerThread0" daemon [_thread_in_native, id=28664, stack(0x000000c12c300000,0x000000c12c400000)]


Current CompileTask:
C2:875820 10725       4       org.gradle.internal.reflect.ClassInspector::inspectClass (179 bytes)

Stack: [0x000000c12c300000,0x000000c12c400000]
Native frames: (J=compiled Java code, j=interpreted, Vv=VM code, C=native code)
V  [jvm.dll+0x684b29]
V  [jvm.dll+0x83a2d5]
V  [jvm.dll+0x83bd4e]
V  [jvm.dll+0x83c3d3]
V  [jvm.dll+0x24905f]
V  [jvm.dll+0xad536]
V  [jvm.dll+0xadbdc]
V  [jvm.dll+0x368d4f]
V  [jvm.dll+0x3331d5]
V  [jvm.dll+0x33263a]
V  [jvm.dll+0x219e69]
V  [jvm.dll+0x2192af]
V  [jvm.dll+0x1a49f0]
V  [jvm.dll+0x2299fa]
V  [jvm.dll+0x227bab]
V  [jvm.dll+0x7f0a88]
V  [jvm.dll+0x7eaf1c]
V  [jvm.dll+0x6839f7]
C  [ucrtbase.dll+0x2cd30]
C  [KERNEL32.DLL+0x2e957]
C  [ntdll.dll+0x87c1c]


---------------  P R O C E S S  ---------------

Threads class SMR info:
_java_thread_list=0x000001ca70569910, length=97, elements={
0x000001ca4852e320, 0x000001ca669f7430, 0x000001ca669f8a70, 0x000001ca66a0f230,
0x000001ca66a0fb00, 0x000001ca66a123e0, 0x000001ca66a12cb0, 0x000001ca66a148c0,
0x000001ca66a2bb20, 0x000001ca66ba0020, 0x000001ca669e1e30, 0x000001ca66ce1950,
0x000001ca6b8b5620, 0x000001ca66d21d90, 0x000001ca66db9580, 0x000001ca6bb959b0,
0x000001ca6b0e3c70, 0x000001ca66f5fec0, 0x000001ca66f61d20, 0x000001ca66f62230,
0x000001ca66f5f4a0, 0x000001ca66f62740, 0x000001ca66f5ef90, 0x000001ca66f5f9b0,
0x000001ca66f61300, 0x000001ca66f608e0, 0x000001ca66f60df0, 0x000001ca6d3c7870,
0x000001ca6d3c7360, 0x000001ca6d3c6430, 0x000001ca6d3c6940, 0x000001ca6d3c6e50,
0x000001ca6d3c8cb0, 0x000001ca6d3c8290, 0x000001ca6d3c96d0, 0x000001ca6d3c9be0,
0x000001ca6d3cc460, 0x000001ca6d3cbf50, 0x000001ca6d3ca0f0, 0x000001ca6d3cba40,
0x000001ca6d3ca600, 0x000001ca6d3cab10, 0x000001ca6d3cc970, 0x000001ca66f603d0,
0x000001ca6d3c5500, 0x000001ca6d3c91c0, 0x000001ca6d3c5a10, 0x000001ca6dbf14a0,
0x000001ca6dbf28e0, 0x000001ca6dbf3810, 0x000001ca6dbf23d0, 0x000001ca6dbf2df0,
0x000001ca6dbf1ec0, 0x000001ca6dbf3300, 0x000001ca6dbf0060, 0x000001ca6dbf3d20,
0x000001ca6dbf0570, 0x000001ca6dbf4230, 0x000001ca6dbf19b0, 0x000001ca6dbf4740,
0x000001ca6dbf0f90, 0x000001ca6dbf65a0, 0x000001ca6dbf6090, 0x000001ca6dbf5b80,
0x000001ca6dbf4c50, 0x000001ca6dbf6fc0, 0x000001ca6dbf5160, 0x000001ca6dbf79e0,
0x000001ca6f238cf0, 0x000001ca6f23a130, 0x000001ca6f239200, 0x000001ca6f239710,
0x000001ca6f2382d0, 0x000001ca6f237dc0, 0x000001ca6f2387e0, 0x000001ca6f236e90,
0x000001ca6f23ab50, 0x000001ca6f239c20, 0x000001ca6f23a640, 0x000001ca6f23b060,
0x000001ca6f2378b0, 0x000001ca6f23b570, 0x000001ca6f23c4a0, 0x000001ca6f23c9b0,
0x000001ca6f23e300, 0x000001ca6f23bf90, 0x000001ca6f23e810, 0x000001ca6f23ba80,
0x000001ca6f23ddf0, 0x000001ca6f23cec0, 0x000001ca6f23d3d0, 0x000001ca6f23d8e0,
0x000001ca6d3c87a0, 0x000001ca6e600c00, 0x000001ca6e5ff7c0, 0x000001ca6e601620,
0x000001ca6e601110
}

Java Threads: ( => current thread )
  0x000001ca4852e320 JavaThread "main" [_thread_blocked, id=28596, stack(0x000000c12b600000,0x000000c12b700000)]
  0x000001ca669f7430 JavaThread "Reference Handler" daemon [_thread_blocked, id=28636, stack(0x000000c12bd00000,0x000000c12be00000)]
  0x000001ca669f8a70 JavaThread "Finalizer" daemon [_thread_blocked, id=28640, stack(0x000000c12be00000,0x000000c12bf00000)]
  0x000001ca66a0f230 JavaThread "Signal Dispatcher" daemon [_thread_blocked, id=28648, stack(0x000000c12bf00000,0x000000c12c000000)]
  0x000001ca66a0fb00 JavaThread "Attach Listener" daemon [_thread_blocked, id=28652, stack(0x000000c12c000000,0x000000c12c100000)]
  0x000001ca66a123e0 JavaThread "Service Thread" daemon [_thread_blocked, id=28656, stack(0x000000c12c100000,0x000000c12c200000)]
  0x000001ca66a12cb0 JavaThread "Monitor Deflation Thread" daemon [_thread_blocked, id=28660, stack(0x000000c12c200000,0x000000c12c300000)]
=>0x000001ca66a148c0 JavaThread "C2 CompilerThread0" daemon [_thread_in_native, id=28664, stack(0x000000c12c300000,0x000000c12c400000)]
  0x000001ca66a2bb20 JavaThread "C1 CompilerThread0" daemon [_thread_blocked, id=20172, stack(0x000000c12c400000,0x000000c12c500000)]
  0x000001ca66ba0020 JavaThread "Sweeper thread" daemon [_thread_blocked, id=6840, stack(0x000000c12c500000,0x000000c12c600000)]
  0x000001ca669e1e30 JavaThread "Common-Cleaner" daemon [_thread_blocked, id=26284, stack(0x000000c12c600000,0x000000c12c700000)]
  0x000001ca66ce1950 JavaThread "Notification Thread" daemon [_thread_blocked, id=20516, stack(0x000000c12c700000,0x000000c12c800000)]
  0x000001ca6b8b5620 JavaThread "Daemon health stats" [_thread_blocked, id=24920, stack(0x000000c12cd00000,0x000000c12ce00000)]
  0x000001ca66d21d90 JavaThread "Incoming local TCP Connector on port 59446" [_thread_in_native, id=15424, stack(0x000000c12ce00000,0x000000c12cf00000)]
  0x000001ca66db9580 JavaThread "Daemon periodic checks" [_thread_blocked, id=28872, stack(0x000000c12cf00000,0x000000c12d000000)]
  0x000001ca6bb959b0 JavaThread "Daemon" [_thread_blocked, id=29132, stack(0x000000c12d000000,0x000000c12d100000)]
  0x000001ca6b0e3c70 JavaThread "Handler for socket connection from /127.0.0.1:59446 to /127.0.0.1:59450" [_thread_in_native, id=29136, stack(0x000000c12d100000,0x000000c12d200000)]
  0x000001ca66f5fec0 JavaThread "Cancel handler" [_thread_blocked, id=29204, stack(0x000000c12d200000,0x000000c12d300000)]
  0x000001ca66f61d20 JavaThread "Daemon worker" [_thread_in_vm, id=29220, stack(0x000000c12d300000,0x000000c12d400000)]
  0x000001ca66f62230 JavaThread "Asynchronous log dispatcher for DefaultDaemonConnection: socket connection from /127.0.0.1:59446 to /127.0.0.1:59450" [_thread_blocked, id=29236, stack(0x000000c12d400000,0x000000c12d500000)]
  0x000001ca66f5f4a0 JavaThread "Stdin handler" [_thread_blocked, id=29244, stack(0x000000c12d500000,0x000000c12d600000)]
  0x000001ca66f62740 JavaThread "Daemon client event forwarder" [_thread_blocked, id=29256, stack(0x000000c12d600000,0x000000c12d700000)]
  0x000001ca66f5ef90 JavaThread "Cache worker for journal cache (C:\Users\USER\.gradle\caches\journal-1)" [_thread_blocked, id=29428, stack(0x000000c12d700000,0x000000c12d800000)]
  0x000001ca66f5f9b0 JavaThread "File lock request listener" [_thread_in_native, id=29444, stack(0x000000c12d800000,0x000000c12d900000)]
  0x000001ca66f61300 JavaThread "Cache worker for file hash cache (C:\Users\USER\.gradle\caches\8.14.3\fileHashes)" [_thread_blocked, id=29580, stack(0x000000c12da00000,0x000000c12db00000)]
  0x000001ca66f608e0 JavaThread "Cache worker for file hash cache (C:\Users\USER\kalimed2\android\.gradle\8.14.3\fileHashes)" [_thread_blocked, id=26740, stack(0x000000c12e000000,0x000000c12e100000)]
  0x000001ca66f60df0 JavaThread "Cache worker for Build Output Cleanup Cache (C:\Users\USER\kalimed2\android\.gradle\buildOutputCleanup)" [_thread_blocked, id=21888, stack(0x000000c12e100000,0x000000c12e200000)]
  0x000001ca6d3c7870 JavaThread "File watcher server" daemon [_thread_in_native, id=21764, stack(0x000000c12e400000,0x000000c12e500000)]
  0x000001ca6d3c7360 JavaThread "File watcher consumer" daemon [_thread_blocked, id=12092, stack(0x000000c12e500000,0x000000c12e600000)]
  0x000001ca6d3c6430 JavaThread "jar transforms" [_thread_blocked, id=7504, stack(0x000000c12e600000,0x000000c12e700000)]
  0x000001ca6d3c6940 JavaThread "jar transforms Thread 2" [_thread_blocked, id=7928, stack(0x000000c12b300000,0x000000c12b400000)]
  0x000001ca6d3c6e50 JavaThread "Cache worker for checksums cache (C:\Users\USER\kalimed2\android\.gradle\8.14.3\checksums)" [_thread_blocked, id=18092, stack(0x000000c12b400000,0x000000c12b500000)]
  0x000001ca6d3c8cb0 JavaThread "Cache worker for file content cache (C:\Users\USER\.gradle\caches\8.14.3\fileContent)" [_thread_blocked, id=27228, stack(0x000000c12b500000,0x000000c12b600000)]
  0x000001ca6d3c8290 JavaThread "jar transforms Thread 3" [_thread_blocked, id=29868, stack(0x000000c12e700000,0x000000c12e800000)]
  0x000001ca6d3c96d0 JavaThread "Cache worker for cache directory md-supplier (C:\Users\USER\.gradle\caches\8.14.3\md-supplier)" [_thread_blocked, id=30168, stack(0x000000c12eb00000,0x000000c12ec00000)]
  0x000001ca6d3c9be0 JavaThread "Cache worker for cache directory md-rule (C:\Users\USER\.gradle\caches\8.14.3\md-rule)" [_thread_blocked, id=30848, stack(0x000000c12ec00000,0x000000c12ed00000)]
  0x000001ca6d3cc460 JavaThread "Cache worker for Build Output Cleanup Cache (C:\Users\USER\kalimed2\node_modules\@react-native\gradle-plugin\.gradle\buildOutputCleanup)" [_thread_blocked, id=31232, stack(0x000000c12ed00000,0x000000c12ee00000)]
  0x000001ca6d3cbf50 JavaThread "Unconstrained build operations" [_thread_blocked, id=28388, stack(0x000000c12d900000,0x000000c12da00000)]
  0x000001ca6d3ca0f0 JavaThread "Unconstrained build operations Thread 2" [_thread_blocked, id=29660, stack(0x000000c12ee00000,0x000000c12ef00000)]
  0x000001ca6d3cba40 JavaThread "Unconstrained build operations Thread 3" [_thread_blocked, id=14620, stack(0x000000c12ef00000,0x000000c12f000000)]
  0x000001ca6d3ca600 JavaThread "Unconstrained build operations Thread 4" [_thread_blocked, id=30504, stack(0x000000c12f000000,0x000000c12f100000)]
  0x000001ca6d3cab10 JavaThread "Unconstrained build operations Thread 5" [_thread_blocked, id=30468, stack(0x000000c12f100000,0x000000c12f200000)]
  0x000001ca6d3cc970 JavaThread "Unconstrained build operations Thread 6" [_thread_blocked, id=28712, stack(0x000000c12f200000,0x000000c12f300000)]
  0x000001ca66f603d0 JavaThread "Cache worker for Build Output Cleanup Cache (C:\Users\USER\kalimed2\node_modules\expo-modules-autolinking\android\expo-gradle-plugin\.gradle\buildOutputCleanup)" [_thread_blocked, id=29772, stack(0x000000c12de00000,0x000000c12df00000)]
  0x000001ca6d3c5500 JavaThread "Unconstrained build operations Thread 7" [_thread_blocked, id=26348, stack(0x000000c12df00000,0x000000c12e000000)]
  0x000001ca6d3c91c0 JavaThread "Unconstrained build operations Thread 8" [_thread_blocked, id=24408, stack(0x000000c12e800000,0x000000c12e900000)]
  0x000001ca6d3c5a10 JavaThread "Unconstrained build operations Thread 9" [_thread_blocked, id=18384, stack(0x000000c12e900000,0x000000c12ea00000)]
  0x000001ca6dbf14a0 JavaThread "Unconstrained build operations Thread 10" [_thread_blocked, id=24728, stack(0x000000c12ea00000,0x000000c12eb00000)]
  0x000001ca6dbf28e0 JavaThread "Unconstrained build operations Thread 11" [_thread_blocked, id=25396, stack(0x000000c12f300000,0x000000c12f400000)]
  0x000001ca6dbf3810 JavaThread "Unconstrained build operations Thread 12" [_thread_blocked, id=11112, stack(0x000000c12f400000,0x000000c12f500000)]
  0x000001ca6dbf23d0 JavaThread "Unconstrained build operations Thread 13" [_thread_blocked, id=24256, stack(0x000000c12f500000,0x000000c12f600000)]
  0x000001ca6dbf2df0 JavaThread "Unconstrained build operations Thread 14" [_thread_blocked, id=30204, stack(0x000000c12f600000,0x000000c12f700000)]
  0x000001ca6dbf1ec0 JavaThread "Unconstrained build operations Thread 15" [_thread_blocked, id=29624, stack(0x000000c12f700000,0x000000c12f800000)]
  0x000001ca6dbf3300 JavaThread "Unconstrained build operations Thread 16" [_thread_blocked, id=29320, stack(0x000000c12f800000,0x000000c12f900000)]
  0x000001ca6dbf0060 JavaThread "Unconstrained build operations Thread 17" [_thread_blocked, id=29496, stack(0x000000c12f900000,0x000000c12fa00000)]
  0x000001ca6dbf3d20 JavaThread "Unconstrained build operations Thread 18" [_thread_blocked, id=26048, stack(0x000000c12fa00000,0x000000c12fb00000)]
  0x000001ca6dbf0570 JavaThread "Unconstrained build operations Thread 19" [_thread_blocked, id=30600, stack(0x000000c12fb00000,0x000000c12fc00000)]
  0x000001ca6dbf4230 JavaThread "Unconstrained build operations Thread 20" [_thread_blocked, id=27084, stack(0x000000c12fc00000,0x000000c12fd00000)]
  0x000001ca6dbf19b0 JavaThread "Unconstrained build operations Thread 21" [_thread_blocked, id=16956, stack(0x000000c12fd00000,0x000000c12fe00000)]
  0x000001ca6dbf4740 JavaThread "Unconstrained build operations Thread 22" [_thread_blocked, id=3756, stack(0x000000c12fe00000,0x000000c12ff00000)]
  0x000001ca6dbf0f90 JavaThread "Unconstrained build operations Thread 23" [_thread_blocked, id=7096, stack(0x000000c12ff00000,0x000000c130000000)]
  0x000001ca6dbf65a0 JavaThread "Unconstrained build operations Thread 24" [_thread_blocked, id=19032, stack(0x000000c130000000,0x000000c130100000)]
  0x000001ca6dbf6090 JavaThread "Unconstrained build operations Thread 25" [_thread_blocked, id=18108, stack(0x000000c130100000,0x000000c130200000)]
  0x000001ca6dbf5b80 JavaThread "Unconstrained build operations Thread 26" [_thread_blocked, id=7884, stack(0x000000c130200000,0x000000c130300000)]
  0x000001ca6dbf4c50 JavaThread "Unconstrained build operations Thread 27" [_thread_blocked, id=16328, stack(0x000000c130300000,0x000000c130400000)]
  0x000001ca6dbf6fc0 JavaThread "build event listener" [_thread_blocked, id=31276, stack(0x000000c130400000,0x000000c130500000)]
  0x000001ca6dbf5160 JavaThread "Memory manager" [_thread_blocked, id=30640, stack(0x000000c130500000,0x000000c130600000)]
  0x000001ca6dbf79e0 JavaThread "Unconstrained build operations Thread 28" [_thread_blocked, id=10572, stack(0x000000c130600000,0x000000c130700000)]
  0x000001ca6f238cf0 JavaThread "Unconstrained build operations Thread 29" [_thread_blocked, id=30056, stack(0x000000c130700000,0x000000c130800000)]
  0x000001ca6f23a130 JavaThread "Unconstrained build operations Thread 30" [_thread_blocked, id=24956, stack(0x000000c130800000,0x000000c130900000)]
  0x000001ca6f239200 JavaThread "Unconstrained build operations Thread 31" [_thread_blocked, id=32016, stack(0x000000c130900000,0x000000c130a00000)]
  0x000001ca6f239710 JavaThread "Unconstrained build operations Thread 32" [_thread_blocked, id=31460, stack(0x000000c130a00000,0x000000c130b00000)]
  0x000001ca6f2382d0 JavaThread "Unconstrained build operations Thread 33" [_thread_blocked, id=32024, stack(0x000000c130b00000,0x000000c130c00000)]
  0x000001ca6f237dc0 JavaThread "Unconstrained build operations Thread 34" [_thread_blocked, id=32064, stack(0x000000c130c00000,0x000000c130d00000)]
  0x000001ca6f2387e0 JavaThread "build event listener" [_thread_blocked, id=27352, stack(0x000000c12e200000,0x000000c12e300000)]
  0x000001ca6f236e90 JavaThread "File lock release action executor Thread 3" [_thread_blocked, id=30032, stack(0x000000c131000000,0x000000c131100000)]
  0x000001ca6f23ab50 JavaThread "Unconstrained build operations Thread 35" [_thread_blocked, id=24016, stack(0x000000c130e00000,0x000000c130f00000)]
  0x000001ca6f239c20 JavaThread "Unconstrained build operations Thread 36" [_thread_blocked, id=5956, stack(0x000000c130f00000,0x000000c131000000)]
  0x000001ca6f23a640 JavaThread "Unconstrained build operations Thread 37" [_thread_blocked, id=2528, stack(0x000000c131100000,0x000000c131200000)]
  0x000001ca6f23b060 JavaThread "Unconstrained build operations Thread 38" [_thread_blocked, id=5844, stack(0x000000c131200000,0x000000c131300000)]
  0x000001ca6f2378b0 JavaThread "Unconstrained build operations Thread 39" [_thread_blocked, id=32732, stack(0x000000c131300000,0x000000c131400000)]
  0x000001ca6f23b570 JavaThread "Unconstrained build operations Thread 40" [_thread_blocked, id=31052, stack(0x000000c131400000,0x000000c131500000)]
  0x000001ca6f23c4a0 JavaThread "Unconstrained build operations Thread 41" [_thread_blocked, id=31100, stack(0x000000c131500000,0x000000c131600000)]
  0x000001ca6f23c9b0 JavaThread "Unconstrained build operations Thread 42" [_thread_blocked, id=30664, stack(0x000000c131600000,0x000000c131700000)]
  0x000001ca6f23e300 JavaThread "Unconstrained build operations Thread 43" [_thread_blocked, id=34908, stack(0x000000c131700000,0x000000c131800000)]
  0x000001ca6f23bf90 JavaThread "Unconstrained build operations Thread 44" [_thread_blocked, id=35092, stack(0x000000c131800000,0x000000c131900000)]
  0x000001ca6f23e810 JavaThread "Unconstrained build operations Thread 45" [_thread_blocked, id=35292, stack(0x000000c131900000,0x000000c131a00000)]
  0x000001ca6f23ba80 JavaThread "Unconstrained build operations Thread 46" [_thread_blocked, id=31668, stack(0x000000c130d00000,0x000000c130e00000)]
  0x000001ca6f23ddf0 JavaThread "Unconstrained build operations Thread 47" [_thread_blocked, id=32784, stack(0x000000c131a00000,0x000000c131b00000)]
  0x000001ca6f23cec0 JavaThread "Unconstrained build operations Thread 48" [_thread_blocked, id=30152, stack(0x000000c131b00000,0x000000c131c00000)]
  0x000001ca6f23d3d0 JavaThread "Unconstrained build operations Thread 49" [_thread_blocked, id=32592, stack(0x000000c131c00000,0x000000c131d00000)]
  0x000001ca6f23d8e0 JavaThread "Unconstrained build operations Thread 50" [_thread_blocked, id=33872, stack(0x000000c131d00000,0x000000c131e00000)]
  0x000001ca6d3c87a0 JavaThread "Unconstrained build operations Thread 51" [_thread_blocked, id=31836, stack(0x000000c131e00000,0x000000c131f00000)]
  0x000001ca6e600c00 JavaThread "Unconstrained build operations Thread 52" [_thread_blocked, id=2028, stack(0x000000c131f00000,0x000000c132000000)]
  0x000001ca6e5ff7c0 JavaThread "Unconstrained build operations Thread 53" [_thread_blocked, id=29368, stack(0x000000c132000000,0x000000c132100000)]
  0x000001ca6e601620 JavaThread "Unconstrained build operations Thread 54" [_thread_blocked, id=27528, stack(0x000000c132100000,0x000000c132200000)]
  0x000001ca6e601110 JavaThread "Unconstrained build operations Thread 55" [_thread_blocked, id=33740, stack(0x000000c132200000,0x000000c132300000)]

Other Threads:
  0x000001ca669f1130 VMThread "VM Thread" [stack: 0x000000c12bc00000,0x000000c12bd00000] [id=28628]
  0x000001ca4852f0b0 WatcherThread [stack: 0x000000c12c800000,0x000000c12c900000] [id=7416]
  0x000001ca4858d160 GCTaskThread "GC Thread#0" [stack: 0x000000c12b700000,0x000000c12b800000] [id=28604]
  0x000001ca6b1b4030 GCTaskThread "GC Thread#1" [stack: 0x000000c12c900000,0x000000c12ca00000] [id=28364]
  0x000001ca66e09bb0 GCTaskThread "GC Thread#2" [stack: 0x000000c12ca00000,0x000000c12cb00000] [id=17536]
  0x000001ca6b9ceaa0 GCTaskThread "GC Thread#3" [stack: 0x000000c12cb00000,0x000000c12cc00000] [id=360]
  0x000001ca6b845dd0 GCTaskThread "GC Thread#4" [stack: 0x000000c12cc00000,0x000000c12cd00000] [id=25708]
  0x000001ca6c46ac30 GCTaskThread "GC Thread#5" [stack: 0x000000c12db00000,0x000000c12dc00000] [id=28080]
  0x000001ca6b8aaef0 GCTaskThread "GC Thread#6" [stack: 0x000000c12dc00000,0x000000c12dd00000] [id=28136]
  0x000001ca66b90b40 GCTaskThread "GC Thread#7" [stack: 0x000000c12dd00000,0x000000c12de00000] [id=21224]
  0x000001ca4859dfc0 ConcurrentGCThread "G1 Main Marker" [stack: 0x000000c12b800000,0x000000c12b900000] [id=28608]
  0x000001ca4859f5c0 ConcurrentGCThread "G1 Conc#0" [stack: 0x000000c12b900000,0x000000c12ba00000] [id=28612]
  0x000001ca6dfada70 ConcurrentGCThread "G1 Conc#1" [stack: 0x000000c12e300000,0x000000c12e400000] [id=16056]
  0x000001ca485de3e0 ConcurrentGCThread "G1 Refine#0" [stack: 0x000000c12ba00000,0x000000c12bb00000] [id=28616]
  0x000001ca668a7100 ConcurrentGCThread "G1 Service" [stack: 0x000000c12bb00000,0x000000c12bc00000] [id=28620]

Threads with active compile tasks:
C2 CompilerThread0  875895 10725       4       org.gradle.internal.reflect.ClassInspector::inspectClass (179 bytes)

VM state: not at safepoint (normal execution)

VM Mutex/Monitor currently owned by a thread: None

Heap address: 0x0000000080000000, size: 2048 MB, Compressed Oops mode: 32-bit

CDS archive(s) mapped at: [0x000001ca00000000-0x000001ca00bb0000-0x000001ca00bb0000), size 12255232, SharedBaseAddress: 0x000001ca00000000, ArchiveRelocationMode: 1.
Compressed class space mapped at: 0x000001ca01000000-0x000001ca1b000000, reserved size: 436207616
Narrow klass base: 0x000001ca00000000, Narrow klass shift: 0, Narrow klass range: 0x100000000

GC Precious Log:
 CPUs: 8 total, 8 available
 Memory: 7835M
 Large Page Support: Disabled
 NUMA Support: Disabled
 Compressed Oops: Enabled (32-bit)
 Heap Region Size: 1M
 Heap Min Capacity: 8M
 Heap Initial Capacity: 124M
 Heap Max Capacity: 2G
 Pre-touch: Disabled
 Parallel Workers: 8
 Concurrent Workers: 2
 Concurrent Refinement Workers: 8
 Periodic GC: Disabled

Heap:
 garbage-first heap   total 219136K, used 75448K [0x0000000080000000, 0x0000000100000000)
  region size 1024K, 5 young (5120K), 1 survivors (1024K)
 Metaspace       used 74926K, committed 75840K, reserved 557056K
  class space    used 10455K, committed 10880K, reserved 425984K

Heap Regions: E=young(eden), S=young(survivor), O=old, HS=humongous(starts), HC=humongous(continues), CS=collection set, F=free, OA=open archive, CA=closed archive, TAMS=top-at-mark-start (previous, next)
|   0|0x0000000080000000, 0x0000000080100000, 0x0000000080100000|100%|HS|  |TAMS 0x0000000080100000, 0x0000000080000000| Complete 
|   1|0x0000000080100000, 0x0000000080200000, 0x0000000080200000|100%|HC|  |TAMS 0x0000000080200000, 0x0000000080100000| Complete 
|   2|0x0000000080200000, 0x0000000080300000, 0x0000000080300000|100%|HC|  |TAMS 0x0000000080300000, 0x0000000080200000| Complete 
|   3|0x0000000080300000, 0x0000000080400000, 0x0000000080400000|100%| O|  |TAMS 0x0000000080400000, 0x0000000080300000| Untracked 
|   4|0x0000000080400000, 0x0000000080500000, 0x0000000080500000|100%| O|  |TAMS 0x0000000080500000, 0x0000000080400000| Untracked 
|   5|0x0000000080500000, 0x0000000080600000, 0x0000000080600000|100%| O|  |TAMS 0x0000000080600000, 0x0000000080500000| Untracked 
|   6|0x0000000080600000, 0x0000000080700000, 0x0000000080700000|100%|HS|  |TAMS 0x0000000080700000, 0x0000000080600000| Complete 
|   7|0x0000000080700000, 0x0000000080800000, 0x0000000080800000|100%| O|  |TAMS 0x0000000080800000, 0x0000000080700000| Untracked 
|   8|0x0000000080800000, 0x0000000080900000, 0x0000000080900000|100%| O|  |TAMS 0x0000000080900000, 0x0000000080800000| Untracked 
|   9|0x0000000080900000, 0x0000000080a00000, 0x0000000080a00000|100%| O|  |TAMS 0x0000000080a00000, 0x0000000080900000| Untracked 
|  10|0x0000000080a00000, 0x0000000080b00000, 0x0000000080b00000|100%| O|  |TAMS 0x0000000080b00000, 0x0000000080a00000| Untracked 
|  11|0x0000000080b00000, 0x0000000080c00000, 0x0000000080c00000|100%| O|  |TAMS 0x0000000080c00000, 0x0000000080b00000| Untracked 
|  12|0x0000000080c00000, 0x0000000080d00000, 0x0000000080d00000|100%| O|  |TAMS 0x0000000080d00000, 0x0000000080c00000| Untracked 
|  13|0x0000000080d00000, 0x0000000080e00000, 0x0000000080e00000|100%| O|  |TAMS 0x0000000080e00000, 0x0000000080d00000| Untracked 
|  14|0x0000000080e00000, 0x0000000080f00000, 0x0000000080f00000|100%| O|  |TAMS 0x0000000080f00000, 0x0000000080e00000| Untracked 
|  15|0x0000000080f00000, 0x0000000081000000, 0x0000000081000000|100%| O|  |TAMS 0x0000000081000000, 0x0000000080f00000| Untracked 
|  16|0x0000000081000000, 0x0000000081100000, 0x0000000081100000|100%| O|  |TAMS 0x0000000081100000, 0x0000000081000000| Untracked 
|  17|0x0000000081100000, 0x0000000081200000, 0x0000000081200000|100%| O|  |TAMS 0x0000000081200000, 0x0000000081100000| Untracked 
|  18|0x0000000081200000, 0x0000000081300000, 0x0000000081300000|100%| O|  |TAMS 0x0000000081300000, 0x0000000081200000| Untracked 
|  19|0x0000000081300000, 0x0000000081400000, 0x0000000081400000|100%| O|  |TAMS 0x0000000081400000, 0x0000000081300000| Untracked 
|  20|0x0000000081400000, 0x0000000081500000, 0x0000000081500000|100%| O|  |TAMS 0x0000000081500000, 0x0000000081400000| Untracked 
|  21|0x0000000081500000, 0x0000000081600000, 0x0000000081600000|100%| O|  |TAMS 0x0000000081600000, 0x0000000081500000| Untracked 
|  22|0x0000000081600000, 0x0000000081700000, 0x0000000081700000|100%| O|  |TAMS 0x0000000081700000, 0x0000000081600000| Untracked 
|  23|0x0000000081700000, 0x0000000081800000, 0x0000000081800000|100%| O|  |TAMS 0x0000000081800000, 0x0000000081700000| Untracked 
|  24|0x0000000081800000, 0x0000000081900000, 0x0000000081900000|100%| O|  |TAMS 0x0000000081900000, 0x0000000081800000| Untracked 
|  25|0x0000000081900000, 0x0000000081a00000, 0x0000000081a00000|100%| O|  |TAMS 0x0000000081a00000, 0x0000000081900000| Untracked 
|  26|0x0000000081a00000, 0x0000000081b00000, 0x0000000081b00000|100%| O|  |TAMS 0x0000000081b00000, 0x0000000081a00000| Untracked 
|  27|0x0000000081b00000, 0x0000000081c00000, 0x0000000081c00000|100%| O|  |TAMS 0x0000000081c00000, 0x0000000081b00000| Untracked 
|  28|0x0000000081c00000, 0x0000000081d00000, 0x0000000081d00000|100%| O|  |TAMS 0x0000000081d00000, 0x0000000081c00000| Untracked 
|  29|0x0000000081d00000, 0x0000000081e00000, 0x0000000081e00000|100%| O|  |TAMS 0x0000000081e00000, 0x0000000081d00000| Untracked 
|  30|0x0000000081e00000, 0x0000000081f00000, 0x0000000081f00000|100%| O|  |TAMS 0x0000000081f00000, 0x0000000081e00000| Untracked 
|  31|0x0000000081f00000, 0x0000000082000000, 0x0000000082000000|100%| O|  |TAMS 0x0000000082000000, 0x0000000081f00000| Untracked 
|  32|0x0000000082000000, 0x0000000082100000, 0x0000000082100000|100%| O|  |TAMS 0x0000000082100000, 0x0000000082000000| Untracked 
|  33|0x0000000082100000, 0x0000000082200000, 0x0000000082200000|100%| O|  |TAMS 0x0000000082200000, 0x0000000082100000| Untracked 
|  34|0x0000000082200000, 0x0000000082300000, 0x0000000082300000|100%| O|  |TAMS 0x0000000082300000, 0x0000000082200000| Untracked 
|  35|0x0000000082300000, 0x0000000082400000, 0x0000000082400000|100%| O|  |TAMS 0x0000000082400000, 0x0000000082300000| Untracked 
|  36|0x0000000082400000, 0x0000000082500000, 0x0000000082500000|100%| O|  |TAMS 0x0000000082500000, 0x0000000082400000| Untracked 
|  37|0x0000000082500000, 0x0000000082600000, 0x0000000082600000|100%| O|  |TAMS 0x0000000082600000, 0x0000000082500000| Untracked 
|  38|0x0000000082600000, 0x0000000082700000, 0x0000000082700000|100%| O|  |TAMS 0x0000000082700000, 0x0000000082600000| Untracked 
|  39|0x0000000082700000, 0x0000000082800000, 0x0000000082800000|100%| O|  |TAMS 0x0000000082800000, 0x0000000082700000| Untracked 
|  40|0x0000000082800000, 0x0000000082900000, 0x0000000082900000|100%| O|  |TAMS 0x0000000082900000, 0x0000000082800000| Untracked 
|  41|0x0000000082900000, 0x0000000082a00000, 0x0000000082a00000|100%| O|  |TAMS 0x0000000082a00000, 0x0000000082900000| Untracked 
|  42|0x0000000082a00000, 0x0000000082b00000, 0x0000000082b00000|100%| O|  |TAMS 0x0000000082a00000, 0x0000000082a00000| Untracked 
|  43|0x0000000082b00000, 0x0000000082c00000, 0x0000000082c00000|100%| O|  |TAMS 0x0000000082b00000, 0x0000000082b00000| Untracked 
|  44|0x0000000082c00000, 0x0000000082d00000, 0x0000000082d00000|100%| O|  |TAMS 0x0000000082d00000, 0x0000000082c00000| Untracked 
|  45|0x0000000082d00000, 0x0000000082e00000, 0x0000000082e00000|100%|HS|  |TAMS 0x0000000082e00000, 0x0000000082d00000| Complete 
|  46|0x0000000082e00000, 0x0000000082f00000, 0x0000000082f00000|100%|HC|  |TAMS 0x0000000082f00000, 0x0000000082e00000| Complete 
|  47|0x0000000082f00000, 0x0000000083000000, 0x0000000083000000|100%|HC|  |TAMS 0x0000000083000000, 0x0000000082f00000| Complete 
|  48|0x0000000083000000, 0x0000000083100000, 0x0000000083100000|100%|HS|  |TAMS 0x0000000083100000, 0x0000000083000000| Complete 
|  49|0x0000000083100000, 0x0000000083200000, 0x0000000083200000|100%|HC|  |TAMS 0x0000000083200000, 0x0000000083100000| Complete 
|  50|0x0000000083200000, 0x0000000083300000, 0x0000000083300000|100%|HC|  |TAMS 0x0000000083300000, 0x0000000083200000| Complete 
|  51|0x0000000083300000, 0x0000000083400000, 0x0000000083400000|100%| O|  |TAMS 0x0000000083400000, 0x0000000083300000| Untracked 
|  52|0x0000000083400000, 0x0000000083500000, 0x0000000083500000|100%| O|  |TAMS 0x0000000083500000, 0x0000000083400000| Untracked 
|  53|0x0000000083500000, 0x000000008359c600, 0x0000000083600000| 61%| O|  |TAMS 0x000000008359c600, 0x0000000083500000| Untracked 
|  54|0x0000000083600000, 0x0000000083700000, 0x0000000083700000|100%| O|  |TAMS 0x0000000083700000, 0x0000000083600000| Untracked 
|  55|0x0000000083700000, 0x0000000083800000, 0x0000000083800000|100%| O|  |TAMS 0x0000000083800000, 0x0000000083700000| Untracked 
|  56|0x0000000083800000, 0x0000000083900000, 0x0000000083900000|100%| O|  |TAMS 0x0000000083900000, 0x0000000083800000| Untracked 
|  57|0x0000000083900000, 0x0000000083a00000, 0x0000000083a00000|100%| O|  |TAMS 0x0000000083a00000, 0x0000000083900000| Untracked 
|  58|0x0000000083a00000, 0x0000000083a65600, 0x0000000083b00000| 39%| O|  |TAMS 0x0000000083a65600, 0x0000000083a00000| Untracked 
|  59|0x0000000083b00000, 0x0000000083c00000, 0x0000000083c00000|100%| O|  |TAMS 0x0000000083b00000, 0x0000000083b00000| Untracked 
|  60|0x0000000083c00000, 0x0000000083d00000, 0x0000000083d00000|100%| O|  |TAMS 0x0000000083c00000, 0x0000000083c00000| Untracked 
|  61|0x0000000083d00000, 0x0000000083e00000, 0x0000000083e00000|100%| O|  |TAMS 0x0000000083d00000, 0x0000000083d00000| Untracked 
|  62|0x0000000083e00000, 0x0000000083f00000, 0x0000000083f00000|100%| O|  |TAMS 0x0000000083e00000, 0x0000000083e00000| Untracked 
|  63|0x0000000083f00000, 0x0000000084000000, 0x0000000084000000|100%| O|  |TAMS 0x0000000083f00000, 0x0000000083f00000| Untracked 
|  64|0x0000000084000000, 0x0000000084100000, 0x0000000084100000|100%| O|  |TAMS 0x0000000084000000, 0x0000000084000000| Untracked 
|  65|0x0000000084100000, 0x0000000084200000, 0x0000000084200000|100%| O|  |TAMS 0x0000000084100000, 0x0000000084100000| Untracked 
|  66|0x0000000084200000, 0x0000000084300000, 0x0000000084300000|100%| O|  |TAMS 0x0000000084200000, 0x0000000084200000| Untracked 
|  67|0x0000000084300000, 0x0000000084400000, 0x0000000084400000|100%| O|  |TAMS 0x0000000084300000, 0x0000000084300000| Untracked 
|  68|0x0000000084400000, 0x0000000084500000, 0x0000000084500000|100%| O|  |TAMS 0x0000000084400000, 0x0000000084400000| Untracked 
|  69|0x0000000084500000, 0x0000000084600000, 0x0000000084600000|100%| O|  |TAMS 0x0000000084500000, 0x0000000084500000| Untracked 
|  70|0x0000000084600000, 0x0000000084700000, 0x0000000084700000|100%| O|  |TAMS 0x0000000084600000, 0x0000000084600000| Untracked 
|  71|0x0000000084700000, 0x000000008470ba00, 0x0000000084800000|  4%| O|  |TAMS 0x0000000084700000, 0x0000000084700000| Untracked 
|  72|0x0000000084800000, 0x0000000084800000, 0x0000000084900000|  0%| F|  |TAMS 0x0000000084800000, 0x0000000084800000| Untracked 
|  73|0x0000000084900000, 0x0000000084900000, 0x0000000084a00000|  0%| F|  |TAMS 0x0000000084900000, 0x0000000084900000| Untracked 
|  74|0x0000000084a00000, 0x0000000084a00000, 0x0000000084b00000|  0%| F|  |TAMS 0x0000000084a00000, 0x0000000084a00000| Untracked 
|  75|0x0000000084b00000, 0x0000000084b00000, 0x0000000084c00000|  0%| F|  |TAMS 0x0000000084b00000, 0x0000000084b00000| Untracked 
|  76|0x0000000084c00000, 0x0000000084c00000, 0x0000000084d00000|  0%| F|  |TAMS 0x0000000084c00000, 0x0000000084c00000| Untracked 
|  77|0x0000000084d00000, 0x0000000084d00000, 0x0000000084e00000|  0%| F|  |TAMS 0x0000000084d00000, 0x0000000084d00000| Untracked 
|  78|0x0000000084e00000, 0x0000000084e00000, 0x0000000084f00000|  0%| F|  |TAMS 0x0000000084e00000, 0x0000000084e00000| Untracked 
|  79|0x0000000084f00000, 0x0000000084f00000, 0x0000000085000000|  0%| F|  |TAMS 0x0000000084f00000, 0x0000000084f00000| Untracked 
|  80|0x0000000085000000, 0x0000000085000000, 0x0000000085100000|  0%| F|  |TAMS 0x0000000085000000, 0x0000000085000000| Untracked 
|  81|0x0000000085100000, 0x0000000085100000, 0x0000000085200000|  0%| F|  |TAMS 0x0000000085100000, 0x0000000085100000| Untracked 
|  82|0x0000000085200000, 0x0000000085200000, 0x0000000085300000|  0%| F|  |TAMS 0x0000000085200000, 0x0000000085200000| Untracked 
|  83|0x0000000085300000, 0x0000000085300000, 0x0000000085400000|  0%| F|  |TAMS 0x0000000085300000, 0x0000000085300000| Untracked 
|  84|0x0000000085400000, 0x0000000085400000, 0x0000000085500000|  0%| F|  |TAMS 0x0000000085400000, 0x0000000085400000| Untracked 
|  85|0x0000000085500000, 0x0000000085500000, 0x0000000085600000|  0%| F|  |TAMS 0x0000000085500000, 0x0000000085500000| Untracked 
|  86|0x0000000085600000, 0x0000000085600000, 0x0000000085700000|  0%| F|  |TAMS 0x0000000085600000, 0x0000000085600000| Untracked 
|  87|0x0000000085700000, 0x0000000085700000, 0x0000000085800000|  0%| F|  |TAMS 0x0000000085700000, 0x0000000085700000| Untracked 
|  88|0x0000000085800000, 0x0000000085800000, 0x0000000085900000|  0%| F|  |TAMS 0x0000000085800000, 0x0000000085800000| Untracked 
|  89|0x0000000085900000, 0x0000000085900000, 0x0000000085a00000|  0%| F|  |TAMS 0x0000000085900000, 0x0000000085900000| Untracked 
|  90|0x0000000085a00000, 0x0000000085a00000, 0x0000000085b00000|  0%| F|  |TAMS 0x0000000085a00000, 0x0000000085a00000| Untracked 
|  91|0x0000000085b00000, 0x0000000085b00000, 0x0000000085c00000|  0%| F|  |TAMS 0x0000000085b00000, 0x0000000085b00000| Untracked 
|  92|0x0000000085c00000, 0x0000000085c00000, 0x0000000085d00000|  0%| F|  |TAMS 0x0000000085c00000, 0x0000000085c00000| Untracked 
|  93|0x0000000085d00000, 0x0000000085d00000, 0x0000000085e00000|  0%| F|  |TAMS 0x0000000085d00000, 0x0000000085d00000| Untracked 
|  94|0x0000000085e00000, 0x0000000085e00000, 0x0000000085f00000|  0%| F|  |TAMS 0x0000000085e00000, 0x0000000085e00000| Untracked 
|  95|0x0000000085f00000, 0x0000000085f00000, 0x0000000086000000|  0%| F|  |TAMS 0x0000000085f00000, 0x0000000085f00000| Untracked 
|  96|0x0000000086000000, 0x0000000086000000, 0x0000000086100000|  0%| F|  |TAMS 0x0000000086000000, 0x0000000086000000| Untracked 
|  97|0x0000000086100000, 0x0000000086100000, 0x0000000086200000|  0%| F|  |TAMS 0x0000000086100000, 0x0000000086100000| Untracked 
|  98|0x0000000086200000, 0x0000000086200000, 0x0000000086300000|  0%| F|  |TAMS 0x0000000086200000, 0x0000000086200000| Untracked 
|  99|0x0000000086300000, 0x0000000086300000, 0x0000000086400000|  0%| F|  |TAMS 0x0000000086300000, 0x0000000086300000| Untracked 
| 100|0x0000000086400000, 0x0000000086400000, 0x0000000086500000|  0%| F|  |TAMS 0x0000000086400000, 0x0000000086400000| Untracked 
| 101|0x0000000086500000, 0x0000000086500000, 0x0000000086600000|  0%| F|  |TAMS 0x0000000086500000, 0x0000000086500000| Untracked 
| 102|0x0000000086600000, 0x0000000086600000, 0x0000000086700000|  0%| F|  |TAMS 0x0000000086600000, 0x0000000086600000| Untracked 
| 103|0x0000000086700000, 0x0000000086700000, 0x0000000086800000|  0%| F|  |TAMS 0x0000000086700000, 0x0000000086700000| Untracked 
| 104|0x0000000086800000, 0x0000000086800000, 0x0000000086900000|  0%| F|  |TAMS 0x0000000086800000, 0x0000000086800000| Untracked 
| 105|0x0000000086900000, 0x0000000086900000, 0x0000000086a00000|  0%| F|  |TAMS 0x0000000086900000, 0x0000000086900000| Untracked 
| 106|0x0000000086a00000, 0x0000000086a00000, 0x0000000086b00000|  0%| F|  |TAMS 0x0000000086a00000, 0x0000000086a00000| Untracked 
| 107|0x0000000086b00000, 0x0000000086b00000, 0x0000000086c00000|  0%| F|  |TAMS 0x0000000086b00000, 0x0000000086b00000| Untracked 
| 108|0x0000000086c00000, 0x0000000086c00000, 0x0000000086d00000|  0%| F|  |TAMS 0x0000000086c00000, 0x0000000086c00000| Untracked 
| 109|0x0000000086d00000, 0x0000000086d00000, 0x0000000086e00000|  0%| F|  |TAMS 0x0000000086d00000, 0x0000000086d00000| Untracked 
| 110|0x0000000086e00000, 0x0000000086e00000, 0x0000000086f00000|  0%| F|  |TAMS 0x0000000086e00000, 0x0000000086e00000| Untracked 
| 111|0x0000000086f00000, 0x0000000086f00000, 0x0000000087000000|  0%| F|  |TAMS 0x0000000086f00000, 0x0000000086f00000| Untracked 
| 112|0x0000000087000000, 0x0000000087000000, 0x0000000087100000|  0%| F|  |TAMS 0x0000000087000000, 0x0000000087000000| Untracked 
| 113|0x0000000087100000, 0x0000000087100000, 0x0000000087200000|  0%| F|  |TAMS 0x0000000087100000, 0x0000000087100000| Untracked 
| 114|0x0000000087200000, 0x0000000087200000, 0x0000000087300000|  0%| F|  |TAMS 0x0000000087200000, 0x0000000087200000| Untracked 
| 115|0x0000000087300000, 0x0000000087300000, 0x0000000087400000|  0%| F|  |TAMS 0x0000000087300000, 0x0000000087300000| Untracked 
| 116|0x0000000087400000, 0x0000000087400000, 0x0000000087500000|  0%| F|  |TAMS 0x0000000087400000, 0x0000000087400000| Untracked 
| 117|0x0000000087500000, 0x0000000087500000, 0x0000000087600000|  0%| F|  |TAMS 0x0000000087500000, 0x0000000087500000| Untracked 
| 118|0x0000000087600000, 0x0000000087600000, 0x0000000087700000|  0%| F|  |TAMS 0x0000000087600000, 0x0000000087600000| Untracked 
| 119|0x0000000087700000, 0x0000000087700000, 0x0000000087800000|  0%| F|  |TAMS 0x0000000087700000, 0x0000000087700000| Untracked 
| 120|0x0000000087800000, 0x0000000087800000, 0x0000000087900000|  0%| F|  |TAMS 0x0000000087800000, 0x0000000087800000| Untracked 
| 121|0x0000000087900000, 0x0000000087900000, 0x0000000087a00000|  0%| F|  |TAMS 0x0000000087900000, 0x0000000087900000| Untracked 
| 122|0x0000000087a00000, 0x0000000087a00000, 0x0000000087b00000|  0%| F|  |TAMS 0x0000000087a00000, 0x0000000087a00000| Untracked 
| 123|0x0000000087b00000, 0x0000000087b00000, 0x0000000087c00000|  0%| F|  |TAMS 0x0000000087b00000, 0x0000000087b00000| Untracked 
| 124|0x0000000087c00000, 0x0000000087c00000, 0x0000000087d00000|  0%| F|  |TAMS 0x0000000087c00000, 0x0000000087c00000| Untracked 
| 125|0x0000000087d00000, 0x0000000087d00000, 0x0000000087e00000|  0%| F|  |TAMS 0x0000000087d00000, 0x0000000087d00000| Untracked 
| 126|0x0000000087e00000, 0x0000000087e00000, 0x0000000087f00000|  0%| F|  |TAMS 0x0000000087e00000, 0x0000000087e00000| Untracked 
| 127|0x0000000087f00000, 0x0000000087f00000, 0x0000000088000000|  0%| F|  |TAMS 0x0000000087f00000, 0x0000000087f00000| Untracked 
| 128|0x0000000088000000, 0x0000000088000000, 0x0000000088100000|  0%| F|  |TAMS 0x0000000088000000, 0x0000000088000000| Untracked 
| 129|0x0000000088100000, 0x0000000088100000, 0x0000000088200000|  0%| F|  |TAMS 0x0000000088100000, 0x0000000088100000| Untracked 
| 130|0x0000000088200000, 0x0000000088200000, 0x0000000088300000|  0%| F|  |TAMS 0x0000000088200000, 0x0000000088200000| Untracked 
| 131|0x0000000088300000, 0x0000000088300000, 0x0000000088400000|  0%| F|  |TAMS 0x0000000088300000, 0x0000000088300000| Untracked 
| 132|0x0000000088400000, 0x0000000088400000, 0x0000000088500000|  0%| F|  |TAMS 0x0000000088400000, 0x0000000088400000| Untracked 
| 133|0x0000000088500000, 0x0000000088500000, 0x0000000088600000|  0%| F|  |TAMS 0x0000000088500000, 0x0000000088500000| Untracked 
| 134|0x0000000088600000, 0x0000000088600000, 0x0000000088700000|  0%| F|  |TAMS 0x0000000088600000, 0x0000000088600000| Untracked 
| 135|0x0000000088700000, 0x0000000088700000, 0x0000000088800000|  0%| F|  |TAMS 0x0000000088700000, 0x0000000088700000| Untracked 
| 136|0x0000000088800000, 0x0000000088800000, 0x0000000088900000|  0%| F|  |TAMS 0x0000000088800000, 0x0000000088800000| Untracked 
| 137|0x0000000088900000, 0x0000000088900000, 0x0000000088a00000|  0%| F|  |TAMS 0x0000000088900000, 0x0000000088900000| Untracked 
| 138|0x0000000088a00000, 0x0000000088a00000, 0x0000000088b00000|  0%| F|  |TAMS 0x0000000088a00000, 0x0000000088a00000| Untracked 
| 139|0x0000000088b00000, 0x0000000088b00000, 0x0000000088c00000|  0%| F|  |TAMS 0x0000000088b00000, 0x0000000088b00000| Untracked 
| 140|0x0000000088c00000, 0x0000000088c00000, 0x0000000088d00000|  0%| F|  |TAMS 0x0000000088c00000, 0x0000000088c00000| Untracked 
| 141|0x0000000088d00000, 0x0000000088d00000, 0x0000000088e00000|  0%| F|  |TAMS 0x0000000088d00000, 0x0000000088d00000| Untracked 
| 142|0x0000000088e00000, 0x0000000088e00000, 0x0000000088f00000|  0%| F|  |TAMS 0x0000000088e00000, 0x0000000088e00000| Untracked 
| 143|0x0000000088f00000, 0x0000000088f00000, 0x0000000089000000|  0%| F|  |TAMS 0x0000000088f00000, 0x0000000088f00000| Untracked 
| 144|0x0000000089000000, 0x0000000089000000, 0x0000000089100000|  0%| F|  |TAMS 0x0000000089000000, 0x0000000089000000| Untracked 
| 145|0x0000000089100000, 0x0000000089100000, 0x0000000089200000|  0%| F|  |TAMS 0x0000000089100000, 0x0000000089100000| Untracked 
| 146|0x0000000089200000, 0x0000000089200000, 0x0000000089300000|  0%| F|  |TAMS 0x0000000089200000, 0x0000000089200000| Untracked 
| 147|0x0000000089300000, 0x0000000089300000, 0x0000000089400000|  0%| F|  |TAMS 0x0000000089300000, 0x0000000089300000| Untracked 
| 148|0x0000000089400000, 0x0000000089400000, 0x0000000089500000|  0%| F|  |TAMS 0x0000000089400000, 0x0000000089400000| Untracked 
| 149|0x0000000089500000, 0x0000000089500000, 0x0000000089600000|  0%| F|  |TAMS 0x0000000089500000, 0x0000000089500000| Untracked 
| 150|0x0000000089600000, 0x0000000089600000, 0x0000000089700000|  0%| F|  |TAMS 0x0000000089600000, 0x0000000089600000| Untracked 
| 151|0x0000000089700000, 0x0000000089700000, 0x0000000089800000|  0%| F|  |TAMS 0x0000000089700000, 0x0000000089700000| Untracked 
| 152|0x0000000089800000, 0x0000000089800000, 0x0000000089900000|  0%| F|  |TAMS 0x0000000089800000, 0x0000000089800000| Untracked 
| 153|0x0000000089900000, 0x0000000089900000, 0x0000000089a00000|  0%| F|  |TAMS 0x0000000089900000, 0x0000000089900000| Untracked 
| 154|0x0000000089a00000, 0x0000000089a00000, 0x0000000089b00000|  0%| F|  |TAMS 0x0000000089a00000, 0x0000000089a00000| Untracked 
| 155|0x0000000089b00000, 0x0000000089b00000, 0x0000000089c00000|  0%| F|  |TAMS 0x0000000089b00000, 0x0000000089b00000| Untracked 
| 156|0x0000000089c00000, 0x0000000089c00000, 0x0000000089d00000|  0%| F|  |TAMS 0x0000000089c00000, 0x0000000089c00000| Untracked 
| 157|0x0000000089d00000, 0x0000000089d00000, 0x0000000089e00000|  0%| F|  |TAMS 0x0000000089d00000, 0x0000000089d00000| Untracked 
| 158|0x0000000089e00000, 0x0000000089e00000, 0x0000000089f00000|  0%| F|  |TAMS 0x0000000089e00000, 0x0000000089e00000| Untracked 
| 159|0x0000000089f00000, 0x0000000089f00000, 0x000000008a000000|  0%| F|  |TAMS 0x0000000089f00000, 0x0000000089f00000| Untracked 
| 160|0x000000008a000000, 0x000000008a000000, 0x000000008a100000|  0%| F|  |TAMS 0x000000008a000000, 0x000000008a000000| Untracked 
| 161|0x000000008a100000, 0x000000008a100000, 0x000000008a200000|  0%| F|  |TAMS 0x000000008a100000, 0x000000008a100000| Untracked 
| 162|0x000000008a200000, 0x000000008a200000, 0x000000008a300000|  0%| F|  |TAMS 0x000000008a200000, 0x000000008a200000| Untracked 
| 163|0x000000008a300000, 0x000000008a300000, 0x000000008a400000|  0%| F|  |TAMS 0x000000008a300000, 0x000000008a300000| Untracked 
| 164|0x000000008a400000, 0x000000008a400000, 0x000000008a500000|  0%| F|  |TAMS 0x000000008a400000, 0x000000008a400000| Untracked 
| 165|0x000000008a500000, 0x000000008a500000, 0x000000008a600000|  0%| F|  |TAMS 0x000000008a500000, 0x000000008a500000| Untracked 
| 166|0x000000008a600000, 0x000000008a600000, 0x000000008a700000|  0%| F|  |TAMS 0x000000008a600000, 0x000000008a600000| Untracked 
| 167|0x000000008a700000, 0x000000008a700000, 0x000000008a800000|  0%| F|  |TAMS 0x000000008a700000, 0x000000008a700000| Untracked 
| 168|0x000000008a800000, 0x000000008a800000, 0x000000008a900000|  0%| F|  |TAMS 0x000000008a800000, 0x000000008a800000| Untracked 
| 169|0x000000008a900000, 0x000000008a900000, 0x000000008aa00000|  0%| F|  |TAMS 0x000000008a900000, 0x000000008a900000| Untracked 
| 170|0x000000008aa00000, 0x000000008aa00000, 0x000000008ab00000|  0%| F|  |TAMS 0x000000008aa00000, 0x000000008aa00000| Untracked 
| 171|0x000000008ab00000, 0x000000008ab00000, 0x000000008ac00000|  0%| F|  |TAMS 0x000000008ab00000, 0x000000008ab00000| Untracked 
| 172|0x000000008ac00000, 0x000000008ac00000, 0x000000008ad00000|  0%| F|  |TAMS 0x000000008ac00000, 0x000000008ac00000| Untracked 
| 173|0x000000008ad00000, 0x000000008ad00000, 0x000000008ae00000|  0%| F|  |TAMS 0x000000008ad00000, 0x000000008ad00000| Untracked 
| 174|0x000000008ae00000, 0x000000008ae00000, 0x000000008af00000|  0%| F|  |TAMS 0x000000008ae00000, 0x000000008ae00000| Untracked 
| 175|0x000000008af00000, 0x000000008af00000, 0x000000008b000000|  0%| F|  |TAMS 0x000000008af00000, 0x000000008af00000| Untracked 
| 176|0x000000008b000000, 0x000000008b000000, 0x000000008b100000|  0%| F|  |TAMS 0x000000008b000000, 0x000000008b000000| Untracked 
| 177|0x000000008b100000, 0x000000008b100000, 0x000000008b200000|  0%| F|  |TAMS 0x000000008b100000, 0x000000008b100000| Untracked 
| 178|0x000000008b200000, 0x000000008b200000, 0x000000008b300000|  0%| F|  |TAMS 0x000000008b200000, 0x000000008b200000| Untracked 
| 179|0x000000008b300000, 0x000000008b300000, 0x000000008b400000|  0%| F|  |TAMS 0x000000008b300000, 0x000000008b300000| Untracked 
| 180|0x000000008b400000, 0x000000008b400000, 0x000000008b500000|  0%| F|  |TAMS 0x000000008b400000, 0x000000008b400000| Untracked 
| 181|0x000000008b500000, 0x000000008b500000, 0x000000008b600000|  0%| F|  |TAMS 0x000000008b500000, 0x000000008b500000| Untracked 
| 182|0x000000008b600000, 0x000000008b600000, 0x000000008b700000|  0%| F|  |TAMS 0x000000008b600000, 0x000000008b600000| Untracked 
| 183|0x000000008b700000, 0x000000008b700000, 0x000000008b800000|  0%| F|  |TAMS 0x000000008b700000, 0x000000008b700000| Untracked 
| 184|0x000000008b800000, 0x000000008b800000, 0x000000008b900000|  0%| F|  |TAMS 0x000000008b800000, 0x000000008b800000| Untracked 
| 185|0x000000008b900000, 0x000000008b900000, 0x000000008ba00000|  0%| F|  |TAMS 0x000000008b900000, 0x000000008b900000| Untracked 
| 186|0x000000008ba00000, 0x000000008ba00000, 0x000000008bb00000|  0%| F|  |TAMS 0x000000008ba00000, 0x000000008ba00000| Untracked 
| 187|0x000000008bb00000, 0x000000008bb00000, 0x000000008bc00000|  0%| F|  |TAMS 0x000000008bb00000, 0x000000008bb00000| Untracked 
| 188|0x000000008bc00000, 0x000000008bc00000, 0x000000008bd00000|  0%| F|  |TAMS 0x000000008bc00000, 0x000000008bc00000| Untracked 
| 189|0x000000008bd00000, 0x000000008bd00000, 0x000000008be00000|  0%| F|  |TAMS 0x000000008bd00000, 0x000000008bd00000| Untracked 
| 190|0x000000008be00000, 0x000000008be00000, 0x000000008bf00000|  0%| F|  |TAMS 0x000000008be00000, 0x000000008be00000| Untracked 
| 191|0x000000008bf00000, 0x000000008bf00000, 0x000000008c000000|  0%| F|  |TAMS 0x000000008bf00000, 0x000000008bf00000| Untracked 
| 192|0x000000008c000000, 0x000000008c000000, 0x000000008c100000|  0%| F|  |TAMS 0x000000008c000000, 0x000000008c000000| Untracked 
| 193|0x000000008c100000, 0x000000008c100000, 0x000000008c200000|  0%| F|  |TAMS 0x000000008c100000, 0x000000008c100000| Untracked 
| 194|0x000000008c200000, 0x000000008c200000, 0x000000008c300000|  0%| F|  |TAMS 0x000000008c200000, 0x000000008c200000| Untracked 
| 195|0x000000008c300000, 0x000000008c300000, 0x000000008c400000|  0%| F|  |TAMS 0x000000008c300000, 0x000000008c300000| Untracked 
| 196|0x000000008c400000, 0x000000008c400000, 0x000000008c500000|  0%| F|  |TAMS 0x000000008c400000, 0x000000008c400000| Untracked 
| 197|0x000000008c500000, 0x000000008c500000, 0x000000008c600000|  0%| F|  |TAMS 0x000000008c500000, 0x000000008c500000| Untracked 
| 198|0x000000008c600000, 0x000000008c600000, 0x000000008c700000|  0%| F|  |TAMS 0x000000008c600000, 0x000000008c600000| Untracked 
| 199|0x000000008c700000, 0x000000008c700000, 0x000000008c800000|  0%| F|  |TAMS 0x000000008c700000, 0x000000008c700000| Untracked 
| 200|0x000000008c800000, 0x000000008c800000, 0x000000008c900000|  0%| F|  |TAMS 0x000000008c800000, 0x000000008c800000| Untracked 
| 201|0x000000008c900000, 0x000000008c900000, 0x000000008ca00000|  0%| F|  |TAMS 0x000000008c900000, 0x000000008c900000| Untracked 
| 202|0x000000008ca00000, 0x000000008ca00000, 0x000000008cb00000|  0%| F|  |TAMS 0x000000008ca00000, 0x000000008ca00000| Untracked 
| 203|0x000000008cb00000, 0x000000008cb00000, 0x000000008cc00000|  0%| F|  |TAMS 0x000000008cb00000, 0x000000008cb00000| Untracked 
| 204|0x000000008cc00000, 0x000000008cc00000, 0x000000008cd00000|  0%| F|  |TAMS 0x000000008cc00000, 0x000000008cc00000| Untracked 
| 205|0x000000008cd00000, 0x000000008cda0bc0, 0x000000008ce00000| 62%| S|CS|TAMS 0x000000008cd00000, 0x000000008cd00000| Complete 
| 206|0x000000008ce00000, 0x000000008ce00000, 0x000000008cf00000|  0%| F|  |TAMS 0x000000008ce00000, 0x000000008ce00000| Untracked 
| 207|0x000000008cf00000, 0x000000008cf00000, 0x000000008d000000|  0%| F|  |TAMS 0x000000008cf00000, 0x000000008cf00000| Untracked 
| 208|0x000000008d000000, 0x000000008d000000, 0x000000008d100000|  0%| F|  |TAMS 0x000000008d000000, 0x000000008d000000| Untracked 
| 209|0x000000008d100000, 0x000000008d100000, 0x000000008d200000|  0%| F|  |TAMS 0x000000008d100000, 0x000000008d100000| Untracked 
| 210|0x000000008d200000, 0x000000008d247898, 0x000000008d300000| 27%| E|  |TAMS 0x000000008d200000, 0x000000008d200000| Complete 
| 211|0x000000008d300000, 0x000000008d400000, 0x000000008d400000|100%| E|CS|TAMS 0x000000008d300000, 0x000000008d300000| Complete 
| 350|0x0000000095e00000, 0x0000000095f00000, 0x0000000095f00000|100%| E|CS|TAMS 0x0000000095e00000, 0x0000000095e00000| Complete 
| 351|0x0000000095f00000, 0x0000000096000000, 0x0000000096000000|100%| E|CS|TAMS 0x0000000095f00000, 0x0000000095f00000| Complete 

Card table byte_map: [0x000001ca5f7e0000,0x000001ca5fbe0000] _byte_map_base: 0x000001ca5f3e0000

Marking Bits (Prev, Next): (CMBitMap*) 0x000001ca4858d690, (CMBitMap*) 0x000001ca4858d6d0
 Prev Bits: [0x000001ca5ffe0000, 0x000001ca61fe0000)
 Next Bits: [0x000001ca61fe0000, 0x000001ca63fe0000)

Polling page: 0x000001ca46880000

Metaspace:

Usage:
  Non-class:     62.99 MB used.
      Class:     10.21 MB used.
       Both:     73.20 MB used.

Virtual space:
  Non-class space:      128.00 MB reserved,      63.50 MB ( 50%) committed,  2 nodes.
      Class space:      416.00 MB reserved,      10.62 MB (  3%) committed,  1 nodes.
             Both:      544.00 MB reserved,      74.12 MB ( 14%) committed. 

Chunk freelists:
   Non-Class:  15.91 MB
       Class:  5.25 MB
        Both:  21.16 MB

MaxMetaspaceSize: 512.00 MB
CompressedClassSpaceSize: 416.00 MB
Initial GC threshold: 21.00 MB
Current GC threshold: 113.12 MB
CDS: on
MetaspaceReclaimPolicy: balanced
 - commit_granule_bytes: 65536.
 - commit_granule_words: 8192.
 - virtual_space_node_default_size: 8388608.
 - enlarge_chunks_in_place: 1.
 - new_chunks_are_fully_committed: 0.
 - uncommit_free_chunks: 1.
 - use_allocation_guard: 0.
 - handle_deallocations: 1.


Internal statistics:

num_allocs_failed_limit: 12.
num_arena_births: 1166.
num_arena_deaths: 0.
num_vsnodes_births: 3.
num_vsnodes_deaths: 0.
num_space_committed: 1186.
num_space_uncommitted: 0.
num_chunks_returned_to_freelist: 12.
num_chunks_taken_from_freelist: 4544.
num_chunk_merges: 12.
num_chunk_splits: 2886.
num_chunks_enlarged: 1769.
num_inconsistent_stats: 0.

CodeHeap 'non-profiled nmethods': size=120000Kb used=6493Kb max_used=6493Kb free=113506Kb
 bounds [0x000001ca57b80000, 0x000001ca581e0000, 0x000001ca5f0b0000]
CodeHeap 'profiled nmethods': size=120000Kb used=19450Kb max_used=19450Kb free=100549Kb
 bounds [0x000001ca500b0000, 0x000001ca513b0000, 0x000001ca575e0000]
CodeHeap 'non-nmethods': size=5760Kb used=2377Kb max_used=2428Kb free=3383Kb
 bounds [0x000001ca575e0000, 0x000001ca57860000, 0x000001ca57b80000]
 total_blobs=10740 nmethods=9832 adapters=820
 compilation: enabled
              stopped_count=0, restarted_count=0
 full_count=0

Compilation events (20 events):
Event: 873.060 Thread 0x000001ca66a2bb20 nmethod 10721 0x000001ca513a9c90 code [0x000001ca513a9e60, 0x000001ca513aa3d8]
Event: 873.060 Thread 0x000001ca66a2bb20 10722       3       org.gradle.api.internal.artifacts.configurations.DefaultConfigurationContainer::lambda$visitConsumable$3 (20 bytes)
Event: 873.060 Thread 0x000001ca66a2bb20 nmethod 10722 0x000001ca513aa590 code [0x000001ca513aa760, 0x000001ca513aab38]
Event: 873.061 Thread 0x000001ca66a2bb20 10723       1       org.gradle.internal.component.local.model.LocalComponentGraphResolveMetadata::getId (5 bytes)
Event: 873.061 Thread 0x000001ca66a2bb20 nmethod 10723 0x000001ca581d7410 code [0x000001ca581d75a0, 0x000001ca581d7678]
Event: 873.166 Thread 0x000001ca66a2bb20 10724       3       org.gradle.internal.component.external.model.DefaultImmutableCapability::defaultCapabilityForComponent (26 bytes)
Event: 873.170 Thread 0x000001ca66a2bb20 nmethod 10724 0x000001ca513aac90 code [0x000001ca513aae60, 0x000001ca513ab268]
Event: 874.547 Thread 0x000001ca66a148c0 10725       4       org.gradle.internal.reflect.ClassInspector::inspectClass (179 bytes)
Event: 874.662 Thread 0x000001ca66a2bb20 10726       3       org.gradle.internal.instantiation.generator.AsmBackedClassGenerator$ClassBuilderImpl$$Lambda$165/0x000001ca011d38e0::emit (33 bytes)
Event: 874.665 Thread 0x000001ca66a2bb20 nmethod 10726 0x000001ca513ab490 code [0x000001ca513ab640, 0x000001ca513ab7a8]
Event: 874.673 Thread 0x000001ca66a2bb20 10727       3       org.gradle.internal.instantiation.generator.AsmBackedClassGenerator$ClassBuilderImpl$40::<init> (238 bytes)
Event: 874.679 Thread 0x000001ca66a2bb20 nmethod 10727 0x000001ca513ab890 code [0x000001ca513abc00, 0x000001ca513ad558]
Event: 874.679 Thread 0x000001ca66a2bb20 10728       3       org.gradle.internal.instantiation.generator.AsmBackedClassGenerator$ClassBuilderImpl::access$3100 (4 bytes)
Event: 874.679 Thread 0x000001ca66a2bb20 nmethod 10728 0x000001ca513ade10 code [0x000001ca513adfa0, 0x000001ca513ae098]
Event: 874.679 Thread 0x000001ca66a2bb20 10729       3       org.gradle.internal.instantiation.generator.AsmBackedClassGenerator$ClassBuilderImpl::access$3200 (4 bytes)
Event: 874.680 Thread 0x000001ca66a2bb20 nmethod 10729 0x000001ca513ae110 code [0x000001ca513ae2a0, 0x000001ca513ae398]
Event: 874.680 Thread 0x000001ca66a2bb20 10730       3       org.gradle.internal.instantiation.generator.AsmBackedClassGenerator$ClassBuilderImpl::access$3300 (4 bytes)
Event: 874.680 Thread 0x000001ca66a2bb20 nmethod 10730 0x000001ca513ae410 code [0x000001ca513ae5a0, 0x000001ca513ae698]
Event: 874.690 Thread 0x000001ca66a2bb20 10731       3       org.gradle.internal.instantiation.generator.AsmBackedClassGenerator$ClassBuilderImpl::access$6500 (4 bytes)
Event: 874.690 Thread 0x000001ca66a2bb20 nmethod 10731 0x000001ca513ae710 code [0x000001ca513ae8a0, 0x000001ca513ae998]

GC Heap History (20 events):
Event: 651.255 GC heap before
{Heap before GC invocations=42 (full 0):
 garbage-first heap   total 219136K, used 75617K [0x0000000080000000, 0x0000000100000000)
  region size 1024K, 10 young (10240K), 1 survivors (1024K)
 Metaspace       used 73310K, committed 74176K, reserved 491520K
  class space    used 10245K, committed 10688K, reserved 425984K
}
Event: 651.258 GC heap after
{Heap after GC invocations=43 (full 0):
 garbage-first heap   total 219136K, used 66397K [0x0000000080000000, 0x0000000100000000)
  region size 1024K, 1 young (1024K), 1 survivors (1024K)
 Metaspace       used 73310K, committed 74176K, reserved 491520K
  class space    used 10245K, committed 10688K, reserved 425984K
}
Event: 653.199 GC heap before
{Heap before GC invocations=43 (full 0):
 garbage-first heap   total 219136K, used 75613K [0x0000000080000000, 0x0000000100000000)
  region size 1024K, 10 young (10240K), 1 survivors (1024K)
 Metaspace       used 73916K, committed 74816K, reserved 491520K
  class space    used 10333K, committed 10752K, reserved 425984K
}
Event: 653.204 GC heap after
{Heap after GC invocations=44 (full 0):
 garbage-first heap   total 219136K, used 66901K [0x0000000080000000, 0x0000000100000000)
  region size 1024K, 2 young (2048K), 2 survivors (2048K)
 Metaspace       used 73916K, committed 74816K, reserved 491520K
  class space    used 10333K, committed 10752K, reserved 425984K
}
Event: 715.398 GC heap before
{Heap before GC invocations=44 (full 0):
 garbage-first heap   total 219136K, used 75093K [0x0000000080000000, 0x0000000100000000)
  region size 1024K, 10 young (10240K), 2 survivors (2048K)
 Metaspace       used 73987K, committed 74880K, reserved 491520K
  class space    used 10336K, committed 10752K, reserved 425984K
}
Event: 716.467 GC heap after
{Heap after GC invocations=45 (full 0):
 garbage-first heap   total 219136K, used 67562K [0x0000000080000000, 0x0000000100000000)
  region size 1024K, 2 young (2048K), 2 survivors (2048K)
 Metaspace       used 73987K, committed 74880K, reserved 491520K
  class space    used 10336K, committed 10752K, reserved 425984K
}
Event: 806.697 GC heap before
{Heap before GC invocations=45 (full 0):
 garbage-first heap   total 219136K, used 74730K [0x0000000080000000, 0x0000000100000000)
  region size 1024K, 10 young (10240K), 2 survivors (2048K)
 Metaspace       used 74037K, committed 74880K, reserved 491520K
  class space    used 10336K, committed 10752K, reserved 425984K
}
Event: 811.210 GC heap after
{Heap after GC invocations=46 (full 0):
 garbage-first heap   total 219136K, used 67579K [0x0000000080000000, 0x0000000100000000)
  region size 1024K, 1 young (1024K), 1 survivors (1024K)
 Metaspace       used 74037K, committed 74880K, reserved 491520K
  class space    used 10336K, committed 10752K, reserved 425984K
}
Event: 820.696 GC heap before
{Heap before GC invocations=46 (full 0):
 garbage-first heap   total 219136K, used 75771K [0x0000000080000000, 0x0000000100000000)
  region size 1024K, 10 young (10240K), 1 survivors (1024K)
 Metaspace       used 74069K, committed 74944K, reserved 491520K
  class space    used 10336K, committed 10752K, reserved 425984K
}
Event: 820.732 GC heap after
{Heap after GC invocations=47 (full 0):
 garbage-first heap   total 219136K, used 69628K [0x0000000080000000, 0x0000000100000000)
  region size 1024K, 2 young (2048K), 2 survivors (2048K)
 Metaspace       used 74069K, committed 74944K, reserved 491520K
  class space    used 10336K, committed 10752K, reserved 425984K
}
Event: 831.395 GC heap before
{Heap before GC invocations=47 (full 0):
 garbage-first heap   total 219136K, used 76796K [0x0000000080000000, 0x0000000100000000)
  region size 1024K, 10 young (10240K), 2 survivors (2048K)
 Metaspace       used 74184K, committed 75008K, reserved 491520K
  class space    used 10338K, committed 10752K, reserved 425984K
}
Event: 831.449 GC heap after
{Heap after GC invocations=48 (full 0):
 garbage-first heap   total 219136K, used 69500K [0x0000000080000000, 0x0000000100000000)
  region size 1024K, 2 young (2048K), 2 survivors (2048K)
 Metaspace       used 74184K, committed 75008K, reserved 491520K
  class space    used 10338K, committed 10752K, reserved 425984K
}
Event: 832.215 GC heap before
{Heap before GC invocations=48 (full 0):
 garbage-first heap   total 219136K, used 77692K [0x0000000080000000, 0x0000000100000000)
  region size 1024K, 10 young (10240K), 2 survivors (2048K)
 Metaspace       used 74184K, committed 75008K, reserved 491520K
  class space    used 10338K, committed 10752K, reserved 425984K
}
Event: 832.241 GC heap after
{Heap after GC invocations=49 (full 0):
 garbage-first heap   total 219136K, used 72024K [0x0000000080000000, 0x0000000100000000)
  region size 1024K, 2 young (2048K), 2 survivors (2048K)
 Metaspace       used 74184K, committed 75008K, reserved 491520K
  class space    used 10338K, committed 10752K, reserved 425984K
}
Event: 836.658 GC heap before
{Heap before GC invocations=49 (full 0):
 garbage-first heap   total 219136K, used 80216K [0x0000000080000000, 0x0000000100000000)
  region size 1024K, 10 young (10240K), 2 survivors (2048K)
 Metaspace       used 74227K, committed 75072K, reserved 491520K
  class space    used 10346K, committed 10752K, reserved 425984K
}
Event: 836.672 GC heap after
{Heap after GC invocations=50 (full 0):
 garbage-first heap   total 219136K, used 71390K [0x0000000080000000, 0x0000000100000000)
  region size 1024K, 1 young (1024K), 1 survivors (1024K)
 Metaspace       used 74227K, committed 75072K, reserved 491520K
  class space    used 10346K, committed 10752K, reserved 425984K
}
Event: 851.187 GC heap before
{Heap before GC invocations=50 (full 0):
 garbage-first heap   total 219136K, used 80606K [0x0000000080000000, 0x0000000100000000)
  region size 1024K, 10 young (10240K), 1 survivors (1024K)
 Metaspace       used 74323K, committed 75136K, reserved 491520K
  class space    used 10353K, committed 10752K, reserved 425984K
}
Event: 851.955 GC heap after
{Heap after GC invocations=51 (full 0):
 garbage-first heap   total 219136K, used 72303K [0x0000000080000000, 0x0000000100000000)
  region size 1024K, 2 young (2048K), 2 survivors (2048K)
 Metaspace       used 74323K, committed 75136K, reserved 491520K
  class space    used 10353K, committed 10752K, reserved 425984K
}
Event: 871.146 GC heap before
{Heap before GC invocations=51 (full 0):
 garbage-first heap   total 219136K, used 80495K [0x0000000080000000, 0x0000000100000000)
  region size 1024K, 10 young (10240K), 2 survivors (2048K)
 Metaspace       used 74730K, committed 75712K, reserved 491520K
  class space    used 10424K, committed 10880K, reserved 425984K
}
Event: 871.161 GC heap after
{Heap after GC invocations=52 (full 0):
 garbage-first heap   total 219136K, used 72376K [0x0000000080000000, 0x0000000100000000)
  region size 1024K, 1 young (1024K), 1 survivors (1024K)
 Metaspace       used 74730K, committed 75712K, reserved 491520K
  class space    used 10424K, committed 10880K, reserved 425984K
}

Dll operation events (15 events):
Event: 0.140 Loaded shared library C:\Program Files\Eclipse Adoptium\jdk-17.0.19.10-hotspot\bin\java.dll
Event: 0.273 Loaded shared library C:\Program Files\Eclipse Adoptium\jdk-17.0.19.10-hotspot\bin\jsvml.dll
Event: 0.861 Loaded shared library C:\Program Files\Eclipse Adoptium\jdk-17.0.19.10-hotspot\bin\zip.dll
Event: 0.869 Loaded shared library C:\Program Files\Eclipse Adoptium\jdk-17.0.19.10-hotspot\bin\instrument.dll
Event: 1.167 Loaded shared library C:\Program Files\Eclipse Adoptium\jdk-17.0.19.10-hotspot\bin\net.dll
Event: 1.170 Loaded shared library C:\Program Files\Eclipse Adoptium\jdk-17.0.19.10-hotspot\bin\nio.dll
Event: 1.174 Loaded shared library C:\Program Files\Eclipse Adoptium\jdk-17.0.19.10-hotspot\bin\zip.dll
Event: 4.050 Loaded shared library C:\Program Files\Eclipse Adoptium\jdk-17.0.19.10-hotspot\bin\jimage.dll
Event: 5.494 Loaded shared library C:\Program Files\Eclipse Adoptium\jdk-17.0.19.10-hotspot\bin\verify.dll
Event: 5.925 Loaded shared library C:\Users\USER\.gradle\native\1def1411415f61bf3af743bc5b6707747c0891f09f0c88961ee8f79bc544acac\windows-amd64\native-platform.dll
Event: 5.942 Loaded shared library C:\Users\USER\.gradle\native\0.2.7\x86_64-windows-gnu\gradle-fileevents.dll
Event: 14.760 Loaded shared library C:\Program Files\Eclipse Adoptium\jdk-17.0.19.10-hotspot\bin\management.dll
Event: 14.917 Loaded shared library C:\Program Files\Eclipse Adoptium\jdk-17.0.19.10-hotspot\bin\management_ext.dll
Event: 16.717 Loaded shared library C:\Program Files\Eclipse Adoptium\jdk-17.0.19.10-hotspot\bin\extnet.dll
Event: 26.579 Loaded shared library C:\Program Files\Eclipse Adoptium\jdk-17.0.19.10-hotspot\bin\sunmscapi.dll

Deoptimization events (20 events):
Event: 871.844 Thread 0x000001ca66f61d20 Uncommon trap: trap_request=0xffffffde fr.pc=0x000001ca58068d3c relative=0x00000000000008bc
Event: 871.844 Thread 0x000001ca66f61d20 Uncommon trap: reason=class_check action=maybe_recompile pc=0x000001ca58068d3c method=com.google.common.collect.Sets$1$1.computeNext()Ljava/lang/Object; @ 16 c2
Event: 871.844 Thread 0x000001ca66f61d20 DEOPT PACKING pc=0x000001ca58068d3c sp=0x000000c12d3f8ad0
Event: 871.844 Thread 0x000001ca66f61d20 DEOPT UNPACKING pc=0x000001ca576369a3 sp=0x000000c12d3f89e0 mode 2
Event: 871.844 Thread 0x000001ca66f61d20 Uncommon trap: trap_request=0xffffffde fr.pc=0x000001ca58068d3c relative=0x00000000000008bc
Event: 871.844 Thread 0x000001ca66f61d20 Uncommon trap: reason=class_check action=maybe_recompile pc=0x000001ca58068d3c method=com.google.common.collect.Sets$1$1.computeNext()Ljava/lang/Object; @ 16 c2
Event: 871.844 Thread 0x000001ca66f61d20 DEOPT PACKING pc=0x000001ca58068d3c sp=0x000000c12d3f8ad0
Event: 871.844 Thread 0x000001ca66f61d20 DEOPT UNPACKING pc=0x000001ca576369a3 sp=0x000000c12d3f89e0 mode 2
Event: 871.844 Thread 0x000001ca66f61d20 Uncommon trap: trap_request=0xffffffde fr.pc=0x000001ca58068d3c relative=0x00000000000008bc
Event: 871.844 Thread 0x000001ca66f61d20 Uncommon trap: reason=class_check action=maybe_recompile pc=0x000001ca58068d3c method=com.google.common.collect.Sets$1$1.computeNext()Ljava/lang/Object; @ 16 c2
Event: 871.844 Thread 0x000001ca66f61d20 DEOPT PACKING pc=0x000001ca58068d3c sp=0x000000c12d3f8ad0
Event: 871.844 Thread 0x000001ca66f61d20 DEOPT UNPACKING pc=0x000001ca576369a3 sp=0x000000c12d3f89e0 mode 2
Event: 872.184 Thread 0x000001ca66f61d20 Uncommon trap: trap_request=0xffffffc6 fr.pc=0x000001ca581223ac relative=0x00000000000003ec
Event: 872.184 Thread 0x000001ca66f61d20 Uncommon trap: reason=bimorphic_or_optimized_type_check action=maybe_recompile pc=0x000001ca581223ac method=com.google.common.collect.NaturalOrdering.compare(Ljava/lang/Comparable;Ljava/lang/Comparable;)I @ 12 c2
Event: 872.184 Thread 0x000001ca66f61d20 DEOPT PACKING pc=0x000001ca581223ac sp=0x000000c12d3f84a0
Event: 872.185 Thread 0x000001ca66f61d20 DEOPT UNPACKING pc=0x000001ca576369a3 sp=0x000000c12d3f83c8 mode 2
Event: 872.728 Thread 0x000001ca66f61d20 Uncommon trap: trap_request=0xffffffc6 fr.pc=0x000001ca581223ac relative=0x00000000000003ec
Event: 872.728 Thread 0x000001ca66f61d20 Uncommon trap: reason=bimorphic_or_optimized_type_check action=maybe_recompile pc=0x000001ca581223ac method=com.google.common.collect.NaturalOrdering.compare(Ljava/lang/Comparable;Ljava/lang/Comparable;)I @ 12 c2
Event: 872.728 Thread 0x000001ca66f61d20 DEOPT PACKING pc=0x000001ca581223ac sp=0x000000c12d3f84a0
Event: 872.729 Thread 0x000001ca66f61d20 DEOPT UNPACKING pc=0x000001ca576369a3 sp=0x000000c12d3f83c8 mode 2

Classes loaded (20 events):
Event: 404.626 Loading class javax/xml/parsers/FactoryFinder$1
Event: 404.626 Loading class javax/xml/parsers/FactoryFinder$1 done
Event: 404.627 Loading class com/sun/org/apache/xerces/internal/jaxp/DocumentBuilderFactoryImpl
Event: 404.628 Loading class com/sun/org/apache/xerces/internal/jaxp/DocumentBuilderFactoryImpl done
Event: 404.756 Loading class java/util/regex/Pattern$SliceI
Event: 404.756 Loading class java/util/regex/Pattern$SliceI done
Event: 406.595 Loading class java/lang/Character$UnicodeBlock
Event: 406.599 Loading class java/lang/Character$Subset
Event: 406.599 Loading class java/lang/Character$Subset done
Event: 406.599 Loading class java/lang/Character$UnicodeBlock done
Event: 508.344 Loading class java/lang/AbstractMethodError
Event: 508.347 Loading class java/lang/AbstractMethodError done
Event: 651.359 Loading class sun/reflect/annotation/AnnotationInvocationHandler$1
Event: 651.385 Loading class sun/reflect/annotation/AnnotationInvocationHandler$1 done
Event: 651.961 Loading class java/util/stream/ReduceOps$5
Event: 651.996 Loading class java/util/stream/ReduceOps$5 done
Event: 652.001 Loading class java/util/stream/ReduceOps$CountingSink$OfRef
Event: 652.029 Loading class java/util/stream/ReduceOps$CountingSink
Event: 652.029 Loading class java/util/stream/ReduceOps$CountingSink done
Event: 652.029 Loading class java/util/stream/ReduceOps$CountingSink$OfRef done

Classes unloaded (0 events):
No events

Classes redefined (0 events):
No events

Internal exceptions (20 events):
Event: 579.179 Thread 0x000001ca66f61d20 Exception <a 'java/lang/NoSuchMethodError'{0x00000000861b17f0}: static Lorg/jetbrains/kotlin/gradle/plugin/internal/DefaultProjectIsolationStartParameterAccessor$Factory;.<clinit>()V> (0x00000000861b17f0) 
thrown [s\src\hotspot\share\prims\jni.cpp, line 1112]
Event: 579.242 Thread 0x000001ca66f61d20 Exception <a 'java/lang/NoSuchMethodError'{0x00000000861cd930}: static Lorg/jetbrains/kotlin/gradle/plugin/internal/DefaultJavaExecTaskParametersCompatibility$Factory;.<clinit>()V> (0x00000000861cd930) 
thrown [s\src\hotspot\share\prims\jni.cpp, line 1112]
Event: 579.277 Thread 0x000001ca66f61d20 Exception <a 'java/lang/NoSuchMethodError'{0x00000000861f3ed0}: static Lorg/jetbrains/kotlin/gradle/plugin/internal/DefaultMavenPublicationComponentAccessorFactory;.<clinit>()V> (0x00000000861f3ed0) 
thrown [s\src\hotspot\share\prims\jni.cpp, line 1112]
Event: 579.306 Thread 0x000001ca66f61d20 Exception <a 'java/lang/NoSuchMethodError'{0x0000000086017a30}: static Lorg/jetbrains/kotlin/gradle/plugin/internal/DefaultCompatibilityConventionRegistrar$Factory;.<clinit>()V> (0x0000000086017a30) 
thrown [s\src\hotspot\share\prims\jni.cpp, line 1112]
Event: 579.316 Thread 0x000001ca66f61d20 Exception <a 'java/lang/NoSuchMethodError'{0x0000000086033d90}: static Lorg/jetbrains/kotlin/gradle/plugin/internal/DefaultConfigurationCacheStartParameterAccessorVariantFactory;.<clinit>()V> (0x0000000086033d90) 
thrown [s\src\hotspot\share\prims\jni.cpp, line 1112]
Event: 633.902 Thread 0x000001ca66f61d20 Exception <a 'java/lang/NoSuchMethodError'{0x0000000095f145a8}: static Ljava/lang/Object;.<clinit>()V> (0x0000000095f145a8) 
thrown [s\src\hotspot\share\prims\jni.cpp, line 1112]
Event: 634.465 Thread 0x000001ca66f61d20 Exception <a 'java/lang/NoSuchMethodError'{0x0000000095fc16d0}: static Lorg/jetbrains/kotlin/gradle/plugin/statistics/MetricContainer;.<clinit>()V> (0x0000000095fc16d0) 
thrown [s\src\hotspot\share\prims\jni.cpp, line 1112]
Event: 641.882 Thread 0x000001ca66f61d20 Exception <a 'java/lang/ClassNotFoundException'{0x000000008ce60550}: org/jetbrains/kotlin/gradle/targets/js/npm/DefaultNpmDependencyExtensionBeanInfo> (0x000000008ce60550) 
thrown [s\src\hotspot\share\classfile\systemDictionary.cpp, line 256]
Event: 641.883 Thread 0x000001ca66f61d20 Exception <a 'java/lang/ClassNotFoundException'{0x000000008ce694c8}: org/jetbrains/kotlin/gradle/targets/js/npm/DefaultNpmDependencyExtensionCustomizer> (0x000000008ce694c8) 
thrown [s\src\hotspot\share\classfile\systemDictionary.cpp, line 256]
Event: 641.969 Thread 0x000001ca66f61d20 Exception <a 'java/lang/ClassNotFoundException'{0x000000008ceead10}: org/jetbrains/kotlin/gradle/targets/js/npm/NpmDependencyExtensionKt$defaultNpmDependencyDelegate$1BeanInfo> (0x000000008ceead10) 
thrown [s\src\hotspot\share\classfile\systemDictionary.cpp, line 256]
Event: 641.970 Thread 0x000001ca66f61d20 Exception <a 'java/lang/ClassNotFoundException'{0x000000008cef3cd0}: org/jetbrains/kotlin/gradle/targets/js/npm/NpmDependencyExtensionDelegateBeanInfo> (0x000000008cef3cd0) 
thrown [s\src\hotspot\share\classfile\systemDictionary.cpp, line 256]
Event: 641.971 Thread 0x000001ca66f61d20 Exception <a 'java/lang/ClassNotFoundException'{0x000000008cefcc58}: org/jetbrains/kotlin/gradle/targets/js/npm/NpmDependencyExtensionDelegateCustomizer> (0x000000008cefcc58) 
thrown [s\src\hotspot\share\classfile\systemDictionary.cpp, line 256]
Event: 641.981 Thread 0x000001ca66f61d20 Exception <a 'java/lang/ClassNotFoundException'{0x000000008cd2e240}: org/jetbrains/kotlin/gradle/targets/js/npm/NpmDependencyExtensionKt$defaultNpmDependencyDelegate$1Customizer> (0x000000008cd2e240) 
thrown [s\src\hotspot\share\classfile\systemDictionary.cpp, line 256]
Event: 641.996 Thread 0x000001ca66f61d20 Exception <a 'java/lang/ClassNotFoundException'{0x000000008cd66e00}: org/jetbrains/kotlin/gradle/targets/js/npm/DefaultDevNpmDependencyExtensionBeanInfo> (0x000000008cd66e00) 
thrown [s\src\hotspot\share\classfile\systemDictionary.cpp, line 256]
Event: 641.996 Thread 0x000001ca66f61d20 Exception <a 'java/lang/ClassNotFoundException'{0x000000008cd6fd88}: org/jetbrains/kotlin/gradle/targets/js/npm/DefaultDevNpmDependencyExtensionCustomizer> (0x000000008cd6fd88) 
thrown [s\src\hotspot\share\classfile\systemDictionary.cpp, line 256]
Event: 642.025 Thread 0x000001ca66f61d20 Exception <a 'java/lang/ClassNotFoundException'{0x000000008cdb3e90}: org/jetbrains/kotlin/gradle/targets/js/npm/DefaultPeerNpmDependencyExtensionBeanInfo> (0x000000008cdb3e90) 
thrown [s\src\hotspot\share\classfile\systemDictionary.cpp, line 256]
Event: 642.031 Thread 0x000001ca66f61d20 Exception <a 'java/lang/ClassNotFoundException'{0x000000008cdbce20}: org/jetbrains/kotlin/gradle/targets/js/npm/DefaultPeerNpmDependencyExtensionCustomizer> (0x000000008cdbce20) 
thrown [s\src\hotspot\share\classfile\systemDictionary.cpp, line 256]
Event: 642.125 Thread 0x000001ca66f61d20 Exception <a 'java/lang/ClassNotFoundException'{0x0000000095f097b0}: org/jetbrains/kotlin/gradle/targets/js/npm/DefaultPeerNpmDependencyExtension$delegate$1BeanInfo> (0x0000000095f097b0) 
thrown [s\src\hotspot\share\classfile\systemDictionary.cpp, line 256]
Event: 642.145 Thread 0x000001ca66f61d20 Exception <a 'java/lang/ClassNotFoundException'{0x0000000095f12838}: org/jetbrains/kotlin/gradle/targets/js/npm/DefaultPeerNpmDependencyExtension$delegate$1Customizer> (0x0000000095f12838) 
thrown [s\src\hotspot\share\classfile\systemDictionary.cpp, line 256]
Event: 652.637 Thread 0x000001ca66db9580 Implicit null exception at 0x000001ca57bdb072 to 0x000001ca57bdb658

VM Operations (20 events):
Event: 861.324 Executing VM operation: Cleanup
Event: 861.337 Executing VM operation: Cleanup done
Event: 862.340 Executing VM operation: Cleanup
Event: 862.598 Executing VM operation: Cleanup done
Event: 864.605 Executing VM operation: Cleanup
Event: 864.620 Executing VM operation: Cleanup done
Event: 868.631 Executing VM operation: Cleanup
Event: 868.707 Executing VM operation: Cleanup done
Event: 869.292 Executing VM operation: HandshakeAllThreads
Event: 869.299 Executing VM operation: HandshakeAllThreads done
Event: 870.312 Executing VM operation: Cleanup
Event: 870.328 Executing VM operation: Cleanup done
Event: 871.116 Executing VM operation: G1CollectForAllocation
Event: 871.161 Executing VM operation: G1CollectForAllocation done
Event: 872.164 Executing VM operation: Cleanup
Event: 872.179 Executing VM operation: Cleanup done
Event: 873.183 Executing VM operation: Cleanup
Event: 873.229 Executing VM operation: Cleanup done
Event: 874.230 Executing VM operation: Cleanup
Event: 874.245 Executing VM operation: Cleanup done

Memory protections (0 events):
No events

Nmethod flushes (20 events):
Event: 106.676 Thread 0x000001ca66ba0020 flushing  nmethod 0x000001ca50889910
Event: 106.676 Thread 0x000001ca66ba0020 flushing  nmethod 0x000001ca5088e610
Event: 106.676 Thread 0x000001ca66ba0020 flushing  nmethod 0x000001ca50890190
Event: 106.676 Thread 0x000001ca66ba0020 flushing  nmethod 0x000001ca508a5590
Event: 106.677 Thread 0x000001ca66ba0020 flushing  nmethod 0x000001ca508c2990
Event: 106.677 Thread 0x000001ca66ba0020 flushing  nmethod 0x000001ca508d4c10
Event: 106.677 Thread 0x000001ca66ba0020 flushing  nmethod 0x000001ca508f4210
Event: 106.677 Thread 0x000001ca66ba0020 flushing  nmethod 0x000001ca50907290
Event: 106.677 Thread 0x000001ca66ba0020 flushing  nmethod 0x000001ca5090e790
Event: 106.677 Thread 0x000001ca66ba0020 flushing  nmethod 0x000001ca50938b90
Event: 106.677 Thread 0x000001ca66ba0020 flushing  nmethod 0x000001ca5093ae10
Event: 106.677 Thread 0x000001ca66ba0020 flushing  nmethod 0x000001ca50963d10
Event: 401.221 Thread 0x000001ca66ba0020 flushing  nmethod 0x000001ca50165790
Event: 401.247 Thread 0x000001ca66ba0020 flushing  nmethod 0x000001ca503fd890
Event: 401.247 Thread 0x000001ca66ba0020 flushing  nmethod 0x000001ca50418e90
Event: 401.255 Thread 0x000001ca66ba0020 flushing  nmethod 0x000001ca5048a890
Event: 401.272 Thread 0x000001ca66ba0020 flushing  nmethod 0x000001ca5059ed10
Event: 401.295 Thread 0x000001ca66ba0020 flushing  nmethod 0x000001ca507d2e10
Event: 869.380 Thread 0x000001ca66ba0020 flushing  nmethod 0x000001ca57dea890
Event: 869.710 Thread 0x000001ca66ba0020 flushing  nmethod 0x000001ca50a6a590

Events (20 events):
Event: 716.818 Thread 0x000001ca66f61d20 Thread added: 0x000001ca6f239c20
Event: 716.821 Thread 0x000001ca66f61d20 Thread added: 0x000001ca6f23a640
Event: 716.848 Thread 0x000001ca66f61d20 Thread added: 0x000001ca6f23b060
Event: 716.858 Thread 0x000001ca66f61d20 Thread added: 0x000001ca6f2378b0
Event: 716.887 Thread 0x000001ca66f61d20 Thread added: 0x000001ca6f23b570
Event: 716.895 Thread 0x000001ca66f61d20 Thread added: 0x000001ca6f23c4a0
Event: 731.094 Thread 0x000001ca66f61d20 Thread added: 0x000001ca6f23c9b0
Event: 742.314 Thread 0x000001ca66f61d20 Thread added: 0x000001ca6f23e300
Event: 748.599 Thread 0x000001ca66f61d20 Thread added: 0x000001ca6f23bf90
Event: 760.409 Thread 0x000001ca66f61d20 Thread added: 0x000001ca6f23e810
Event: 812.878 Thread 0x000001ca66f61d20 Thread added: 0x000001ca6f23ba80
Event: 813.012 Thread 0x000001ca66f61d20 Thread added: 0x000001ca6f23ddf0
Event: 813.168 Thread 0x000001ca66f61d20 Thread added: 0x000001ca6f23cec0
Event: 816.658 Thread 0x000001ca66f61d20 Thread added: 0x000001ca6f23d3d0
Event: 816.660 Thread 0x000001ca66f61d20 Thread added: 0x000001ca6f23d8e0
Event: 816.690 Thread 0x000001ca66f61d20 Thread added: 0x000001ca6d3c87a0
Event: 816.784 Thread 0x000001ca66f61d20 Thread added: 0x000001ca6e600c00
Event: 816.867 Thread 0x000001ca66f61d20 Thread added: 0x000001ca6e5ff7c0
Event: 816.883 Thread 0x000001ca66f61d20 Thread added: 0x000001ca6e601620
Event: 816.902 Thread 0x000001ca66f61d20 Thread added: 0x000001ca6e601110


Dynamic libraries:
0x00007ff6ce910000 - 0x00007ff6ce91e000 	C:\Program Files\Eclipse Adoptium\jdk-17.0.19.10-hotspot\bin\java.exe
0x00007ffa60140000 - 0x00007ffa603a6000 	C:\WINDOWS\SYSTEM32\ntdll.dll
0x00007ffa5f100000 - 0x00007ffa5f1c9000 	C:\WINDOWS\System32\KERNEL32.DLL
0x00007ffa5d5b0000 - 0x00007ffa5d9aa000 	C:\WINDOWS\System32\KERNELBASE.dll
0x00007ffa5d460000 - 0x00007ffa5d5ac000 	C:\WINDOWS\System32\ucrtbase.dll
0x00007ffa38040000 - 0x00007ffa38058000 	C:\Program Files\Eclipse Adoptium\jdk-17.0.19.10-hotspot\bin\jli.dll
0x00007ffa5fea0000 - 0x00007ffa60067000 	C:\WINDOWS\System32\USER32.dll
0x00007ffa5de80000 - 0x00007ffa5dea7000 	C:\WINDOWS\System32\win32u.dll
0x00007ffa5f280000 - 0x00007ffa5f2ab000 	C:\WINDOWS\System32\GDI32.dll
0x00007ffa5dc90000 - 0x00007ffa5ddbb000 	C:\WINDOWS\System32\gdi32full.dll
0x00007ffa5dbe0000 - 0x00007ffa5dc83000 	C:\WINDOWS\System32\msvcp_win.dll
0x00007ffa3f680000 - 0x00007ffa3f912000 	C:\WINDOWS\WinSxS\amd64_microsoft.windows.common-controls_6595b64144ccf1df_6.0.26100.8521_none_3e08b75ce33403b3\COMCTL32.dll
0x00007ffa5deb0000 - 0x00007ffa5df59000 	C:\WINDOWS\System32\msvcrt.dll
0x00007ffa38020000 - 0x00007ffa3803e000 	C:\Program Files\Eclipse Adoptium\jdk-17.0.19.10-hotspot\bin\VCRUNTIME140.dll
0x00007ffa5fc60000 - 0x00007ffa5fc92000 	C:\WINDOWS\System32\IMM32.DLL
0x00007ffa38010000 - 0x00007ffa3801c000 	C:\Program Files\Eclipse Adoptium\jdk-17.0.19.10-hotspot\bin\vcruntime140_1.dll
0x00007ffa1f700000 - 0x00007ffa1f78d000 	C:\Program Files\Eclipse Adoptium\jdk-17.0.19.10-hotspot\bin\msvcp140.dll
0x00007ff96b680000 - 0x00007ff96c2ec000 	C:\Program Files\Eclipse Adoptium\jdk-17.0.19.10-hotspot\bin\server\jvm.dll
0x00007ffa5fba0000 - 0x00007ffa5fc56000 	C:\WINDOWS\System32\ADVAPI32.dll
0x00007ffa5f1d0000 - 0x00007ffa5f27a000 	C:\WINDOWS\System32\sechost.dll
0x00007ffa5ed80000 - 0x00007ffa5ee98000 	C:\WINDOWS\System32\RPCRT4.dll
0x00007ffa60070000 - 0x00007ffa600f0000 	C:\WINDOWS\System32\WS2_32.dll
0x00007ffa5d230000 - 0x00007ffa5d28e000 	C:\WINDOWS\SYSTEM32\POWRPROF.dll
0x00007ffa54dd0000 - 0x00007ffa54e06000 	C:\WINDOWS\SYSTEM32\WINMM.dll
0x00007ffa4bf90000 - 0x00007ffa4bf9b000 	C:\WINDOWS\SYSTEM32\VERSION.dll
0x00007ffa5d210000 - 0x00007ffa5d224000 	C:\WINDOWS\SYSTEM32\UMPDC.dll
0x00007ffa5c160000 - 0x00007ffa5c17b000 	C:\WINDOWS\SYSTEM32\kernel.appcore.dll
0x00007ffa38000000 - 0x00007ffa3800a000 	C:\Program Files\Eclipse Adoptium\jdk-17.0.19.10-hotspot\bin\jimage.dll
0x00007ffa40390000 - 0x00007ffa405d2000 	C:\WINDOWS\SYSTEM32\DBGHELP.DLL
0x00007ffa5e1e0000 - 0x00007ffa5e563000 	C:\WINDOWS\System32\combase.dll
0x00007ffa5e040000 - 0x00007ffa5e119000 	C:\WINDOWS\System32\OLEAUT32.dll
0x00007ffa36930000 - 0x00007ffa3696b000 	C:\WINDOWS\SYSTEM32\dbgcore.DLL
0x00007ffa5d9b0000 - 0x00007ffa5da58000 	C:\WINDOWS\System32\bcryptPrimitives.dll
0x00007ffa292d0000 - 0x00007ffa292de000 	C:\Program Files\Eclipse Adoptium\jdk-17.0.19.10-hotspot\bin\instrument.dll
0x00007ffa1f6d0000 - 0x00007ffa1f6f5000 	C:\Program Files\Eclipse Adoptium\jdk-17.0.19.10-hotspot\bin\java.dll
0x00007ff9e45c0000 - 0x00007ff9e4697000 	C:\Program Files\Eclipse Adoptium\jdk-17.0.19.10-hotspot\bin\jsvml.dll
0x00007ffa5f390000 - 0x00007ffa5fb14000 	C:\WINDOWS\System32\SHELL32.dll
0x00007ffa5afb0000 - 0x00007ffa5b830000 	C:\WINDOWS\SYSTEM32\windows.storage.dll
0x00007ffa5e7f0000 - 0x00007ffa5e8e6000 	C:\WINDOWS\System32\SHCORE.dll
0x00007ffa5fb20000 - 0x00007ffa5fb87000 	C:\WINDOWS\System32\shlwapi.dll
0x00007ffa5d2f0000 - 0x00007ffa5d319000 	C:\WINDOWS\SYSTEM32\profapi.dll
0x00007ffa1f6b0000 - 0x00007ffa1f6c8000 	C:\Program Files\Eclipse Adoptium\jdk-17.0.19.10-hotspot\bin\zip.dll
0x00007ffa1e810000 - 0x00007ffa1e82a000 	C:\Program Files\Eclipse Adoptium\jdk-17.0.19.10-hotspot\bin\net.dll
0x00007ffa4f1b0000 - 0x00007ffa4f2d9000 	C:\WINDOWS\SYSTEM32\WINHTTP.dll
0x00007ffa5c6d0000 - 0x00007ffa5c73c000 	C:\WINDOWS\system32\mswsock.dll
0x00007ffa1c380000 - 0x00007ffa1c396000 	C:\Program Files\Eclipse Adoptium\jdk-17.0.19.10-hotspot\bin\nio.dll
0x00007ffa28f60000 - 0x00007ffa28f70000 	C:\Program Files\Eclipse Adoptium\jdk-17.0.19.10-hotspot\bin\verify.dll
0x00007ff9c4460000 - 0x00007ff9c4487000 	C:\Users\USER\.gradle\native\1def1411415f61bf3af743bc5b6707747c0891f09f0c88961ee8f79bc544acac\windows-amd64\native-platform.dll
0x00007ff9a2ec0000 - 0x00007ff9a2f38000 	C:\Users\USER\.gradle\native\0.2.7\x86_64-windows-gnu\gradle-fileevents.dll
0x00007ffa28e20000 - 0x00007ffa28e2a000 	C:\Program Files\Eclipse Adoptium\jdk-17.0.19.10-hotspot\bin\management.dll
0x00007ffa1f6a0000 - 0x00007ffa1f6ac000 	C:\Program Files\Eclipse Adoptium\jdk-17.0.19.10-hotspot\bin\management_ext.dll
0x00007ffa5e030000 - 0x00007ffa5e038000 	C:\WINDOWS\System32\PSAPI.DLL
0x00007ffa5bb00000 - 0x00007ffa5bb33000 	C:\WINDOWS\SYSTEM32\IPHLPAPI.DLL
0x00007ffa5e570000 - 0x00007ffa5e57a000 	C:\WINDOWS\System32\NSI.dll
0x00007ffa546d0000 - 0x00007ffa546ed000 	C:\WINDOWS\SYSTEM32\dhcpcsvc6.DLL
0x00007ffa54720000 - 0x00007ffa54745000 	C:\WINDOWS\SYSTEM32\dhcpcsvc.DLL
0x00007ffa5bb40000 - 0x00007ffa5bc8a000 	C:\WINDOWS\SYSTEM32\DNSAPI.dll
0x00007ffa5c4f0000 - 0x00007ffa5c4fd000 	C:\WINDOWS\SYSTEM32\DSPARSE.dll
0x00007ffa1e9b0000 - 0x00007ffa1e9b9000 	C:\Program Files\Eclipse Adoptium\jdk-17.0.19.10-hotspot\bin\extnet.dll
0x00007ffa5c9b0000 - 0x00007ffa5c9cb000 	C:\WINDOWS\SYSTEM32\CRYPTSP.dll
0x00007ffa5c0c0000 - 0x00007ffa5c0f9000 	C:\WINDOWS\system32\rsaenh.dll
0x00007ffa5c780000 - 0x00007ffa5c7b3000 	C:\WINDOWS\SYSTEM32\USERENV.dll
0x00007ffa5d2c0000 - 0x00007ffa5d2ea000 	C:\WINDOWS\SYSTEM32\bcrypt.dll
0x00007ffa5c9d0000 - 0x00007ffa5c9dc000 	C:\WINDOWS\SYSTEM32\CRYPTBASE.dll
0x00007ffa1e800000 - 0x00007ffa1e80e000 	C:\Program Files\Eclipse Adoptium\jdk-17.0.19.10-hotspot\bin\sunmscapi.dll
0x00007ffa5da60000 - 0x00007ffa5dbd8000 	C:\WINDOWS\System32\CRYPT32.dll
0x00007ffa5cbd0000 - 0x00007ffa5cc00000 	C:\WINDOWS\SYSTEM32\ncrypt.dll
0x00007ffa5cb80000 - 0x00007ffa5cbbf000 	C:\WINDOWS\SYSTEM32\NTASN1.dll
0x00007ffa31770000 - 0x00007ffa31778000 	C:\WINDOWS\system32\wshunix.dll

dbghelp: loaded successfully - version: 4.0.5 - missing functions: none
symbol engine: initialized successfully - sym options: 0x614 - pdb path: .;C:\Program Files\Eclipse Adoptium\jdk-17.0.19.10-hotspot\bin;C:\WINDOWS\SYSTEM32;C:\WINDOWS\WinSxS\amd64_microsoft.windows.common-controls_6595b64144ccf1df_6.0.26100.8521_none_3e08b75ce33403b3;C:\Program Files\Eclipse Adoptium\jdk-17.0.19.10-hotspot\bin\server;C:\Users\USER\.gradle\native\1def1411415f61bf3af743bc5b6707747c0891f09f0c88961ee8f79bc544acac\windows-amd64;C:\Users\USER\.gradle\native\0.2.7\x86_64-windows-gnu

VM Arguments:
jvm_args: --add-opens=java.base/java.lang=ALL-UNNAMED --add-opens=java.base/java.lang.invoke=ALL-UNNAMED --add-opens=java.base/java.util=ALL-UNNAMED --add-opens=java.prefs/java.util.prefs=ALL-UNNAMED --add-exports=jdk.compiler/com.sun.tools.javac.api=ALL-UNNAMED --add-exports=jdk.compiler/com.sun.tools.javac.util=ALL-UNNAMED --add-opens=java.base/java.util=ALL-UNNAMED --add-opens=java.prefs/java.util.prefs=ALL-UNNAMED --add-opens=java.base/java.nio.charset=ALL-UNNAMED --add-opens=java.base/java.net=ALL-UNNAMED --add-opens=java.base/java.util.concurrent.atomic=ALL-UNNAMED --add-opens=java.xml/javax.xml.namespace=ALL-UNNAMED -XX:MaxMetaspaceSize=512m -Xmx2048m -Dfile.encoding=UTF-8 -Duser.country=ZW -Duser.language=en -Duser.variant -javaagent:C:\Users\USER\.gradle\wrapper\dists\gradle-8.14.3-bin\cv11ve7ro1n3o1j4so8xd9n66\gradle-8.14.3\lib\agents\gradle-instrumentation-agent-8.14.3.jar 
java_command: org.gradle.launcher.daemon.bootstrap.GradleDaemon 8.14.3
java_class_path (initial): C:\Users\USER\.gradle\wrapper\dists\gradle-8.14.3-bin\cv11ve7ro1n3o1j4so8xd9n66\gradle-8.14.3\lib\gradle-daemon-main-8.14.3.jar
Launcher Type: SUN_STANDARD

[Global flags]
     intx CICompilerCount                          = 4                                         {product} {ergonomic}
   size_t CompressedClassSpaceSize                 = 436207616                                 {product} {ergonomic}
     uint ConcGCThreads                            = 2                                         {product} {ergonomic}
     uint G1ConcRefinementThreads                  = 8                                         {product} {ergonomic}
   size_t G1HeapRegionSize                         = 1048576                                   {product} {ergonomic}
    uintx GCDrainStackTargetSize                   = 64                                        {product} {ergonomic}
   size_t InitialHeapSize                          = 130023424                                 {product} {ergonomic}
   size_t MarkStackSize                            = 4194304                                   {product} {ergonomic}
   size_t MaxHeapSize                              = 2147483648                                {product} {command line}
   size_t MaxMetaspaceSize                         = 536870912                                 {product} {command line}
   size_t MaxNewSize                               = 1287651328                                {product} {ergonomic}
   size_t MinHeapDeltaBytes                        = 1048576                                   {product} {ergonomic}
   size_t MinHeapSize                              = 8388608                                   {product} {ergonomic}
    uintx NonNMethodCodeHeapSize                   = 5839372                                {pd product} {ergonomic}
    uintx NonProfiledCodeHeapSize                  = 122909434                              {pd product} {ergonomic}
    uintx ProfiledCodeHeapSize                     = 122909434                              {pd product} {ergonomic}
    uintx ReservedCodeCacheSize                    = 251658240                              {pd product} {ergonomic}
     bool SegmentedCodeCache                       = true                                      {product} {ergonomic}
   size_t SoftMaxHeapSize                          = 2147483648                             {manageable} {ergonomic}
     bool UseCompressedClassPointers               = true                           {product lp64_product} {ergonomic}
     bool UseCompressedOops                        = true                           {product lp64_product} {ergonomic}
     bool UseG1GC                                  = true                                      {product} {ergonomic}
     bool UseLargePagesIndividualAllocation        = false                                  {pd product} {ergonomic}

Logging:
Log output configuration:
 #0: stdout all=warning uptime,level,tags
 #1: stderr all=off uptime,level,tags

Environment Variables:
JAVA_HOME=C:\Program Files\Android\Android Studio\jbr
PATH=C:\Program Files\Eclipse Adoptium\jdk-17.0.19.10-hotspot\bin;C:\Program Files (x86)\Common Files\Intel\Shared Libraries\redist\intel64\compiler;C:\Program Files\Eclipse Adoptium\jdk-25.0.0.36-hotspot\bin;C:\Program Files (x86)\Common Files\Intel\Shared Files\cpp\bin\Intel64;C:\WINDOWS\system32;C:\WINDOWS;C:\WINDOWS\System32\Wbem;C:\WINDOWS\System32\WindowsPowerShell\v1.0\;C:\WINDOWS\System32\OpenSSH\;C:\ProgramData\chocolatey\bin;C:\Program Files\nodejs\;C:\Program Files\Git\cmd;C:\Users\USER\AppData\Local\Programs\Python\Python313\Scripts\;C:\Users\USER\AppData\Local\Programs\Python\Python313\;C:\Users\USER\AppData\Local\Microsoft\WindowsApps;C:\Users\USER\AppData\Local\Programs\Microsoft VS Code\bin;C:\Users\USER\AppData\Local\GitHubDesktop\bin;C:\Users\USER\AppData\Roaming\npm;C:\Users\USER\AppData\Local\Programs\mongosh\;
USERNAME=USER
OS=Windows_NT
PROCESSOR_IDENTIFIER=Intel64 Family 6 Model 186 Stepping 3, GenuineIntel
TMP=C:\Users\USER\AppData\Local\Temp
TEMP=C:\Users\USER\AppData\Local\Temp



Periodic native trim disabled


---------------  S Y S T E M  ---------------

OS:
 Windows 11 , 64 bit Build 26100 (10.0.26100.8521)
OS uptime: 0 days 1:03 hours

CPU: total 8 (initial active 8) (4 cores per cpu, 2 threads per core) family 6 model 186 stepping 3 microcode 0x6134, cx8, cmov, fxsr, ht, mmx, 3dnowpref, sse, sse2, sse3, ssse3, sse4.1, sse4.2, popcnt, lzcnt, tsc, tscinvbit, avx, avx2, aes, erms, clmul, bmi1, bmi2, adx, sha, fma, vzeroupper, clflush, clflushopt, clwb
Processor Information for all 8 processors :
  Max Mhz: 1200, Current Mhz: 1200, Mhz Limit: 1200

Memory: 4k page, system-wide physical 7835M (279M free)
TotalPageFile size 31387M (AvailPageFile size 11M)
current process WorkingSet (physical memory assigned to process): 126M, peak: 248M
current process commit charge ("private bytes"): 475M, peak: 594M

vm_info: OpenJDK 64-Bit Server VM (17.0.19+10) for windows-amd64 JRE (17.0.19+10), built on Apr 25 2026 08:04:44 by "admin" with MS VC++ 17.12 (VS2022)

END.
