#
# There is insufficient memory for the Java Runtime Environment to continue.
# Native memory allocation (malloc) failed to allocate 32744 bytes. Error detail: Chunk::new
# Possible reasons:
#   The system is out of physical RAM or swap space
#   This process is running with CompressedOops enabled, and the Java Heap may be blocking the growth of the native heap
# Possible solutions:
#   Reduce memory load on the system
#   Increase physical memory or swap space
#   Check if swap backing store is full
#   Decrease Java heap size (-Xmx/-Xms)
#   Decrease number of Java threads
#   Decrease Java thread stack sizes (-Xss)
#   Set larger code cache with -XX:ReservedCodeCacheSize=
#   JVM is running with Unscaled Compressed Oops mode in which the Java heap is
#     placed in the first 4GB address space. The Java Heap base address is the
#     maximum limit for the native heap growth. Please use -XX:HeapBaseMinAddress
#     to set the Java Heap base and to place the Java Heap above 4GB virtual address.
# This output file may be truncated or incomplete.
#
#  Out of Memory Error (arena.cpp:168), pid=23712, tid=31044
#
# JRE version: OpenJDK Runtime Environment Temurin-21.0.11+10 (21.0.11+10) (build 21.0.11+10-LTS)
# Java VM: OpenJDK 64-Bit Server VM Temurin-21.0.11+10 (21.0.11+10-LTS, mixed mode, sharing, tiered, compressed oops, compressed class ptrs, g1 gc, windows-amd64)
# No core dump will be written. Minidumps are not enabled by default on client versions of Windows
#

---------------  S U M M A R Y ------------

Command Line: --add-opens=java.base/java.util=ALL-UNNAMED --add-opens=java.base/java.lang=ALL-UNNAMED --add-opens=java.base/java.lang.invoke=ALL-UNNAMED --add-opens=java.prefs/java.util.prefs=ALL-UNNAMED --add-exports=jdk.compiler/com.sun.tools.javac.api=ALL-UNNAMED --add-exports=jdk.compiler/com.sun.tools.javac.util=ALL-UNNAMED --add-opens=java.base/java.nio.charset=ALL-UNNAMED --add-opens=java.base/java.net=ALL-UNNAMED --add-opens=java.base/java.util.concurrent.atomic=ALL-UNNAMED -XX:MaxMetaspaceSize=384m -XX:+HeapDumpOnOutOfMemoryError -Xms256m -Xmx512m -Dfile.encoding=utf8 -Duser.country=ZW -Duser.language=en -Duser.variant -javaagent:C:\Users\USER\.gradle\wrapper\dists\gradle-8.9-bin\90cnw93cvbtalezasaz0blq0a\gradle-8.9\lib\agents\gradle-instrumentation-agent-8.9.jar org.gradle.launcher.daemon.bootstrap.GradleDaemon 8.9

Host: 13th Gen Intel(R) Core(TM) i3-1315U, 8 cores, 7G,  Windows 11 , 64 bit Build 26100 (10.0.26100.8521)
Time: Tue Jul 14 12:33:55 2026 South Africa Standard Time elapsed time: 695.777301 seconds (0d 0h 11m 35s)

---------------  T H R E A D  ---------------

Current thread (0x0000015968012b70):  JavaThread "C2 CompilerThread0" daemon [_thread_in_native, id=31044, stack(0x0000002690900000,0x0000002690a00000) (1024K)]


Current CompileTask:
C2:695777 12529       4       java.lang.reflect.Method::toGenericString (12 bytes)

Stack: [0x0000002690900000,0x0000002690a00000]
Native frames: (J=compiled Java code, j=interpreted, Vv=VM code, C=native code)
V  [jvm.dll+0x6d7e19]
V  [jvm.dll+0x8b5096]
V  [jvm.dll+0x8b764e]
V  [jvm.dll+0x8b7d33]
V  [jvm.dll+0x284596]
V  [jvm.dll+0xc685d]
V  [jvm.dll+0xc6da1]
V  [jvm.dll+0x6b1ba6]
V  [jvm.dll+0x39c663]
V  [jvm.dll+0x3a1456]
V  [jvm.dll+0x3a535d]
V  [jvm.dll+0x1cf71a]
V  [jvm.dll+0x1ce432]
V  [jvm.dll+0x2fa71c]
V  [jvm.dll+0x6f22b3]
V  [jvm.dll+0x6ea3a9]
V  [jvm.dll+0x6e9aa9]
V  [jvm.dll+0x6e7b2e]
V  [jvm.dll+0x1ce4fc]
V  [jvm.dll+0x1cf09e]
V  [jvm.dll+0x2fa71c]
V  [jvm.dll+0x6f22b3]
V  [jvm.dll+0x6ea3a9]
V  [jvm.dll+0x6e9aa9]
V  [jvm.dll+0x6e7b2e]
V  [jvm.dll+0x1ce4fc]
V  [jvm.dll+0x1cf09e]
V  [jvm.dll+0x2fa71c]
V  [jvm.dll+0x6f22b3]
V  [jvm.dll+0x6ea3a9]
V  [jvm.dll+0x6e9aa9]
V  [jvm.dll+0x6e7b2e]
V  [jvm.dll+0x1ce4fc]
V  [jvm.dll+0x1cf09e]
V  [jvm.dll+0x2fa71c]
V  [jvm.dll+0x6f22b3]
V  [jvm.dll+0x6ea3a9]
V  [jvm.dll+0x6e9aa9]
V  [jvm.dll+0x6e7b2e]
V  [jvm.dll+0x1ce4fc]
V  [jvm.dll+0x1cf09e]
V  [jvm.dll+0x2fa71c]
V  [jvm.dll+0x6f22b3]
V  [jvm.dll+0x6ea3a9]
V  [jvm.dll+0x6e9aa9]
V  [jvm.dll+0x6e7b2e]
V  [jvm.dll+0x1ce4fc]
V  [jvm.dll+0x1cf09e]
V  [jvm.dll+0x2fa71c]
V  [jvm.dll+0x6f22b3]
V  [jvm.dll+0x6ea3a9]
V  [jvm.dll+0x6e9aa9]
V  [jvm.dll+0x6e7b2e]
V  [jvm.dll+0x1ce4fc]
V  [jvm.dll+0x24b919]
V  [jvm.dll+0x1cb4ae]
V  [jvm.dll+0x25baad]
V  [jvm.dll+0x25a03a]
V  [jvm.dll+0x3f868e]
V  [jvm.dll+0x85fb0d]
V  [jvm.dll+0x6d664d]
C  [ucrtbase.dll+0x2cd30]
C  [KERNEL32.DLL+0x2e957]
C  [ntdll.dll+0x87c1c]


---------------  P R O C E S S  ---------------

Threads class SMR info:
_java_thread_list=0x000001596bf574b0, length=41, elements={
0x0000015939570320, 0x000001594ef137f0, 0x000001594ef16f80, 0x00000159680080a0,
0x0000015968008b00, 0x000001594ef1bff0, 0x000001594ef1c660, 0x0000015968012b70,
0x0000015968013610, 0x0000015968258750, 0x00000159682b45e0, 0x0000015969b40850,
0x00000159686ec510, 0x00000159684f3e20, 0x0000015968a2add0, 0x0000015968a27fe0,
0x0000015968a2a0b0, 0x00000159699f3d00, 0x00000159699f7810, 0x00000159699f4390,
0x00000159699f8530, 0x00000159699f50b0, 0x000001596a639e30, 0x000001596a634f70,
0x000001596a635c90, 0x000001596a637d60, 0x000001596a63b870, 0x000001596c659be0,
0x000001596c656760, 0x000001596c656df0, 0x000001596c657b10, 0x000001596c654d20,
0x000001596c658830, 0x000001596c6553b0, 0x000001596c65a900, 0x000001596c65af90,
0x000001596c65b620, 0x000001596c658ec0, 0x000001596c65bcb0, 0x000001596c65c340,
0x000001596c65a270
}

Java Threads: ( => current thread )
  0x0000015939570320 JavaThread "main"                              [_thread_blocked, id=30768, stack(0x000000268fb00000,0x000000268fc00000) (1024K)]
  0x000001594ef137f0 JavaThread "Reference Handler"          daemon [_thread_blocked, id=30964, stack(0x0000002690300000,0x0000002690400000) (1024K)]
  0x000001594ef16f80 JavaThread "Finalizer"                  daemon [_thread_blocked, id=29820, stack(0x0000002690400000,0x0000002690500000) (1024K)]
  0x00000159680080a0 JavaThread "Signal Dispatcher"          daemon [_thread_blocked, id=31040, stack(0x0000002690500000,0x0000002690600000) (1024K)]
  0x0000015968008b00 JavaThread "Attach Listener"            daemon [_thread_blocked, id=31032, stack(0x0000002690600000,0x0000002690700000) (1024K)]
  0x000001594ef1bff0 JavaThread "Service Thread"             daemon [_thread_blocked, id=16156, stack(0x0000002690700000,0x0000002690800000) (1024K)]
  0x000001594ef1c660 JavaThread "Monitor Deflation Thread"   daemon [_thread_blocked, id=26476, stack(0x0000002690800000,0x0000002690900000) (1024K)]
=>0x0000015968012b70 JavaThread "C2 CompilerThread0"         daemon [_thread_in_native, id=31044, stack(0x0000002690900000,0x0000002690a00000) (1024K)]
  0x0000015968013610 JavaThread "C1 CompilerThread0"         daemon [_thread_blocked, id=31088, stack(0x0000002690a00000,0x0000002690b00000) (1024K)]
  0x0000015968258750 JavaThread "Common-Cleaner"             daemon [_thread_blocked, id=26508, stack(0x0000002690b00000,0x0000002690c00000) (1024K)]
  0x00000159682b45e0 JavaThread "Notification Thread"        daemon [_thread_blocked, id=30976, stack(0x0000002690c00000,0x0000002690d00000) (1024K)]
  0x0000015969b40850 JavaThread "Daemon health stats"               [_thread_blocked, id=24068, stack(0x0000002691200000,0x0000002691300000) (1024K)]
  0x00000159686ec510 JavaThread "Incoming local TCP Connector on port 60490"        [_thread_in_native, id=328, stack(0x0000002691300000,0x0000002691400000) (1024K)]
  0x00000159684f3e20 JavaThread "Daemon periodic checks"            [_thread_in_native, id=580, stack(0x0000002691400000,0x0000002691500000) (1024K)]
  0x0000015968a2add0 JavaThread "Cache worker for journal cache (C:\Users\USER\.gradle\caches\journal-1)"        [_thread_blocked, id=29360, stack(0x0000002691c00000,0x0000002691d00000) (1024K)]
  0x0000015968a27fe0 JavaThread "File lock request listener"        [_thread_in_native, id=23748, stack(0x0000002691d00000,0x0000002691e00000) (1024K)]
  0x0000015968a2a0b0 JavaThread "Cache worker for file hash cache (C:\Users\USER\.gradle\caches\8.9\fileHashes)"        [_thread_blocked, id=31580, stack(0x0000002691f00000,0x0000002692000000) (1024K)]
  0x00000159699f3d00 JavaThread "File watcher server"        daemon [_thread_in_native, id=25984, stack(0x0000002692500000,0x0000002692600000) (1024K)]
  0x00000159699f7810 JavaThread "File watcher consumer"      daemon [_thread_blocked, id=31316, stack(0x0000002692600000,0x0000002692700000) (1024K)]
  0x00000159699f4390 JavaThread "Cache worker for file content cache (C:\Users\USER\.gradle\caches\8.9\fileContent)"        [_thread_blocked, id=11024, stack(0x0000002692800000,0x0000002692900000) (1024K)]
  0x00000159699f8530 JavaThread "jar transforms"                    [_thread_blocked, id=20764, stack(0x0000002692b00000,0x0000002692c00000) (1024K)]
  0x00000159699f50b0 JavaThread "jar transforms Thread 2"           [_thread_blocked, id=29720, stack(0x0000002692c00000,0x0000002692d00000) (1024K)]
  0x000001596a639e30 JavaThread "Memory manager"                    [_thread_blocked, id=29620, stack(0x0000002694200000,0x0000002694300000) (1024K)]
  0x000001596a634f70 JavaThread "Daemon Thread 2"                   [_thread_blocked, id=30176, stack(0x0000002691500000,0x0000002691600000) (1024K)]
  0x000001596a635c90 JavaThread "Daemon worker Thread 2"            [_thread_in_Java, id=29812, stack(0x0000002691800000,0x0000002691900000) (1024K)]
  0x000001596a637d60 JavaThread "jar transforms Thread 3"           [_thread_blocked, id=32308, stack(0x0000002692400000,0x0000002692500000) (1024K)]
  0x000001596a63b870 JavaThread "File lock release action executor Thread 2"        [_thread_blocked, id=30000, stack(0x0000002692700000,0x0000002692800000) (1024K)]
  0x000001596c659be0 JavaThread "included builds"                   [_thread_blocked, id=27116, stack(0x0000002694c00000,0x0000002694d00000) (1024K)]
  0x000001596c656760 JavaThread "VFS cleanup Thread 3"              [_thread_blocked, id=29760, stack(0x000000268f800000,0x000000268f900000) (1024K)]
  0x000001596c656df0 JavaThread "Handler for socket connection from /127.0.0.1:60490 to /127.0.0.1:53684"        [_thread_in_native, id=34764, stack(0x000000268f900000,0x000000268fa00000) (1024K)]
  0x000001596c657b10 JavaThread "Cancel handler"                    [_thread_blocked, id=9240, stack(0x000000268fa00000,0x000000268fb00000) (1024K)]
  0x000001596c654d20 JavaThread "Asynchronous log dispatcher for DefaultDaemonConnection: socket connection from /127.0.0.1:60490 to /127.0.0.1:53684"        [_thread_blocked, id=35792, stack(0x0000002691600000,0x0000002691700000) (1024K)]
  0x000001596c658830 JavaThread "Stdin handler"                     [_thread_blocked, id=25856, stack(0x0000002691700000,0x0000002691800000) (1024K)]
  0x000001596c6553b0 JavaThread "Daemon client event forwarder"        [_thread_blocked, id=32796, stack(0x0000002691900000,0x0000002691a00000) (1024K)]
  0x000001596c65a900 JavaThread "Cache worker for file hash cache (C:\Users\USER\kalimed2\node_modules\expo-json-utils\android\.gradle\8.9\fileHashes)"        [_thread_blocked, id=14724, stack(0x0000002691a00000,0x0000002691b00000) (1024K)]
  0x000001596c65af90 JavaThread "Cache worker for Build Output Cleanup Cache (C:\Users\USER\kalimed2\node_modules\expo-json-utils\android\.gradle\buildOutputCleanup)"        [_thread_blocked, id=13456, stack(0x0000002691b00000,0x0000002691c00000) (1024K)]
  0x000001596c65b620 JavaThread "Cache worker for checksums cache (C:\Users\USER\kalimed2\node_modules\expo-json-utils\android\.gradle\8.9\checksums)"        [_thread_blocked, id=30264, stack(0x0000002691e00000,0x0000002691f00000) (1024K)]
  0x000001596c658ec0 JavaThread "Cache worker for cache directory md-rule (C:\Users\USER\.gradle\caches\8.9\md-rule)"        [_thread_blocked, id=31860, stack(0x0000002692000000,0x0000002692100000) (1024K)]
  0x000001596c65bcb0 JavaThread "Cache worker for cache directory md-supplier (C:\Users\USER\.gradle\caches\8.9\md-supplier)"        [_thread_blocked, id=30712, stack(0x0000002692900000,0x0000002692a00000) (1024K)]
  0x000001596c65c340 JavaThread "jar transforms Thread 4"           [_thread_blocked, id=33528, stack(0x0000002692a00000,0x0000002692b00000) (1024K)]
  0x000001596c65a270 JavaThread "jar transforms Thread 5"           [_thread_blocked, id=28320, stack(0x0000002692d00000,0x0000002692e00000) (1024K)]
Total: 41

Other Threads:
  0x000001594eef4e00 VMThread "VM Thread"                           [id=31020, stack(0x0000002690200000,0x0000002690300000) (1024K)]
  0x000001594eee57c0 WatcherThread "VM Periodic Task Thread"        [id=31028, stack(0x0000002690100000,0x0000002690200000) (1024K)]
  0x000001593959a430 WorkerThread "GC Thread#0"                     [id=29616, stack(0x000000268fc00000,0x000000268fd00000) (1024K)]
  0x0000015968a894f0 WorkerThread "GC Thread#1"                     [id=30896, stack(0x0000002690d00000,0x0000002690e00000) (1024K)]
  0x0000015968798d10 WorkerThread "GC Thread#2"                     [id=30788, stack(0x0000002690e00000,0x0000002690f00000) (1024K)]
  0x0000015968d9c8b0 WorkerThread "GC Thread#3"                     [id=25900, stack(0x0000002690f00000,0x0000002691000000) (1024K)]
  0x00000159683e1f00 WorkerThread "GC Thread#4"                     [id=31288, stack(0x0000002691000000,0x0000002691100000) (1024K)]
  0x00000159683e22b0 WorkerThread "GC Thread#5"                     [id=30900, stack(0x0000002691100000,0x0000002691200000) (1024K)]
  0x000001596bb28e70 WorkerThread "GC Thread#6"                     [id=22668, stack(0x0000002692100000,0x0000002692200000) (1024K)]
  0x0000015969f4eae0 WorkerThread "GC Thread#7"                     [id=19936, stack(0x0000002692200000,0x0000002692300000) (1024K)]
  0x000001593959f330 ConcurrentGCThread "G1 Main Marker"            [id=4288, stack(0x000000268fd00000,0x000000268fe00000) (1024K)]
  0x00000159395a0560 WorkerThread "G1 Conc#0"                       [id=184, stack(0x000000268fe00000,0x000000268ff00000) (1024K)]
  0x0000015969f4f240 WorkerThread "G1 Conc#1"                       [id=23896, stack(0x0000002692300000,0x0000002692400000) (1024K)]
  0x000001594edb35d0 ConcurrentGCThread "G1 Refine#0"               [id=29108, stack(0x000000268ff00000,0x0000002690000000) (1024K)]
  0x000001594edb4060 ConcurrentGCThread "G1 Service"                [id=30216, stack(0x0000002690000000,0x0000002690100000) (1024K)]
Total: 15

Threads with active compile tasks:
C2 CompilerThread0  697085 12529       4       java.lang.reflect.Method::toGenericString (12 bytes)
Total: 1

VM state: not at safepoint (normal execution)

VM Mutex/Monitor currently owned by a thread: None

Heap address: 0x00000000e0000000, size: 512 MB, Compressed Oops mode: 32-bit

CDS archive(s) mapped at: [0x000001594f000000-0x000001594fba0000-0x000001594fba0000), size 12189696, SharedBaseAddress: 0x000001594f000000, ArchiveRelocationMode: 1.
Compressed class space mapped at: 0x0000015950000000-0x0000015964000000, reserved size: 335544320
Narrow klass base: 0x000001594f000000, Narrow klass shift: 0, Narrow klass range: 0x100000000

GC Precious Log:
 CardTable entry size: 512
 Card Set container configuration: InlinePtr #cards 5 size 8 Array Of Cards #cards 12 size 40 Howl #buckets 4 coarsen threshold 1843 Howl Bitmap #cards 512 size 80 coarsen threshold 460 Card regions per heap region 1 cards per card region 2048
 CPUs: 8 total, 8 available
 Memory: 7835M
 Large Page Support: Disabled
 NUMA Support: Disabled
 Compressed Oops: Enabled (32-bit)
 Heap Region Size: 1M
 Heap Min Capacity: 256M
 Heap Initial Capacity: 256M
 Heap Max Capacity: 512M
 Pre-touch: Disabled
 Parallel Workers: 8
 Concurrent Workers: 2
 Concurrent Refinement Workers: 8
 Periodic GC: Disabled

Heap:
 garbage-first heap   total 262144K, used 110240K [0x00000000e0000000, 0x0000000100000000)
  region size 1024K, 35 young (35840K), 1 survivors (1024K)
 Metaspace       used 80649K, committed 83328K, reserved 458752K
  class space    used 11446K, committed 12864K, reserved 327680K

Heap Regions: E=young(eden), S=young(survivor), O=old, HS=humongous(starts), HC=humongous(continues), CS=collection set, F=free, TAMS=top-at-mark-start, PB=parsable bottom
|   0|0x00000000e0000000, 0x00000000e0100000, 0x00000000e0100000|100%|HS|  |TAMS 0x00000000e0000000| PB 0x00000000e0000000| Complete 
|   1|0x00000000e0100000, 0x00000000e0200000, 0x00000000e0200000|100%|HC|  |TAMS 0x00000000e0100000| PB 0x00000000e0100000| Complete 
|   2|0x00000000e0200000, 0x00000000e0300000, 0x00000000e0300000|100%|HC|  |TAMS 0x00000000e0200000| PB 0x00000000e0200000| Complete 
|   3|0x00000000e0300000, 0x00000000e0400000, 0x00000000e0400000|100%|HC|  |TAMS 0x00000000e0300000| PB 0x00000000e0300000| Complete 
|   4|0x00000000e0400000, 0x00000000e0500000, 0x00000000e0500000|100%| O|  |TAMS 0x00000000e0400000| PB 0x00000000e0400000| Untracked 
|   5|0x00000000e0500000, 0x00000000e0600000, 0x00000000e0600000|100%| O|  |TAMS 0x00000000e0500000| PB 0x00000000e0500000| Untracked 
|   6|0x00000000e0600000, 0x00000000e0700000, 0x00000000e0700000|100%| O|  |TAMS 0x00000000e0600000| PB 0x00000000e0600000| Untracked 
|   7|0x00000000e0700000, 0x00000000e0800000, 0x00000000e0800000|100%| O|  |TAMS 0x00000000e0700000| PB 0x00000000e0700000| Untracked 
|   8|0x00000000e0800000, 0x00000000e0900000, 0x00000000e0900000|100%| O|  |TAMS 0x00000000e0800000| PB 0x00000000e0800000| Untracked 
|   9|0x00000000e0900000, 0x00000000e0a00000, 0x00000000e0a00000|100%| O|  |TAMS 0x00000000e0900000| PB 0x00000000e0900000| Untracked 
|  10|0x00000000e0a00000, 0x00000000e0b00000, 0x00000000e0b00000|100%| O|  |TAMS 0x00000000e0a00000| PB 0x00000000e0a00000| Untracked 
|  11|0x00000000e0b00000, 0x00000000e0c00000, 0x00000000e0c00000|100%|HS|  |TAMS 0x00000000e0b00000| PB 0x00000000e0b00000| Complete 
|  12|0x00000000e0c00000, 0x00000000e0d00000, 0x00000000e0d00000|100%| O|  |TAMS 0x00000000e0c00000| PB 0x00000000e0c00000| Untracked 
|  13|0x00000000e0d00000, 0x00000000e0e00000, 0x00000000e0e00000|100%| O|  |TAMS 0x00000000e0d00000| PB 0x00000000e0d00000| Untracked 
|  14|0x00000000e0e00000, 0x00000000e0f00000, 0x00000000e0f00000|100%| O|  |TAMS 0x00000000e0e00000| PB 0x00000000e0e00000| Untracked 
|  15|0x00000000e0f00000, 0x00000000e1000000, 0x00000000e1000000|100%| O|  |TAMS 0x00000000e0f00000| PB 0x00000000e0f00000| Untracked 
|  16|0x00000000e1000000, 0x00000000e1100000, 0x00000000e1100000|100%| O|  |TAMS 0x00000000e1000000| PB 0x00000000e1000000| Untracked 
|  17|0x00000000e1100000, 0x00000000e1200000, 0x00000000e1200000|100%| O|  |TAMS 0x00000000e1100000| PB 0x00000000e1100000| Untracked 
|  18|0x00000000e1200000, 0x00000000e1300000, 0x00000000e1300000|100%| O|  |TAMS 0x00000000e1200000| PB 0x00000000e1200000| Untracked 
|  19|0x00000000e1300000, 0x00000000e1400000, 0x00000000e1400000|100%| O|  |TAMS 0x00000000e1300000| PB 0x00000000e1300000| Untracked 
|  20|0x00000000e1400000, 0x00000000e1500000, 0x00000000e1500000|100%| O|  |TAMS 0x00000000e1400000| PB 0x00000000e1400000| Untracked 
|  21|0x00000000e1500000, 0x00000000e1600000, 0x00000000e1600000|100%| O|  |TAMS 0x00000000e1500000| PB 0x00000000e1500000| Untracked 
|  22|0x00000000e1600000, 0x00000000e1700000, 0x00000000e1700000|100%| O|  |TAMS 0x00000000e1600000| PB 0x00000000e1600000| Untracked 
|  23|0x00000000e1700000, 0x00000000e1800000, 0x00000000e1800000|100%| O|  |TAMS 0x00000000e1700000| PB 0x00000000e1700000| Untracked 
|  24|0x00000000e1800000, 0x00000000e1900000, 0x00000000e1900000|100%| O|  |TAMS 0x00000000e1800000| PB 0x00000000e1800000| Untracked 
|  25|0x00000000e1900000, 0x00000000e1a00000, 0x00000000e1a00000|100%| O|  |TAMS 0x00000000e1900000| PB 0x00000000e1900000| Untracked 
|  26|0x00000000e1a00000, 0x00000000e1b00000, 0x00000000e1b00000|100%|HS|  |TAMS 0x00000000e1a00000| PB 0x00000000e1a00000| Complete 
|  27|0x00000000e1b00000, 0x00000000e1c00000, 0x00000000e1c00000|100%|HC|  |TAMS 0x00000000e1b00000| PB 0x00000000e1b00000| Complete 
|  28|0x00000000e1c00000, 0x00000000e1d00000, 0x00000000e1d00000|100%|HC|  |TAMS 0x00000000e1c00000| PB 0x00000000e1c00000| Complete 
|  29|0x00000000e1d00000, 0x00000000e1e00000, 0x00000000e1e00000|100%|HS|  |TAMS 0x00000000e1d00000| PB 0x00000000e1d00000| Complete 
|  30|0x00000000e1e00000, 0x00000000e1f00000, 0x00000000e1f00000|100%|HC|  |TAMS 0x00000000e1e00000| PB 0x00000000e1e00000| Complete 
|  31|0x00000000e1f00000, 0x00000000e2000000, 0x00000000e2000000|100%|HC|  |TAMS 0x00000000e1f00000| PB 0x00000000e1f00000| Complete 
|  32|0x00000000e2000000, 0x00000000e2100000, 0x00000000e2100000|100%| O|  |TAMS 0x00000000e2000000| PB 0x00000000e2000000| Untracked 
|  33|0x00000000e2100000, 0x00000000e2200000, 0x00000000e2200000|100%| O|  |TAMS 0x00000000e2100000| PB 0x00000000e2100000| Untracked 
|  34|0x00000000e2200000, 0x00000000e2300000, 0x00000000e2300000|100%| O|  |TAMS 0x00000000e2200000| PB 0x00000000e2200000| Untracked 
|  35|0x00000000e2300000, 0x00000000e2400000, 0x00000000e2400000|100%| O|  |TAMS 0x00000000e2300000| PB 0x00000000e2300000| Untracked 
|  36|0x00000000e2400000, 0x00000000e2500000, 0x00000000e2500000|100%| O|  |TAMS 0x00000000e2400000| PB 0x00000000e2400000| Untracked 
|  37|0x00000000e2500000, 0x00000000e2600000, 0x00000000e2600000|100%| O|  |TAMS 0x00000000e2500000| PB 0x00000000e2500000| Untracked 
|  38|0x00000000e2600000, 0x00000000e2700000, 0x00000000e2700000|100%| O|  |TAMS 0x00000000e2600000| PB 0x00000000e2600000| Untracked 
|  39|0x00000000e2700000, 0x00000000e2800000, 0x00000000e2800000|100%| O|  |TAMS 0x00000000e2700000| PB 0x00000000e2700000| Untracked 
|  40|0x00000000e2800000, 0x00000000e2900000, 0x00000000e2900000|100%| O|  |TAMS 0x00000000e2800000| PB 0x00000000e2800000| Untracked 
|  41|0x00000000e2900000, 0x00000000e2a00000, 0x00000000e2a00000|100%| O|  |TAMS 0x00000000e2900000| PB 0x00000000e2900000| Untracked 
|  42|0x00000000e2a00000, 0x00000000e2b00000, 0x00000000e2b00000|100%| O|  |TAMS 0x00000000e2a00000| PB 0x00000000e2a00000| Untracked 
|  43|0x00000000e2b00000, 0x00000000e2c00000, 0x00000000e2c00000|100%| O|  |TAMS 0x00000000e2b00000| PB 0x00000000e2b00000| Untracked 
|  44|0x00000000e2c00000, 0x00000000e2d00000, 0x00000000e2d00000|100%| O|  |TAMS 0x00000000e2c00000| PB 0x00000000e2c00000| Untracked 
|  45|0x00000000e2d00000, 0x00000000e2e00000, 0x00000000e2e00000|100%| O|  |TAMS 0x00000000e2d00000| PB 0x00000000e2d00000| Untracked 
|  46|0x00000000e2e00000, 0x00000000e2f00000, 0x00000000e2f00000|100%| O|  |TAMS 0x00000000e2e00000| PB 0x00000000e2e00000| Untracked 
|  47|0x00000000e2f00000, 0x00000000e3000000, 0x00000000e3000000|100%| O|  |TAMS 0x00000000e2f00000| PB 0x00000000e2f00000| Untracked 
|  48|0x00000000e3000000, 0x00000000e3100000, 0x00000000e3100000|100%| O|  |TAMS 0x00000000e3000000| PB 0x00000000e3000000| Untracked 
|  49|0x00000000e3100000, 0x00000000e3100000, 0x00000000e3200000|  0%| F|  |TAMS 0x00000000e3100000| PB 0x00000000e3100000| Untracked 
|  50|0x00000000e3200000, 0x00000000e3300000, 0x00000000e3300000|100%| O|  |TAMS 0x00000000e3200000| PB 0x00000000e3200000| Untracked 
|  51|0x00000000e3300000, 0x00000000e3400000, 0x00000000e3400000|100%| O|  |TAMS 0x00000000e3300000| PB 0x00000000e3300000| Untracked 
|  52|0x00000000e3400000, 0x00000000e3500000, 0x00000000e3500000|100%| O|  |TAMS 0x00000000e3400000| PB 0x00000000e3400000| Untracked 
|  53|0x00000000e3500000, 0x00000000e3600000, 0x00000000e3600000|100%| O|  |TAMS 0x00000000e3500000| PB 0x00000000e3500000| Untracked 
|  54|0x00000000e3600000, 0x00000000e3700000, 0x00000000e3700000|100%| O|  |TAMS 0x00000000e3600000| PB 0x00000000e3600000| Untracked 
|  55|0x00000000e3700000, 0x00000000e3800000, 0x00000000e3800000|100%| O|  |TAMS 0x00000000e3700000| PB 0x00000000e3700000| Untracked 
|  56|0x00000000e3800000, 0x00000000e3900000, 0x00000000e3900000|100%| O|  |TAMS 0x00000000e3800000| PB 0x00000000e3800000| Untracked 
|  57|0x00000000e3900000, 0x00000000e3a00000, 0x00000000e3a00000|100%| O|  |TAMS 0x00000000e3900000| PB 0x00000000e3900000| Untracked 
|  58|0x00000000e3a00000, 0x00000000e3b00000, 0x00000000e3b00000|100%| O|Cm|TAMS 0x00000000e3a00000| PB 0x00000000e3a00000| Complete 
|  59|0x00000000e3b00000, 0x00000000e3c00000, 0x00000000e3c00000|100%| O|  |TAMS 0x00000000e3b00000| PB 0x00000000e3b00000| Untracked 
|  60|0x00000000e3c00000, 0x00000000e3d00000, 0x00000000e3d00000|100%| O|  |TAMS 0x00000000e3c00000| PB 0x00000000e3c00000| Untracked 
|  61|0x00000000e3d00000, 0x00000000e3e00000, 0x00000000e3e00000|100%| O|  |TAMS 0x00000000e3d00000| PB 0x00000000e3d00000| Untracked 
|  62|0x00000000e3e00000, 0x00000000e3f00000, 0x00000000e3f00000|100%| O|  |TAMS 0x00000000e3e00000| PB 0x00000000e3e00000| Untracked 
|  63|0x00000000e3f00000, 0x00000000e4000000, 0x00000000e4000000|100%| O|  |TAMS 0x00000000e3f00000| PB 0x00000000e3f00000| Untracked 
|  64|0x00000000e4000000, 0x00000000e4100000, 0x00000000e4100000|100%| O|  |TAMS 0x00000000e4000000| PB 0x00000000e4000000| Untracked 
|  65|0x00000000e4100000, 0x00000000e4200000, 0x00000000e4200000|100%| O|  |TAMS 0x00000000e4100000| PB 0x00000000e4100000| Untracked 
|  66|0x00000000e4200000, 0x00000000e4300000, 0x00000000e4300000|100%| O|  |TAMS 0x00000000e4200000| PB 0x00000000e4200000| Untracked 
|  67|0x00000000e4300000, 0x00000000e4400000, 0x00000000e4400000|100%| O|  |TAMS 0x00000000e4300000| PB 0x00000000e4300000| Untracked 
|  68|0x00000000e4400000, 0x00000000e4500000, 0x00000000e4500000|100%| O|  |TAMS 0x00000000e4400000| PB 0x00000000e4400000| Untracked 
|  69|0x00000000e4500000, 0x00000000e4600000, 0x00000000e4600000|100%| O|  |TAMS 0x00000000e4500000| PB 0x00000000e4500000| Untracked 
|  70|0x00000000e4600000, 0x00000000e4700000, 0x00000000e4700000|100%| O|  |TAMS 0x00000000e4600000| PB 0x00000000e4600000| Untracked 
|  71|0x00000000e4700000, 0x00000000e4800000, 0x00000000e4800000|100%| O|  |TAMS 0x00000000e4700000| PB 0x00000000e4700000| Untracked 
|  72|0x00000000e4800000, 0x00000000e4900000, 0x00000000e4900000|100%| O|  |TAMS 0x00000000e4800000| PB 0x00000000e4800000| Untracked 
|  73|0x00000000e4900000, 0x00000000e4a00000, 0x00000000e4a00000|100%| O|  |TAMS 0x00000000e4900000| PB 0x00000000e4900000| Untracked 
|  74|0x00000000e4a00000, 0x00000000e4b00000, 0x00000000e4b00000|100%| O|  |TAMS 0x00000000e4a00000| PB 0x00000000e4a00000| Untracked 
|  75|0x00000000e4b00000, 0x00000000e4baba20, 0x00000000e4c00000| 67%| O|  |TAMS 0x00000000e4b00000| PB 0x00000000e4b00000| Untracked 
|  76|0x00000000e4c00000, 0x00000000e4c00000, 0x00000000e4d00000|  0%| F|  |TAMS 0x00000000e4c00000| PB 0x00000000e4c00000| Untracked 
|  77|0x00000000e4d00000, 0x00000000e4d00000, 0x00000000e4e00000|  0%| F|  |TAMS 0x00000000e4d00000| PB 0x00000000e4d00000| Untracked 
|  78|0x00000000e4e00000, 0x00000000e4e00000, 0x00000000e4f00000|  0%| F|  |TAMS 0x00000000e4e00000| PB 0x00000000e4e00000| Untracked 
|  79|0x00000000e4f00000, 0x00000000e4f00000, 0x00000000e5000000|  0%| F|  |TAMS 0x00000000e4f00000| PB 0x00000000e4f00000| Untracked 
|  80|0x00000000e5000000, 0x00000000e5000000, 0x00000000e5100000|  0%| F|  |TAMS 0x00000000e5000000| PB 0x00000000e5000000| Untracked 
|  81|0x00000000e5100000, 0x00000000e5100000, 0x00000000e5200000|  0%| F|  |TAMS 0x00000000e5100000| PB 0x00000000e5100000| Untracked 
|  82|0x00000000e5200000, 0x00000000e5200000, 0x00000000e5300000|  0%| F|  |TAMS 0x00000000e5200000| PB 0x00000000e5200000| Untracked 
|  83|0x00000000e5300000, 0x00000000e5300000, 0x00000000e5400000|  0%| F|  |TAMS 0x00000000e5300000| PB 0x00000000e5300000| Untracked 
|  84|0x00000000e5400000, 0x00000000e5400000, 0x00000000e5500000|  0%| F|  |TAMS 0x00000000e5400000| PB 0x00000000e5400000| Untracked 
|  85|0x00000000e5500000, 0x00000000e5500000, 0x00000000e5600000|  0%| F|  |TAMS 0x00000000e5500000| PB 0x00000000e5500000| Untracked 
|  86|0x00000000e5600000, 0x00000000e5600000, 0x00000000e5700000|  0%| F|  |TAMS 0x00000000e5600000| PB 0x00000000e5600000| Untracked 
|  87|0x00000000e5700000, 0x00000000e5700000, 0x00000000e5800000|  0%| F|  |TAMS 0x00000000e5700000| PB 0x00000000e5700000| Untracked 
|  88|0x00000000e5800000, 0x00000000e5800000, 0x00000000e5900000|  0%| F|  |TAMS 0x00000000e5800000| PB 0x00000000e5800000| Untracked 
|  89|0x00000000e5900000, 0x00000000e5900000, 0x00000000e5a00000|  0%| F|  |TAMS 0x00000000e5900000| PB 0x00000000e5900000| Untracked 
|  90|0x00000000e5a00000, 0x00000000e5a00000, 0x00000000e5b00000|  0%| F|  |TAMS 0x00000000e5a00000| PB 0x00000000e5a00000| Untracked 
|  91|0x00000000e5b00000, 0x00000000e5b00000, 0x00000000e5c00000|  0%| F|  |TAMS 0x00000000e5b00000| PB 0x00000000e5b00000| Untracked 
|  92|0x00000000e5c00000, 0x00000000e5c00000, 0x00000000e5d00000|  0%| F|  |TAMS 0x00000000e5c00000| PB 0x00000000e5c00000| Untracked 
|  93|0x00000000e5d00000, 0x00000000e5d00000, 0x00000000e5e00000|  0%| F|  |TAMS 0x00000000e5d00000| PB 0x00000000e5d00000| Untracked 
|  94|0x00000000e5e00000, 0x00000000e5e00000, 0x00000000e5f00000|  0%| F|  |TAMS 0x00000000e5e00000| PB 0x00000000e5e00000| Untracked 
|  95|0x00000000e5f00000, 0x00000000e5f00000, 0x00000000e6000000|  0%| F|  |TAMS 0x00000000e5f00000| PB 0x00000000e5f00000| Untracked 
|  96|0x00000000e6000000, 0x00000000e6000000, 0x00000000e6100000|  0%| F|  |TAMS 0x00000000e6000000| PB 0x00000000e6000000| Untracked 
|  97|0x00000000e6100000, 0x00000000e6100000, 0x00000000e6200000|  0%| F|  |TAMS 0x00000000e6100000| PB 0x00000000e6100000| Untracked 
|  98|0x00000000e6200000, 0x00000000e6200000, 0x00000000e6300000|  0%| F|  |TAMS 0x00000000e6200000| PB 0x00000000e6200000| Untracked 
|  99|0x00000000e6300000, 0x00000000e6300000, 0x00000000e6400000|  0%| F|  |TAMS 0x00000000e6300000| PB 0x00000000e6300000| Untracked 
| 100|0x00000000e6400000, 0x00000000e6400000, 0x00000000e6500000|  0%| F|  |TAMS 0x00000000e6400000| PB 0x00000000e6400000| Untracked 
| 101|0x00000000e6500000, 0x00000000e6500000, 0x00000000e6600000|  0%| F|  |TAMS 0x00000000e6500000| PB 0x00000000e6500000| Untracked 
| 102|0x00000000e6600000, 0x00000000e6600000, 0x00000000e6700000|  0%| F|  |TAMS 0x00000000e6600000| PB 0x00000000e6600000| Untracked 
| 103|0x00000000e6700000, 0x00000000e6700000, 0x00000000e6800000|  0%| F|  |TAMS 0x00000000e6700000| PB 0x00000000e6700000| Untracked 
| 104|0x00000000e6800000, 0x00000000e6800000, 0x00000000e6900000|  0%| F|  |TAMS 0x00000000e6800000| PB 0x00000000e6800000| Untracked 
| 105|0x00000000e6900000, 0x00000000e6900000, 0x00000000e6a00000|  0%| F|  |TAMS 0x00000000e6900000| PB 0x00000000e6900000| Untracked 
| 106|0x00000000e6a00000, 0x00000000e6a00000, 0x00000000e6b00000|  0%| F|  |TAMS 0x00000000e6a00000| PB 0x00000000e6a00000| Untracked 
| 107|0x00000000e6b00000, 0x00000000e6b00000, 0x00000000e6c00000|  0%| F|  |TAMS 0x00000000e6b00000| PB 0x00000000e6b00000| Untracked 
| 108|0x00000000e6c00000, 0x00000000e6c00000, 0x00000000e6d00000|  0%| F|  |TAMS 0x00000000e6c00000| PB 0x00000000e6c00000| Untracked 
| 109|0x00000000e6d00000, 0x00000000e6d00000, 0x00000000e6e00000|  0%| F|  |TAMS 0x00000000e6d00000| PB 0x00000000e6d00000| Untracked 
| 110|0x00000000e6e00000, 0x00000000e6e00000, 0x00000000e6f00000|  0%| F|  |TAMS 0x00000000e6e00000| PB 0x00000000e6e00000| Untracked 
| 111|0x00000000e6f00000, 0x00000000e6f00000, 0x00000000e7000000|  0%| F|  |TAMS 0x00000000e6f00000| PB 0x00000000e6f00000| Untracked 
| 112|0x00000000e7000000, 0x00000000e7000000, 0x00000000e7100000|  0%| F|  |TAMS 0x00000000e7000000| PB 0x00000000e7000000| Untracked 
| 113|0x00000000e7100000, 0x00000000e7100000, 0x00000000e7200000|  0%| F|  |TAMS 0x00000000e7100000| PB 0x00000000e7100000| Untracked 
| 114|0x00000000e7200000, 0x00000000e7200000, 0x00000000e7300000|  0%| F|  |TAMS 0x00000000e7200000| PB 0x00000000e7200000| Untracked 
| 115|0x00000000e7300000, 0x00000000e7300000, 0x00000000e7400000|  0%| F|  |TAMS 0x00000000e7300000| PB 0x00000000e7300000| Untracked 
| 116|0x00000000e7400000, 0x00000000e7400000, 0x00000000e7500000|  0%| F|  |TAMS 0x00000000e7400000| PB 0x00000000e7400000| Untracked 
| 117|0x00000000e7500000, 0x00000000e7500000, 0x00000000e7600000|  0%| F|  |TAMS 0x00000000e7500000| PB 0x00000000e7500000| Untracked 
| 118|0x00000000e7600000, 0x00000000e7600000, 0x00000000e7700000|  0%| F|  |TAMS 0x00000000e7600000| PB 0x00000000e7600000| Untracked 
| 119|0x00000000e7700000, 0x00000000e7700000, 0x00000000e7800000|  0%| F|  |TAMS 0x00000000e7700000| PB 0x00000000e7700000| Untracked 
| 120|0x00000000e7800000, 0x00000000e7800000, 0x00000000e7900000|  0%| F|  |TAMS 0x00000000e7800000| PB 0x00000000e7800000| Untracked 
| 121|0x00000000e7900000, 0x00000000e7900000, 0x00000000e7a00000|  0%| F|  |TAMS 0x00000000e7900000| PB 0x00000000e7900000| Untracked 
| 122|0x00000000e7a00000, 0x00000000e7a00000, 0x00000000e7b00000|  0%| F|  |TAMS 0x00000000e7a00000| PB 0x00000000e7a00000| Untracked 
| 123|0x00000000e7b00000, 0x00000000e7b00000, 0x00000000e7c00000|  0%| F|  |TAMS 0x00000000e7b00000| PB 0x00000000e7b00000| Untracked 
| 124|0x00000000e7c00000, 0x00000000e7c00000, 0x00000000e7d00000|  0%| F|  |TAMS 0x00000000e7c00000| PB 0x00000000e7c00000| Untracked 
| 125|0x00000000e7d00000, 0x00000000e7d00000, 0x00000000e7e00000|  0%| F|  |TAMS 0x00000000e7d00000| PB 0x00000000e7d00000| Untracked 
| 126|0x00000000e7e00000, 0x00000000e7e00000, 0x00000000e7f00000|  0%| F|  |TAMS 0x00000000e7e00000| PB 0x00000000e7e00000| Untracked 
| 127|0x00000000e7f00000, 0x00000000e7f00000, 0x00000000e8000000|  0%| F|  |TAMS 0x00000000e7f00000| PB 0x00000000e7f00000| Untracked 
| 128|0x00000000e8000000, 0x00000000e8000000, 0x00000000e8100000|  0%| F|  |TAMS 0x00000000e8000000| PB 0x00000000e8000000| Untracked 
| 129|0x00000000e8100000, 0x00000000e8100000, 0x00000000e8200000|  0%| F|  |TAMS 0x00000000e8100000| PB 0x00000000e8100000| Untracked 
| 130|0x00000000e8200000, 0x00000000e8200000, 0x00000000e8300000|  0%| F|  |TAMS 0x00000000e8200000| PB 0x00000000e8200000| Untracked 
| 131|0x00000000e8300000, 0x00000000e8300000, 0x00000000e8400000|  0%| F|  |TAMS 0x00000000e8300000| PB 0x00000000e8300000| Untracked 
| 132|0x00000000e8400000, 0x00000000e8400000, 0x00000000e8500000|  0%| F|  |TAMS 0x00000000e8400000| PB 0x00000000e8400000| Untracked 
| 133|0x00000000e8500000, 0x00000000e8500000, 0x00000000e8600000|  0%| F|  |TAMS 0x00000000e8500000| PB 0x00000000e8500000| Untracked 
| 134|0x00000000e8600000, 0x00000000e8600000, 0x00000000e8700000|  0%| F|  |TAMS 0x00000000e8600000| PB 0x00000000e8600000| Untracked 
| 135|0x00000000e8700000, 0x00000000e8700000, 0x00000000e8800000|  0%| F|  |TAMS 0x00000000e8700000| PB 0x00000000e8700000| Untracked 
| 136|0x00000000e8800000, 0x00000000e8800000, 0x00000000e8900000|  0%| F|  |TAMS 0x00000000e8800000| PB 0x00000000e8800000| Untracked 
| 137|0x00000000e8900000, 0x00000000e8900000, 0x00000000e8a00000|  0%| F|  |TAMS 0x00000000e8900000| PB 0x00000000e8900000| Untracked 
| 138|0x00000000e8a00000, 0x00000000e8a00000, 0x00000000e8b00000|  0%| F|  |TAMS 0x00000000e8a00000| PB 0x00000000e8a00000| Untracked 
| 139|0x00000000e8b00000, 0x00000000e8b00000, 0x00000000e8c00000|  0%| F|  |TAMS 0x00000000e8b00000| PB 0x00000000e8b00000| Untracked 
| 140|0x00000000e8c00000, 0x00000000e8c00000, 0x00000000e8d00000|  0%| F|  |TAMS 0x00000000e8c00000| PB 0x00000000e8c00000| Untracked 
| 141|0x00000000e8d00000, 0x00000000e8d00000, 0x00000000e8e00000|  0%| F|  |TAMS 0x00000000e8d00000| PB 0x00000000e8d00000| Untracked 
| 142|0x00000000e8e00000, 0x00000000e8e00000, 0x00000000e8f00000|  0%| F|  |TAMS 0x00000000e8e00000| PB 0x00000000e8e00000| Untracked 
| 143|0x00000000e8f00000, 0x00000000e8f00000, 0x00000000e9000000|  0%| F|  |TAMS 0x00000000e8f00000| PB 0x00000000e8f00000| Untracked 
| 144|0x00000000e9000000, 0x00000000e9000000, 0x00000000e9100000|  0%| F|  |TAMS 0x00000000e9000000| PB 0x00000000e9000000| Untracked 
| 145|0x00000000e9100000, 0x00000000e9100000, 0x00000000e9200000|  0%| F|  |TAMS 0x00000000e9100000| PB 0x00000000e9100000| Untracked 
| 146|0x00000000e9200000, 0x00000000e9200000, 0x00000000e9300000|  0%| F|  |TAMS 0x00000000e9200000| PB 0x00000000e9200000| Untracked 
| 147|0x00000000e9300000, 0x00000000e9300000, 0x00000000e9400000|  0%| F|  |TAMS 0x00000000e9300000| PB 0x00000000e9300000| Untracked 
| 148|0x00000000e9400000, 0x00000000e9400000, 0x00000000e9500000|  0%| F|  |TAMS 0x00000000e9400000| PB 0x00000000e9400000| Untracked 
| 149|0x00000000e9500000, 0x00000000e9500000, 0x00000000e9600000|  0%| F|  |TAMS 0x00000000e9500000| PB 0x00000000e9500000| Untracked 
| 150|0x00000000e9600000, 0x00000000e9600000, 0x00000000e9700000|  0%| F|  |TAMS 0x00000000e9600000| PB 0x00000000e9600000| Untracked 
| 151|0x00000000e9700000, 0x00000000e9700000, 0x00000000e9800000|  0%| F|  |TAMS 0x00000000e9700000| PB 0x00000000e9700000| Untracked 
| 152|0x00000000e9800000, 0x00000000e9800000, 0x00000000e9900000|  0%| F|  |TAMS 0x00000000e9800000| PB 0x00000000e9800000| Untracked 
| 153|0x00000000e9900000, 0x00000000e9900000, 0x00000000e9a00000|  0%| F|  |TAMS 0x00000000e9900000| PB 0x00000000e9900000| Untracked 
| 154|0x00000000e9a00000, 0x00000000e9a00000, 0x00000000e9b00000|  0%| F|  |TAMS 0x00000000e9a00000| PB 0x00000000e9a00000| Untracked 
| 155|0x00000000e9b00000, 0x00000000e9b00000, 0x00000000e9c00000|  0%| F|  |TAMS 0x00000000e9b00000| PB 0x00000000e9b00000| Untracked 
| 156|0x00000000e9c00000, 0x00000000e9c00000, 0x00000000e9d00000|  0%| F|  |TAMS 0x00000000e9c00000| PB 0x00000000e9c00000| Untracked 
| 157|0x00000000e9d00000, 0x00000000e9d00000, 0x00000000e9e00000|  0%| F|  |TAMS 0x00000000e9d00000| PB 0x00000000e9d00000| Untracked 
| 158|0x00000000e9e00000, 0x00000000e9e00000, 0x00000000e9f00000|  0%| F|  |TAMS 0x00000000e9e00000| PB 0x00000000e9e00000| Untracked 
| 159|0x00000000e9f00000, 0x00000000e9f00000, 0x00000000ea000000|  0%| F|  |TAMS 0x00000000e9f00000| PB 0x00000000e9f00000| Untracked 
| 160|0x00000000ea000000, 0x00000000ea000000, 0x00000000ea100000|  0%| F|  |TAMS 0x00000000ea000000| PB 0x00000000ea000000| Untracked 
| 161|0x00000000ea100000, 0x00000000ea100000, 0x00000000ea200000|  0%| F|  |TAMS 0x00000000ea100000| PB 0x00000000ea100000| Untracked 
| 162|0x00000000ea200000, 0x00000000ea200000, 0x00000000ea300000|  0%| F|  |TAMS 0x00000000ea200000| PB 0x00000000ea200000| Untracked 
| 163|0x00000000ea300000, 0x00000000ea300000, 0x00000000ea400000|  0%| F|  |TAMS 0x00000000ea300000| PB 0x00000000ea300000| Untracked 
| 164|0x00000000ea400000, 0x00000000ea400000, 0x00000000ea500000|  0%| F|  |TAMS 0x00000000ea400000| PB 0x00000000ea400000| Untracked 
| 165|0x00000000ea500000, 0x00000000ea500000, 0x00000000ea600000|  0%| F|  |TAMS 0x00000000ea500000| PB 0x00000000ea500000| Untracked 
| 166|0x00000000ea600000, 0x00000000ea600000, 0x00000000ea700000|  0%| F|  |TAMS 0x00000000ea600000| PB 0x00000000ea600000| Untracked 
| 167|0x00000000ea700000, 0x00000000ea700000, 0x00000000ea800000|  0%| F|  |TAMS 0x00000000ea700000| PB 0x00000000ea700000| Untracked 
| 168|0x00000000ea800000, 0x00000000ea800000, 0x00000000ea900000|  0%| F|  |TAMS 0x00000000ea800000| PB 0x00000000ea800000| Untracked 
| 169|0x00000000ea900000, 0x00000000ea900000, 0x00000000eaa00000|  0%| F|  |TAMS 0x00000000ea900000| PB 0x00000000ea900000| Untracked 
| 170|0x00000000eaa00000, 0x00000000eaa00000, 0x00000000eab00000|  0%| F|  |TAMS 0x00000000eaa00000| PB 0x00000000eaa00000| Untracked 
| 171|0x00000000eab00000, 0x00000000eab00000, 0x00000000eac00000|  0%| F|  |TAMS 0x00000000eab00000| PB 0x00000000eab00000| Untracked 
| 172|0x00000000eac00000, 0x00000000eac00000, 0x00000000ead00000|  0%| F|  |TAMS 0x00000000eac00000| PB 0x00000000eac00000| Untracked 
| 173|0x00000000ead00000, 0x00000000ead00000, 0x00000000eae00000|  0%| F|  |TAMS 0x00000000ead00000| PB 0x00000000ead00000| Untracked 
| 174|0x00000000eae00000, 0x00000000eae00000, 0x00000000eaf00000|  0%| F|  |TAMS 0x00000000eae00000| PB 0x00000000eae00000| Untracked 
| 175|0x00000000eaf00000, 0x00000000eaf00000, 0x00000000eb000000|  0%| F|  |TAMS 0x00000000eaf00000| PB 0x00000000eaf00000| Untracked 
| 176|0x00000000eb000000, 0x00000000eb000000, 0x00000000eb100000|  0%| F|  |TAMS 0x00000000eb000000| PB 0x00000000eb000000| Untracked 
| 177|0x00000000eb100000, 0x00000000eb100000, 0x00000000eb200000|  0%| F|  |TAMS 0x00000000eb100000| PB 0x00000000eb100000| Untracked 
| 178|0x00000000eb200000, 0x00000000eb200000, 0x00000000eb300000|  0%| F|  |TAMS 0x00000000eb200000| PB 0x00000000eb200000| Untracked 
| 179|0x00000000eb300000, 0x00000000eb300000, 0x00000000eb400000|  0%| F|  |TAMS 0x00000000eb300000| PB 0x00000000eb300000| Untracked 
| 180|0x00000000eb400000, 0x00000000eb400000, 0x00000000eb500000|  0%| F|  |TAMS 0x00000000eb400000| PB 0x00000000eb400000| Untracked 
| 181|0x00000000eb500000, 0x00000000eb500000, 0x00000000eb600000|  0%| F|  |TAMS 0x00000000eb500000| PB 0x00000000eb500000| Untracked 
| 182|0x00000000eb600000, 0x00000000eb600000, 0x00000000eb700000|  0%| F|  |TAMS 0x00000000eb600000| PB 0x00000000eb600000| Untracked 
| 183|0x00000000eb700000, 0x00000000eb700000, 0x00000000eb800000|  0%| F|  |TAMS 0x00000000eb700000| PB 0x00000000eb700000| Untracked 
| 184|0x00000000eb800000, 0x00000000eb800000, 0x00000000eb900000|  0%| F|  |TAMS 0x00000000eb800000| PB 0x00000000eb800000| Untracked 
| 185|0x00000000eb900000, 0x00000000eb900000, 0x00000000eba00000|  0%| F|  |TAMS 0x00000000eb900000| PB 0x00000000eb900000| Untracked 
| 186|0x00000000eba00000, 0x00000000eba00000, 0x00000000ebb00000|  0%| F|  |TAMS 0x00000000eba00000| PB 0x00000000eba00000| Untracked 
| 187|0x00000000ebb00000, 0x00000000ebb00000, 0x00000000ebc00000|  0%| F|  |TAMS 0x00000000ebb00000| PB 0x00000000ebb00000| Untracked 
| 188|0x00000000ebc00000, 0x00000000ebc00000, 0x00000000ebd00000|  0%| F|  |TAMS 0x00000000ebc00000| PB 0x00000000ebc00000| Untracked 
| 189|0x00000000ebd00000, 0x00000000ebd00000, 0x00000000ebe00000|  0%| F|  |TAMS 0x00000000ebd00000| PB 0x00000000ebd00000| Untracked 
| 190|0x00000000ebe00000, 0x00000000ebe00000, 0x00000000ebf00000|  0%| F|  |TAMS 0x00000000ebe00000| PB 0x00000000ebe00000| Untracked 
| 191|0x00000000ebf00000, 0x00000000ebf00000, 0x00000000ec000000|  0%| F|  |TAMS 0x00000000ebf00000| PB 0x00000000ebf00000| Untracked 
| 192|0x00000000ec000000, 0x00000000ec000000, 0x00000000ec100000|  0%| F|  |TAMS 0x00000000ec000000| PB 0x00000000ec000000| Untracked 
| 193|0x00000000ec100000, 0x00000000ec100000, 0x00000000ec200000|  0%| F|  |TAMS 0x00000000ec100000| PB 0x00000000ec100000| Untracked 
| 194|0x00000000ec200000, 0x00000000ec200000, 0x00000000ec300000|  0%| F|  |TAMS 0x00000000ec200000| PB 0x00000000ec200000| Untracked 
| 195|0x00000000ec300000, 0x00000000ec300000, 0x00000000ec400000|  0%| F|  |TAMS 0x00000000ec300000| PB 0x00000000ec300000| Untracked 
| 196|0x00000000ec400000, 0x00000000ec400000, 0x00000000ec500000|  0%| F|  |TAMS 0x00000000ec400000| PB 0x00000000ec400000| Untracked 
| 197|0x00000000ec500000, 0x00000000ec500000, 0x00000000ec600000|  0%| F|  |TAMS 0x00000000ec500000| PB 0x00000000ec500000| Untracked 
| 198|0x00000000ec600000, 0x00000000ec600000, 0x00000000ec700000|  0%| F|  |TAMS 0x00000000ec600000| PB 0x00000000ec600000| Untracked 
| 199|0x00000000ec700000, 0x00000000ec700000, 0x00000000ec800000|  0%| F|  |TAMS 0x00000000ec700000| PB 0x00000000ec700000| Untracked 
| 200|0x00000000ec800000, 0x00000000ec800000, 0x00000000ec900000|  0%| F|  |TAMS 0x00000000ec800000| PB 0x00000000ec800000| Untracked 
| 201|0x00000000ec900000, 0x00000000ec900000, 0x00000000eca00000|  0%| F|  |TAMS 0x00000000ec900000| PB 0x00000000ec900000| Untracked 
| 202|0x00000000eca00000, 0x00000000eca00000, 0x00000000ecb00000|  0%| F|  |TAMS 0x00000000eca00000| PB 0x00000000eca00000| Untracked 
| 203|0x00000000ecb00000, 0x00000000ecb00000, 0x00000000ecc00000|  0%| F|  |TAMS 0x00000000ecb00000| PB 0x00000000ecb00000| Untracked 
| 204|0x00000000ecc00000, 0x00000000ecc00000, 0x00000000ecd00000|  0%| F|  |TAMS 0x00000000ecc00000| PB 0x00000000ecc00000| Untracked 
| 205|0x00000000ecd00000, 0x00000000ecd00000, 0x00000000ece00000|  0%| F|  |TAMS 0x00000000ecd00000| PB 0x00000000ecd00000| Untracked 
| 206|0x00000000ece00000, 0x00000000ece00000, 0x00000000ecf00000|  0%| F|  |TAMS 0x00000000ece00000| PB 0x00000000ece00000| Untracked 
| 207|0x00000000ecf00000, 0x00000000ecf00000, 0x00000000ed000000|  0%| F|  |TAMS 0x00000000ecf00000| PB 0x00000000ecf00000| Untracked 
| 208|0x00000000ed000000, 0x00000000ed000000, 0x00000000ed100000|  0%| F|  |TAMS 0x00000000ed000000| PB 0x00000000ed000000| Untracked 
| 209|0x00000000ed100000, 0x00000000ed100000, 0x00000000ed200000|  0%| F|  |TAMS 0x00000000ed100000| PB 0x00000000ed100000| Untracked 
| 210|0x00000000ed200000, 0x00000000ed200000, 0x00000000ed300000|  0%| F|  |TAMS 0x00000000ed200000| PB 0x00000000ed200000| Untracked 
| 211|0x00000000ed300000, 0x00000000ed300000, 0x00000000ed400000|  0%| F|  |TAMS 0x00000000ed300000| PB 0x00000000ed300000| Untracked 
| 212|0x00000000ed400000, 0x00000000ed400000, 0x00000000ed500000|  0%| F|  |TAMS 0x00000000ed400000| PB 0x00000000ed400000| Untracked 
| 213|0x00000000ed500000, 0x00000000ed500000, 0x00000000ed600000|  0%| F|  |TAMS 0x00000000ed500000| PB 0x00000000ed500000| Untracked 
| 214|0x00000000ed600000, 0x00000000ed600000, 0x00000000ed700000|  0%| F|  |TAMS 0x00000000ed600000| PB 0x00000000ed600000| Untracked 
| 215|0x00000000ed700000, 0x00000000ed700000, 0x00000000ed800000|  0%| F|  |TAMS 0x00000000ed700000| PB 0x00000000ed700000| Untracked 
| 216|0x00000000ed800000, 0x00000000ed800000, 0x00000000ed900000|  0%| F|  |TAMS 0x00000000ed800000| PB 0x00000000ed800000| Untracked 
| 217|0x00000000ed900000, 0x00000000ed900000, 0x00000000eda00000|  0%| F|  |TAMS 0x00000000ed900000| PB 0x00000000ed900000| Untracked 
| 218|0x00000000eda00000, 0x00000000eda00000, 0x00000000edb00000|  0%| F|  |TAMS 0x00000000eda00000| PB 0x00000000eda00000| Untracked 
| 219|0x00000000edb00000, 0x00000000edb00000, 0x00000000edc00000|  0%| F|  |TAMS 0x00000000edb00000| PB 0x00000000edb00000| Untracked 
| 220|0x00000000edc00000, 0x00000000edc00000, 0x00000000edd00000|  0%| F|  |TAMS 0x00000000edc00000| PB 0x00000000edc00000| Untracked 
| 221|0x00000000edd00000, 0x00000000eddc1110, 0x00000000ede00000| 75%| E|  |TAMS 0x00000000edd00000| PB 0x00000000edd00000| Complete 
| 222|0x00000000ede00000, 0x00000000edf00000, 0x00000000edf00000|100%| E|CS|TAMS 0x00000000ede00000| PB 0x00000000ede00000| Complete 
| 223|0x00000000edf00000, 0x00000000ee000000, 0x00000000ee000000|100%| E|CS|TAMS 0x00000000edf00000| PB 0x00000000edf00000| Complete 
| 224|0x00000000ee000000, 0x00000000ee100000, 0x00000000ee100000|100%| E|CS|TAMS 0x00000000ee000000| PB 0x00000000ee000000| Complete 
| 225|0x00000000ee100000, 0x00000000ee200000, 0x00000000ee200000|100%| E|CS|TAMS 0x00000000ee100000| PB 0x00000000ee100000| Complete 
| 226|0x00000000ee200000, 0x00000000ee300000, 0x00000000ee300000|100%| E|CS|TAMS 0x00000000ee200000| PB 0x00000000ee200000| Complete 
| 227|0x00000000ee300000, 0x00000000ee400000, 0x00000000ee400000|100%| E|CS|TAMS 0x00000000ee300000| PB 0x00000000ee300000| Complete 
| 228|0x00000000ee400000, 0x00000000ee500000, 0x00000000ee500000|100%| E|CS|TAMS 0x00000000ee400000| PB 0x00000000ee400000| Complete 
| 229|0x00000000ee500000, 0x00000000ee600000, 0x00000000ee600000|100%| E|CS|TAMS 0x00000000ee500000| PB 0x00000000ee500000| Complete 
| 230|0x00000000ee600000, 0x00000000ee700000, 0x00000000ee700000|100%| E|CS|TAMS 0x00000000ee600000| PB 0x00000000ee600000| Complete 
| 231|0x00000000ee700000, 0x00000000ee800000, 0x00000000ee800000|100%| E|CS|TAMS 0x00000000ee700000| PB 0x00000000ee700000| Complete 
| 232|0x00000000ee800000, 0x00000000ee900000, 0x00000000ee900000|100%| E|CS|TAMS 0x00000000ee800000| PB 0x00000000ee800000| Complete 
| 233|0x00000000ee900000, 0x00000000eea00000, 0x00000000eea00000|100%| E|CS|TAMS 0x00000000ee900000| PB 0x00000000ee900000| Complete 
| 234|0x00000000eea00000, 0x00000000eeb00000, 0x00000000eeb00000|100%| E|CS|TAMS 0x00000000eea00000| PB 0x00000000eea00000| Complete 
| 235|0x00000000eeb00000, 0x00000000eec00000, 0x00000000eec00000|100%| E|CS|TAMS 0x00000000eeb00000| PB 0x00000000eeb00000| Complete 
| 236|0x00000000eec00000, 0x00000000eed00000, 0x00000000eed00000|100%| E|CS|TAMS 0x00000000eec00000| PB 0x00000000eec00000| Complete 
| 237|0x00000000eed00000, 0x00000000eee00000, 0x00000000eee00000|100%| E|CS|TAMS 0x00000000eed00000| PB 0x00000000eed00000| Complete 
| 238|0x00000000eee00000, 0x00000000eef00000, 0x00000000eef00000|100%| E|  |TAMS 0x00000000eee00000| PB 0x00000000eee00000| Complete 
| 239|0x00000000eef00000, 0x00000000eeffc8f8, 0x00000000ef000000| 98%| S|CS|TAMS 0x00000000eef00000| PB 0x00000000eef00000| Complete 
| 240|0x00000000ef000000, 0x00000000ef100000, 0x00000000ef100000|100%| E|CS|TAMS 0x00000000ef000000| PB 0x00000000ef000000| Complete 
| 241|0x00000000ef100000, 0x00000000ef200000, 0x00000000ef200000|100%| E|CS|TAMS 0x00000000ef100000| PB 0x00000000ef100000| Complete 
| 242|0x00000000ef200000, 0x00000000ef300000, 0x00000000ef300000|100%| E|CS|TAMS 0x00000000ef200000| PB 0x00000000ef200000| Complete 
| 243|0x00000000ef300000, 0x00000000ef400000, 0x00000000ef400000|100%| E|CS|TAMS 0x00000000ef300000| PB 0x00000000ef300000| Complete 
| 244|0x00000000ef400000, 0x00000000ef500000, 0x00000000ef500000|100%| E|CS|TAMS 0x00000000ef400000| PB 0x00000000ef400000| Complete 
| 245|0x00000000ef500000, 0x00000000ef600000, 0x00000000ef600000|100%| E|CS|TAMS 0x00000000ef500000| PB 0x00000000ef500000| Complete 
| 246|0x00000000ef600000, 0x00000000ef700000, 0x00000000ef700000|100%| E|CS|TAMS 0x00000000ef600000| PB 0x00000000ef600000| Complete 
| 247|0x00000000ef700000, 0x00000000ef800000, 0x00000000ef800000|100%| E|CS|TAMS 0x00000000ef700000| PB 0x00000000ef700000| Complete 
| 248|0x00000000ef800000, 0x00000000ef900000, 0x00000000ef900000|100%| E|CS|TAMS 0x00000000ef800000| PB 0x00000000ef800000| Complete 
| 249|0x00000000ef900000, 0x00000000efa00000, 0x00000000efa00000|100%| E|CS|TAMS 0x00000000ef900000| PB 0x00000000ef900000| Complete 
| 250|0x00000000efa00000, 0x00000000efb00000, 0x00000000efb00000|100%| E|CS|TAMS 0x00000000efa00000| PB 0x00000000efa00000| Complete 
| 251|0x00000000efb00000, 0x00000000efc00000, 0x00000000efc00000|100%| E|CS|TAMS 0x00000000efb00000| PB 0x00000000efb00000| Complete 
| 252|0x00000000efc00000, 0x00000000efd00000, 0x00000000efd00000|100%| E|CS|TAMS 0x00000000efc00000| PB 0x00000000efc00000| Complete 
| 253|0x00000000efd00000, 0x00000000efe00000, 0x00000000efe00000|100%| E|CS|TAMS 0x00000000efd00000| PB 0x00000000efd00000| Complete 
| 254|0x00000000efe00000, 0x00000000eff00000, 0x00000000eff00000|100%| E|CS|TAMS 0x00000000efe00000| PB 0x00000000efe00000| Complete 
| 255|0x00000000eff00000, 0x00000000f0000000, 0x00000000f0000000|100%| E|CS|TAMS 0x00000000eff00000| PB 0x00000000eff00000| Complete 

Card table byte_map: [0x000001594bba0000,0x000001594bca0000] _byte_map_base: 0x000001594b4a0000

Marking Bits: (CMBitMap*) 0x000001593959aa50
 Bits: [0x000001594bca0000, 0x000001594c4a0000)

Polling page: 0x00000159373a0000

Metaspace:

Usage:
  Non-class:     67.58 MB used.
      Class:     11.18 MB used.
       Both:     78.76 MB used.

Virtual space:
  Non-class space:      128.00 MB reserved,      68.81 MB ( 54%) committed,  2 nodes.
      Class space:      320.00 MB reserved,      12.56 MB (  4%) committed,  1 nodes.
             Both:      448.00 MB reserved,      81.38 MB ( 18%) committed. 

Chunk freelists:
   Non-Class:  11.31 MB
       Class:  4.09 MB
        Both:  15.40 MB

MaxMetaspaceSize: 384.00 MB
CompressedClassSpaceSize: 320.00 MB
Initial GC threshold: 21.00 MB
Current GC threshold: 135.44 MB
CDS: on
 - commit_granule_bytes: 65536.
 - commit_granule_words: 8192.
 - virtual_space_node_default_size: 8388608.
 - enlarge_chunks_in_place: 1.
 - use_allocation_guard: 0.


Internal statistics:

num_allocs_failed_limit: 18.
num_arena_births: 3922.
num_arena_deaths: 2160.
num_vsnodes_births: 3.
num_vsnodes_deaths: 0.
num_space_committed: 1302.
num_space_uncommitted: 0.
num_chunks_returned_to_freelist: 2457.
num_chunks_taken_from_freelist: 8099.
num_chunk_merges: 888.
num_chunk_splits: 5000.
num_chunks_enlarged: 3036.
num_inconsistent_stats: 0.

CodeHeap 'non-profiled nmethods': size=120000Kb used=7454Kb max_used=7454Kb free=112545Kb
 bounds [0x0000015944240000, 0x0000015944990000, 0x000001594b770000]
CodeHeap 'profiled nmethods': size=120000Kb used=21314Kb max_used=21314Kb free=98685Kb
 bounds [0x000001593c770000, 0x000001593dc50000, 0x0000015943ca0000]
CodeHeap 'non-nmethods': size=5760Kb used=2672Kb max_used=2716Kb free=3087Kb
 bounds [0x0000015943ca0000, 0x0000015943f60000, 0x0000015944240000]
CodeCache: size=245760Kb, used=31440Kb, max_used=31484Kb, free=214317Kb
 total_blobs=12184, nmethods=11247, adapters=841, full_count=0
Compilation: enabled, stopped_count=0, restarted_count=0

Compilation events (20 events):
Event: 691.421 Thread 0x0000015968012b70 12518       4       sun.management.spi.PlatformMBeanProvider$PlatformComponent$$Lambda/0x0000015950077278::apply (9 bytes)
Event: 691.422 Thread 0x0000015968012b70 nmethod 12518 0x0000015944985b90 code [0x0000015944985d20, 0x0000015944985e38]
Event: 691.491 Thread 0x0000015968013610 12519       1       org.gradle.process.internal.health.memory.DefaultMemoryManager::access$200 (5 bytes)
Event: 691.492 Thread 0x0000015968013610 nmethod 12519 0x0000015944985f10 code [0x00000159449860a0, 0x0000015944986150]
Event: 691.492 Thread 0x0000015968013610 12520       1       org.gradle.process.internal.health.memory.DefaultMemoryManager::access$300 (5 bytes)
Event: 691.493 Thread 0x0000015968013610 nmethod 12520 0x0000015944986210 code [0x00000159449863a0, 0x0000015944986450]
Event: 691.493 Thread 0x0000015968013610 12521       1       org.gradle.process.internal.health.memory.DefaultMemoryManager::access$400 (5 bytes)
Event: 691.495 Thread 0x0000015968013610 nmethod 12521 0x0000015944986510 code [0x00000159449866a0, 0x0000015944986750]
Event: 691.495 Thread 0x0000015968013610 12522       1       org.gradle.process.internal.health.memory.DefaultMemoryManager::access$500 (5 bytes)
Event: 691.496 Thread 0x0000015968013610 nmethod 12522 0x0000015944986810 code [0x00000159449869a0, 0x0000015944986a50]
Event: 691.496 Thread 0x0000015968013610 12523       1       org.gradle.process.internal.health.memory.DefaultJvmMemoryInfo::getMaxMemory (5 bytes)
Event: 691.497 Thread 0x0000015968013610 nmethod 12523 0x0000015944986b10 code [0x0000015944986ca0, 0x0000015944986d68]
Event: 691.497 Thread 0x0000015968013610 12524       1       org.gradle.process.internal.health.memory.DefaultMemoryManager::access$600 (5 bytes)
Event: 691.497 Thread 0x0000015968013610 nmethod 12524 0x0000015944986e10 code [0x0000015944986fa0, 0x0000015944987050]
Event: 691.927 Thread 0x0000015968013610 12525       3       org.gradle.internal.concurrent.AbstractManagedExecutor::trackedCommand (10 bytes)
Event: 692.040 Thread 0x0000015968013610 nmethod 12525 0x000001593dc3e410 code [0x000001593dc3e5c0, 0x000001593dc3e8a0]
Event: 692.487 Thread 0x0000015968012b70 12528       4       java.lang.reflect.Executable::getGenericExceptionTypes (27 bytes)
Event: 692.527 Thread 0x0000015968012b70 nmethod 12528 0x0000015944987110 code [0x00000159449872e0, 0x00000159449877d8]
Event: 692.813 Thread 0x0000015968012b70 12529       4       java.lang.reflect.Method::toGenericString (12 bytes)
Event: 693.638 Thread 0x0000015968013610 12531       3       java.beans.MethodRef::get (91 bytes)

GC Heap History (20 events):
Event: 60.648 GC heap before
{Heap before GC invocations=9 (full 0):
 garbage-first heap   total 262144K, used 156458K [0x00000000e0000000, 0x0000000100000000)
  region size 1024K, 123 young (125952K), 14 survivors (14336K)
 Metaspace       used 59744K, committed 61568K, reserved 393216K
  class space    used 8705K, committed 9600K, reserved 327680K
}
Event: 60.680 GC heap after
{Heap after GC invocations=10 (full 0):
 garbage-first heap   total 262144K, used 53956K [0x00000000e0000000, 0x0000000100000000)
  region size 1024K, 17 young (17408K), 17 survivors (17408K)
 Metaspace       used 59744K, committed 61568K, reserved 393216K
  class space    used 8705K, committed 9600K, reserved 327680K
}
Event: 60.742 GC heap before
{Heap before GC invocations=10 (full 0):
 garbage-first heap   total 262144K, used 54980K [0x00000000e0000000, 0x0000000100000000)
  region size 1024K, 19 young (19456K), 17 survivors (17408K)
 Metaspace       used 60031K, committed 61888K, reserved 393216K
  class space    used 8733K, committed 9664K, reserved 327680K
}
Event: 60.751 GC heap after
{Heap after GC invocations=11 (full 0):
 garbage-first heap   total 262144K, used 54838K [0x00000000e0000000, 0x0000000100000000)
  region size 1024K, 10 young (10240K), 10 survivors (10240K)
 Metaspace       used 60031K, committed 61888K, reserved 393216K
  class space    used 8733K, committed 9664K, reserved 327680K
}
Event: 87.641 GC heap before
{Heap before GC invocations=12 (full 0):
 garbage-first heap   total 262144K, used 199222K [0x00000000e0000000, 0x0000000100000000)
  region size 1024K, 152 young (155648K), 10 survivors (10240K)
 Metaspace       used 69346K, committed 71360K, reserved 393216K
  class space    used 10080K, committed 11072K, reserved 327680K
}
Event: 87.655 GC heap after
{Heap after GC invocations=13 (full 0):
 garbage-first heap   total 262144K, used 62537K [0x00000000e0000000, 0x0000000100000000)
  region size 1024K, 18 young (18432K), 18 survivors (18432K)
 Metaspace       used 69346K, committed 71360K, reserved 393216K
  class space    used 10080K, committed 11072K, reserved 327680K
}
Event: 429.752 GC heap before
{Heap before GC invocations=13 (full 0):
 garbage-first heap   total 262144K, used 199753K [0x00000000e0000000, 0x0000000100000000)
  region size 1024K, 153 young (156672K), 18 survivors (18432K)
 Metaspace       used 74684K, committed 76736K, reserved 458752K
  class space    used 10955K, committed 11968K, reserved 327680K
}
Event: 432.408 GC heap after
{Heap after GC invocations=14 (full 0):
 garbage-first heap   total 262144K, used 71058K [0x00000000e0000000, 0x0000000100000000)
  region size 1024K, 18 young (18432K), 18 survivors (18432K)
 Metaspace       used 74684K, committed 76736K, reserved 458752K
  class space    used 10955K, committed 11968K, reserved 327680K
}
Event: 610.786 GC heap before
{Heap before GC invocations=14 (full 0):
 garbage-first heap   total 262144K, used 209298K [0x00000000e0000000, 0x0000000100000000)
  region size 1024K, 153 young (156672K), 18 survivors (18432K)
 Metaspace       used 80897K, committed 83072K, reserved 458752K
  class space    used 11795K, committed 12864K, reserved 327680K
}
Event: 612.900 GC heap after
{Heap after GC invocations=15 (full 0):
 garbage-first heap   total 262144K, used 74637K [0x00000000e0000000, 0x0000000100000000)
  region size 1024K, 14 young (14336K), 14 survivors (14336K)
 Metaspace       used 80897K, committed 83072K, reserved 458752K
  class space    used 11795K, committed 12864K, reserved 327680K
}
Event: 613.308 GC heap before
{Heap before GC invocations=15 (full 0):
 garbage-first heap   total 262144K, used 75661K [0x00000000e0000000, 0x0000000100000000)
  region size 1024K, 15 young (15360K), 14 survivors (14336K)
 Metaspace       used 80957K, committed 83072K, reserved 458752K
  class space    used 11802K, committed 12864K, reserved 327680K
}
Event: 614.313 GC heap after
{Heap after GC invocations=16 (full 0):
 garbage-first heap   total 262144K, used 76800K [0x00000000e0000000, 0x0000000100000000)
  region size 1024K, 2 young (2048K), 2 survivors (2048K)
 Metaspace       used 80957K, committed 83072K, reserved 458752K
  class space    used 11802K, committed 12864K, reserved 327680K
}
Event: 623.155 GC heap before
{Heap before GC invocations=17 (full 0):
 garbage-first heap   total 262144K, used 86016K [0x00000000e0000000, 0x0000000100000000)
  region size 1024K, 12 young (12288K), 2 survivors (2048K)
 Metaspace       used 79068K, committed 83200K, reserved 458752K
  class space    used 11297K, committed 12864K, reserved 327680K
}
Event: 623.187 GC heap after
{Heap after GC invocations=18 (full 0):
 garbage-first heap   total 262144K, used 75944K [0x00000000e0000000, 0x0000000100000000)
  region size 1024K, 2 young (2048K), 2 survivors (2048K)
 Metaspace       used 79068K, committed 83200K, reserved 458752K
  class space    used 11297K, committed 12864K, reserved 327680K
}
Event: 635.092 GC heap before
{Heap before GC invocations=18 (full 0):
 garbage-first heap   total 262144K, used 86184K [0x00000000e0000000, 0x0000000100000000)
  region size 1024K, 12 young (12288K), 2 survivors (2048K)
 Metaspace       used 79746K, committed 83264K, reserved 458752K
  class space    used 11392K, committed 12864K, reserved 327680K
}
Event: 635.126 GC heap after
{Heap after GC invocations=19 (full 0):
 garbage-first heap   total 262144K, used 76484K [0x00000000e0000000, 0x0000000100000000)
  region size 1024K, 2 young (2048K), 2 survivors (2048K)
 Metaspace       used 79746K, committed 83264K, reserved 458752K
  class space    used 11392K, committed 12864K, reserved 327680K
}
Event: 642.796 GC heap before
{Heap before GC invocations=19 (full 0):
 garbage-first heap   total 262144K, used 87748K [0x00000000e0000000, 0x0000000100000000)
  region size 1024K, 14 young (14336K), 2 survivors (2048K)
 Metaspace       used 80075K, committed 83264K, reserved 458752K
  class space    used 11419K, committed 12864K, reserved 327680K
}
Event: 642.940 GC heap after
{Heap after GC invocations=20 (full 0):
 garbage-first heap   total 262144K, used 77051K [0x00000000e0000000, 0x0000000100000000)
  region size 1024K, 2 young (2048K), 2 survivors (2048K)
 Metaspace       used 80075K, committed 83264K, reserved 458752K
  class space    used 11419K, committed 12864K, reserved 327680K
}
Event: 652.547 GC heap before
{Heap before GC invocations=20 (full 0):
 garbage-first heap   total 262144K, used 91387K [0x00000000e0000000, 0x0000000100000000)
  region size 1024K, 16 young (16384K), 2 survivors (2048K)
 Metaspace       used 80274K, committed 83264K, reserved 458752K
  class space    used 11433K, committed 12864K, reserved 327680K
}
Event: 652.557 GC heap after
{Heap after GC invocations=21 (full 0):
 garbage-first heap   total 262144K, used 77472K [0x00000000e0000000, 0x0000000100000000)
  region size 1024K, 1 young (1024K), 1 survivors (1024K)
 Metaspace       used 80274K, committed 83264K, reserved 458752K
  class space    used 11433K, committed 12864K, reserved 327680K
}

Dll operation events (14 events):
Event: 0.069 Loaded shared library C:\Users\USER\.vscode\extensions\redhat.java-1.55.0-win32-x64\jre\21.0.11-win32-x86_64\bin\java.dll
Event: 0.308 Loaded shared library C:\Users\USER\.vscode\extensions\redhat.java-1.55.0-win32-x64\jre\21.0.11-win32-x86_64\bin\zip.dll
Event: 0.342 Loaded shared library C:\Users\USER\.vscode\extensions\redhat.java-1.55.0-win32-x64\jre\21.0.11-win32-x86_64\bin\instrument.dll
Event: 0.353 Loaded shared library C:\Users\USER\.vscode\extensions\redhat.java-1.55.0-win32-x64\jre\21.0.11-win32-x86_64\bin\net.dll
Event: 0.363 Loaded shared library C:\Users\USER\.vscode\extensions\redhat.java-1.55.0-win32-x64\jre\21.0.11-win32-x86_64\bin\nio.dll
Event: 0.368 Loaded shared library C:\Users\USER\.vscode\extensions\redhat.java-1.55.0-win32-x64\jre\21.0.11-win32-x86_64\bin\zip.dll
Event: 1.151 Loaded shared library C:\Users\USER\.vscode\extensions\redhat.java-1.55.0-win32-x64\jre\21.0.11-win32-x86_64\bin\jimage.dll
Event: 1.518 Loaded shared library C:\Users\USER\.vscode\extensions\redhat.java-1.55.0-win32-x64\jre\21.0.11-win32-x86_64\bin\verify.dll
Event: 1.884 Loaded shared library C:\Users\USER\.gradle\native\c067742578af261105cb4f569cf0c3c89f3d7b1fecec35dd04571415982c5e48\windows-amd64\native-platform.dll
Event: 1.918 Loaded shared library C:\Users\USER\.gradle\native\100fb08df4bc3b14c8652ba06237920a3bd2aa13389f12d3474272988ae205f9\windows-amd64\native-platform-file-events.dll
Event: 5.314 Loaded shared library C:\Users\USER\.vscode\extensions\redhat.java-1.55.0-win32-x64\jre\21.0.11-win32-x86_64\bin\management.dll
Event: 5.322 Loaded shared library C:\Users\USER\.vscode\extensions\redhat.java-1.55.0-win32-x64\jre\21.0.11-win32-x86_64\bin\management_ext.dll
Event: 6.237 Loaded shared library C:\Users\USER\.vscode\extensions\redhat.java-1.55.0-win32-x64\jre\21.0.11-win32-x86_64\bin\extnet.dll
Event: 6.921 Loaded shared library C:\Users\USER\.vscode\extensions\redhat.java-1.55.0-win32-x64\jre\21.0.11-win32-x86_64\bin\sunmscapi.dll

Deoptimization events (20 events):
Event: 686.180 Thread 0x000001596a635c90 Uncommon trap: trap_request=0xffffffd6 fr.pc=0x0000015944978678 relative=0x00000000000018f8
Event: 686.180 Thread 0x000001596a635c90 Uncommon trap: reason=array_check action=maybe_recompile pc=0x0000015944978678 method=org.gradle.internal.service.DefaultServiceRegistry$FactoryService.bind()V @ 267 c2
Event: 686.180 Thread 0x000001596a635c90 DEOPT PACKING pc=0x0000015944978678 sp=0x00000026918fd760
Event: 686.180 Thread 0x000001596a635c90 DEOPT UNPACKING pc=0x0000015943cf4422 sp=0x00000026918fd730 mode 2
Event: 686.183 Thread 0x000001596a635c90 Uncommon trap: trap_request=0xffffffd6 fr.pc=0x0000015944978678 relative=0x00000000000018f8
Event: 686.183 Thread 0x000001596a635c90 Uncommon trap: reason=array_check action=maybe_recompile pc=0x0000015944978678 method=org.gradle.internal.service.DefaultServiceRegistry$FactoryService.bind()V @ 267 c2
Event: 686.183 Thread 0x000001596a635c90 DEOPT PACKING pc=0x0000015944978678 sp=0x00000026918fd850
Event: 686.183 Thread 0x000001596a635c90 DEOPT UNPACKING pc=0x0000015943cf4422 sp=0x00000026918fd820 mode 2
Event: 690.669 Thread 0x000001596a635c90 Uncommon trap: trap_request=0xffffffd6 fr.pc=0x000001594495b2c4 relative=0x0000000000000864
Event: 690.669 Thread 0x000001596a635c90 Uncommon trap: reason=array_check action=maybe_recompile pc=0x000001594495b2c4 method=java.util.TimSort.reverseRange([Ljava/lang/Object;II)V @ 27 c2
Event: 690.669 Thread 0x000001596a635c90 DEOPT PACKING pc=0x000001594495b2c4 sp=0x00000026918f95d0
Event: 690.669 Thread 0x000001596a635c90 DEOPT UNPACKING pc=0x0000015943cf4422 sp=0x00000026918f9500 mode 2
Event: 692.435 Thread 0x000001596a635c90 Uncommon trap: trap_request=0xfffffff4 fr.pc=0x00000159446cea98 relative=0x00000000000000f8
Event: 692.435 Thread 0x000001596a635c90 Uncommon trap: reason=null_check action=make_not_entrant pc=0x00000159446cea98 method=java.beans.MethodRef.get()Ljava/lang/reflect/Method; @ 16 c2
Event: 692.435 Thread 0x000001596a635c90 DEOPT PACKING pc=0x00000159446cea98 sp=0x00000026918f97b0
Event: 692.435 Thread 0x000001596a635c90 DEOPT UNPACKING pc=0x0000015943cf4422 sp=0x00000026918f9760 mode 2
Event: 692.586 Thread 0x000001596a635c90 Uncommon trap: trap_request=0xfffffff4 fr.pc=0x00000159447a1cb8 relative=0x00000000000003d8
Event: 692.586 Thread 0x000001596a635c90 Uncommon trap: reason=null_check action=make_not_entrant pc=0x00000159447a1cb8 method=java.beans.MethodRef.get()Ljava/lang/reflect/Method; @ 16 c2
Event: 692.586 Thread 0x000001596a635c90 DEOPT PACKING pc=0x00000159447a1cb8 sp=0x00000026918f9730
Event: 692.586 Thread 0x000001596a635c90 DEOPT UNPACKING pc=0x0000015943cf4422 sp=0x00000026918f9660 mode 2

Classes loaded (20 events):
Event: 447.279 Loading class java/lang/File
Event: 447.279 Loading class java/lang/File done
Event: 449.322 Loading class java/lang/StackTraceElement$HashedModules
Event: 449.355 Loading class java/lang/StackTraceElement$HashedModules done
Event: 452.644 Loading class java/util/logging/LogRecord
Event: 452.668 Loading class java/util/logging/LogRecord done
Event: 455.399 Loading class java/io/PrintWriter$1
Event: 455.424 Loading class jdk/internal/access/JavaIOPrintWriterAccess
Event: 455.446 Loading class jdk/internal/access/JavaIOPrintWriterAccess done
Event: 455.446 Loading class java/io/PrintWriter$1 done
Event: 457.771 Loading class java/lang/Throwable$PrintStreamOrWriter
Event: 457.791 Loading class java/lang/Throwable$PrintStreamOrWriter done
Event: 459.014 Loading class java/io/NotSerializableException
Event: 459.032 Loading class java/io/NotSerializableException done
Event: 459.174 Loading class java/util/Collections$EmptyListIterator
Event: 459.192 Loading class java/util/Collections$EmptyListIterator done
Event: 460.067 Loading class java/net/UrlDeserializedState
Event: 460.073 Loading class java/net/UrlDeserializedState done
Event: 460.079 Loading class java/net/Proxy
Event: 460.082 Loading class java/net/Proxy done

Classes unloaded (20 events):
Event: 619.215 Thread 0x000001594eef4e00 Unloading class 0x00000159500dcc00 'java/lang/invoke/LambdaForm$MH+0x00000159500dcc00'
Event: 619.215 Thread 0x000001594eef4e00 Unloading class 0x00000159500dc800 'java/lang/invoke/LambdaForm$MH+0x00000159500dc800'
Event: 619.215 Thread 0x000001594eef4e00 Unloading class 0x00000159500dc400 'java/lang/invoke/LambdaForm$MH+0x00000159500dc400'
Event: 619.215 Thread 0x000001594eef4e00 Unloading class 0x00000159500dc000 'java/lang/invoke/LambdaForm$BMH+0x00000159500dc000'
Event: 619.215 Thread 0x000001594eef4e00 Unloading class 0x00000159500a9400 'java/lang/invoke/LambdaForm$MH+0x00000159500a9400'
Event: 619.216 Thread 0x000001594eef4e00 Unloading class 0x00000159500a9000 'java/lang/invoke/LambdaForm$MH+0x00000159500a9000'
Event: 619.216 Thread 0x000001594eef4e00 Unloading class 0x00000159500a8c00 'java/lang/invoke/LambdaForm$MH+0x00000159500a8c00'
Event: 619.216 Thread 0x000001594eef4e00 Unloading class 0x0000015950099000 'java/lang/invoke/LambdaForm$MH+0x0000015950099000'
Event: 619.216 Thread 0x000001594eef4e00 Unloading class 0x0000015950098c00 'java/lang/invoke/LambdaForm$MH+0x0000015950098c00'
Event: 619.216 Thread 0x000001594eef4e00 Unloading class 0x0000015950098400 'java/lang/invoke/LambdaForm$MH+0x0000015950098400'
Event: 619.216 Thread 0x000001594eef4e00 Unloading class 0x0000015950098000 'java/lang/invoke/LambdaForm$MH+0x0000015950098000'
Event: 619.216 Thread 0x000001594eef4e00 Unloading class 0x0000015950095400 'java/lang/invoke/LambdaForm$MH+0x0000015950095400'
Event: 619.217 Thread 0x000001594eef4e00 Unloading class 0x0000015950080000 'java/lang/invoke/LambdaForm$DMH+0x0000015950080000'
Event: 619.217 Thread 0x000001594eef4e00 Unloading class 0x000001595002a400 'java/lang/invoke/LambdaForm$MH+0x000001595002a400'
Event: 619.217 Thread 0x000001594eef4e00 Unloading class 0x000001595002a000 'java/lang/invoke/LambdaForm$MH+0x000001595002a000'
Event: 619.217 Thread 0x000001594eef4e00 Unloading class 0x0000015950028400 'java/lang/invoke/LambdaForm$MH+0x0000015950028400'
Event: 619.218 Thread 0x000001594eef4e00 Unloading class 0x0000015950002400 'java/lang/invoke/LambdaForm$MH+0x0000015950002400'
Event: 619.218 Thread 0x000001594eef4e00 Unloading class 0x0000015950002000 'java/lang/invoke/LambdaForm$MH+0x0000015950002000'
Event: 619.218 Thread 0x000001594eef4e00 Unloading class 0x0000015950001c00 'java/lang/invoke/LambdaForm$MH+0x0000015950001c00'
Event: 619.218 Thread 0x000001594eef4e00 Unloading class 0x0000015950001400 'java/lang/invoke/LambdaForm$MH+0x0000015950001400'

Classes redefined (0 events):
No events

Internal exceptions (20 events):
Event: 621.043 Thread 0x000001596a635c90 Implicit null exception at 0x00000159446ccce6 to 0x00000159446cd458
Event: 621.058 Thread 0x000001596a635c90 Implicit null exception at 0x00000159444aad42 to 0x00000159444ab1b0
Event: 621.059 Thread 0x000001596a635c90 Implicit null exception at 0x000001594440fff2 to 0x000001594441022c
Event: 622.869 Thread 0x000001596a635c90 Implicit null exception at 0x000001594443cdbe to 0x000001594443d220
Event: 622.931 Thread 0x000001596a635c90 Implicit null exception at 0x00000159446133c6 to 0x000001594461350c
Event: 624.638 Thread 0x000001596a635c90 Implicit null exception at 0x00000159444ec47e to 0x00000159444ed354
Event: 634.868 Thread 0x000001596a635c90 Implicit null exception at 0x00000159448e4c69 to 0x00000159448e4d10
Event: 635.836 Thread 0x000001596a635c90 Implicit null exception at 0x000001594445a7f4 to 0x000001594445d4a8
Event: 635.836 Thread 0x000001596a635c90 Implicit null exception at 0x000001594440f210 to 0x000001594440f534
Event: 644.896 Thread 0x000001596a635c90 Implicit null exception at 0x000001594469119b to 0x0000015944691b20
Event: 652.054 Thread 0x000001596a635c90 Exception <a 'sun/nio/fs/WindowsException'{0x00000000ef924bb0}> (0x00000000ef924bb0) 
thrown [s\src\hotspot\share\prims\jni.cpp, line 520]
Event: 652.054 Thread 0x000001596a635c90 Exception <a 'sun/nio/fs/WindowsException'{0x00000000ef926078}> (0x00000000ef926078) 
thrown [s\src\hotspot\share\prims\jni.cpp, line 520]
Event: 652.055 Thread 0x000001596a635c90 Exception <a 'sun/nio/fs/WindowsException'{0x00000000ef927538}> (0x00000000ef927538) 
thrown [s\src\hotspot\share\prims\jni.cpp, line 520]
Event: 652.055 Thread 0x000001596a635c90 Exception <a 'sun/nio/fs/WindowsException'{0x00000000ef9289e8}> (0x00000000ef9289e8) 
thrown [s\src\hotspot\share\prims\jni.cpp, line 520]
Event: 671.924 Thread 0x00000159699f7ea0 Implicit null exception at 0x00000159448f59d2 to 0x00000159448f61e8
Event: 671.924 Thread 0x0000015968a29390 Implicit null exception at 0x00000159448f59d2 to 0x00000159448f61e8
Event: 692.001 Thread 0x000001596a635c90 Exception <a 'java/lang/ClassNotFoundException'{0x00000000edd318c8}: javals_a0oxonwgs7zri339zezvism1cBeanInfo> (0x00000000edd318c8) 
thrown [s\src\hotspot\share\classfile\systemDictionary.cpp, line 313]
Event: 692.233 Thread 0x000001596a635c90 Exception <a 'java/lang/ClassNotFoundException'{0x00000000edd374d8}: javals_a0oxonwgs7zri339zezvism1cCustomizer> (0x00000000edd374d8) 
thrown [s\src\hotspot\share\classfile\systemDictionary.cpp, line 313]
Event: 692.435 Thread 0x000001596a635c90 Implicit null exception at 0x00000159446ce9f2 to 0x00000159446cea88
Event: 692.586 Thread 0x000001596a635c90 Implicit null exception at 0x00000159447a1a02 to 0x00000159447a1ca4

ZGC Phase Switch (0 events):
No events

VM Operations (20 events):
Event: 682.264 Executing safepoint VM operation: Cleanup
Event: 682.280 Executing safepoint VM operation: Cleanup done
Event: 683.287 Executing safepoint VM operation: Cleanup
Event: 683.287 Executing safepoint VM operation: Cleanup done
Event: 685.290 Executing safepoint VM operation: Cleanup
Event: 685.336 Executing safepoint VM operation: Cleanup done
Event: 686.349 Executing safepoint VM operation: Cleanup
Event: 686.395 Executing safepoint VM operation: Cleanup done
Event: 687.396 Executing safepoint VM operation: Cleanup
Event: 687.412 Executing safepoint VM operation: Cleanup done
Event: 688.416 Executing safepoint VM operation: Cleanup
Event: 688.432 Executing safepoint VM operation: Cleanup done
Event: 689.439 Executing safepoint VM operation: Cleanup
Event: 689.454 Executing safepoint VM operation: Cleanup done
Event: 690.458 Executing safepoint VM operation: Cleanup
Event: 690.473 Executing safepoint VM operation: Cleanup done
Event: 691.476 Executing safepoint VM operation: Cleanup
Event: 691.490 Executing safepoint VM operation: Cleanup done
Event: 692.495 Executing safepoint VM operation: Cleanup
Event: 692.514 Executing safepoint VM operation: Cleanup done

Memory protections (0 events):
No events

Nmethod flushes (20 events):
Event: 619.718 Thread 0x000001594eef4e00 flushing  nmethod 0x000001593cd23790
Event: 619.718 Thread 0x000001594eef4e00 flushing  nmethod 0x000001593cd24090
Event: 619.718 Thread 0x000001594eef4e00 flushing  nmethod 0x000001593cd24b10
Event: 619.718 Thread 0x000001594eef4e00 flushing  nmethod 0x000001593cd25090
Event: 619.718 Thread 0x000001594eef4e00 flushing  nmethod 0x000001593cd26710
Event: 619.718 Thread 0x000001594eef4e00 flushing  nmethod 0x000001593cd26e90
Event: 619.719 Thread 0x000001594eef4e00 flushing  nmethod 0x000001593cd27610
Event: 619.719 Thread 0x000001594eef4e00 flushing  nmethod 0x000001593cd28190
Event: 619.719 Thread 0x000001594eef4e00 flushing  nmethod 0x000001593cd28590
Event: 619.719 Thread 0x000001594eef4e00 flushing  nmethod 0x000001593cdb8c10
Event: 619.719 Thread 0x000001594eef4e00 flushing  nmethod 0x000001593cdb9590
Event: 619.719 Thread 0x000001594eef4e00 flushing  nmethod 0x000001593cde4810
Event: 619.720 Thread 0x000001594eef4e00 flushing  nmethod 0x000001593cde6290
Event: 619.720 Thread 0x000001594eef4e00 flushing  nmethod 0x000001593cded490
Event: 619.720 Thread 0x000001594eef4e00 flushing  nmethod 0x000001593cf57790
Event: 619.720 Thread 0x000001594eef4e00 flushing  nmethod 0x000001593cf5fb10
Event: 619.720 Thread 0x000001594eef4e00 flushing  nmethod 0x000001593d0b1e90
Event: 619.720 Thread 0x000001594eef4e00 flushing  nmethod 0x000001593d383510
Event: 619.720 Thread 0x000001594eef4e00 flushing  nmethod 0x000001593d383a10
Event: 619.720 Thread 0x000001594eef4e00 flushing  nmethod 0x000001593d383f10

Events (20 events):
Event: 682.442 Thread 0x000001596a63ab50 Thread exited: 0x000001596a63ab50
Event: 682.443 Thread 0x00000159699f4a20 Thread exited: 0x00000159699f4a20
Event: 682.443 Thread 0x000001596c65c340 Thread exited: 0x000001596c65c340
Event: 682.478 Thread 0x000001596c65a270 Thread exited: 0x000001596c65a270
Event: 682.543 Thread 0x000001596c654d20 Thread exited: 0x000001596c654d20
Event: 682.554 Thread 0x000001596c6553b0 Thread exited: 0x000001596c6553b0
Event: 682.971 Thread 0x000001596c657b10 Thread exited: 0x000001596c657b10
Event: 683.201 Thread 0x000001596c656df0 Thread exited: 0x000001596c656df0
Event: 684.951 Thread 0x000001596a634f70 Thread added: 0x000001596c656df0
Event: 685.138 Thread 0x000001596a634f70 Thread added: 0x000001596c657b10
Event: 685.480 Thread 0x000001596a635c90 Thread added: 0x000001596c654d20
Event: 685.603 Thread 0x000001596a635c90 Thread added: 0x000001596c658830
Event: 685.696 Thread 0x000001596a635c90 Thread added: 0x000001596c6553b0
Event: 687.075 Thread 0x000001596a635c90 Thread added: 0x000001596c65a900
Event: 687.202 Thread 0x000001596a635c90 Thread added: 0x000001596c65af90
Event: 689.153 Thread 0x000001596a635c90 Thread added: 0x000001596c65b620
Event: 690.035 Thread 0x000001596a635c90 Thread added: 0x000001596c658ec0
Event: 690.288 Thread 0x000001596a635c90 Thread added: 0x000001596c65bcb0
Event: 690.910 Thread 0x000001596a635c90 Thread added: 0x000001596c65c340
Event: 690.928 Thread 0x000001596a635c90 Thread added: 0x000001596c65a270


Dynamic libraries:
0x00007ff6ef0b0000 - 0x00007ff6ef0be000 	C:\Users\USER\.vscode\extensions\redhat.java-1.55.0-win32-x64\jre\21.0.11-win32-x86_64\bin\java.exe
0x00007ffa60140000 - 0x00007ffa603a6000 	C:\WINDOWS\SYSTEM32\ntdll.dll
0x00007ffa5f100000 - 0x00007ffa5f1c9000 	C:\WINDOWS\System32\KERNEL32.DLL
0x00007ffa5d5b0000 - 0x00007ffa5d9aa000 	C:\WINDOWS\System32\KERNELBASE.dll
0x00007ffa5d460000 - 0x00007ffa5d5ac000 	C:\WINDOWS\System32\ucrtbase.dll
0x00007ffa495d0000 - 0x00007ffa495ee000 	C:\Users\USER\.vscode\extensions\redhat.java-1.55.0-win32-x64\jre\21.0.11-win32-x86_64\bin\VCRUNTIME140.dll
0x00007ffa495b0000 - 0x00007ffa495c8000 	C:\Users\USER\.vscode\extensions\redhat.java-1.55.0-win32-x64\jre\21.0.11-win32-x86_64\bin\jli.dll
0x00007ffa5fea0000 - 0x00007ffa60067000 	C:\WINDOWS\System32\USER32.dll
0x00007ffa5de80000 - 0x00007ffa5dea7000 	C:\WINDOWS\System32\win32u.dll
0x00007ffa5f280000 - 0x00007ffa5f2ab000 	C:\WINDOWS\System32\GDI32.dll
0x00007ffa5dc90000 - 0x00007ffa5ddbb000 	C:\WINDOWS\System32\gdi32full.dll
0x00007ffa3f680000 - 0x00007ffa3f912000 	C:\WINDOWS\WinSxS\amd64_microsoft.windows.common-controls_6595b64144ccf1df_6.0.26100.8521_none_3e08b75ce33403b3\COMCTL32.dll
0x00007ffa5dbe0000 - 0x00007ffa5dc83000 	C:\WINDOWS\System32\msvcp_win.dll
0x00007ffa5deb0000 - 0x00007ffa5df59000 	C:\WINDOWS\System32\msvcrt.dll
0x00007ffa5fc60000 - 0x00007ffa5fc92000 	C:\WINDOWS\System32\IMM32.DLL
0x00007ffa495a0000 - 0x00007ffa495ac000 	C:\Users\USER\.vscode\extensions\redhat.java-1.55.0-win32-x64\jre\21.0.11-win32-x86_64\bin\vcruntime140_1.dll
0x00007ff9c4810000 - 0x00007ff9c489d000 	C:\Users\USER\.vscode\extensions\redhat.java-1.55.0-win32-x64\jre\21.0.11-win32-x86_64\bin\msvcp140.dll
0x00007ff959c50000 - 0x00007ff95a9f2000 	C:\Users\USER\.vscode\extensions\redhat.java-1.55.0-win32-x64\jre\21.0.11-win32-x86_64\bin\server\jvm.dll
0x00007ffa5fba0000 - 0x00007ffa5fc56000 	C:\WINDOWS\System32\ADVAPI32.dll
0x00007ffa5f1d0000 - 0x00007ffa5f27a000 	C:\WINDOWS\System32\sechost.dll
0x00007ffa5ed80000 - 0x00007ffa5ee98000 	C:\WINDOWS\System32\RPCRT4.dll
0x00007ffa60070000 - 0x00007ffa600f0000 	C:\WINDOWS\System32\WS2_32.dll
0x00007ffa5d230000 - 0x00007ffa5d28e000 	C:\WINDOWS\SYSTEM32\POWRPROF.dll
0x00007ffa54dd0000 - 0x00007ffa54e06000 	C:\WINDOWS\SYSTEM32\WINMM.dll
0x00007ffa4bf90000 - 0x00007ffa4bf9b000 	C:\WINDOWS\SYSTEM32\VERSION.dll
0x00007ffa5d210000 - 0x00007ffa5d224000 	C:\WINDOWS\SYSTEM32\UMPDC.dll
0x00007ffa5c160000 - 0x00007ffa5c17b000 	C:\WINDOWS\SYSTEM32\kernel.appcore.dll
0x00007ffa49570000 - 0x00007ffa4957a000 	C:\Users\USER\.vscode\extensions\redhat.java-1.55.0-win32-x64\jre\21.0.11-win32-x86_64\bin\jimage.dll
0x00007ffa40390000 - 0x00007ffa405d2000 	C:\WINDOWS\SYSTEM32\DBGHELP.DLL
0x00007ffa5e1e0000 - 0x00007ffa5e563000 	C:\WINDOWS\System32\combase.dll
0x00007ffa5e040000 - 0x00007ffa5e119000 	C:\WINDOWS\System32\OLEAUT32.dll
0x00007ffa36930000 - 0x00007ffa3696b000 	C:\WINDOWS\SYSTEM32\dbgcore.DLL
0x00007ffa5d9b0000 - 0x00007ffa5da58000 	C:\WINDOWS\System32\bcryptPrimitives.dll
0x00007ffa49560000 - 0x00007ffa4956f000 	C:\Users\USER\.vscode\extensions\redhat.java-1.55.0-win32-x64\jre\21.0.11-win32-x86_64\bin\instrument.dll
0x00007ffa49540000 - 0x00007ffa49560000 	C:\Users\USER\.vscode\extensions\redhat.java-1.55.0-win32-x64\jre\21.0.11-win32-x86_64\bin\java.dll
0x00007ffa5f390000 - 0x00007ffa5fb14000 	C:\WINDOWS\System32\SHELL32.dll
0x00007ffa5afb0000 - 0x00007ffa5b830000 	C:\WINDOWS\SYSTEM32\windows.storage.dll
0x00007ffa5e7f0000 - 0x00007ffa5e8e6000 	C:\WINDOWS\System32\SHCORE.dll
0x00007ffa5fb20000 - 0x00007ffa5fb87000 	C:\WINDOWS\System32\shlwapi.dll
0x00007ffa5d2f0000 - 0x00007ffa5d319000 	C:\WINDOWS\SYSTEM32\profapi.dll
0x00007ffa494f0000 - 0x00007ffa49508000 	C:\Users\USER\.vscode\extensions\redhat.java-1.55.0-win32-x64\jre\21.0.11-win32-x86_64\bin\zip.dll
0x00007ffa494e0000 - 0x00007ffa494f0000 	C:\Users\USER\.vscode\extensions\redhat.java-1.55.0-win32-x64\jre\21.0.11-win32-x86_64\bin\net.dll
0x00007ffa4f1b0000 - 0x00007ffa4f2d9000 	C:\WINDOWS\SYSTEM32\WINHTTP.dll
0x00007ffa5c6d0000 - 0x00007ffa5c73c000 	C:\WINDOWS\system32\mswsock.dll
0x00007ffa28e00000 - 0x00007ffa28e16000 	C:\Users\USER\.vscode\extensions\redhat.java-1.55.0-win32-x64\jre\21.0.11-win32-x86_64\bin\nio.dll
0x00007ffa3e450000 - 0x00007ffa3e460000 	C:\Users\USER\.vscode\extensions\redhat.java-1.55.0-win32-x64\jre\21.0.11-win32-x86_64\bin\verify.dll
0x00007ffa29300000 - 0x00007ffa29327000 	C:\Users\USER\.gradle\native\c067742578af261105cb4f569cf0c3c89f3d7b1fecec35dd04571415982c5e48\windows-amd64\native-platform.dll
0x00007ffa1ee80000 - 0x00007ffa1efc4000 	C:\Users\USER\.gradle\native\100fb08df4bc3b14c8652ba06237920a3bd2aa13389f12d3474272988ae205f9\windows-amd64\native-platform-file-events.dll
0x00007ffa1c2a0000 - 0x00007ffa1c2aa000 	C:\Users\USER\.vscode\extensions\redhat.java-1.55.0-win32-x64\jre\21.0.11-win32-x86_64\bin\management.dll
0x00007ff9e2e10000 - 0x00007ff9e2e1c000 	C:\Users\USER\.vscode\extensions\redhat.java-1.55.0-win32-x64\jre\21.0.11-win32-x86_64\bin\management_ext.dll
0x00007ffa5e030000 - 0x00007ffa5e038000 	C:\WINDOWS\System32\PSAPI.DLL
0x00007ffa5c9b0000 - 0x00007ffa5c9cb000 	C:\WINDOWS\SYSTEM32\CRYPTSP.dll
0x00007ffa5c0c0000 - 0x00007ffa5c0f9000 	C:\WINDOWS\system32\rsaenh.dll
0x00007ffa5c780000 - 0x00007ffa5c7b3000 	C:\WINDOWS\SYSTEM32\USERENV.dll
0x00007ffa5d2c0000 - 0x00007ffa5d2ea000 	C:\WINDOWS\SYSTEM32\bcrypt.dll
0x00007ffa5c9d0000 - 0x00007ffa5c9dc000 	C:\WINDOWS\SYSTEM32\CRYPTBASE.dll
0x00007ffa5bb00000 - 0x00007ffa5bb33000 	C:\WINDOWS\SYSTEM32\IPHLPAPI.DLL
0x00007ffa5e570000 - 0x00007ffa5e57a000 	C:\WINDOWS\System32\NSI.dll
0x00007ff9e2490000 - 0x00007ff9e2499000 	C:\Users\USER\.vscode\extensions\redhat.java-1.55.0-win32-x64\jre\21.0.11-win32-x86_64\bin\extnet.dll
0x00007ff9e3140000 - 0x00007ff9e314e000 	C:\Users\USER\.vscode\extensions\redhat.java-1.55.0-win32-x64\jre\21.0.11-win32-x86_64\bin\sunmscapi.dll
0x00007ffa5da60000 - 0x00007ffa5dbd8000 	C:\WINDOWS\System32\CRYPT32.dll
0x00007ffa5cbd0000 - 0x00007ffa5cc00000 	C:\WINDOWS\SYSTEM32\ncrypt.dll
0x00007ffa5cb80000 - 0x00007ffa5cbbf000 	C:\WINDOWS\SYSTEM32\NTASN1.dll
0x00007ffa31770000 - 0x00007ffa31778000 	C:\WINDOWS\system32\wshunix.dll

JVMTI agents:
C:\Users\USER\.gradle\wrapper\dists\gradle-8.9-bin\90cnw93cvbtalezasaz0blq0a\gradle-8.9\lib\agents\gradle-instrumentation-agent-8.9.jar path:C:\Users\USER\.vscode\extensions\redhat.java-1.55.0-win32-x64\jre\21.0.11-win32-x86_64\bin\instrument.dll, loaded, initialized, instrumentlib options:none

dbghelp: loaded successfully - version: 4.0.5 - missing functions: none
symbol engine: initialized successfully - sym options: 0x614 - pdb path: .;C:\Users\USER\.vscode\extensions\redhat.java-1.55.0-win32-x64\jre\21.0.11-win32-x86_64\bin;C:\WINDOWS\SYSTEM32;C:\WINDOWS\WinSxS\amd64_microsoft.windows.common-controls_6595b64144ccf1df_6.0.26100.8521_none_3e08b75ce33403b3;C:\Users\USER\.vscode\extensions\redhat.java-1.55.0-win32-x64\jre\21.0.11-win32-x86_64\bin\server;C:\Users\USER\.gradle\native\c067742578af261105cb4f569cf0c3c89f3d7b1fecec35dd04571415982c5e48\windows-amd64;C:\Users\USER\.gradle\native\100fb08df4bc3b14c8652ba06237920a3bd2aa13389f12d3474272988ae205f9\windows-amd64

VM Arguments:
jvm_args: --add-opens=java.base/java.util=ALL-UNNAMED --add-opens=java.base/java.lang=ALL-UNNAMED --add-opens=java.base/java.lang.invoke=ALL-UNNAMED --add-opens=java.prefs/java.util.prefs=ALL-UNNAMED --add-exports=jdk.compiler/com.sun.tools.javac.api=ALL-UNNAMED --add-exports=jdk.compiler/com.sun.tools.javac.util=ALL-UNNAMED --add-opens=java.base/java.nio.charset=ALL-UNNAMED --add-opens=java.base/java.net=ALL-UNNAMED --add-opens=java.base/java.util.concurrent.atomic=ALL-UNNAMED -XX:MaxMetaspaceSize=384m -XX:+HeapDumpOnOutOfMemoryError -Xms256m -Xmx512m -Dfile.encoding=utf8 -Duser.country=ZW -Duser.language=en -Duser.variant -javaagent:C:\Users\USER\.gradle\wrapper\dists\gradle-8.9-bin\90cnw93cvbtalezasaz0blq0a\gradle-8.9\lib\agents\gradle-instrumentation-agent-8.9.jar 
java_command: org.gradle.launcher.daemon.bootstrap.GradleDaemon 8.9
java_class_path (initial): C:\Users\USER\.gradle\wrapper\dists\gradle-8.9-bin\90cnw93cvbtalezasaz0blq0a\gradle-8.9\lib\gradle-daemon-main-8.9.jar
Launcher Type: SUN_STANDARD

[Global flags]
     intx CICompilerCount                          = 4                                         {product} {ergonomic}
   size_t CompressedClassSpaceSize                 = 335544320                                 {product} {ergonomic}
     uint ConcGCThreads                            = 2                                         {product} {ergonomic}
     uint G1ConcRefinementThreads                  = 8                                         {product} {ergonomic}
   size_t G1HeapRegionSize                         = 1048576                                   {product} {ergonomic}
    uintx GCDrainStackTargetSize                   = 64                                        {product} {ergonomic}
     bool HeapDumpOnOutOfMemoryError               = true                                   {manageable} {command line}
   size_t InitialHeapSize                          = 268435456                                 {product} {command line}
   size_t MarkStackSize                            = 4194304                                   {product} {ergonomic}
   size_t MaxHeapSize                              = 536870912                                 {product} {command line}
   size_t MaxMetaspaceSize                         = 402653184                                 {product} {command line}
   size_t MaxNewSize                               = 321912832                                 {product} {ergonomic}
   size_t MinHeapDeltaBytes                        = 1048576                                   {product} {ergonomic}
   size_t MinHeapSize                              = 268435456                                 {product} {command line}
    uintx NonNMethodCodeHeapSize                   = 5839372                                {pd product} {ergonomic}
    uintx NonProfiledCodeHeapSize                  = 122909434                              {pd product} {ergonomic}
    uintx ProfiledCodeHeapSize                     = 122909434                              {pd product} {ergonomic}
    uintx ReservedCodeCacheSize                    = 251658240                              {pd product} {ergonomic}
     bool SegmentedCodeCache                       = true                                      {product} {ergonomic}
   size_t SoftMaxHeapSize                          = 536870912                              {manageable} {ergonomic}
     bool UseCompressedOops                        = true                           {product lp64_product} {ergonomic}
     bool UseG1GC                                  = true                                      {product} {ergonomic}
     bool UseLargePagesIndividualAllocation        = false                                  {pd product} {ergonomic}

Logging:
Log output configuration:
 #0: stdout all=warning uptime,level,tags foldmultilines=false
 #1: stderr all=off uptime,level,tags foldmultilines=false

Release file:
JAVA_VERSION="21.0.11" 
MODULES="java.base java.compiler java.datatransfer java.xml java.prefs java.desktop java.instrument java.logging java.management java.security.sasl java.naming java.rmi java.management.rmi java.net.http java.scripting java.security.jgss java.transaction.xa java.sql java.sql.rowset java.xml.crypto java.se java.smartcardio jdk.accessibility jdk.internal.jvmstat jdk.attach jdk.charsets jdk.internal.opt jdk.zipfs jdk.compiler jdk.crypto.ec jdk.crypto.cryptoki jdk.crypto.mscapi jdk.dynalink jdk.internal.ed jdk.editpad jdk.hotspot.agent jdk.httpserver jdk.internal.le jdk.internal.vm.ci jdk.internal.vm.compiler jdk.internal.vm.compiler.management jdk.jartool jdk.javadoc jdk.jcmd jdk.management jdk.management.agent jdk.jconsole jdk.jdeps jdk.jdwp.agent jdk.jdi jdk.jfr jdk.jshell jdk.jsobject jdk.jstatd jdk.localedata jdk.management.jfr jdk.naming.dns jdk.naming.rmi jdk.net jdk.nio.mapmode jdk.random jdk.sctp jdk.security.auth jdk.security.jgss jdk.unsupported jdk.unsupported.desktop jdk.xml.dom" 

Environment Variables:
JAVA_HOME=C:\Program Files\Android\Android Studio\jbr
PATH=C:\Program Files\Eclipse Adoptium\jdk-17.0.19.10-hotspot\bin;C:\Program Files (x86)\Common Files\Intel\Shared Libraries\redist\intel64\compiler;C:\Program Files\Eclipse Adoptium\jdk-25.0.0.36-hotspot\bin;C:\Program Files (x86)\Common Files\Intel\Shared Files\cpp\bin\Intel64;C:\WINDOWS\system32;C:\WINDOWS;C:\WINDOWS\System32\Wbem;C:\WINDOWS\System32\WindowsPowerShell\v1.0\;C:\WINDOWS\System32\OpenSSH\;C:\ProgramData\chocolatey\bin;C:\Program Files\nodejs\;C:\Program Files\Git\cmd;C:\Users\USER\AppData\Local\Programs\Python\Python313\Scripts\;C:\Users\USER\AppData\Local\Programs\Python\Python313\;C:\Users\USER\AppData\Local\Microsoft\WindowsApps;C:\Users\USER\AppData\Local\Programs\Microsoft VS Code\bin;C:\Users\USER\AppData\Local\GitHubDesktop\bin;C:\Users\USER\AppData\Roaming\npm;C:\Users\USER\AppData\Local\Programs\mongosh\;
USERNAME=USER
OS=Windows_NT
PROCESSOR_IDENTIFIER=Intel64 Family 6 Model 186 Stepping 3, GenuineIntel
TMP=C:\Users\USER\AppData\Local\Temp
TEMP=C:\Users\USER\AppData\Local\Temp




Periodic native trim disabled

---------------  S Y S T E M  ---------------

OS:
 Windows 11 , 64 bit Build 26100 (10.0.26100.8521)
OS uptime: 0 days 1:04 hours

CPU: total 8 (initial active 8) (8 cores per cpu, 1 threads per core) family 6 model 186 stepping 3 microcode 0x6134, cx8, cmov, fxsr, mmx, 3dnowpref, sse, sse2, sse3, ssse3, sse4.1, sse4.2, popcnt, lzcnt, tsc, tscinvbit, avx, avx2, aes, erms, clmul, bmi1, bmi2, adx, sha, fma, vzeroupper, clflush, clflushopt, clwb, serialize, rdtscp, rdpid, fsrm, f16c, pku, cet_ibt, cet_ss
Processor Information for the first 8 processors :
  Max Mhz: 1200, Current Mhz: 1200, Mhz Limit: 1200

Memory: 4k page, system-wide physical 7835M (179M free)
TotalPageFile size 31387M (AvailPageFile size 0M)
current process WorkingSet (physical memory assigned to process): 75M, peak: 325M
current process commit charge ("private bytes"): 518M, peak: 535M

vm_info: OpenJDK 64-Bit Server VM (21.0.11+10-LTS) for windows-amd64 JRE (21.0.11+10-LTS), built on 2026-04-21T00:00:00Z by "admin" with MS VC++ 17.12 (VS2022)

END.
