#
# There is insufficient memory for the Java Runtime Environment to continue.
# Native memory allocation (malloc) failed to allocate 759104 bytes. Error detail: Chunk::new
# Possible reasons:
#   The system is out of physical RAM or swap space
#   This process is running with CompressedOops enabled, and the Java Heap may be blocking the growth of the native heap
# Possible solutions:
#   Reduce memory load on the system
#   Increase physical memory or swap space
#   Check if swap backing store is full
#   Decrease Java heap size (-Xmx/-Xms)
#   Decrease number of Java threads
#   Decrease Java thread stack sizes (-Xss)
#   Set larger code cache with -XX:ReservedCodeCacheSize=
#   JVM is running with Unscaled Compressed Oops mode in which the Java heap is
#     placed in the first 4GB address space. The Java Heap base address is the
#     maximum limit for the native heap growth. Please use -XX:HeapBaseMinAddress
#     to set the Java Heap base and to place the Java Heap above 4GB virtual address.
# This output file may be truncated or incomplete.
#
#  Out of Memory Error (arena.cpp:191), pid=26912, tid=8844
#
# JRE version: OpenJDK Runtime Environment Temurin-17.0.19+10 (17.0.19+10) (build 17.0.19+10)
# Java VM: OpenJDK 64-Bit Server VM Temurin-17.0.19+10 (17.0.19+10, mixed mode, sharing, tiered, compressed oops, compressed class ptrs, g1 gc, windows-amd64)
# No core dump will be written. Minidumps are not enabled by default on client versions of Windows
#

---------------  S U M M A R Y ------------

Command Line: --add-opens=java.base/java.lang=ALL-UNNAMED --add-opens=java.base/java.lang.invoke=ALL-UNNAMED --add-opens=java.base/java.util=ALL-UNNAMED --add-opens=java.prefs/java.util.prefs=ALL-UNNAMED --add-exports=jdk.compiler/com.sun.tools.javac.api=ALL-UNNAMED --add-exports=jdk.compiler/com.sun.tools.javac.util=ALL-UNNAMED --add-opens=java.base/java.util=ALL-UNNAMED --add-opens=java.prefs/java.util.prefs=ALL-UNNAMED --add-opens=java.base/java.nio.charset=ALL-UNNAMED --add-opens=java.base/java.net=ALL-UNNAMED --add-opens=java.base/java.util.concurrent.atomic=ALL-UNNAMED --add-opens=java.xml/javax.xml.namespace=ALL-UNNAMED -XX:MaxMetaspaceSize=512m -Xmx2048m -Dfile.encoding=UTF-8 -Duser.country=ZW -Duser.language=en -Duser.variant -javaagent:C:\Users\USER\.gradle\wrapper\dists\gradle-8.14.3-bin\cv11ve7ro1n3o1j4so8xd9n66\gradle-8.14.3\lib\agents\gradle-instrumentation-agent-8.14.3.jar org.gradle.launcher.daemon.bootstrap.GradleDaemon 8.14.3

Host: 13th Gen Intel(R) Core(TM) i3-1315U, 8 cores, 7G,  Windows 11 , 64 bit Build 26100 (10.0.26100.8521)
Time: Tue Jul 14 12:32:31 2026 South Africa Standard Time elapsed time: 871.081358 seconds (0d 0h 14m 31s)

---------------  T H R E A D  ---------------

Current thread (0x0000014ec4670dd0):  JavaThread "C2 CompilerThread0" daemon [_thread_in_native, id=8844, stack(0x0000001fe3800000,0x0000001fe3900000)]


Current CompileTask:
C2:871081 4215   !   4       jdk.internal.loader.URLClassPath$JarLoader::getResource (354 bytes)

Stack: [0x0000001fe3800000,0x0000001fe3900000]
Native frames: (J=compiled Java code, j=interpreted, Vv=VM code, C=native code)
V  [jvm.dll+0x684b29]
V  [jvm.dll+0x83a2d5]
V  [jvm.dll+0x83bd4e]
V  [jvm.dll+0x83c3d3]
V  [jvm.dll+0x24905f]
V  [jvm.dll+0xad536]
V  [jvm.dll+0xadbdc]
V  [jvm.dll+0x368d9e]
V  [jvm.dll+0x3331d5]
V  [jvm.dll+0x33263a]
V  [jvm.dll+0x219e69]
V  [jvm.dll+0x2192af]
V  [jvm.dll+0x1a49f0]
V  [jvm.dll+0x2299fa]
V  [jvm.dll+0x227bab]
V  [jvm.dll+0x7f0a88]
V  [jvm.dll+0x7eaf1c]
V  [jvm.dll+0x6839f7]
C  [ucrtbase.dll+0x2cd30]
C  [KERNEL32.DLL+0x2e957]
C  [ntdll.dll+0x87c1c]


---------------  P R O C E S S  ---------------

Threads class SMR info:
_java_thread_list=0x0000014ee6b28a00, length=32, elements={
0x0000014ea41be670, 0x0000014ec4656820, 0x0000014ec4657e60, 0x0000014ec466b740,
0x0000014ec466c010, 0x0000014ec466e8f0, 0x0000014ec466f1c0, 0x0000014ec4670dd0,
0x0000014ec4677020, 0x0000014ec48107c0, 0x0000014ec489eab0, 0x0000014ec4916670,
0x0000014ee4a61250, 0x0000014ee41338e0, 0x0000014ec488e0a0, 0x0000014ee5548e00,
0x0000014ee5546070, 0x0000014ee5549310, 0x0000014ee5546580, 0x0000014ee5549820,
0x0000014ee5546a90, 0x0000014ee55479c0, 0x0000014ee5546fa0, 0x0000014ee5547ed0,
0x0000014ee55474b0, 0x0000014ee55483e0, 0x0000014ee5584520, 0x0000014ee55835f0,
0x0000014ee5584a30, 0x0000014ee5582bd0, 0x0000014ee5584f40, 0x0000014ee5585450
}

Java Threads: ( => current thread )
  0x0000014ea41be670 JavaThread "main" [_thread_blocked, id=25224, stack(0x0000001fe2b00000,0x0000001fe2c00000)]
  0x0000014ec4656820 JavaThread "Reference Handler" daemon [_thread_blocked, id=9604, stack(0x0000001fe3200000,0x0000001fe3300000)]
  0x0000014ec4657e60 JavaThread "Finalizer" daemon [_thread_blocked, id=19916, stack(0x0000001fe3300000,0x0000001fe3400000)]
  0x0000014ec466b740 JavaThread "Signal Dispatcher" daemon [_thread_blocked, id=24788, stack(0x0000001fe3400000,0x0000001fe3500000)]
  0x0000014ec466c010 JavaThread "Attach Listener" daemon [_thread_blocked, id=18996, stack(0x0000001fe3500000,0x0000001fe3600000)]
  0x0000014ec466e8f0 JavaThread "Service Thread" daemon [_thread_blocked, id=23900, stack(0x0000001fe3600000,0x0000001fe3700000)]
  0x0000014ec466f1c0 JavaThread "Monitor Deflation Thread" daemon [_thread_blocked, id=16436, stack(0x0000001fe3700000,0x0000001fe3800000)]
=>0x0000014ec4670dd0 JavaThread "C2 CompilerThread0" daemon [_thread_in_native, id=8844, stack(0x0000001fe3800000,0x0000001fe3900000)]
  0x0000014ec4677020 JavaThread "C1 CompilerThread0" daemon [_thread_blocked, id=17720, stack(0x0000001fe3900000,0x0000001fe3a00000)]
  0x0000014ec48107c0 JavaThread "Sweeper thread" daemon [_thread_blocked, id=21804, stack(0x0000001fe3a00000,0x0000001fe3b00000)]
  0x0000014ec489eab0 JavaThread "Common-Cleaner" daemon [_thread_blocked, id=6556, stack(0x0000001fe3b00000,0x0000001fe3c00000)]
  0x0000014ec4916670 JavaThread "Notification Thread" daemon [_thread_blocked, id=25728, stack(0x0000001fe3c00000,0x0000001fe3d00000)]
  0x0000014ee4a61250 JavaThread "Daemon health stats" [_thread_blocked, id=28216, stack(0x0000001fe4300000,0x0000001fe4400000)]
  0x0000014ee41338e0 JavaThread "Incoming local TCP Connector on port 59415" [_thread_in_native, id=23988, stack(0x0000001fe4400000,0x0000001fe4500000)]
  0x0000014ec488e0a0 JavaThread "Daemon periodic checks" [_thread_blocked, id=24456, stack(0x0000001fe4500000,0x0000001fe4600000)]
  0x0000014ee5548e00 JavaThread "Daemon Thread 2" [_thread_blocked, id=27580, stack(0x0000001fe4600000,0x0000001fe4700000)]
  0x0000014ee5546070 JavaThread "Handler for socket connection from /127.0.0.1:59415 to /127.0.0.1:55600" [_thread_in_native, id=29284, stack(0x0000001fe4700000,0x0000001fe4800000)]
  0x0000014ee5549310 JavaThread "Cancel handler" [_thread_blocked, id=30816, stack(0x0000001fe4800000,0x0000001fe4900000)]
  0x0000014ee5546580 JavaThread "Daemon worker Thread 2" [_thread_in_native, id=32280, stack(0x0000001fe4900000,0x0000001fe4a00000)]
  0x0000014ee5549820 JavaThread "Asynchronous log dispatcher for DefaultDaemonConnection: socket connection from /127.0.0.1:59415 to /127.0.0.1:55600" [_thread_blocked, id=30536, stack(0x0000001fe4a00000,0x0000001fe4b00000)]
  0x0000014ee5546a90 JavaThread "Stdin handler" [_thread_blocked, id=29100, stack(0x0000001fe4b00000,0x0000001fe4c00000)]
  0x0000014ee55479c0 JavaThread "Daemon client event forwarder" [_thread_blocked, id=32276, stack(0x0000001fe4c00000,0x0000001fe4d00000)]
  0x0000014ee5546fa0 JavaThread "Cache worker for journal cache (C:\Users\USER\.gradle\caches\journal-1)" [_thread_blocked, id=32432, stack(0x0000001fe4d00000,0x0000001fe4e00000)]
  0x0000014ee5547ed0 JavaThread "File lock request listener" [_thread_in_native, id=19084, stack(0x0000001fe4e00000,0x0000001fe4f00000)]
  0x0000014ee55474b0 JavaThread "Cache worker for file hash cache (C:\Users\USER\.gradle\caches\8.14.3\fileHashes)" [_thread_blocked, id=31136, stack(0x0000001fe4f00000,0x0000001fe5000000)]
  0x0000014ee55483e0 JavaThread "File lock release action executor Thread 3" [_thread_blocked, id=29240, stack(0x0000001fe5000000,0x0000001fe5100000)]
  0x0000014ee5584520 JavaThread "Cache worker for file hash cache (C:\Users\USER\kalimed2\android\.gradle\8.14.3\fileHashes)" [_thread_blocked, id=34604, stack(0x0000001fe5100000,0x0000001fe5200000)]
  0x0000014ee55835f0 JavaThread "Cache worker for Build Output Cleanup Cache (C:\Users\USER\kalimed2\android\.gradle\buildOutputCleanup)" [_thread_blocked, id=29976, stack(0x0000001fe5200000,0x0000001fe5300000)]
  0x0000014ee5584a30 JavaThread "File watcher server" daemon [_thread_in_native, id=27160, stack(0x0000001fe5400000,0x0000001fe5500000)]
  0x0000014ee5582bd0 JavaThread "File watcher consumer" daemon [_thread_blocked, id=30180, stack(0x0000001fe5500000,0x0000001fe5600000)]
  0x0000014ee5584f40 JavaThread "jar transforms" [_thread_blocked, id=33192, stack(0x0000001fe5600000,0x0000001fe5700000)]
  0x0000014ee5585450 JavaThread "jar transforms Thread 2" [_thread_blocked, id=33112, stack(0x0000001fe5700000,0x0000001fe5800000)]

Other Threads:
  0x0000014ec4650520 VMThread "VM Thread" [stack: 0x0000001fe3100000,0x0000001fe3200000] [id=27116]
  0x0000014ec495bc70 WatcherThread [stack: 0x0000001fe3d00000,0x0000001fe3e00000] [id=24248]
  0x0000014ea421c4a0 GCTaskThread "GC Thread#0" [stack: 0x0000001fe2c00000,0x0000001fe2d00000] [id=25776]
  0x0000014ec4ac4d50 GCTaskThread "GC Thread#1" [stack: 0x0000001fe3e00000,0x0000001fe3f00000] [id=13580]
  0x0000014ec4adcda0 GCTaskThread "GC Thread#2" [stack: 0x0000001fe3f00000,0x0000001fe4000000] [id=12332]
  0x0000014ee4bddc90 GCTaskThread "GC Thread#3" [stack: 0x0000001fe4000000,0x0000001fe4100000] [id=28032]
  0x0000014ee4c7fbe0 GCTaskThread "GC Thread#4" [stack: 0x0000001fe4100000,0x0000001fe4200000] [id=28036]
  0x0000014ec4860dc0 GCTaskThread "GC Thread#5" [stack: 0x0000001fe2800000,0x0000001fe2900000] [id=26276]
  0x0000014ee41dd430 GCTaskThread "GC Thread#6" [stack: 0x0000001fe2900000,0x0000001fe2a00000] [id=3700]
  0x0000014ee57ce800 GCTaskThread "GC Thread#7" [stack: 0x0000001fe2a00000,0x0000001fe2b00000] [id=30376]
  0x0000014ea422d300 ConcurrentGCThread "G1 Main Marker" [stack: 0x0000001fe2d00000,0x0000001fe2e00000] [id=14460]
  0x0000014ea422dc30 ConcurrentGCThread "G1 Conc#0" [stack: 0x0000001fe2e00000,0x0000001fe2f00000] [id=27556]
  0x0000014ee68d2010 ConcurrentGCThread "G1 Conc#1" [stack: 0x0000001fe5300000,0x0000001fe5400000] [id=34084]
  0x0000014ea426d720 ConcurrentGCThread "G1 Refine#0" [stack: 0x0000001fe2f00000,0x0000001fe3000000] [id=24036]
  0x0000014ee4c7f760 ConcurrentGCThread "G1 Refine#1" [stack: 0x0000001fe4200000,0x0000001fe4300000] [id=28040]
  0x0000014ec4506f20 ConcurrentGCThread "G1 Service" [stack: 0x0000001fe3000000,0x0000001fe3100000] [id=22240]

Threads with active compile tasks:
C2 CompilerThread0  871173 4215   !   4       jdk.internal.loader.URLClassPath$JarLoader::getResource (354 bytes)

VM state: not at safepoint (normal execution)

VM Mutex/Monitor currently owned by a thread: None

Heap address: 0x0000000080000000, size: 2048 MB, Compressed Oops mode: 32-bit

CDS archive(s) mapped at: [0x0000014ec5000000-0x0000014ec5bb0000-0x0000014ec5bb0000), size 12255232, SharedBaseAddress: 0x0000014ec5000000, ArchiveRelocationMode: 1.
Compressed class space mapped at: 0x0000014ec6000000-0x0000014ee0000000, reserved size: 436207616
Narrow klass base: 0x0000014ec5000000, Narrow klass shift: 0, Narrow klass range: 0x100000000

GC Precious Log:
 CPUs: 8 total, 8 available
 Memory: 7835M
 Large Page Support: Disabled
 NUMA Support: Disabled
 Compressed Oops: Enabled (32-bit)
 Heap Region Size: 1M
 Heap Min Capacity: 8M
 Heap Initial Capacity: 124M
 Heap Max Capacity: 2G
 Pre-touch: Disabled
 Parallel Workers: 8
 Concurrent Workers: 2
 Concurrent Refinement Workers: 8
 Periodic GC: Disabled

Heap:
 garbage-first heap   total 86016K, used 26014K [0x0000000080000000, 0x0000000100000000)
  region size 1024K, 7 young (7168K), 6 survivors (6144K)
 Metaspace       used 27046K, committed 27392K, reserved 491520K
  class space    used 3938K, committed 4096K, reserved 425984K

Heap Regions: E=young(eden), S=young(survivor), O=old, HS=humongous(starts), HC=humongous(continues), CS=collection set, F=free, OA=open archive, CA=closed archive, TAMS=top-at-mark-start (previous, next)
|   0|0x0000000080000000, 0x0000000080100000, 0x0000000080100000|100%|HS|  |TAMS 0x0000000080100000, 0x0000000080000000| Complete 
|   1|0x0000000080100000, 0x0000000080200000, 0x0000000080200000|100%|HC|  |TAMS 0x0000000080200000, 0x0000000080100000| Complete 
|   2|0x0000000080200000, 0x0000000080300000, 0x0000000080300000|100%|HC|  |TAMS 0x0000000080300000, 0x0000000080200000| Complete 
|   3|0x0000000080300000, 0x0000000080400000, 0x0000000080400000|100%| O|  |TAMS 0x0000000080400000, 0x0000000080300000| Untracked 
|   4|0x0000000080400000, 0x0000000080500000, 0x0000000080500000|100%| O|  |TAMS 0x0000000080500000, 0x0000000080400000| Untracked 
|   5|0x0000000080500000, 0x0000000080600000, 0x0000000080600000|100%| O|  |TAMS 0x0000000080600000, 0x0000000080500000| Untracked 
|   6|0x0000000080600000, 0x0000000080700000, 0x0000000080700000|100%|HS|  |TAMS 0x0000000080700000, 0x0000000080600000| Complete 
|   7|0x0000000080700000, 0x0000000080800000, 0x0000000080800000|100%| O|  |TAMS 0x0000000080800000, 0x0000000080700000| Untracked 
|   8|0x0000000080800000, 0x0000000080900000, 0x0000000080900000|100%| O|  |TAMS 0x0000000080900000, 0x0000000080800000| Untracked 
|   9|0x0000000080900000, 0x0000000080a00000, 0x0000000080a00000|100%| O|  |TAMS 0x0000000080a00000, 0x0000000080900000| Untracked 
|  10|0x0000000080a00000, 0x0000000080b00000, 0x0000000080b00000|100%| O|  |TAMS 0x0000000080b00000, 0x0000000080a00000| Untracked 
|  11|0x0000000080b00000, 0x0000000080c00000, 0x0000000080c00000|100%| O|  |TAMS 0x0000000080c00000, 0x0000000080b00000| Untracked 
|  12|0x0000000080c00000, 0x0000000080d00000, 0x0000000080d00000|100%| O|  |TAMS 0x0000000080d00000, 0x0000000080c00000| Untracked 
|  13|0x0000000080d00000, 0x0000000080e00000, 0x0000000080e00000|100%| O|  |TAMS 0x0000000080e00000, 0x0000000080d00000| Untracked 
|  14|0x0000000080e00000, 0x0000000080f00000, 0x0000000080f00000|100%| O|  |TAMS 0x0000000080f00000, 0x0000000080e00000| Untracked 
|  15|0x0000000080f00000, 0x0000000081000000, 0x0000000081000000|100%| O|  |TAMS 0x0000000081000000, 0x0000000080f00000| Untracked 
|  16|0x0000000081000000, 0x0000000081100000, 0x0000000081100000|100%| O|  |TAMS 0x0000000081100000, 0x0000000081000000| Untracked 
|  17|0x0000000081100000, 0x0000000081200000, 0x0000000081200000|100%| O|  |TAMS 0x0000000081200000, 0x0000000081100000| Untracked 
|  18|0x0000000081200000, 0x0000000081300000, 0x0000000081300000|100%| O|  |TAMS 0x0000000081300000, 0x0000000081200000| Untracked 
|  19|0x0000000081300000, 0x00000000813e2800, 0x0000000081400000| 88%| O|  |TAMS 0x00000000813e2800, 0x0000000081300000| Untracked 
|  20|0x0000000081400000, 0x0000000081400000, 0x0000000081500000|  0%| F|  |TAMS 0x0000000081400000, 0x0000000081400000| Untracked 
|  21|0x0000000081500000, 0x0000000081500000, 0x0000000081600000|  0%| F|  |TAMS 0x0000000081500000, 0x0000000081500000| Untracked 
|  22|0x0000000081600000, 0x0000000081600000, 0x0000000081700000|  0%| F|  |TAMS 0x0000000081600000, 0x0000000081600000| Untracked 
|  23|0x0000000081700000, 0x0000000081700000, 0x0000000081800000|  0%| F|  |TAMS 0x0000000081700000, 0x0000000081700000| Untracked 
|  24|0x0000000081800000, 0x0000000081800000, 0x0000000081900000|  0%| F|  |TAMS 0x0000000081800000, 0x0000000081800000| Untracked 
|  25|0x0000000081900000, 0x0000000081900000, 0x0000000081a00000|  0%| F|  |TAMS 0x0000000081900000, 0x0000000081900000| Untracked 
|  26|0x0000000081a00000, 0x0000000081a00000, 0x0000000081b00000|  0%| F|  |TAMS 0x0000000081a00000, 0x0000000081a00000| Untracked 
|  27|0x0000000081b00000, 0x0000000081b00000, 0x0000000081c00000|  0%| F|  |TAMS 0x0000000081b00000, 0x0000000081b00000| Untracked 
|  28|0x0000000081c00000, 0x0000000081c85150, 0x0000000081d00000| 51%| S|CS|TAMS 0x0000000081c00000, 0x0000000081c00000| Complete 
|  29|0x0000000081d00000, 0x0000000081e00000, 0x0000000081e00000|100%| S|CS|TAMS 0x0000000081d00000, 0x0000000081d00000| Complete 
|  30|0x0000000081e00000, 0x0000000081f00000, 0x0000000081f00000|100%| S|CS|TAMS 0x0000000081e00000, 0x0000000081e00000| Complete 
|  31|0x0000000081f00000, 0x0000000082000000, 0x0000000082000000|100%| S|CS|TAMS 0x0000000081f00000, 0x0000000081f00000| Complete 
|  32|0x0000000082000000, 0x0000000082100000, 0x0000000082100000|100%| S|CS|TAMS 0x0000000082000000, 0x0000000082000000| Complete 
|  33|0x0000000082100000, 0x0000000082200000, 0x0000000082200000|100%| S|CS|TAMS 0x0000000082100000, 0x0000000082100000| Complete 
|  34|0x0000000082200000, 0x0000000082200000, 0x0000000082300000|  0%| F|  |TAMS 0x0000000082200000, 0x0000000082200000| Untracked 
|  35|0x0000000082300000, 0x0000000082300000, 0x0000000082400000|  0%| F|  |TAMS 0x0000000082300000, 0x0000000082300000| Untracked 
|  36|0x0000000082400000, 0x0000000082400000, 0x0000000082500000|  0%| F|  |TAMS 0x0000000082400000, 0x0000000082400000| Untracked 
|  37|0x0000000082500000, 0x0000000082500000, 0x0000000082600000|  0%| F|  |TAMS 0x0000000082500000, 0x0000000082500000| Untracked 
|  38|0x0000000082600000, 0x0000000082600000, 0x0000000082700000|  0%| F|  |TAMS 0x0000000082600000, 0x0000000082600000| Untracked 
|  39|0x0000000082700000, 0x0000000082700000, 0x0000000082800000|  0%| F|  |TAMS 0x0000000082700000, 0x0000000082700000| Untracked 
|  40|0x0000000082800000, 0x0000000082800000, 0x0000000082900000|  0%| F|  |TAMS 0x0000000082800000, 0x0000000082800000| Untracked 
|  41|0x0000000082900000, 0x0000000082900000, 0x0000000082a00000|  0%| F|  |TAMS 0x0000000082900000, 0x0000000082900000| Untracked 
|  42|0x0000000082a00000, 0x0000000082a00000, 0x0000000082b00000|  0%| F|  |TAMS 0x0000000082a00000, 0x0000000082a00000| Untracked 
|  43|0x0000000082b00000, 0x0000000082b00000, 0x0000000082c00000|  0%| F|  |TAMS 0x0000000082b00000, 0x0000000082b00000| Untracked 
|  44|0x0000000082c00000, 0x0000000082c00000, 0x0000000082d00000|  0%| F|  |TAMS 0x0000000082c00000, 0x0000000082c00000| Untracked 
|  45|0x0000000082d00000, 0x0000000082d00000, 0x0000000082e00000|  0%| F|  |TAMS 0x0000000082d00000, 0x0000000082d00000| Untracked 
|  46|0x0000000082e00000, 0x0000000082e00000, 0x0000000082f00000|  0%| F|  |TAMS 0x0000000082e00000, 0x0000000082e00000| Untracked 
|  47|0x0000000082f00000, 0x0000000082f00000, 0x0000000083000000|  0%| F|  |TAMS 0x0000000082f00000, 0x0000000082f00000| Untracked 
|  48|0x0000000083000000, 0x0000000083000000, 0x0000000083100000|  0%| F|  |TAMS 0x0000000083000000, 0x0000000083000000| Untracked 
|  49|0x0000000083100000, 0x0000000083100000, 0x0000000083200000|  0%| F|  |TAMS 0x0000000083100000, 0x0000000083100000| Untracked 
|  50|0x0000000083200000, 0x0000000083200000, 0x0000000083300000|  0%| F|  |TAMS 0x0000000083200000, 0x0000000083200000| Untracked 
|  51|0x0000000083300000, 0x0000000083300000, 0x0000000083400000|  0%| F|  |TAMS 0x0000000083300000, 0x0000000083300000| Untracked 
|  52|0x0000000083400000, 0x0000000083400000, 0x0000000083500000|  0%| F|  |TAMS 0x0000000083400000, 0x0000000083400000| Untracked 
|  53|0x0000000083500000, 0x0000000083500000, 0x0000000083600000|  0%| F|  |TAMS 0x0000000083500000, 0x0000000083500000| Untracked 
|  54|0x0000000083600000, 0x0000000083600000, 0x0000000083700000|  0%| F|  |TAMS 0x0000000083600000, 0x0000000083600000| Untracked 
|  55|0x0000000083700000, 0x0000000083700000, 0x0000000083800000|  0%| F|  |TAMS 0x0000000083700000, 0x0000000083700000| Untracked 
|  56|0x0000000083800000, 0x0000000083800000, 0x0000000083900000|  0%| F|  |TAMS 0x0000000083800000, 0x0000000083800000| Untracked 
|  57|0x0000000083900000, 0x0000000083900000, 0x0000000083a00000|  0%| F|  |TAMS 0x0000000083900000, 0x0000000083900000| Untracked 
|  58|0x0000000083a00000, 0x0000000083a00000, 0x0000000083b00000|  0%| F|  |TAMS 0x0000000083a00000, 0x0000000083a00000| Untracked 
|  59|0x0000000083b00000, 0x0000000083b00000, 0x0000000083c00000|  0%| F|  |TAMS 0x0000000083b00000, 0x0000000083b00000| Untracked 
|  60|0x0000000083c00000, 0x0000000083c00000, 0x0000000083d00000|  0%| F|  |TAMS 0x0000000083c00000, 0x0000000083c00000| Untracked 
|  61|0x0000000083d00000, 0x0000000083d00000, 0x0000000083e00000|  0%| F|  |TAMS 0x0000000083d00000, 0x0000000083d00000| Untracked 
|  62|0x0000000083e00000, 0x0000000083e00000, 0x0000000083f00000|  0%| F|  |TAMS 0x0000000083e00000, 0x0000000083e00000| Untracked 
|  63|0x0000000083f00000, 0x0000000083f00000, 0x0000000084000000|  0%| F|  |TAMS 0x0000000083f00000, 0x0000000083f00000| Untracked 
|  64|0x0000000084000000, 0x0000000084000000, 0x0000000084100000|  0%| F|  |TAMS 0x0000000084000000, 0x0000000084000000| Untracked 
|  65|0x0000000084100000, 0x0000000084100000, 0x0000000084200000|  0%| F|  |TAMS 0x0000000084100000, 0x0000000084100000| Untracked 
|  66|0x0000000084200000, 0x0000000084200000, 0x0000000084300000|  0%| F|  |TAMS 0x0000000084200000, 0x0000000084200000| Untracked 
|  67|0x0000000084300000, 0x0000000084300000, 0x0000000084400000|  0%| F|  |TAMS 0x0000000084300000, 0x0000000084300000| Untracked 
|  68|0x0000000084400000, 0x0000000084400000, 0x0000000084500000|  0%| F|  |TAMS 0x0000000084400000, 0x0000000084400000| Untracked 
|  69|0x0000000084500000, 0x0000000084500000, 0x0000000084600000|  0%| F|  |TAMS 0x0000000084500000, 0x0000000084500000| Untracked 
|  70|0x0000000084600000, 0x0000000084600000, 0x0000000084700000|  0%| F|  |TAMS 0x0000000084600000, 0x0000000084600000| Untracked 
|  71|0x0000000084700000, 0x0000000084700000, 0x0000000084800000|  0%| F|  |TAMS 0x0000000084700000, 0x0000000084700000| Untracked 
|  72|0x0000000084800000, 0x0000000084800000, 0x0000000084900000|  0%| F|  |TAMS 0x0000000084800000, 0x0000000084800000| Untracked 
|  73|0x0000000084900000, 0x0000000084900000, 0x0000000084a00000|  0%| F|  |TAMS 0x0000000084900000, 0x0000000084900000| Untracked 
|  74|0x0000000084a00000, 0x0000000084a00000, 0x0000000084b00000|  0%| F|  |TAMS 0x0000000084a00000, 0x0000000084a00000| Untracked 
|  75|0x0000000084b00000, 0x0000000084b00000, 0x0000000084c00000|  0%| F|  |TAMS 0x0000000084b00000, 0x0000000084b00000| Untracked 
|  76|0x0000000084c00000, 0x0000000084c00000, 0x0000000084d00000|  0%| F|  |TAMS 0x0000000084c00000, 0x0000000084c00000| Untracked 
|  77|0x0000000084d00000, 0x0000000084d00000, 0x0000000084e00000|  0%| F|  |TAMS 0x0000000084d00000, 0x0000000084d00000| Untracked 
|  78|0x0000000084e00000, 0x0000000084e00000, 0x0000000084f00000|  0%| F|  |TAMS 0x0000000084e00000, 0x0000000084e00000| Untracked 
|  79|0x0000000084f00000, 0x0000000084f00000, 0x0000000085000000|  0%| F|  |TAMS 0x0000000084f00000, 0x0000000084f00000| Untracked 
|  80|0x0000000085000000, 0x0000000085000000, 0x0000000085100000|  0%| F|  |TAMS 0x0000000085000000, 0x0000000085000000| Untracked 
|  81|0x0000000085100000, 0x0000000085100000, 0x0000000085200000|  0%| F|  |TAMS 0x0000000085100000, 0x0000000085100000| Untracked 
|  82|0x0000000085200000, 0x0000000085200000, 0x0000000085300000|  0%| F|  |TAMS 0x0000000085200000, 0x0000000085200000| Untracked 
| 123|0x0000000087b00000, 0x0000000087c00000, 0x0000000087c00000|100%| E|  |TAMS 0x0000000087b00000, 0x0000000087b00000| Complete 

Card table byte_map: [0x0000014ebd390000,0x0000014ebd790000] _byte_map_base: 0x0000014ebcf90000

Marking Bits (Prev, Next): (CMBitMap*) 0x0000014ea421ca10, (CMBitMap*) 0x0000014ea421c9d0
 Prev Bits: [0x0000014ebfb90000, 0x0000014ec1b90000)
 Next Bits: [0x0000014ebdb90000, 0x0000014ebfb90000)

Polling page: 0x0000014ea4610000

Metaspace:

Usage:
  Non-class:     22.57 MB used.
      Class:      3.85 MB used.
       Both:     26.41 MB used.

Virtual space:
  Non-class space:       64.00 MB reserved,      22.75 MB ( 36%) committed,  1 nodes.
      Class space:      416.00 MB reserved,       4.00 MB ( <1%) committed,  1 nodes.
             Both:      480.00 MB reserved,      26.75 MB (  6%) committed. 

Chunk freelists:
   Non-Class:  8.33 MB
       Class:  12.01 MB
        Both:  20.33 MB

MaxMetaspaceSize: 512.00 MB
CompressedClassSpaceSize: 416.00 MB
Initial GC threshold: 21.00 MB
Current GC threshold: 35.31 MB
CDS: on
MetaspaceReclaimPolicy: balanced
 - commit_granule_bytes: 65536.
 - commit_granule_words: 8192.
 - virtual_space_node_default_size: 8388608.
 - enlarge_chunks_in_place: 1.
 - new_chunks_are_fully_committed: 0.
 - uncommit_free_chunks: 1.
 - use_allocation_guard: 0.
 - handle_deallocations: 1.


Internal statistics:

num_allocs_failed_limit: 3.
num_arena_births: 396.
num_arena_deaths: 0.
num_vsnodes_births: 2.
num_vsnodes_deaths: 0.
num_space_committed: 428.
num_space_uncommitted: 0.
num_chunks_returned_to_freelist: 3.
num_chunks_taken_from_freelist: 1445.
num_chunk_merges: 0.
num_chunk_splits: 937.
num_chunks_enlarged: 651.
num_inconsistent_stats: 0.

CodeHeap 'non-profiled nmethods': size=120000Kb used=2706Kb max_used=2706Kb free=117293Kb
 bounds [0x0000014eb4ff0000, 0x0000014eb52a0000, 0x0000014ebc520000]
CodeHeap 'profiled nmethods': size=120000Kb used=8554Kb max_used=8554Kb free=111446Kb
 bounds [0x0000014ead520000, 0x0000014eadd80000, 0x0000014eb4a50000]
CodeHeap 'non-nmethods': size=5760Kb used=1250Kb max_used=1297Kb free=4509Kb
 bounds [0x0000014eb4a50000, 0x0000014eb4cc0000, 0x0000014eb4ff0000]
 total_blobs=4694 nmethods=4132 adapters=474
 compilation: enabled
              stopped_count=0, restarted_count=0
 full_count=0

Compilation events (20 events):
Event: 868.870 Thread 0x0000014ec4677020 4206       1       org.codehaus.groovy.util.ReferenceBundle::getManager (5 bytes)
Event: 868.870 Thread 0x0000014ec4677020 nmethod 4206 0x0000014eb5290210 code [0x0000014eb52903a0, 0x0000014eb5290478]
Event: 868.891 Thread 0x0000014ec4677020 4207       3       java.lang.invoke.LambdaForm::<init> (115 bytes)
Event: 868.892 Thread 0x0000014ec4670dd0 nmethod 4188 0x0000014eb5290510 code [0x0000014eb5290840, 0x0000014eb52932d8]
Event: 868.892 Thread 0x0000014ec4677020 nmethod 4207 0x0000014eadd75610 code [0x0000014eadd75820, 0x0000014eadd75ea8]
Event: 868.892 Thread 0x0000014ec4677020 4209       3       jdk.internal.org.objectweb.asm.MethodWriter::visitVarInsn (302 bytes)
Event: 868.893 Thread 0x0000014ec4677020 nmethod 4209 0x0000014eadd76110 code [0x0000014eadd76360, 0x0000014eadd76c88]
Event: 868.893 Thread 0x0000014ec4677020 4208       3       java.lang.invoke.LambdaForm::fixResult (31 bytes)
Event: 868.893 Thread 0x0000014ec4677020 nmethod 4208 0x0000014eadd76f10 code [0x0000014eadd770c0, 0x0000014eadd77298]
Event: 868.897 Thread 0x0000014ec4677020 4210       3       java.lang.invoke.InvokerBytecodeGenerator::generateCustomizedCode (34 bytes)
Event: 868.898 Thread 0x0000014ec4677020 nmethod 4210 0x0000014eadd77390 code [0x0000014eadd775c0, 0x0000014eadd77af8]
Event: 868.898 Thread 0x0000014ec4677020 4211       3       java.lang.invoke.InvokerBytecodeGenerator::lookupPregenerated (294 bytes)
Event: 868.899 Thread 0x0000014ec4677020 nmethod 4211 0x0000014eadd77d90 code [0x0000014eadd78140, 0x0000014eadd796a8]
Event: 868.899 Thread 0x0000014ec4677020 4213       3       java.lang.invoke.LambdaFormEditor$TransformKey::<init> (15 bytes)
Event: 868.899 Thread 0x0000014ec4677020 nmethod 4213 0x0000014eadd79d10 code [0x0000014eadd79ec0, 0x0000014eadd7a058]
Event: 868.899 Thread 0x0000014ec4677020 4212       3       java.lang.invoke.MemberName::getFactory (4 bytes)
Event: 868.899 Thread 0x0000014ec4677020 nmethod 4212 0x0000014eadd7a110 code [0x0000014eadd7a2a0, 0x0000014eadd7a398]
Event: 868.900 Thread 0x0000014ec4677020 4214       3       java.util.ImmutableCollections$List12::size (16 bytes)
Event: 868.900 Thread 0x0000014ec4677020 nmethod 4214 0x0000014eadd7a410 code [0x0000014eadd7a5c0, 0x0000014eadd7a758]
Event: 868.915 Thread 0x0000014ec4670dd0 4215   !   4       jdk.internal.loader.URLClassPath$JarLoader::getResource (354 bytes)

GC Heap History (14 events):
Event: 3.210 GC heap before
{Heap before GC invocations=0 (full 0):
 garbage-first heap   total 126976K, used 22528K [0x0000000080000000, 0x0000000100000000)
  region size 1024K, 23 young (23552K), 0 survivors (0K)
 Metaspace       used 1053K, committed 1216K, reserved 491520K
  class space    used 73K, committed 128K, reserved 425984K
}
Event: 3.312 GC heap after
{Heap after GC invocations=1 (full 0):
 garbage-first heap   total 126976K, used 1920K [0x0000000080000000, 0x0000000100000000)
  region size 1024K, 2 young (2048K), 2 survivors (2048K)
 Metaspace       used 1053K, committed 1216K, reserved 491520K
  class space    used 73K, committed 128K, reserved 425984K
}
Event: 6.922 GC heap before
{Heap before GC invocations=1 (full 0):
 garbage-first heap   total 126976K, used 40832K [0x0000000080000000, 0x0000000100000000)
  region size 1024K, 37 young (37888K), 2 survivors (2048K)
 Metaspace       used 4392K, committed 4544K, reserved 491520K
  class space    used 548K, committed 640K, reserved 425984K
}
Event: 6.934 GC heap after
{Heap after GC invocations=2 (full 0):
 garbage-first heap   total 126976K, used 10782K [0x0000000080000000, 0x0000000100000000)
  region size 1024K, 5 young (5120K), 5 survivors (5120K)
 Metaspace       used 4392K, committed 4544K, reserved 491520K
  class space    used 548K, committed 640K, reserved 425984K
}
Event: 9.772 GC heap before
{Heap before GC invocations=2 (full 0):
 garbage-first heap   total 126976K, used 56862K [0x0000000080000000, 0x0000000100000000)
  region size 1024K, 48 young (49152K), 5 survivors (5120K)
 Metaspace       used 4554K, committed 4736K, reserved 491520K
  class space    used 559K, committed 640K, reserved 425984K
}
Event: 9.783 GC heap after
{Heap after GC invocations=3 (full 0):
 garbage-first heap   total 126976K, used 16401K [0x0000000080000000, 0x0000000100000000)
  region size 1024K, 5 young (5120K), 5 survivors (5120K)
 Metaspace       used 4554K, committed 4736K, reserved 491520K
  class space    used 559K, committed 640K, reserved 425984K
}
Event: 674.832 GC heap before
{Heap before GC invocations=3 (full 0):
 garbage-first heap   total 126976K, used 87057K [0x0000000080000000, 0x0000000100000000)
  region size 1024K, 74 young (75776K), 5 survivors (5120K)
 Metaspace       used 14274K, committed 14592K, reserved 491520K
  class space    used 1884K, committed 2048K, reserved 425984K
}
Event: 675.296 GC heap after
{Heap after GC invocations=4 (full 0):
 garbage-first heap   total 126976K, used 20551K [0x0000000080000000, 0x0000000100000000)
  region size 1024K, 9 young (9216K), 9 survivors (9216K)
 Metaspace       used 14274K, committed 14592K, reserved 491520K
  class space    used 1884K, committed 2048K, reserved 425984K
}
Event: 832.961 GC heap before
{Heap before GC invocations=4 (full 0):
 garbage-first heap   total 126976K, used 49223K [0x0000000080000000, 0x0000000100000000)
  region size 1024K, 38 young (38912K), 9 survivors (9216K)
 Metaspace       used 16598K, committed 16832K, reserved 491520K
  class space    used 2235K, committed 2368K, reserved 425984K
}
Event: 833.125 GC heap after
{Heap after GC invocations=5 (full 0):
 garbage-first heap   total 126976K, used 21961K [0x0000000080000000, 0x0000000100000000)
  region size 1024K, 2 young (2048K), 2 survivors (2048K)
 Metaspace       used 16598K, committed 16832K, reserved 491520K
  class space    used 2235K, committed 2368K, reserved 425984K
}
Event: 846.238 GC heap before
{Heap before GC invocations=5 (full 0):
 garbage-first heap   total 126976K, used 60873K [0x0000000080000000, 0x0000000100000000)
  region size 1024K, 42 young (43008K), 2 survivors (2048K)
 Metaspace       used 21250K, committed 21504K, reserved 491520K
  class space    used 2998K, committed 3136K, reserved 425984K
}
Event: 846.301 GC heap after
{Heap after GC invocations=6 (full 0):
 garbage-first heap   total 126976K, used 24000K [0x0000000080000000, 0x0000000100000000)
  region size 1024K, 4 young (4096K), 4 survivors (4096K)
 Metaspace       used 21250K, committed 21504K, reserved 491520K
  class space    used 2998K, committed 3136K, reserved 425984K
}
Event: 868.957 GC heap before
{Heap before GC invocations=7 (full 0):
 garbage-first heap   total 86016K, used 71104K [0x0000000080000000, 0x0000000100000000)
  region size 1024K, 50 young (51200K), 4 survivors (4096K)
 Metaspace       used 26941K, committed 27328K, reserved 491520K
  class space    used 3932K, committed 4096K, reserved 425984K
}
Event: 868.968 GC heap after
{Heap after GC invocations=8 (full 0):
 garbage-first heap   total 86016K, used 26014K [0x0000000080000000, 0x0000000100000000)
  region size 1024K, 6 young (6144K), 6 survivors (6144K)
 Metaspace       used 26941K, committed 27328K, reserved 491520K
  class space    used 3932K, committed 4096K, reserved 425984K
}

Dll operation events (15 events):
Event: 0.188 Loaded shared library C:\Program Files\Eclipse Adoptium\jdk-17.0.19.10-hotspot\bin\java.dll
Event: 1.475 Loaded shared library C:\Program Files\Eclipse Adoptium\jdk-17.0.19.10-hotspot\bin\jsvml.dll
Event: 1.726 Loaded shared library C:\Program Files\Eclipse Adoptium\jdk-17.0.19.10-hotspot\bin\zip.dll
Event: 1.732 Loaded shared library C:\Program Files\Eclipse Adoptium\jdk-17.0.19.10-hotspot\bin\instrument.dll
Event: 1.747 Loaded shared library C:\Program Files\Eclipse Adoptium\jdk-17.0.19.10-hotspot\bin\net.dll
Event: 1.767 Loaded shared library C:\Program Files\Eclipse Adoptium\jdk-17.0.19.10-hotspot\bin\nio.dll
Event: 1.770 Loaded shared library C:\Program Files\Eclipse Adoptium\jdk-17.0.19.10-hotspot\bin\zip.dll
Event: 2.919 Loaded shared library C:\Program Files\Eclipse Adoptium\jdk-17.0.19.10-hotspot\bin\jimage.dll
Event: 3.894 Loaded shared library C:\Program Files\Eclipse Adoptium\jdk-17.0.19.10-hotspot\bin\verify.dll
Event: 4.483 Loaded shared library C:\Users\USER\.gradle\native\1def1411415f61bf3af743bc5b6707747c0891f09f0c88961ee8f79bc544acac\windows-amd64\native-platform.dll
Event: 4.646 Loaded shared library C:\Users\USER\.gradle\native\0.2.7\x86_64-windows-gnu\gradle-fileevents.dll
Event: 13.448 Loaded shared library C:\Program Files\Eclipse Adoptium\jdk-17.0.19.10-hotspot\bin\management.dll
Event: 13.451 Loaded shared library C:\Program Files\Eclipse Adoptium\jdk-17.0.19.10-hotspot\bin\management_ext.dll
Event: 17.773 Loaded shared library C:\Program Files\Eclipse Adoptium\jdk-17.0.19.10-hotspot\bin\extnet.dll
Event: 22.739 Loaded shared library C:\Program Files\Eclipse Adoptium\jdk-17.0.19.10-hotspot\bin\sunmscapi.dll

Deoptimization events (20 events):
Event: 868.090 Thread 0x0000014ee5546580 Uncommon trap: trap_request=0xffffffc6 fr.pc=0x0000014eb52526e8 relative=0x0000000000000908
Event: 868.090 Thread 0x0000014ee5546580 Uncommon trap: reason=bimorphic_or_optimized_type_check action=maybe_recompile pc=0x0000014eb52526e8 method=java.util.stream.ReferencePipeline$2$1.accept(Ljava/lang/Object;)V @ 21 c2
Event: 868.090 Thread 0x0000014ee5546580 DEOPT PACKING pc=0x0000014eb52526e8 sp=0x0000001fe49f95b0
Event: 868.090 Thread 0x0000014ee5546580 DEOPT UNPACKING pc=0x0000014eb4aa69a3 sp=0x0000001fe49f9588 mode 2
Event: 868.090 Thread 0x0000014ee5546580 Uncommon trap: trap_request=0xffffffc6 fr.pc=0x0000014eb52526e8 relative=0x0000000000000908
Event: 868.090 Thread 0x0000014ee5546580 Uncommon trap: reason=bimorphic_or_optimized_type_check action=maybe_recompile pc=0x0000014eb52526e8 method=java.util.stream.ReferencePipeline$2$1.accept(Ljava/lang/Object;)V @ 21 c2
Event: 868.090 Thread 0x0000014ee5546580 DEOPT PACKING pc=0x0000014eb52526e8 sp=0x0000001fe49f95b0
Event: 868.090 Thread 0x0000014ee5546580 DEOPT UNPACKING pc=0x0000014eb4aa69a3 sp=0x0000001fe49f9588 mode 2
Event: 868.595 Thread 0x0000014ee5546580 Uncommon trap: trap_request=0xffffffde fr.pc=0x0000014eb510e7c8 relative=0x00000000000020a8
Event: 868.595 Thread 0x0000014ee5546580 Uncommon trap: reason=class_check action=maybe_recompile pc=0x0000014eb510e7c8 method=java.io.BufferedInputStream.read([BII)I @ 101 c2
Event: 868.596 Thread 0x0000014ee5546580 DEOPT PACKING pc=0x0000014eb510e7c8 sp=0x0000001fe49f82b0
Event: 868.596 Thread 0x0000014ee5546580 DEOPT UNPACKING pc=0x0000014eb4aa69a3 sp=0x0000001fe49f8160 mode 2
Event: 868.876 Thread 0x0000014ee5546580 Uncommon trap: trap_request=0xffffff45 fr.pc=0x0000014eb520bdfc relative=0x000000000000059c
Event: 868.876 Thread 0x0000014ee5546580 Uncommon trap: reason=unstable_if action=reinterpret pc=0x0000014eb520bdfc method=jdk.internal.org.objectweb.asm.MethodWriter.visitVarInsn(II)V @ 108 c2
Event: 868.876 Thread 0x0000014ee5546580 DEOPT PACKING pc=0x0000014eb520bdfc sp=0x0000001fe49f1440
Event: 868.876 Thread 0x0000014ee5546580 DEOPT UNPACKING pc=0x0000014eb4aa69a3 sp=0x0000001fe49f1408 mode 2
Event: 868.968 Thread 0x0000014ee5546580 Uncommon trap: trap_request=0xfffffff4 fr.pc=0x0000014eb521465c relative=0x000000000000645c
Event: 868.968 Thread 0x0000014ee5546580 Uncommon trap: reason=null_check action=make_not_entrant pc=0x0000014eb521465c method=java.lang.invoke.MethodType.equals(Ljava/lang/Object;)Z @ 39 c2
Event: 868.968 Thread 0x0000014ee5546580 DEOPT PACKING pc=0x0000014eb521465c sp=0x0000001fe49f6a30
Event: 868.973 Thread 0x0000014ee5546580 DEOPT UNPACKING pc=0x0000014eb4aa69a3 sp=0x0000001fe49f68d8 mode 2

Classes loaded (20 events):
Event: 867.208 Loading class java/util/stream/Nodes$ArrayNode done
Event: 867.208 Loading class java/util/stream/Nodes$FixedNodeBuilder done
Event: 867.208 Loading class java/util/stream/IntPipeline$1$1
Event: 867.208 Loading class java/util/stream/IntPipeline$1$1 done
Event: 867.524 Loading class java/lang/IllegalAccessError
Event: 867.525 Loading class java/lang/IllegalAccessError done
Event: 867.610 Loading class java/lang/ProcessBuilder
Event: 867.611 Loading class java/lang/ProcessBuilder done
Event: 867.611 Loading class java/lang/Process
Event: 867.612 Loading class java/lang/Process done
Event: 868.339 Loading class java/util/EventListener
Event: 868.339 Loading class java/util/EventListener done
Event: 868.480 Loading class java/util/BitSet
Event: 868.490 Loading class java/util/BitSet done
Event: 868.543 Loading class java/util/TimerTask
Event: 868.545 Loading class java/util/TimerTask done
Event: 868.545 Loading class java/util/Timer
Event: 868.546 Loading class java/util/Timer done
Event: 868.824 Loading class java/security/AccessControlException
Event: 868.825 Loading class java/security/AccessControlException done

Classes unloaded (0 events):
No events

Classes redefined (0 events):
No events

Internal exceptions (20 events):
Event: 847.339 Thread 0x0000014ee5546580 Exception <a 'java/lang/NoSuchMethodError'{0x0000000084dc4ab0}: 'java.lang.Object java.lang.invoke.DirectMethodHandle$Holder.invokeStatic(java.lang.Object, java.lang.Object, java.lang.Object, java.lang.Object, java.lang.Object, java.lang.Object, java.lang.Object, java.lang.Object, java.lang.Object, java.lang.Object, java.lang.Object, java.lang.Object, java.lang.Object, java.lang.Object, java.lang.Object, java.lang.Object, java.lang.Object, java.lang.Object, java.lang.Object, java.lang.Object, java.lang.Obj
Event: 848.385 Thread 0x0000014ee5546580 Exception <a 'java/lang/NoSuchMethodError'{0x0000000084b6e068}: 'java.lang.Object java.lang.invoke.DirectMethodHandle$Holder.invokeStaticInit(java.lang.Object, java.lang.Object, java.lang.Object, java.lang.Object)'> (0x0000000084b6e068) 
thrown [s\src\hotspot\share\interpreter\linkResolver.cpp, line 759]
Event: 849.521 Thread 0x0000014ee5546580 Exception <a 'java/lang/NoSuchMethodError'{0x000000008492a2f0}: 'java.lang.Object java.lang.invoke.DirectMethodHandle$Holder.newInvokeSpecial(java.lang.Object, java.lang.Object, java.lang.Object, java.lang.Object, java.lang.Object, java.lang.Object, java.lang.Object, java.lang.Object)'> (0x000000008492a2f0) 
thrown [s\src\hotspot\share\interpreter\linkResolver.cpp, line 759]
Event: 849.557 Thread 0x0000014ee5546580 Exception <a 'java/lang/NoSuchMethodError'{0x000000008492fcf8}: 'java.lang.Object java.lang.invoke.DirectMethodHandle$Holder.invokeSpecial(java.lang.Object, java.lang.Object, java.lang.Object, java.lang.Object, java.lang.Object, java.lang.Object, java.lang.Object, java.lang.Object, java.lang.Object)'> (0x000000008492fcf8) 
thrown [s\src\hotspot\share\interpreter\linkResolver.cpp, line 759]
Event: 849.561 Thread 0x0000014ee5546580 Exception <a 'java/lang/NoSuchMethodError'{0x00000000849350a8}: 'java.lang.Object java.lang.invoke.Invokers$Holder.linkToTargetMethod(java.lang.Object, java.lang.Object, java.lang.Object, java.lang.Object, java.lang.Object, java.lang.Object, java.lang.Object, java.lang.Object)'> (0x00000000849350a8) 
thrown [s\src\hotspot\share\interpreter\linkResolver.cpp, line 759]
Event: 850.195 Thread 0x0000014ee5546580 Exception <a 'java/lang/IncompatibleClassChangeError'{0x000000008487e0d0}: Found class java.lang.Object, but interface was expected> (0x000000008487e0d0) 
thrown [s\src\hotspot\share\interpreter\linkResolver.cpp, line 826]
Event: 850.482 Thread 0x0000014ee5546580 Exception <a 'java/lang/NoSuchMethodError'{0x0000000084621110}: 'void java.lang.invoke.DirectMethodHandle$Holder.invokeStaticInit(java.lang.Object, java.lang.Object)'> (0x0000000084621110) 
thrown [s\src\hotspot\share\interpreter\linkResolver.cpp, line 759]
Event: 851.814 Thread 0x0000014ee5546580 Exception <a 'java/lang/NoSuchMethodError'{0x0000000084030648}: 'int java.lang.invoke.DirectMethodHandle$Holder.invokeVirtual(java.lang.Object, java.lang.Object)'> (0x0000000084030648) 
thrown [s\src\hotspot\share\interpreter\linkResolver.cpp, line 759]
Event: 856.556 Thread 0x0000014ee5546580 Exception <a 'java/lang/IncompatibleClassChangeError'{0x00000000834a6310}: Found class java.lang.Object, but interface was expected> (0x00000000834a6310) 
thrown [s\src\hotspot\share\interpreter\linkResolver.cpp, line 826]
Event: 857.095 Thread 0x0000014ee5546580 Exception <a 'java/lang/NoSuchMethodError'{0x00000000833a2a58}: 'java.lang.Object java.lang.invoke.DirectMethodHandle$Holder.newInvokeSpecial(java.lang.Object, java.lang.Object, long)'> (0x00000000833a2a58) 
thrown [s\src\hotspot\share\interpreter\linkResolver.cpp, line 759]
Event: 857.101 Thread 0x0000014ee5546580 Exception <a 'java/lang/NoSuchMethodError'{0x00000000833a7068}: 'java.lang.Object java.lang.invoke.Invokers$Holder.linkToTargetMethod(java.lang.Object, long, java.lang.Object)'> (0x00000000833a7068) 
thrown [s\src\hotspot\share\interpreter\linkResolver.cpp, line 759]
Event: 859.201 Thread 0x0000014ee5546580 Exception <a 'java/lang/NoSuchMethodError'{0x0000000083042ca0}: 'int java.lang.invoke.DirectMethodHandle$Holder.invokeInterface(java.lang.Object, java.lang.Object)'> (0x0000000083042ca0) 
thrown [s\src\hotspot\share\interpreter\linkResolver.cpp, line 759]
Event: 859.542 Thread 0x0000014ee5546580 Exception <a 'java/lang/NoSuchMethodError'{0x00000000830d3b80}: 'java.lang.Object java.lang.invoke.DirectMethodHandle$Holder.invokeVirtual(java.lang.Object, java.lang.Object, int)'> (0x00000000830d3b80) 
thrown [s\src\hotspot\share\interpreter\linkResolver.cpp, line 759]
Event: 860.095 Thread 0x0000014ee5546580 Exception <a 'java/lang/NoSuchMethodError'{0x0000000082f9e7e8}: 'java.lang.Object java.lang.invoke.DirectMethodHandle$Holder.invokeStatic(java.lang.Object, java.lang.Object, int, java.lang.Object)'> (0x0000000082f9e7e8) 
thrown [s\src\hotspot\share\interpreter\linkResolver.cpp, line 759]
Event: 860.102 Thread 0x0000014ee5546580 Exception <a 'java/lang/NoSuchMethodError'{0x0000000082fa6768}: 'java.lang.Object java.lang.invoke.DirectMethodHandle$Holder.newInvokeSpecial(java.lang.Object, java.lang.Object, int, java.lang.Object)'> (0x0000000082fa6768) 
thrown [s\src\hotspot\share\interpreter\linkResolver.cpp, line 759]
Event: 860.103 Thread 0x0000014ee5546580 Exception <a 'java/lang/NoSuchMethodError'{0x0000000082fab148}: 'java.lang.Object java.lang.invoke.DirectMethodHandle$Holder.invokeSpecial(java.lang.Object, java.lang.Object, java.lang.Object, int, java.lang.Object)'> (0x0000000082fab148) 
thrown [s\src\hotspot\share\interpreter\linkResolver.cpp, line 759]
Event: 867.597 Thread 0x0000014ee5546580 Exception <a 'java/lang/NoSuchMethodError'{0x00000000829c7908}: 'java.lang.Object java.lang.invoke.DirectMethodHandle$Holder.invokeStaticInit(java.lang.Object, java.lang.Object, java.lang.Object, java.lang.Object, java.lang.Object, java.lang.Object, java.lang.Object)'> (0x00000000829c7908) 
thrown [s\src\hotspot\share\interpreter\linkResolver.cpp, line 759]
Event: 867.648 Thread 0x0000014ee5546580 Exception <a 'java/lang/NoSuchMethodError'{0x00000000829f0e50}: 'java.lang.Object java.lang.invoke.DirectMethodHandle$Holder.invokeSpecial(java.lang.Object, java.lang.Object, java.lang.Object, int, java.lang.Object, java.lang.Object)'> (0x00000000829f0e50) 
thrown [s\src\hotspot\share\interpreter\linkResolver.cpp, line 759]
Event: 868.876 Thread 0x0000014ee5546580 Implicit null exception at 0x0000014eb520b96a to 0x0000014eb520bdf0
Event: 868.968 Thread 0x0000014ee5546580 Implicit null exception at 0x0000014eb520e5d4 to 0x0000014eb5214634

VM Operations (20 events):
Event: 860.599 Executing VM operation: Cleanup
Event: 860.599 Executing VM operation: Cleanup done
Event: 862.610 Executing VM operation: Cleanup
Event: 862.610 Executing VM operation: Cleanup done
Event: 863.613 Executing VM operation: Cleanup
Event: 863.614 Executing VM operation: Cleanup done
Event: 864.203 Executing VM operation: HandshakeAllThreads
Event: 864.203 Executing VM operation: HandshakeAllThreads done
Event: 864.204 Executing VM operation: HandshakeAllThreads
Event: 864.204 Executing VM operation: HandshakeAllThreads done
Event: 865.207 Executing VM operation: Cleanup
Event: 866.560 Executing VM operation: Cleanup done
Event: 867.562 Executing VM operation: Cleanup
Event: 867.577 Executing VM operation: Cleanup done
Event: 868.580 Executing VM operation: Cleanup
Event: 868.595 Executing VM operation: Cleanup done
Event: 868.826 Executing VM operation: HandshakeAllThreads
Event: 868.826 Executing VM operation: HandshakeAllThreads done
Event: 868.957 Executing VM operation: G1CollectForAllocation
Event: 868.968 Executing VM operation: G1CollectForAllocation done

Memory protections (0 events):
No events

Nmethod flushes (0 events):
No events

Events (20 events):
Event: 668.247 Thread 0x0000014ee5548e00 Thread added: 0x0000014ee5546580
Event: 668.535 Thread 0x0000014ee5546580 Thread added: 0x0000014ee5549820
Event: 669.246 Thread 0x0000014ee5546580 Thread added: 0x0000014ee5546a90
Event: 669.257 Thread 0x0000014ee5546580 Thread added: 0x0000014ee55479c0
Event: 677.008 Thread 0x0000014ee5546580 Thread added: 0x0000014ee5546fa0
Event: 677.050 Thread 0x0000014ee5546580 Thread added: 0x0000014ee5547ed0
Event: 677.330 Thread 0x0000014ee5546580 Thread added: 0x0000014ee55474b0
Event: 677.388 Thread 0x0000014ee5547ed0 Thread added: 0x0000014ee55483e0
Event: 737.551 Thread 0x0000014ee55483e0 Thread exited: 0x0000014ee55483e0
Event: 747.037 Thread 0x0000014ee5547ed0 Thread added: 0x0000014ee55483e0
Event: 807.907 Thread 0x0000014ee55483e0 Thread exited: 0x0000014ee55483e0
Event: 828.367 Thread 0x0000014ee5547ed0 Thread added: 0x0000014ee55483e0
Event: 845.920 Thread 0x0000014ee5546580 Thread added: 0x0000014ee5584520
Event: 846.203 Thread 0x0000014ee5546580 Thread added: 0x0000014ee55835f0
Event: 851.672 Thread 0x0000014ee5546580 Thread added: 0x0000014ee5584a30
Event: 851.799 Thread 0x0000014ee5546580 Thread added: 0x0000014ee5582bd0
Event: 860.116 Thread 0x0000014ee5546580 Thread added: 0x0000014ee5584f40
Event: 863.758 Thread 0x0000014ee5546580 Thread added: 0x0000014ee5585450
Event: 867.082 Thread 0x0000014ec4677020 Thread added: 0x0000014ee65cb1e0
Event: 867.658 Thread 0x0000014ee65cb1e0 Thread exited: 0x0000014ee65cb1e0


Dynamic libraries:
0x00007ff6ce910000 - 0x00007ff6ce91e000 	C:\Program Files\Eclipse Adoptium\jdk-17.0.19.10-hotspot\bin\java.exe
0x00007ffa60140000 - 0x00007ffa603a6000 	C:\WINDOWS\SYSTEM32\ntdll.dll
0x00007ffa5f100000 - 0x00007ffa5f1c9000 	C:\WINDOWS\System32\KERNEL32.DLL
0x00007ffa5d5b0000 - 0x00007ffa5d9aa000 	C:\WINDOWS\System32\KERNELBASE.dll
0x00007ffa5d460000 - 0x00007ffa5d5ac000 	C:\WINDOWS\System32\ucrtbase.dll
0x00007ffa38040000 - 0x00007ffa38058000 	C:\Program Files\Eclipse Adoptium\jdk-17.0.19.10-hotspot\bin\jli.dll
0x00007ffa5fea0000 - 0x00007ffa60067000 	C:\WINDOWS\System32\USER32.dll
0x00007ffa5de80000 - 0x00007ffa5dea7000 	C:\WINDOWS\System32\win32u.dll
0x00007ffa5f280000 - 0x00007ffa5f2ab000 	C:\WINDOWS\System32\GDI32.dll
0x00007ffa5dc90000 - 0x00007ffa5ddbb000 	C:\WINDOWS\System32\gdi32full.dll
0x00007ffa5dbe0000 - 0x00007ffa5dc83000 	C:\WINDOWS\System32\msvcp_win.dll
0x00007ffa3f680000 - 0x00007ffa3f912000 	C:\WINDOWS\WinSxS\amd64_microsoft.windows.common-controls_6595b64144ccf1df_6.0.26100.8521_none_3e08b75ce33403b3\COMCTL32.dll
0x00007ffa5deb0000 - 0x00007ffa5df59000 	C:\WINDOWS\System32\msvcrt.dll
0x00007ffa38020000 - 0x00007ffa3803e000 	C:\Program Files\Eclipse Adoptium\jdk-17.0.19.10-hotspot\bin\VCRUNTIME140.dll
0x00007ffa5fc60000 - 0x00007ffa5fc92000 	C:\WINDOWS\System32\IMM32.DLL
0x00007ffa38010000 - 0x00007ffa3801c000 	C:\Program Files\Eclipse Adoptium\jdk-17.0.19.10-hotspot\bin\vcruntime140_1.dll
0x00007ffa1f700000 - 0x00007ffa1f78d000 	C:\Program Files\Eclipse Adoptium\jdk-17.0.19.10-hotspot\bin\msvcp140.dll
0x00007ff96b680000 - 0x00007ff96c2ec000 	C:\Program Files\Eclipse Adoptium\jdk-17.0.19.10-hotspot\bin\server\jvm.dll
0x00007ffa5fba0000 - 0x00007ffa5fc56000 	C:\WINDOWS\System32\ADVAPI32.dll
0x00007ffa5f1d0000 - 0x00007ffa5f27a000 	C:\WINDOWS\System32\sechost.dll
0x00007ffa5ed80000 - 0x00007ffa5ee98000 	C:\WINDOWS\System32\RPCRT4.dll
0x00007ffa60070000 - 0x00007ffa600f0000 	C:\WINDOWS\System32\WS2_32.dll
0x00007ffa5d230000 - 0x00007ffa5d28e000 	C:\WINDOWS\SYSTEM32\POWRPROF.dll
0x00007ffa54dd0000 - 0x00007ffa54e06000 	C:\WINDOWS\SYSTEM32\WINMM.dll
0x00007ffa4bf90000 - 0x00007ffa4bf9b000 	C:\WINDOWS\SYSTEM32\VERSION.dll
0x00007ffa5d210000 - 0x00007ffa5d224000 	C:\WINDOWS\SYSTEM32\UMPDC.dll
0x00007ffa5c160000 - 0x00007ffa5c17b000 	C:\WINDOWS\SYSTEM32\kernel.appcore.dll
0x00007ffa38000000 - 0x00007ffa3800a000 	C:\Program Files\Eclipse Adoptium\jdk-17.0.19.10-hotspot\bin\jimage.dll
0x00007ffa40390000 - 0x00007ffa405d2000 	C:\WINDOWS\SYSTEM32\DBGHELP.DLL
0x00007ffa5e1e0000 - 0x00007ffa5e563000 	C:\WINDOWS\System32\combase.dll
0x00007ffa5e040000 - 0x00007ffa5e119000 	C:\WINDOWS\System32\OLEAUT32.dll
0x00007ffa36930000 - 0x00007ffa3696b000 	C:\WINDOWS\SYSTEM32\dbgcore.DLL
0x00007ffa5d9b0000 - 0x00007ffa5da58000 	C:\WINDOWS\System32\bcryptPrimitives.dll
0x00007ffa292d0000 - 0x00007ffa292de000 	C:\Program Files\Eclipse Adoptium\jdk-17.0.19.10-hotspot\bin\instrument.dll
0x00007ffa1f6d0000 - 0x00007ffa1f6f5000 	C:\Program Files\Eclipse Adoptium\jdk-17.0.19.10-hotspot\bin\java.dll
0x00007ff9e45c0000 - 0x00007ff9e4697000 	C:\Program Files\Eclipse Adoptium\jdk-17.0.19.10-hotspot\bin\jsvml.dll
0x00007ffa5f390000 - 0x00007ffa5fb14000 	C:\WINDOWS\System32\SHELL32.dll
0x00007ffa5afb0000 - 0x00007ffa5b830000 	C:\WINDOWS\SYSTEM32\windows.storage.dll
0x00007ffa5e7f0000 - 0x00007ffa5e8e6000 	C:\WINDOWS\System32\SHCORE.dll
0x00007ffa5fb20000 - 0x00007ffa5fb87000 	C:\WINDOWS\System32\shlwapi.dll
0x00007ffa5d2f0000 - 0x00007ffa5d319000 	C:\WINDOWS\SYSTEM32\profapi.dll
0x00007ffa1f6b0000 - 0x00007ffa1f6c8000 	C:\Program Files\Eclipse Adoptium\jdk-17.0.19.10-hotspot\bin\zip.dll
0x00007ffa1e810000 - 0x00007ffa1e82a000 	C:\Program Files\Eclipse Adoptium\jdk-17.0.19.10-hotspot\bin\net.dll
0x00007ffa4f1b0000 - 0x00007ffa4f2d9000 	C:\WINDOWS\SYSTEM32\WINHTTP.dll
0x00007ffa5c6d0000 - 0x00007ffa5c73c000 	C:\WINDOWS\system32\mswsock.dll
0x00007ffa1c380000 - 0x00007ffa1c396000 	C:\Program Files\Eclipse Adoptium\jdk-17.0.19.10-hotspot\bin\nio.dll
0x00007ffa28f60000 - 0x00007ffa28f70000 	C:\Program Files\Eclipse Adoptium\jdk-17.0.19.10-hotspot\bin\verify.dll
0x00007ff9c4460000 - 0x00007ff9c4487000 	C:\Users\USER\.gradle\native\1def1411415f61bf3af743bc5b6707747c0891f09f0c88961ee8f79bc544acac\windows-amd64\native-platform.dll
0x00007ff9a2ec0000 - 0x00007ff9a2f38000 	C:\Users\USER\.gradle\native\0.2.7\x86_64-windows-gnu\gradle-fileevents.dll
0x00007ffa28e20000 - 0x00007ffa28e2a000 	C:\Program Files\Eclipse Adoptium\jdk-17.0.19.10-hotspot\bin\management.dll
0x00007ffa1f6a0000 - 0x00007ffa1f6ac000 	C:\Program Files\Eclipse Adoptium\jdk-17.0.19.10-hotspot\bin\management_ext.dll
0x00007ffa5e030000 - 0x00007ffa5e038000 	C:\WINDOWS\System32\PSAPI.DLL
0x00007ffa5bb00000 - 0x00007ffa5bb33000 	C:\WINDOWS\SYSTEM32\IPHLPAPI.DLL
0x00007ffa5e570000 - 0x00007ffa5e57a000 	C:\WINDOWS\System32\NSI.dll
0x00007ffa546d0000 - 0x00007ffa546ed000 	C:\WINDOWS\SYSTEM32\dhcpcsvc6.DLL
0x00007ffa54720000 - 0x00007ffa54745000 	C:\WINDOWS\SYSTEM32\dhcpcsvc.DLL
0x00007ffa5bb40000 - 0x00007ffa5bc8a000 	C:\WINDOWS\SYSTEM32\DNSAPI.dll
0x00007ffa5c4f0000 - 0x00007ffa5c4fd000 	C:\WINDOWS\SYSTEM32\DSPARSE.dll
0x00007ffa1e9b0000 - 0x00007ffa1e9b9000 	C:\Program Files\Eclipse Adoptium\jdk-17.0.19.10-hotspot\bin\extnet.dll
0x00007ffa5c9b0000 - 0x00007ffa5c9cb000 	C:\WINDOWS\SYSTEM32\CRYPTSP.dll
0x00007ffa5c0c0000 - 0x00007ffa5c0f9000 	C:\WINDOWS\system32\rsaenh.dll
0x00007ffa5c780000 - 0x00007ffa5c7b3000 	C:\WINDOWS\SYSTEM32\USERENV.dll
0x00007ffa5d2c0000 - 0x00007ffa5d2ea000 	C:\WINDOWS\SYSTEM32\bcrypt.dll
0x00007ffa5c9d0000 - 0x00007ffa5c9dc000 	C:\WINDOWS\SYSTEM32\CRYPTBASE.dll
0x00007ffa1e800000 - 0x00007ffa1e80e000 	C:\Program Files\Eclipse Adoptium\jdk-17.0.19.10-hotspot\bin\sunmscapi.dll
0x00007ffa5da60000 - 0x00007ffa5dbd8000 	C:\WINDOWS\System32\CRYPT32.dll
0x00007ffa5cbd0000 - 0x00007ffa5cc00000 	C:\WINDOWS\SYSTEM32\ncrypt.dll
0x00007ffa5cb80000 - 0x00007ffa5cbbf000 	C:\WINDOWS\SYSTEM32\NTASN1.dll
0x00007ffa31770000 - 0x00007ffa31778000 	C:\WINDOWS\system32\wshunix.dll

dbghelp: loaded successfully - version: 4.0.5 - missing functions: none
symbol engine: initialized successfully - sym options: 0x614 - pdb path: .;C:\Program Files\Eclipse Adoptium\jdk-17.0.19.10-hotspot\bin;C:\WINDOWS\SYSTEM32;C:\WINDOWS\WinSxS\amd64_microsoft.windows.common-controls_6595b64144ccf1df_6.0.26100.8521_none_3e08b75ce33403b3;C:\Program Files\Eclipse Adoptium\jdk-17.0.19.10-hotspot\bin\server;C:\Users\USER\.gradle\native\1def1411415f61bf3af743bc5b6707747c0891f09f0c88961ee8f79bc544acac\windows-amd64;C:\Users\USER\.gradle\native\0.2.7\x86_64-windows-gnu

VM Arguments:
jvm_args: --add-opens=java.base/java.lang=ALL-UNNAMED --add-opens=java.base/java.lang.invoke=ALL-UNNAMED --add-opens=java.base/java.util=ALL-UNNAMED --add-opens=java.prefs/java.util.prefs=ALL-UNNAMED --add-exports=jdk.compiler/com.sun.tools.javac.api=ALL-UNNAMED --add-exports=jdk.compiler/com.sun.tools.javac.util=ALL-UNNAMED --add-opens=java.base/java.util=ALL-UNNAMED --add-opens=java.prefs/java.util.prefs=ALL-UNNAMED --add-opens=java.base/java.nio.charset=ALL-UNNAMED --add-opens=java.base/java.net=ALL-UNNAMED --add-opens=java.base/java.util.concurrent.atomic=ALL-UNNAMED --add-opens=java.xml/javax.xml.namespace=ALL-UNNAMED -XX:MaxMetaspaceSize=512m -Xmx2048m -Dfile.encoding=UTF-8 -Duser.country=ZW -Duser.language=en -Duser.variant -javaagent:C:\Users\USER\.gradle\wrapper\dists\gradle-8.14.3-bin\cv11ve7ro1n3o1j4so8xd9n66\gradle-8.14.3\lib\agents\gradle-instrumentation-agent-8.14.3.jar 
java_command: org.gradle.launcher.daemon.bootstrap.GradleDaemon 8.14.3
java_class_path (initial): C:\Users\USER\.gradle\wrapper\dists\gradle-8.14.3-bin\cv11ve7ro1n3o1j4so8xd9n66\gradle-8.14.3\lib\gradle-daemon-main-8.14.3.jar
Launcher Type: SUN_STANDARD

[Global flags]
     intx CICompilerCount                          = 4                                         {product} {ergonomic}
   size_t CompressedClassSpaceSize                 = 436207616                                 {product} {ergonomic}
     uint ConcGCThreads                            = 2                                         {product} {ergonomic}
     uint G1ConcRefinementThreads                  = 8                                         {product} {ergonomic}
   size_t G1HeapRegionSize                         = 1048576                                   {product} {ergonomic}
    uintx GCDrainStackTargetSize                   = 64                                        {product} {ergonomic}
   size_t InitialHeapSize                          = 130023424                                 {product} {ergonomic}
   size_t MarkStackSize                            = 4194304                                   {product} {ergonomic}
   size_t MaxHeapSize                              = 2147483648                                {product} {command line}
   size_t MaxMetaspaceSize                         = 536870912                                 {product} {command line}
   size_t MaxNewSize                               = 1287651328                                {product} {ergonomic}
   size_t MinHeapDeltaBytes                        = 1048576                                   {product} {ergonomic}
   size_t MinHeapSize                              = 8388608                                   {product} {ergonomic}
    uintx NonNMethodCodeHeapSize                   = 5839372                                {pd product} {ergonomic}
    uintx NonProfiledCodeHeapSize                  = 122909434                              {pd product} {ergonomic}
    uintx ProfiledCodeHeapSize                     = 122909434                              {pd product} {ergonomic}
    uintx ReservedCodeCacheSize                    = 251658240                              {pd product} {ergonomic}
     bool SegmentedCodeCache                       = true                                      {product} {ergonomic}
   size_t SoftMaxHeapSize                          = 2147483648                             {manageable} {ergonomic}
     bool UseCompressedClassPointers               = true                           {product lp64_product} {ergonomic}
     bool UseCompressedOops                        = true                           {product lp64_product} {ergonomic}
     bool UseG1GC                                  = true                                      {product} {ergonomic}
     bool UseLargePagesIndividualAllocation        = false                                  {pd product} {ergonomic}

Logging:
Log output configuration:
 #0: stdout all=warning uptime,level,tags
 #1: stderr all=off uptime,level,tags

Environment Variables:
JAVA_HOME=C:\Program Files\Android\Android Studio\jbr
PATH=C:\Program Files\Eclipse Adoptium\jdk-17.0.19.10-hotspot\bin;C:\Program Files (x86)\Common Files\Intel\Shared Libraries\redist\intel64\compiler;C:\Program Files\Eclipse Adoptium\jdk-25.0.0.36-hotspot\bin;C:\Program Files (x86)\Common Files\Intel\Shared Files\cpp\bin\Intel64;C:\WINDOWS\system32;C:\WINDOWS;C:\WINDOWS\System32\Wbem;C:\WINDOWS\System32\WindowsPowerShell\v1.0\;C:\WINDOWS\System32\OpenSSH\;C:\ProgramData\chocolatey\bin;C:\Program Files\nodejs\;C:\Program Files\Git\cmd;C:\Users\USER\AppData\Local\Programs\Python\Python313\Scripts\;C:\Users\USER\AppData\Local\Programs\Python\Python313\;C:\Users\USER\AppData\Local\Microsoft\WindowsApps;C:\Users\USER\AppData\Local\Programs\Microsoft VS Code\bin;C:\Users\USER\AppData\Local\GitHubDesktop\bin;C:\Users\USER\AppData\Roaming\npm;C:\Users\USER\AppData\Local\Programs\mongosh\;
USERNAME=USER
OS=Windows_NT
PROCESSOR_IDENTIFIER=Intel64 Family 6 Model 186 Stepping 3, GenuineIntel
TMP=C:\Users\USER\AppData\Local\Temp
TEMP=C:\Users\USER\AppData\Local\Temp



Periodic native trim disabled


---------------  S Y S T E M  ---------------

OS:
 Windows 11 , 64 bit Build 26100 (10.0.26100.8521)
OS uptime: 0 days 1:03 hours

CPU: total 8 (initial active 8) (4 cores per cpu, 2 threads per core) family 6 model 186 stepping 3 microcode 0x6134, cx8, cmov, fxsr, ht, mmx, 3dnowpref, sse, sse2, sse3, ssse3, sse4.1, sse4.2, popcnt, lzcnt, tsc, tscinvbit, avx, avx2, aes, erms, clmul, bmi1, bmi2, adx, sha, fma, vzeroupper, clflush, clflushopt, clwb
Processor Information for all 8 processors :
  Max Mhz: 1200, Current Mhz: 1200, Mhz Limit: 1200

Memory: 4k page, system-wide physical 7835M (263M free)
TotalPageFile size 31387M (AvailPageFile size 57M)
current process WorkingSet (physical memory assigned to process): 145M, peak: 148M
current process commit charge ("private bytes"): 270M, peak: 282M

vm_info: OpenJDK 64-Bit Server VM (17.0.19+10) for windows-amd64 JRE (17.0.19+10), built on Apr 25 2026 08:04:44 by "admin" with MS VC++ 17.12 (VS2022)

END.
