#
# There is insufficient memory for the Java Runtime Environment to continue.
# Native memory allocation (malloc) failed to allocate 189568 bytes. Error detail: Chunk::new
# Possible reasons:
#   The system is out of physical RAM or swap space
#   This process is running with CompressedOops enabled, and the Java Heap may be blocking the growth of the native heap
# Possible solutions:
#   Reduce memory load on the system
#   Increase physical memory or swap space
#   Check if swap backing store is full
#   Decrease Java heap size (-Xmx/-Xms)
#   Decrease number of Java threads
#   Decrease Java thread stack sizes (-Xss)
#   Set larger code cache with -XX:ReservedCodeCacheSize=
#   JVM is running with Unscaled Compressed Oops mode in which the Java heap is
#     placed in the first 4GB address space. The Java Heap base address is the
#     maximum limit for the native heap growth. Please use -XX:HeapBaseMinAddress
#     to set the Java Heap base and to place the Java Heap above 4GB virtual address.
# This output file may be truncated or incomplete.
#
#  Out of Memory Error (arena.cpp:191), pid=23952, tid=28264
#
# JRE version: OpenJDK Runtime Environment Temurin-17.0.19+10 (17.0.19+10) (build 17.0.19+10)
# Java VM: OpenJDK 64-Bit Server VM Temurin-17.0.19+10 (17.0.19+10, mixed mode, sharing, tiered, compressed oops, compressed class ptrs, g1 gc, windows-amd64)
# No core dump will be written. Minidumps are not enabled by default on client versions of Windows
#

---------------  S U M M A R Y ------------

Command Line: --add-opens=java.base/java.lang=ALL-UNNAMED --add-opens=java.base/java.lang.invoke=ALL-UNNAMED --add-opens=java.base/java.util=ALL-UNNAMED --add-opens=java.prefs/java.util.prefs=ALL-UNNAMED --add-exports=jdk.compiler/com.sun.tools.javac.api=ALL-UNNAMED --add-exports=jdk.compiler/com.sun.tools.javac.util=ALL-UNNAMED --add-opens=java.base/java.util=ALL-UNNAMED --add-opens=java.prefs/java.util.prefs=ALL-UNNAMED --add-opens=java.base/java.nio.charset=ALL-UNNAMED --add-opens=java.base/java.net=ALL-UNNAMED --add-opens=java.base/java.util.concurrent.atomic=ALL-UNNAMED --add-opens=java.xml/javax.xml.namespace=ALL-UNNAMED -XX:MaxMetaspaceSize=512m -Xmx2048m -Dfile.encoding=UTF-8 -Duser.country=ZW -Duser.language=en -Duser.variant -javaagent:C:\Users\USER\.gradle\wrapper\dists\gradle-8.14.3-bin\cv11ve7ro1n3o1j4so8xd9n66\gradle-8.14.3\lib\agents\gradle-instrumentation-agent-8.14.3.jar org.gradle.launcher.daemon.bootstrap.GradleDaemon 8.14.3

Host: 13th Gen Intel(R) Core(TM) i3-1315U, 8 cores, 7G,  Windows 11 , 64 bit Build 26100 (10.0.26100.8521)
Time: Tue Jul 14 12:34:35 2026 South Africa Standard Time elapsed time: 989.113362 seconds (0d 0h 16m 29s)

---------------  T H R E A D  ---------------

Current thread (0x0000021df21f2d20):  JavaThread "C2 CompilerThread0" daemon [_thread_in_native, id=28264, stack(0x000000c036c00000,0x000000c036d00000)]


Current CompileTask:
C2:989120 9817       4       java.lang.AbstractStringBuilder::append (54 bytes)

Stack: [0x000000c036c00000,0x000000c036d00000]
Native frames: (J=compiled Java code, j=interpreted, Vv=VM code, C=native code)
V  [jvm.dll+0x684b29]
V  [jvm.dll+0x83a2d5]
V  [jvm.dll+0x83bd4e]
V  [jvm.dll+0x83c3d3]
V  [jvm.dll+0x24905f]
V  [jvm.dll+0xad536]
V  [jvm.dll+0xadbdc]
V  [jvm.dll+0x368d9e]
V  [jvm.dll+0x3331d5]
V  [jvm.dll+0x33263a]
V  [jvm.dll+0x219e69]
V  [jvm.dll+0x2192af]
V  [jvm.dll+0x1a49f0]
V  [jvm.dll+0x2299fa]
V  [jvm.dll+0x227bab]
V  [jvm.dll+0x7f0a88]
V  [jvm.dll+0x7eaf1c]
V  [jvm.dll+0x6839f7]
C  [ucrtbase.dll+0x2cd30]
C  [KERNEL32.DLL+0x2e957]
C  [ntdll.dll+0x87c1c]


---------------  P R O C E S S  ---------------

Threads class SMR info:
_java_thread_list=0x0000021df8f11ef0, length=76, elements={
0x0000021dd1cbe730, 0x0000021df21d6e50, 0x0000021df21d8490, 0x0000021df21ed690,
0x0000021df21edf60, 0x0000021df21f0840, 0x0000021df21f1110, 0x0000021df21f2d20,
0x0000021df21f9710, 0x0000021df237a820, 0x0000021df21c2a80, 0x0000021df24e1c70,
0x0000021df719aae0, 0x0000021df79cbde0, 0x0000021df7a81650, 0x0000021df7fa4a10,
0x0000021df7367a20, 0x0000021df7aad340, 0x0000021df7aafbc0, 0x0000021df7aadd60,
0x0000021df7aae270, 0x0000021df7ab00d0, 0x0000021df7aae780, 0x0000021df7aad850,
0x0000021df7aac920, 0x0000021df7aaf1a0, 0x0000021df7aaf6b0, 0x0000021df7fafce0,
0x0000021df7facf50, 0x0000021df7fae8a0, 0x0000021df7fb01f0, 0x0000021df7fb0c10,
0x0000021df7fade80, 0x0000021df7fad460, 0x0000021df7fb3490, 0x0000021df7fb43c0,
0x0000021df7fb39a0, 0x0000021df7fb2560, 0x0000021df7fb2a70, 0x0000021df7fb2f80,
0x0000021df7fb3eb0, 0x0000021df7fb48d0, 0x0000021df7fb1630, 0x0000021df7faedb0,
0x0000021df7faf2c0, 0x0000021df7fb1120, 0x0000021df7aaec90, 0x0000021dfa021060,
0x0000021dfa021f90, 0x0000021dfa024810, 0x0000021dfa021570, 0x0000021dfa022ec0,
0x0000021dfa0224a0, 0x0000021dfa0229b0, 0x0000021dfa024300, 0x0000021dfa0233d0,
0x0000021dfa0238e0, 0x0000021dfa023df0, 0x0000021df989f360, 0x0000021df989e430,
0x0000021df98a0cb0, 0x0000021df989fd80, 0x0000021df98a0290, 0x0000021df989f870,
0x0000021df98a07a0, 0x0000021df98a11c0, 0x0000021df989ee50, 0x0000021df989df20,
0x0000021df98a20f0, 0x0000021df989e940, 0x0000021df98a2600, 0x0000021df98a4970,
0x0000021df98a2b10, 0x0000021df98a3020, 0x0000021df98a3530, 0x0000021df98a5390
}

Java Threads: ( => current thread )
  0x0000021dd1cbe730 JavaThread "main" [_thread_blocked, id=8412, stack(0x000000c035f00000,0x000000c036000000)]
  0x0000021df21d6e50 JavaThread "Reference Handler" daemon [_thread_blocked, id=28200, stack(0x000000c036600000,0x000000c036700000)]
  0x0000021df21d8490 JavaThread "Finalizer" daemon [_thread_blocked, id=28204, stack(0x000000c036700000,0x000000c036800000)]
  0x0000021df21ed690 JavaThread "Signal Dispatcher" daemon [_thread_blocked, id=28248, stack(0x000000c036800000,0x000000c036900000)]
  0x0000021df21edf60 JavaThread "Attach Listener" daemon [_thread_blocked, id=28252, stack(0x000000c036900000,0x000000c036a00000)]
  0x0000021df21f0840 JavaThread "Service Thread" daemon [_thread_blocked, id=28256, stack(0x000000c036a00000,0x000000c036b00000)]
  0x0000021df21f1110 JavaThread "Monitor Deflation Thread" daemon [_thread_blocked, id=28260, stack(0x000000c036b00000,0x000000c036c00000)]
=>0x0000021df21f2d20 JavaThread "C2 CompilerThread0" daemon [_thread_in_native, id=28264, stack(0x000000c036c00000,0x000000c036d00000)]
  0x0000021df21f9710 JavaThread "C1 CompilerThread0" daemon [_thread_blocked, id=28272, stack(0x000000c036d00000,0x000000c036e00000)]
  0x0000021df237a820 JavaThread "Sweeper thread" daemon [_thread_blocked, id=28280, stack(0x000000c036e00000,0x000000c036f00000)]
  0x0000021df21c2a80 JavaThread "Common-Cleaner" daemon [_thread_blocked, id=28300, stack(0x000000c036f00000,0x000000c037000000)]
  0x0000021df24e1c70 JavaThread "Notification Thread" daemon [_thread_blocked, id=28380, stack(0x000000c037000000,0x000000c037100000)]
  0x0000021df719aae0 JavaThread "Daemon health stats" [_thread_blocked, id=2080, stack(0x000000c037600000,0x000000c037700000)]
  0x0000021df79cbde0 JavaThread "Incoming local TCP Connector on port 59441" [_thread_in_native, id=7936, stack(0x000000c037700000,0x000000c037800000)]
  0x0000021df7a81650 JavaThread "Daemon periodic checks" [_thread_blocked, id=13676, stack(0x000000c037800000,0x000000c037900000)]
  0x0000021df7fa4a10 JavaThread "Daemon" [_thread_blocked, id=28764, stack(0x000000c037900000,0x000000c037a00000)]
  0x0000021df7367a20 JavaThread "Handler for socket connection from /127.0.0.1:59441 to /127.0.0.1:59449" [_thread_in_native, id=28768, stack(0x000000c037a00000,0x000000c037b00000)]
  0x0000021df7aad340 JavaThread "Cancel handler" [_thread_blocked, id=28796, stack(0x000000c037b00000,0x000000c037c00000)]
  0x0000021df7aafbc0 JavaThread "Daemon worker" [_thread_in_vm, id=28824, stack(0x000000c037c00000,0x000000c037d00000)]
  0x0000021df7aadd60 JavaThread "Asynchronous log dispatcher for DefaultDaemonConnection: socket connection from /127.0.0.1:59441 to /127.0.0.1:59449" [_thread_blocked, id=28840, stack(0x000000c037d00000,0x000000c037e00000)]
  0x0000021df7aae270 JavaThread "Stdin handler" [_thread_blocked, id=28844, stack(0x000000c037e00000,0x000000c037f00000)]
  0x0000021df7ab00d0 JavaThread "Daemon client event forwarder" [_thread_blocked, id=28848, stack(0x000000c037f00000,0x000000c038000000)]
  0x0000021df7aae780 JavaThread "Cache worker for journal cache (C:\Users\USER\.gradle\caches\journal-1)" [_thread_blocked, id=29416, stack(0x000000c038300000,0x000000c038400000)]
  0x0000021df7aad850 JavaThread "File lock request listener" [_thread_in_native, id=29556, stack(0x000000c038400000,0x000000c038500000)]
  0x0000021df7aac920 JavaThread "Cache worker for file hash cache (C:\Users\USER\.gradle\caches\8.14.3\fileHashes)" [_thread_blocked, id=29592, stack(0x000000c038600000,0x000000c038700000)]
  0x0000021df7aaf1a0 JavaThread "Cache worker for file hash cache (C:\Users\USER\kalimed2\android\.gradle\8.14.3\fileHashes)" [_thread_blocked, id=23820, stack(0x000000c038900000,0x000000c038a00000)]
  0x0000021df7aaf6b0 JavaThread "Cache worker for Build Output Cleanup Cache (C:\Users\USER\kalimed2\android\.gradle\buildOutputCleanup)" [_thread_blocked, id=18448, stack(0x000000c038a00000,0x000000c038b00000)]
  0x0000021df7fafce0 JavaThread "File watcher server" daemon [_thread_in_native, id=10872, stack(0x000000c038c00000,0x000000c038d00000)]
  0x0000021df7facf50 JavaThread "File watcher consumer" daemon [_thread_blocked, id=16880, stack(0x000000c038d00000,0x000000c038e00000)]
  0x0000021df7fae8a0 JavaThread "jar transforms" [_thread_blocked, id=29544, stack(0x000000c035c00000,0x000000c035d00000)]
  0x0000021df7fb01f0 JavaThread "jar transforms Thread 2" [_thread_blocked, id=6860, stack(0x000000c035d00000,0x000000c035e00000)]
  0x0000021df7fb0c10 JavaThread "Cache worker for checksums cache (C:\Users\USER\kalimed2\android\.gradle\8.14.3\checksums)" [_thread_blocked, id=30392, stack(0x000000c035e00000,0x000000c035f00000)]
  0x0000021df7fade80 JavaThread "Cache worker for file content cache (C:\Users\USER\.gradle\caches\8.14.3\fileContent)" [_thread_blocked, id=30432, stack(0x000000c038e00000,0x000000c038f00000)]
  0x0000021df7fad460 JavaThread "jar transforms Thread 3" [_thread_blocked, id=21152, stack(0x000000c039100000,0x000000c039200000)]
  0x0000021df7fb3490 JavaThread "Cache worker for cache directory md-supplier (C:\Users\USER\.gradle\caches\8.14.3\md-supplier)" [_thread_blocked, id=30420, stack(0x000000c039500000,0x000000c039600000)]
  0x0000021df7fb43c0 JavaThread "Cache worker for cache directory md-rule (C:\Users\USER\.gradle\caches\8.14.3\md-rule)" [_thread_blocked, id=30496, stack(0x000000c039600000,0x000000c039700000)]
  0x0000021df7fb39a0 JavaThread "Cache worker for Build Output Cleanup Cache (C:\Users\USER\kalimed2\node_modules\@react-native\gradle-plugin\.gradle\buildOutputCleanup)" [_thread_blocked, id=29552, stack(0x000000c038700000,0x000000c038800000)]
  0x0000021df7fb2560 JavaThread "Unconstrained build operations" [_thread_blocked, id=24020, stack(0x000000c039700000,0x000000c039800000)]
  0x0000021df7fb2a70 JavaThread "Unconstrained build operations Thread 2" [_thread_blocked, id=31616, stack(0x000000c039800000,0x000000c039900000)]
  0x0000021df7fb2f80 JavaThread "Unconstrained build operations Thread 3" [_thread_blocked, id=4728, stack(0x000000c039900000,0x000000c039a00000)]
  0x0000021df7fb3eb0 JavaThread "Unconstrained build operations Thread 4" [_thread_blocked, id=31072, stack(0x000000c039a00000,0x000000c039b00000)]
  0x0000021df7fb48d0 JavaThread "Unconstrained build operations Thread 5" [_thread_blocked, id=31648, stack(0x000000c039b00000,0x000000c039c00000)]
  0x0000021df7fb1630 JavaThread "Unconstrained build operations Thread 6" [_thread_blocked, id=27204, stack(0x000000c039c00000,0x000000c039d00000)]
  0x0000021df7faedb0 JavaThread "Cache worker for Build Output Cleanup Cache (C:\Users\USER\kalimed2\node_modules\expo-modules-autolinking\android\expo-gradle-plugin\.gradle\buildOutputCleanup)" [_thread_blocked, id=31132, stack(0x000000c038800000,0x000000c038900000)]
  0x0000021df7faf2c0 JavaThread "Unconstrained build operations Thread 7" [_thread_blocked, id=31496, stack(0x000000c039e00000,0x000000c039f00000)]
  0x0000021df7fb1120 JavaThread "Unconstrained build operations Thread 8" [_thread_blocked, id=32092, stack(0x000000c039f00000,0x000000c03a000000)]
  0x0000021df7aaec90 JavaThread "Unconstrained build operations Thread 9" [_thread_blocked, id=29804, stack(0x000000c03a000000,0x000000c03a100000)]
  0x0000021dfa021060 JavaThread "Unconstrained build operations Thread 10" [_thread_blocked, id=22184, stack(0x000000c03a100000,0x000000c03a200000)]
  0x0000021dfa021f90 JavaThread "Unconstrained build operations Thread 11" [_thread_blocked, id=32868, stack(0x000000c03a200000,0x000000c03a300000)]
  0x0000021dfa024810 JavaThread "Unconstrained build operations Thread 12" [_thread_blocked, id=16264, stack(0x000000c03a300000,0x000000c03a400000)]
  0x0000021dfa021570 JavaThread "Unconstrained build operations Thread 13" [_thread_blocked, id=32040, stack(0x000000c03a400000,0x000000c03a500000)]
  0x0000021dfa022ec0 JavaThread "Unconstrained build operations Thread 14" [_thread_blocked, id=10876, stack(0x000000c03a500000,0x000000c03a600000)]
  0x0000021dfa0224a0 JavaThread "Unconstrained build operations Thread 15" [_thread_blocked, id=33104, stack(0x000000c03a600000,0x000000c03a700000)]
  0x0000021dfa0229b0 JavaThread "Unconstrained build operations Thread 16" [_thread_blocked, id=33108, stack(0x000000c03a700000,0x000000c03a800000)]
  0x0000021dfa024300 JavaThread "Unconstrained build operations Thread 17" [_thread_blocked, id=27120, stack(0x000000c03a800000,0x000000c03a900000)]
  0x0000021dfa0233d0 JavaThread "Unconstrained build operations Thread 18" [_thread_blocked, id=17956, stack(0x000000c03a900000,0x000000c03aa00000)]
  0x0000021dfa0238e0 JavaThread "Unconstrained build operations Thread 19" [_thread_blocked, id=17540, stack(0x000000c03aa00000,0x000000c03ab00000)]
  0x0000021dfa023df0 JavaThread "Unconstrained build operations Thread 20" [_thread_blocked, id=23732, stack(0x000000c03ab00000,0x000000c03ac00000)]
  0x0000021df989f360 JavaThread "Unconstrained build operations Thread 21" [_thread_blocked, id=13440, stack(0x000000c03ac00000,0x000000c03ad00000)]
  0x0000021df989e430 JavaThread "Unconstrained build operations Thread 22" [_thread_blocked, id=9492, stack(0x000000c03ad00000,0x000000c03ae00000)]
  0x0000021df98a0cb0 JavaThread "Unconstrained build operations Thread 23" [_thread_blocked, id=2500, stack(0x000000c03ae00000,0x000000c03af00000)]
  0x0000021df989fd80 JavaThread "Unconstrained build operations Thread 24" [_thread_blocked, id=33632, stack(0x000000c03af00000,0x000000c03b000000)]
  0x0000021df98a0290 JavaThread "Unconstrained build operations Thread 25" [_thread_blocked, id=28328, stack(0x000000c03b000000,0x000000c03b100000)]
  0x0000021df989f870 JavaThread "Unconstrained build operations Thread 26" [_thread_blocked, id=32620, stack(0x000000c03b100000,0x000000c03b200000)]
  0x0000021df98a07a0 JavaThread "Unconstrained build operations Thread 27" [_thread_blocked, id=23716, stack(0x000000c03b200000,0x000000c03b300000)]
  0x0000021df98a11c0 JavaThread "build event listener" [_thread_blocked, id=9000, stack(0x000000c038500000,0x000000c038600000)]
  0x0000021df989ee50 JavaThread "Memory manager" [_thread_blocked, id=34404, stack(0x000000c039200000,0x000000c039300000)]
  0x0000021df989df20 JavaThread "File lock release action executor Thread 4" [_thread_blocked, id=17148, stack(0x000000c039300000,0x000000c039400000)]
  0x0000021df98a20f0 JavaThread "Unconstrained build operations Thread 28" [_thread_blocked, id=32416, stack(0x000000c039400000,0x000000c039500000)]
  0x0000021df989e940 JavaThread "Unconstrained build operations Thread 29" [_thread_blocked, id=35032, stack(0x000000c039d00000,0x000000c039e00000)]
  0x0000021df98a2600 JavaThread "Unconstrained build operations Thread 30" [_thread_blocked, id=7380, stack(0x000000c03b300000,0x000000c03b400000)]
  0x0000021df98a4970 JavaThread "Unconstrained build operations Thread 31" [_thread_blocked, id=33948, stack(0x000000c03b400000,0x000000c03b500000)]
  0x0000021df98a2b10 JavaThread "Unconstrained build operations Thread 32" [_thread_blocked, id=13608, stack(0x000000c03b500000,0x000000c03b600000)]
  0x0000021df98a3020 JavaThread "Unconstrained build operations Thread 33" [_thread_blocked, id=24740, stack(0x000000c03b600000,0x000000c03b700000)]
  0x0000021df98a3530 JavaThread "Unconstrained build operations Thread 34" [_thread_blocked, id=33836, stack(0x000000c03b700000,0x000000c03b800000)]
  0x0000021df98a5390 JavaThread "build event listener" [_thread_blocked, id=27292, stack(0x000000c03b800000,0x000000c03b900000)]

Other Threads:
  0x0000021df21d15e0 VMThread "VM Thread" [stack: 0x000000c036500000,0x000000c036600000] [id=28156] _threads_hazard_ptr=0x0000021df8f11ef0
  0x0000021dd1cbf4c0 WatcherThread [stack: 0x000000c037100000,0x000000c037200000] [id=28384]
  0x0000021dd1d1d570 GCTaskThread "GC Thread#0" [stack: 0x000000c036000000,0x000000c036100000] [id=27880]
  0x0000021df26de730 GCTaskThread "GC Thread#1" [stack: 0x000000c037200000,0x000000c037300000] [id=2800]
  0x0000021df26803a0 GCTaskThread "GC Thread#2" [stack: 0x000000c037300000,0x000000c037400000] [id=27664]
  0x0000021df72e16e0 GCTaskThread "GC Thread#3" [stack: 0x000000c037400000,0x000000c037500000] [id=19568]
  0x0000021df72b7c70 GCTaskThread "GC Thread#4" [stack: 0x000000c037500000,0x000000c037600000] [id=24156]
  0x0000021df7f1c730 GCTaskThread "GC Thread#5" [stack: 0x000000c038000000,0x000000c038100000] [id=29380]
  0x0000021df88ddab0 GCTaskThread "GC Thread#6" [stack: 0x000000c038100000,0x000000c038200000] [id=29384]
  0x0000021df88ddf80 GCTaskThread "GC Thread#7" [stack: 0x000000c038200000,0x000000c038300000] [id=29388]
  0x0000021dd1d2e3d0 ConcurrentGCThread "G1 Main Marker" [stack: 0x000000c036100000,0x000000c036200000] [id=27884]
  0x0000021dd1d2ed00 ConcurrentGCThread "G1 Conc#0" [stack: 0x000000c036200000,0x000000c036300000] [id=27888]
  0x0000021df87c1d80 ConcurrentGCThread "G1 Conc#1" [stack: 0x000000c038b00000,0x000000c038c00000] [id=20280]
  0x0000021dd1d6d860 ConcurrentGCThread "G1 Refine#0" [stack: 0x000000c036300000,0x000000c036400000] [id=27896]
  0x0000021df8a1ef90 ConcurrentGCThread "G1 Refine#1" [stack: 0x000000c038f00000,0x000000c039000000] [id=30616]
  0x0000021df9599a80 ConcurrentGCThread "G1 Refine#2" [stack: 0x000000c039000000,0x000000c039100000] [id=30620]
  0x0000021df208a370 ConcurrentGCThread "G1 Service" [stack: 0x000000c036400000,0x000000c036500000] [id=27900]

Threads with active compile tasks:
C2 CompilerThread0  989922 9817       4       java.lang.AbstractStringBuilder::append (54 bytes)

VM state: synchronizing (normal execution)

VM Mutex/Monitor currently owned by a thread:  ([mutex/lock_event])
[0x0000021dd1cb9370] Metaspace_lock - owner thread: 0x0000021df7aafbc0
[0x0000021dd1cb8710] Threads_lock - owner thread: 0x0000021df21d15e0

Heap address: 0x0000000080000000, size: 2048 MB, Compressed Oops mode: 32-bit

CDS archive(s) mapped at: [0x0000021d80000000-0x0000021d80bb0000-0x0000021d80bb0000), size 12255232, SharedBaseAddress: 0x0000021d80000000, ArchiveRelocationMode: 1.
Compressed class space mapped at: 0x0000021d81000000-0x0000021d9b000000, reserved size: 436207616
Narrow klass base: 0x0000021d80000000, Narrow klass shift: 0, Narrow klass range: 0x100000000

GC Precious Log:
 CPUs: 8 total, 8 available
 Memory: 7835M
 Large Page Support: Disabled
 NUMA Support: Disabled
 Compressed Oops: Enabled (32-bit)
 Heap Region Size: 1M
 Heap Min Capacity: 8M
 Heap Initial Capacity: 124M
 Heap Max Capacity: 2G
 Pre-touch: Disabled
 Parallel Workers: 8
 Concurrent Workers: 2
 Concurrent Refinement Workers: 8
 Periodic GC: Disabled

Heap:
 garbage-first heap   total 201728K, used 66821K [0x0000000080000000, 0x0000000100000000)
  region size 1024K, 4 young (4096K), 2 survivors (2048K)
 Metaspace       used 72463K, committed 73344K, reserved 491520K
  class space    used 10137K, committed 10560K, reserved 425984K

Heap Regions: E=young(eden), S=young(survivor), O=old, HS=humongous(starts), HC=humongous(continues), CS=collection set, F=free, OA=open archive, CA=closed archive, TAMS=top-at-mark-start (previous, next)
|   0|0x0000000080000000, 0x0000000080100000, 0x0000000080100000|100%|HS|  |TAMS 0x0000000080100000, 0x0000000080000000| Complete 
|   1|0x0000000080100000, 0x0000000080200000, 0x0000000080200000|100%|HC|  |TAMS 0x0000000080200000, 0x0000000080100000| Complete 
|   2|0x0000000080200000, 0x0000000080300000, 0x0000000080300000|100%|HC|  |TAMS 0x0000000080300000, 0x0000000080200000| Complete 
|   3|0x0000000080300000, 0x0000000080400000, 0x0000000080400000|100%| O|  |TAMS 0x0000000080400000, 0x0000000080300000| Untracked 
|   4|0x0000000080400000, 0x0000000080500000, 0x0000000080500000|100%| O|  |TAMS 0x0000000080500000, 0x0000000080400000| Untracked 
|   5|0x0000000080500000, 0x0000000080600000, 0x0000000080600000|100%| O|  |TAMS 0x0000000080600000, 0x0000000080500000| Untracked 
|   6|0x0000000080600000, 0x0000000080700000, 0x0000000080700000|100%|HS|  |TAMS 0x0000000080700000, 0x0000000080600000| Complete 
|   7|0x0000000080700000, 0x0000000080800000, 0x0000000080800000|100%| O|  |TAMS 0x0000000080800000, 0x0000000080700000| Untracked 
|   8|0x0000000080800000, 0x0000000080900000, 0x0000000080900000|100%| O|  |TAMS 0x0000000080900000, 0x0000000080800000| Untracked 
|   9|0x0000000080900000, 0x0000000080a00000, 0x0000000080a00000|100%| O|  |TAMS 0x0000000080a00000, 0x0000000080900000| Untracked 
|  10|0x0000000080a00000, 0x0000000080b00000, 0x0000000080b00000|100%| O|  |TAMS 0x0000000080b00000, 0x0000000080a00000| Untracked 
|  11|0x0000000080b00000, 0x0000000080c00000, 0x0000000080c00000|100%| O|  |TAMS 0x0000000080c00000, 0x0000000080b00000| Untracked 
|  12|0x0000000080c00000, 0x0000000080d00000, 0x0000000080d00000|100%| O|  |TAMS 0x0000000080d00000, 0x0000000080c00000| Untracked 
|  13|0x0000000080d00000, 0x0000000080e00000, 0x0000000080e00000|100%| O|  |TAMS 0x0000000080e00000, 0x0000000080d00000| Untracked 
|  14|0x0000000080e00000, 0x0000000080f00000, 0x0000000080f00000|100%| O|  |TAMS 0x0000000080f00000, 0x0000000080e00000| Untracked 
|  15|0x0000000080f00000, 0x0000000081000000, 0x0000000081000000|100%| O|  |TAMS 0x0000000081000000, 0x0000000080f00000| Untracked 
|  16|0x0000000081000000, 0x0000000081100000, 0x0000000081100000|100%| O|  |TAMS 0x0000000081100000, 0x0000000081000000| Untracked 
|  17|0x0000000081100000, 0x0000000081200000, 0x0000000081200000|100%| O|  |TAMS 0x0000000081200000, 0x0000000081100000| Untracked 
|  18|0x0000000081200000, 0x0000000081300000, 0x0000000081300000|100%| O|  |TAMS 0x0000000081300000, 0x0000000081200000| Untracked 
|  19|0x0000000081300000, 0x0000000081400000, 0x0000000081400000|100%| O|  |TAMS 0x0000000081400000, 0x0000000081300000| Untracked 
|  20|0x0000000081400000, 0x0000000081500000, 0x0000000081500000|100%| O|  |TAMS 0x0000000081500000, 0x0000000081400000| Untracked 
|  21|0x0000000081500000, 0x0000000081600000, 0x0000000081600000|100%| O|  |TAMS 0x0000000081600000, 0x0000000081500000| Untracked 
|  22|0x0000000081600000, 0x0000000081700000, 0x0000000081700000|100%| O|  |TAMS 0x0000000081700000, 0x0000000081600000| Untracked 
|  23|0x0000000081700000, 0x0000000081800000, 0x0000000081800000|100%| O|  |TAMS 0x0000000081800000, 0x0000000081700000| Untracked 
|  24|0x0000000081800000, 0x0000000081900000, 0x0000000081900000|100%| O|  |TAMS 0x0000000081900000, 0x0000000081800000| Untracked 
|  25|0x0000000081900000, 0x0000000081a00000, 0x0000000081a00000|100%| O|  |TAMS 0x0000000081a00000, 0x0000000081900000| Untracked 
|  26|0x0000000081a00000, 0x0000000081b00000, 0x0000000081b00000|100%| O|  |TAMS 0x0000000081b00000, 0x0000000081a00000| Untracked 
|  27|0x0000000081b00000, 0x0000000081c00000, 0x0000000081c00000|100%| O|  |TAMS 0x0000000081c00000, 0x0000000081b00000| Untracked 
|  28|0x0000000081c00000, 0x0000000081d00000, 0x0000000081d00000|100%| O|  |TAMS 0x0000000081c00000, 0x0000000081c00000| Untracked 
|  29|0x0000000081d00000, 0x0000000081e00000, 0x0000000081e00000|100%| O|  |TAMS 0x0000000081e00000, 0x0000000081d00000| Untracked 
|  30|0x0000000081e00000, 0x0000000081f00000, 0x0000000081f00000|100%| O|  |TAMS 0x0000000081f00000, 0x0000000081e00000| Untracked 
|  31|0x0000000081f00000, 0x0000000082000000, 0x0000000082000000|100%| O|  |TAMS 0x0000000082000000, 0x0000000081f00000| Untracked 
|  32|0x0000000082000000, 0x0000000082100000, 0x0000000082100000|100%| O|  |TAMS 0x0000000082100000, 0x0000000082000000| Untracked 
|  33|0x0000000082100000, 0x0000000082200000, 0x0000000082200000|100%| O|  |TAMS 0x0000000082200000, 0x0000000082100000| Untracked 
|  34|0x0000000082200000, 0x0000000082300000, 0x0000000082300000|100%| O|  |TAMS 0x0000000082300000, 0x0000000082200000| Untracked 
|  35|0x0000000082300000, 0x0000000082400000, 0x0000000082400000|100%| O|  |TAMS 0x0000000082400000, 0x0000000082300000| Untracked 
|  36|0x0000000082400000, 0x0000000082500000, 0x0000000082500000|100%| O|  |TAMS 0x0000000082500000, 0x0000000082400000| Untracked 
|  37|0x0000000082500000, 0x0000000082600000, 0x0000000082600000|100%| O|  |TAMS 0x0000000082600000, 0x0000000082500000| Untracked 
|  38|0x0000000082600000, 0x0000000082700000, 0x0000000082700000|100%| O|  |TAMS 0x0000000082600000, 0x0000000082600000| Untracked 
|  39|0x0000000082700000, 0x0000000082800000, 0x0000000082800000|100%|HS|  |TAMS 0x0000000082800000, 0x0000000082700000| Complete 
|  40|0x0000000082800000, 0x0000000082900000, 0x0000000082900000|100%|HC|  |TAMS 0x0000000082900000, 0x0000000082800000| Complete 
|  41|0x0000000082900000, 0x0000000082a00000, 0x0000000082a00000|100%|HC|  |TAMS 0x0000000082a00000, 0x0000000082900000| Complete 
|  42|0x0000000082a00000, 0x0000000082b00000, 0x0000000082b00000|100%|HS|  |TAMS 0x0000000082b00000, 0x0000000082a00000| Complete 
|  43|0x0000000082b00000, 0x0000000082c00000, 0x0000000082c00000|100%|HC|  |TAMS 0x0000000082c00000, 0x0000000082b00000| Complete 
|  44|0x0000000082c00000, 0x0000000082d00000, 0x0000000082d00000|100%|HC|  |TAMS 0x0000000082d00000, 0x0000000082c00000| Complete 
|  45|0x0000000082d00000, 0x0000000082e00000, 0x0000000082e00000|100%| O|  |TAMS 0x0000000082e00000, 0x0000000082d00000| Untracked 
|  46|0x0000000082e00000, 0x0000000082f00000, 0x0000000082f00000|100%| O|  |TAMS 0x0000000082f00000, 0x0000000082e00000| Untracked 
|  47|0x0000000082f00000, 0x0000000083000000, 0x0000000083000000|100%| O|  |TAMS 0x0000000083000000, 0x0000000082f00000| Untracked 
|  48|0x0000000083000000, 0x0000000083100000, 0x0000000083100000|100%| O|  |TAMS 0x0000000083100000, 0x0000000083000000| Untracked 
|  49|0x0000000083100000, 0x0000000083200000, 0x0000000083200000|100%| O|  |TAMS 0x0000000083200000, 0x0000000083100000| Untracked 
|  50|0x0000000083200000, 0x0000000083300000, 0x0000000083300000|100%| O|  |TAMS 0x0000000083300000, 0x0000000083200000| Untracked 
|  51|0x0000000083300000, 0x0000000083400000, 0x0000000083400000|100%| O|  |TAMS 0x0000000083400000, 0x0000000083300000| Untracked 
|  52|0x0000000083400000, 0x0000000083500000, 0x0000000083500000|100%| O|  |TAMS 0x0000000083500000, 0x0000000083400000| Untracked 
|  53|0x0000000083500000, 0x0000000083600000, 0x0000000083600000|100%| O|  |TAMS 0x0000000083600000, 0x0000000083500000| Untracked 
|  54|0x0000000083600000, 0x0000000083700000, 0x0000000083700000|100%| O|  |TAMS 0x0000000083700000, 0x0000000083600000| Untracked 
|  55|0x0000000083700000, 0x0000000083800000, 0x0000000083800000|100%| O|  |TAMS 0x0000000083800000, 0x0000000083700000| Untracked 
|  56|0x0000000083800000, 0x00000000838d8800, 0x0000000083900000| 84%| O|  |TAMS 0x00000000838d8800, 0x0000000083800000| Untracked 
|  57|0x0000000083900000, 0x0000000083a00000, 0x0000000083a00000|100%| O|  |TAMS 0x0000000083900000, 0x0000000083900000| Untracked 
|  58|0x0000000083a00000, 0x0000000083b00000, 0x0000000083b00000|100%| O|  |TAMS 0x0000000083a00000, 0x0000000083a00000| Untracked 
|  59|0x0000000083b00000, 0x0000000083c00000, 0x0000000083c00000|100%| O|  |TAMS 0x0000000083b00000, 0x0000000083b00000| Untracked 
|  60|0x0000000083c00000, 0x0000000083d00000, 0x0000000083d00000|100%| O|  |TAMS 0x0000000083c00000, 0x0000000083c00000| Untracked 
|  61|0x0000000083d00000, 0x0000000083e00000, 0x0000000083e00000|100%| O|  |TAMS 0x0000000083d00000, 0x0000000083d00000| Untracked 
|  62|0x0000000083e00000, 0x0000000083e96200, 0x0000000083f00000| 58%| O|  |TAMS 0x0000000083e00000, 0x0000000083e00000| Untracked 
|  63|0x0000000083f00000, 0x0000000083f00000, 0x0000000084000000|  0%| F|  |TAMS 0x0000000083f00000, 0x0000000083f00000| Untracked 
|  64|0x0000000084000000, 0x0000000084000000, 0x0000000084100000|  0%| F|  |TAMS 0x0000000084000000, 0x0000000084000000| Untracked 
|  65|0x0000000084100000, 0x0000000084100000, 0x0000000084200000|  0%| F|  |TAMS 0x0000000084100000, 0x0000000084100000| Untracked 
|  66|0x0000000084200000, 0x0000000084200000, 0x0000000084300000|  0%| F|  |TAMS 0x0000000084200000, 0x0000000084200000| Untracked 
|  67|0x0000000084300000, 0x0000000084300000, 0x0000000084400000|  0%| F|  |TAMS 0x0000000084300000, 0x0000000084300000| Untracked 
|  68|0x0000000084400000, 0x0000000084400000, 0x0000000084500000|  0%| F|  |TAMS 0x0000000084400000, 0x0000000084400000| Untracked 
|  69|0x0000000084500000, 0x0000000084500000, 0x0000000084600000|  0%| F|  |TAMS 0x0000000084500000, 0x0000000084500000| Untracked 
|  70|0x0000000084600000, 0x0000000084600000, 0x0000000084700000|  0%| F|  |TAMS 0x0000000084600000, 0x0000000084600000| Untracked 
|  71|0x0000000084700000, 0x0000000084700000, 0x0000000084800000|  0%| F|  |TAMS 0x0000000084700000, 0x0000000084700000| Untracked 
|  72|0x0000000084800000, 0x0000000084800000, 0x0000000084900000|  0%| F|  |TAMS 0x0000000084800000, 0x0000000084800000| Untracked 
|  73|0x0000000084900000, 0x0000000084900000, 0x0000000084a00000|  0%| F|  |TAMS 0x0000000084900000, 0x0000000084900000| Untracked 
|  74|0x0000000084a00000, 0x0000000084a00000, 0x0000000084b00000|  0%| F|  |TAMS 0x0000000084a00000, 0x0000000084a00000| Untracked 
|  75|0x0000000084b00000, 0x0000000084b00000, 0x0000000084c00000|  0%| F|  |TAMS 0x0000000084b00000, 0x0000000084b00000| Untracked 
|  76|0x0000000084c00000, 0x0000000084c00000, 0x0000000084d00000|  0%| F|  |TAMS 0x0000000084c00000, 0x0000000084c00000| Untracked 
|  77|0x0000000084d00000, 0x0000000084d00000, 0x0000000084e00000|  0%| F|  |TAMS 0x0000000084d00000, 0x0000000084d00000| Untracked 
|  78|0x0000000084e00000, 0x0000000084e00000, 0x0000000084f00000|  0%| F|  |TAMS 0x0000000084e00000, 0x0000000084e00000| Untracked 
|  79|0x0000000084f00000, 0x0000000084f00000, 0x0000000085000000|  0%| F|  |TAMS 0x0000000084f00000, 0x0000000084f00000| Untracked 
|  80|0x0000000085000000, 0x0000000085000000, 0x0000000085100000|  0%| F|  |TAMS 0x0000000085000000, 0x0000000085000000| Untracked 
|  81|0x0000000085100000, 0x0000000085100000, 0x0000000085200000|  0%| F|  |TAMS 0x0000000085100000, 0x0000000085100000| Untracked 
|  82|0x0000000085200000, 0x0000000085200000, 0x0000000085300000|  0%| F|  |TAMS 0x0000000085200000, 0x0000000085200000| Untracked 
|  83|0x0000000085300000, 0x0000000085300000, 0x0000000085400000|  0%| F|  |TAMS 0x0000000085300000, 0x0000000085300000| Untracked 
|  84|0x0000000085400000, 0x0000000085400000, 0x0000000085500000|  0%| F|  |TAMS 0x0000000085400000, 0x0000000085400000| Untracked 
|  85|0x0000000085500000, 0x0000000085500000, 0x0000000085600000|  0%| F|  |TAMS 0x0000000085500000, 0x0000000085500000| Untracked 
|  86|0x0000000085600000, 0x0000000085600000, 0x0000000085700000|  0%| F|  |TAMS 0x0000000085600000, 0x0000000085600000| Untracked 
|  87|0x0000000085700000, 0x0000000085700000, 0x0000000085800000|  0%| F|  |TAMS 0x0000000085700000, 0x0000000085700000| Untracked 
|  88|0x0000000085800000, 0x0000000085800000, 0x0000000085900000|  0%| F|  |TAMS 0x0000000085800000, 0x0000000085800000| Untracked 
|  89|0x0000000085900000, 0x0000000085900000, 0x0000000085a00000|  0%| F|  |TAMS 0x0000000085900000, 0x0000000085900000| Untracked 
|  90|0x0000000085a00000, 0x0000000085a00000, 0x0000000085b00000|  0%| F|  |TAMS 0x0000000085a00000, 0x0000000085a00000| Untracked 
|  91|0x0000000085b00000, 0x0000000085b00000, 0x0000000085c00000|  0%| F|  |TAMS 0x0000000085b00000, 0x0000000085b00000| Untracked 
|  92|0x0000000085c00000, 0x0000000085c00000, 0x0000000085d00000|  0%| F|  |TAMS 0x0000000085c00000, 0x0000000085c00000| Untracked 
|  93|0x0000000085d00000, 0x0000000085d00000, 0x0000000085e00000|  0%| F|  |TAMS 0x0000000085d00000, 0x0000000085d00000| Untracked 
|  94|0x0000000085e00000, 0x0000000085e00000, 0x0000000085f00000|  0%| F|  |TAMS 0x0000000085e00000, 0x0000000085e00000| Untracked 
|  95|0x0000000085f00000, 0x0000000085f00000, 0x0000000086000000|  0%| F|  |TAMS 0x0000000085f00000, 0x0000000085f00000| Untracked 
|  96|0x0000000086000000, 0x0000000086000000, 0x0000000086100000|  0%| F|  |TAMS 0x0000000086000000, 0x0000000086000000| Untracked 
|  97|0x0000000086100000, 0x0000000086100000, 0x0000000086200000|  0%| F|  |TAMS 0x0000000086100000, 0x0000000086100000| Untracked 
|  98|0x0000000086200000, 0x0000000086200000, 0x0000000086300000|  0%| F|  |TAMS 0x0000000086200000, 0x0000000086200000| Untracked 
|  99|0x0000000086300000, 0x0000000086300000, 0x0000000086400000|  0%| F|  |TAMS 0x0000000086300000, 0x0000000086300000| Untracked 
| 100|0x0000000086400000, 0x0000000086400000, 0x0000000086500000|  0%| F|  |TAMS 0x0000000086400000, 0x0000000086400000| Untracked 
| 101|0x0000000086500000, 0x0000000086500000, 0x0000000086600000|  0%| F|  |TAMS 0x0000000086500000, 0x0000000086500000| Untracked 
| 102|0x0000000086600000, 0x0000000086600000, 0x0000000086700000|  0%| F|  |TAMS 0x0000000086600000, 0x0000000086600000| Untracked 
| 103|0x0000000086700000, 0x0000000086700000, 0x0000000086800000|  0%| F|  |TAMS 0x0000000086700000, 0x0000000086700000| Untracked 
| 104|0x0000000086800000, 0x0000000086800000, 0x0000000086900000|  0%| F|  |TAMS 0x0000000086800000, 0x0000000086800000| Untracked 
| 105|0x0000000086900000, 0x0000000086900000, 0x0000000086a00000|  0%| F|  |TAMS 0x0000000086900000, 0x0000000086900000| Untracked 
| 106|0x0000000086a00000, 0x0000000086a00000, 0x0000000086b00000|  0%| F|  |TAMS 0x0000000086a00000, 0x0000000086a00000| Untracked 
| 107|0x0000000086b00000, 0x0000000086b00000, 0x0000000086c00000|  0%| F|  |TAMS 0x0000000086b00000, 0x0000000086b00000| Untracked 
| 108|0x0000000086c00000, 0x0000000086c00000, 0x0000000086d00000|  0%| F|  |TAMS 0x0000000086c00000, 0x0000000086c00000| Untracked 
| 109|0x0000000086d00000, 0x0000000086d00000, 0x0000000086e00000|  0%| F|  |TAMS 0x0000000086d00000, 0x0000000086d00000| Untracked 
| 110|0x0000000086e00000, 0x0000000086e00000, 0x0000000086f00000|  0%| F|  |TAMS 0x0000000086e00000, 0x0000000086e00000| Untracked 
| 111|0x0000000086f00000, 0x0000000086f00000, 0x0000000087000000|  0%| F|  |TAMS 0x0000000086f00000, 0x0000000086f00000| Untracked 
| 112|0x0000000087000000, 0x0000000087000000, 0x0000000087100000|  0%| F|  |TAMS 0x0000000087000000, 0x0000000087000000| Untracked 
| 113|0x0000000087100000, 0x0000000087100000, 0x0000000087200000|  0%| F|  |TAMS 0x0000000087100000, 0x0000000087100000| Untracked 
| 114|0x0000000087200000, 0x0000000087200000, 0x0000000087300000|  0%| F|  |TAMS 0x0000000087200000, 0x0000000087200000| Untracked 
| 115|0x0000000087300000, 0x0000000087300000, 0x0000000087400000|  0%| F|  |TAMS 0x0000000087300000, 0x0000000087300000| Untracked 
| 116|0x0000000087400000, 0x0000000087400000, 0x0000000087500000|  0%| F|  |TAMS 0x0000000087400000, 0x0000000087400000| Untracked 
| 117|0x0000000087500000, 0x0000000087500000, 0x0000000087600000|  0%| F|  |TAMS 0x0000000087500000, 0x0000000087500000| Untracked 
| 118|0x0000000087600000, 0x0000000087600000, 0x0000000087700000|  0%| F|  |TAMS 0x0000000087600000, 0x0000000087600000| Untracked 
| 119|0x0000000087700000, 0x0000000087700000, 0x0000000087800000|  0%| F|  |TAMS 0x0000000087700000, 0x0000000087700000| Untracked 
| 120|0x0000000087800000, 0x0000000087800000, 0x0000000087900000|  0%| F|  |TAMS 0x0000000087800000, 0x0000000087800000| Untracked 
| 121|0x0000000087900000, 0x0000000087900000, 0x0000000087a00000|  0%| F|  |TAMS 0x0000000087900000, 0x0000000087900000| Untracked 
| 122|0x0000000087a00000, 0x0000000087a00000, 0x0000000087b00000|  0%| F|  |TAMS 0x0000000087a00000, 0x0000000087a00000| Untracked 
| 123|0x0000000087b00000, 0x0000000087b00000, 0x0000000087c00000|  0%| F|  |TAMS 0x0000000087b00000, 0x0000000087b00000| Untracked 
| 124|0x0000000087c00000, 0x0000000087c00000, 0x0000000087d00000|  0%| F|  |TAMS 0x0000000087c00000, 0x0000000087c00000| Untracked 
| 125|0x0000000087d00000, 0x0000000087d00000, 0x0000000087e00000|  0%| F|  |TAMS 0x0000000087d00000, 0x0000000087d00000| Untracked 
| 126|0x0000000087e00000, 0x0000000087e00000, 0x0000000087f00000|  0%| F|  |TAMS 0x0000000087e00000, 0x0000000087e00000| Untracked 
| 127|0x0000000087f00000, 0x0000000087f00000, 0x0000000088000000|  0%| F|  |TAMS 0x0000000087f00000, 0x0000000087f00000| Untracked 
| 128|0x0000000088000000, 0x0000000088000000, 0x0000000088100000|  0%| F|  |TAMS 0x0000000088000000, 0x0000000088000000| Untracked 
| 129|0x0000000088100000, 0x0000000088100000, 0x0000000088200000|  0%| F|  |TAMS 0x0000000088100000, 0x0000000088100000| Untracked 
| 130|0x0000000088200000, 0x0000000088200000, 0x0000000088300000|  0%| F|  |TAMS 0x0000000088200000, 0x0000000088200000| Untracked 
| 131|0x0000000088300000, 0x0000000088300000, 0x0000000088400000|  0%| F|  |TAMS 0x0000000088300000, 0x0000000088300000| Untracked 
| 132|0x0000000088400000, 0x0000000088400000, 0x0000000088500000|  0%| F|  |TAMS 0x0000000088400000, 0x0000000088400000| Untracked 
| 133|0x0000000088500000, 0x0000000088500000, 0x0000000088600000|  0%| F|  |TAMS 0x0000000088500000, 0x0000000088500000| Untracked 
| 134|0x0000000088600000, 0x0000000088600000, 0x0000000088700000|  0%| F|  |TAMS 0x0000000088600000, 0x0000000088600000| Untracked 
| 135|0x0000000088700000, 0x0000000088700000, 0x0000000088800000|  0%| F|  |TAMS 0x0000000088700000, 0x0000000088700000| Untracked 
| 136|0x0000000088800000, 0x0000000088800000, 0x0000000088900000|  0%| F|  |TAMS 0x0000000088800000, 0x0000000088800000| Untracked 
| 137|0x0000000088900000, 0x0000000088900000, 0x0000000088a00000|  0%| F|  |TAMS 0x0000000088900000, 0x0000000088900000| Untracked 
| 138|0x0000000088a00000, 0x0000000088a00000, 0x0000000088b00000|  0%| F|  |TAMS 0x0000000088a00000, 0x0000000088a00000| Untracked 
| 139|0x0000000088b00000, 0x0000000088b00000, 0x0000000088c00000|  0%| F|  |TAMS 0x0000000088b00000, 0x0000000088b00000| Untracked 
| 140|0x0000000088c00000, 0x0000000088c00000, 0x0000000088d00000|  0%| F|  |TAMS 0x0000000088c00000, 0x0000000088c00000| Untracked 
| 141|0x0000000088d00000, 0x0000000088d00000, 0x0000000088e00000|  0%| F|  |TAMS 0x0000000088d00000, 0x0000000088d00000| Untracked 
| 142|0x0000000088e00000, 0x0000000088e00000, 0x0000000088f00000|  0%| F|  |TAMS 0x0000000088e00000, 0x0000000088e00000| Untracked 
| 143|0x0000000088f00000, 0x0000000088f00000, 0x0000000089000000|  0%| F|  |TAMS 0x0000000088f00000, 0x0000000088f00000| Untracked 
| 144|0x0000000089000000, 0x0000000089000000, 0x0000000089100000|  0%| F|  |TAMS 0x0000000089000000, 0x0000000089000000| Untracked 
| 145|0x0000000089100000, 0x0000000089100000, 0x0000000089200000|  0%| F|  |TAMS 0x0000000089100000, 0x0000000089100000| Untracked 
| 146|0x0000000089200000, 0x0000000089200000, 0x0000000089300000|  0%| F|  |TAMS 0x0000000089200000, 0x0000000089200000| Untracked 
| 147|0x0000000089300000, 0x0000000089300000, 0x0000000089400000|  0%| F|  |TAMS 0x0000000089300000, 0x0000000089300000| Untracked 
| 148|0x0000000089400000, 0x0000000089400000, 0x0000000089500000|  0%| F|  |TAMS 0x0000000089400000, 0x0000000089400000| Untracked 
| 149|0x0000000089500000, 0x0000000089500000, 0x0000000089600000|  0%| F|  |TAMS 0x0000000089500000, 0x0000000089500000| Untracked 
| 150|0x0000000089600000, 0x0000000089600000, 0x0000000089700000|  0%| F|  |TAMS 0x0000000089600000, 0x0000000089600000| Untracked 
| 151|0x0000000089700000, 0x0000000089700000, 0x0000000089800000|  0%| F|  |TAMS 0x0000000089700000, 0x0000000089700000| Untracked 
| 152|0x0000000089800000, 0x0000000089800000, 0x0000000089900000|  0%| F|  |TAMS 0x0000000089800000, 0x0000000089800000| Untracked 
| 153|0x0000000089900000, 0x0000000089900000, 0x0000000089a00000|  0%| F|  |TAMS 0x0000000089900000, 0x0000000089900000| Untracked 
| 154|0x0000000089a00000, 0x0000000089a00000, 0x0000000089b00000|  0%| F|  |TAMS 0x0000000089a00000, 0x0000000089a00000| Untracked 
| 155|0x0000000089b00000, 0x0000000089b00000, 0x0000000089c00000|  0%| F|  |TAMS 0x0000000089b00000, 0x0000000089b00000| Untracked 
| 156|0x0000000089c00000, 0x0000000089c00000, 0x0000000089d00000|  0%| F|  |TAMS 0x0000000089c00000, 0x0000000089c00000| Untracked 
| 157|0x0000000089d00000, 0x0000000089d00000, 0x0000000089e00000|  0%| F|  |TAMS 0x0000000089d00000, 0x0000000089d00000| Untracked 
| 158|0x0000000089e00000, 0x0000000089e00000, 0x0000000089f00000|  0%| F|  |TAMS 0x0000000089e00000, 0x0000000089e00000| Untracked 
| 159|0x0000000089f00000, 0x0000000089f00000, 0x000000008a000000|  0%| F|  |TAMS 0x0000000089f00000, 0x0000000089f00000| Untracked 
| 160|0x000000008a000000, 0x000000008a000000, 0x000000008a100000|  0%| F|  |TAMS 0x000000008a000000, 0x000000008a000000| Untracked 
| 161|0x000000008a100000, 0x000000008a1d2d58, 0x000000008a200000| 82%| S|CS|TAMS 0x000000008a100000, 0x000000008a100000| Complete 
| 162|0x000000008a200000, 0x000000008a300000, 0x000000008a300000|100%| S|CS|TAMS 0x000000008a200000, 0x000000008a200000| Complete 
| 163|0x000000008a300000, 0x000000008a300000, 0x000000008a400000|  0%| F|  |TAMS 0x000000008a300000, 0x000000008a300000| Untracked 
| 164|0x000000008a400000, 0x000000008a400000, 0x000000008a500000|  0%| F|  |TAMS 0x000000008a400000, 0x000000008a400000| Untracked 
| 165|0x000000008a500000, 0x000000008a500000, 0x000000008a600000|  0%| F|  |TAMS 0x000000008a500000, 0x000000008a500000| Untracked 
| 166|0x000000008a600000, 0x000000008a600000, 0x000000008a700000|  0%| F|  |TAMS 0x000000008a600000, 0x000000008a600000| Untracked 
| 167|0x000000008a700000, 0x000000008a700000, 0x000000008a800000|  0%| F|  |TAMS 0x000000008a700000, 0x000000008a700000| Untracked 
| 168|0x000000008a800000, 0x000000008a800000, 0x000000008a900000|  0%| F|  |TAMS 0x000000008a800000, 0x000000008a800000| Untracked 
| 169|0x000000008a900000, 0x000000008a900000, 0x000000008aa00000|  0%| F|  |TAMS 0x000000008a900000, 0x000000008a900000| Untracked 
| 170|0x000000008aa00000, 0x000000008aa00000, 0x000000008ab00000|  0%| F|  |TAMS 0x000000008aa00000, 0x000000008aa00000| Untracked 
| 171|0x000000008ab00000, 0x000000008ab00000, 0x000000008ac00000|  0%| F|  |TAMS 0x000000008ab00000, 0x000000008ab00000| Untracked 
| 172|0x000000008ac00000, 0x000000008ac00000, 0x000000008ad00000|  0%| F|  |TAMS 0x000000008ac00000, 0x000000008ac00000| Untracked 
| 173|0x000000008ad00000, 0x000000008ad00000, 0x000000008ae00000|  0%| F|  |TAMS 0x000000008ad00000, 0x000000008ad00000| Untracked 
| 174|0x000000008ae00000, 0x000000008ae00000, 0x000000008af00000|  0%| F|  |TAMS 0x000000008ae00000, 0x000000008ae00000| Untracked 
| 175|0x000000008af00000, 0x000000008af00000, 0x000000008b000000|  0%| F|  |TAMS 0x000000008af00000, 0x000000008af00000| Untracked 
| 176|0x000000008b000000, 0x000000008b000000, 0x000000008b100000|  0%| F|  |TAMS 0x000000008b000000, 0x000000008b000000| Untracked 
| 177|0x000000008b100000, 0x000000008b100000, 0x000000008b200000|  0%| F|  |TAMS 0x000000008b100000, 0x000000008b100000| Untracked 
| 178|0x000000008b200000, 0x000000008b200000, 0x000000008b300000|  0%| F|  |TAMS 0x000000008b200000, 0x000000008b200000| Untracked 
| 179|0x000000008b300000, 0x000000008b300000, 0x000000008b400000|  0%| F|  |TAMS 0x000000008b300000, 0x000000008b300000| Untracked 
| 180|0x000000008b400000, 0x000000008b400000, 0x000000008b500000|  0%| F|  |TAMS 0x000000008b400000, 0x000000008b400000| Untracked 
| 181|0x000000008b500000, 0x000000008b500000, 0x000000008b600000|  0%| F|  |TAMS 0x000000008b500000, 0x000000008b500000| Untracked 
| 182|0x000000008b600000, 0x000000008b600000, 0x000000008b700000|  0%| F|  |TAMS 0x000000008b600000, 0x000000008b600000| Untracked 
| 183|0x000000008b700000, 0x000000008b700000, 0x000000008b800000|  0%| F|  |TAMS 0x000000008b700000, 0x000000008b700000| Untracked 
| 184|0x000000008b800000, 0x000000008b800000, 0x000000008b900000|  0%| F|  |TAMS 0x000000008b800000, 0x000000008b800000| Untracked 
| 185|0x000000008b900000, 0x000000008b900000, 0x000000008ba00000|  0%| F|  |TAMS 0x000000008b900000, 0x000000008b900000| Untracked 
| 186|0x000000008ba00000, 0x000000008ba00000, 0x000000008bb00000|  0%| F|  |TAMS 0x000000008ba00000, 0x000000008ba00000| Untracked 
| 187|0x000000008bb00000, 0x000000008bb00000, 0x000000008bc00000|  0%| F|  |TAMS 0x000000008bb00000, 0x000000008bb00000| Untracked 
| 188|0x000000008bc00000, 0x000000008bc00000, 0x000000008bd00000|  0%| F|  |TAMS 0x000000008bc00000, 0x000000008bc00000| Untracked 
| 189|0x000000008bd00000, 0x000000008bd00000, 0x000000008be00000|  0%| F|  |TAMS 0x000000008bd00000, 0x000000008bd00000| Untracked 
| 190|0x000000008be00000, 0x000000008be00000, 0x000000008bf00000|  0%| F|  |TAMS 0x000000008be00000, 0x000000008be00000| Untracked 
| 191|0x000000008bf00000, 0x000000008bf00000, 0x000000008c000000|  0%| F|  |TAMS 0x000000008bf00000, 0x000000008bf00000| Untracked 
| 192|0x000000008c000000, 0x000000008c000000, 0x000000008c100000|  0%| F|  |TAMS 0x000000008c000000, 0x000000008c000000| Untracked 
| 193|0x000000008c100000, 0x000000008c100000, 0x000000008c200000|  0%| F|  |TAMS 0x000000008c100000, 0x000000008c100000| Untracked 
| 194|0x000000008c200000, 0x000000008c200000, 0x000000008c300000|  0%| F|  |TAMS 0x000000008c200000, 0x000000008c200000| Untracked 
| 195|0x000000008c300000, 0x000000008c380000, 0x000000008c400000| 50%| E|  |TAMS 0x000000008c300000, 0x000000008c300000| Complete 
| 205|0x000000008cd00000, 0x000000008ce00000, 0x000000008ce00000|100%| E|CS|TAMS 0x000000008cd00000, 0x000000008cd00000| Complete 

Card table byte_map: [0x0000021deaf20000,0x0000021deb320000] _byte_map_base: 0x0000021deab20000

Marking Bits (Prev, Next): (CMBitMap*) 0x0000021dd1d1daa0, (CMBitMap*) 0x0000021dd1d1dae0
 Prev Bits: [0x0000021deb720000, 0x0000021ded720000)
 Next Bits: [0x0000021ded720000, 0x0000021def720000)

Polling page: 0x0000021dd1a70000

Metaspace:

Usage:
  Non-class:     60.87 MB used.
      Class:      9.90 MB used.
       Both:     70.77 MB used.

Virtual space:
  Non-class space:       64.00 MB reserved,      61.31 MB ( 96%) committed,  1 nodes.
      Class space:      416.00 MB reserved,      10.31 MB (  2%) committed,  1 nodes.
             Both:      480.00 MB reserved,      71.62 MB ( 15%) committed. 

Chunk freelists:
   Non-Class:  2.12 MB
       Class:  5.60 MB
        Both:  7.72 MB

MaxMetaspaceSize: 512.00 MB
CompressedClassSpaceSize: 416.00 MB
Initial GC threshold: 21.00 MB
Current GC threshold: 110.25 MB
CDS: on
MetaspaceReclaimPolicy: balanced
 - commit_granule_bytes: 65536.
 - commit_granule_words: 8192.
 - virtual_space_node_default_size: 8388608.
 - enlarge_chunks_in_place: 1.
 - new_chunks_are_fully_committed: 0.
 - uncommit_free_chunks: 1.
 - use_allocation_guard: 0.
 - handle_deallocations: 1.


Internal statistics:

num_allocs_failed_limit: 12.
num_arena_births: 1126.
num_arena_deaths: 0.
num_vsnodes_births: 2.
num_vsnodes_deaths: 0.
num_space_committed: 1146.
num_space_uncommitted: 0.
num_chunks_returned_to_freelist: 12.
num_chunks_taken_from_freelist: 4309.
num_chunk_merges: 12.
num_chunk_splits: 2759.
num_chunks_enlarged: 1745.
num_inconsistent_stats: 0.

CodeHeap 'non-profiled nmethods': size=120000Kb used=5654Kb max_used=5654Kb free=114345Kb
 bounds [0x0000021de2c70000, 0x0000021de3200000, 0x0000021dea1a0000]
CodeHeap 'profiled nmethods': size=120000Kb used=17565Kb max_used=17565Kb free=102434Kb
 bounds [0x0000021ddb1a0000, 0x0000021ddc2d0000, 0x0000021de26d0000]
CodeHeap 'non-nmethods': size=5760Kb used=2377Kb max_used=2429Kb free=3382Kb
 bounds [0x0000021de26d0000, 0x0000021de2940000, 0x0000021de2c70000]
 total_blobs=9868 nmethods=8960 adapters=820
 compilation: enabled
              stopped_count=0, restarted_count=0
 full_count=0

Compilation events (20 events):
Event: 986.046 Thread 0x0000021df21f9710 nmethod 9807 0x0000021ddc2bb190 code [0x0000021ddc2bb340, 0x0000021ddc2bb528]
Event: 986.110 Thread 0x0000021df21f9710 9808   !   3       org.gradle.api.internal.provider.DefaultProvider::calculateOwnValue (60 bytes)
Event: 986.111 Thread 0x0000021df21f9710 nmethod 9808 0x0000021ddc2bb610 code [0x0000021ddc2bb8a0, 0x0000021ddc2bc4c8]
Event: 986.136 Thread 0x0000021df21f9710 9809       3       org.gradle.internal.instantiation.generator.AsmBackedClassGenerator$ClassBuilderImpl::mixInGroovyObject (63 bytes)
Event: 986.137 Thread 0x0000021df21f9710 nmethod 9809 0x0000021ddc2bcb10 code [0x0000021ddc2bcda0, 0x0000021ddc2bda28]
Event: 986.218 Thread 0x0000021df21f9710 9810       3       org.gradle.api.internal.project.DefaultProject::getGradle (5 bytes)
Event: 986.219 Thread 0x0000021df21f9710 nmethod 9810 0x0000021ddc2bde10 code [0x0000021ddc2bdfc0, 0x0000021ddc2be288]
Event: 986.414 Thread 0x0000021df21f9710 9811       3       kotlin.jvm.JvmClassMappingKt::getJavaClass (22 bytes)
Event: 986.426 Thread 0x0000021df21f9710 nmethod 9811 0x0000021ddc2be410 code [0x0000021ddc2be6a0, 0x0000021ddc2bf258]
Event: 986.498 Thread 0x0000021df21f9710 9812       1       org.jetbrains.kotlin.gradle.plugin.KotlinPluginLifecycleImpl::getStage (5 bytes)
Event: 986.499 Thread 0x0000021df21f9710 nmethod 9812 0x0000021de31f5710 code [0x0000021de31f58a0, 0x0000021de31f5978]
Event: 986.499 Thread 0x0000021df21f9710 9813       3       jdk.internal.misc.Unsafe::getAndSetInt (24 bytes)
Event: 986.499 Thread 0x0000021df21f9710 nmethod 9813 0x0000021ddc2bf690 code [0x0000021ddc2bf840, 0x0000021ddc2bfa88]
Event: 986.551 Thread 0x0000021df21f9710 9814       3       java.lang.invoke.VarHandleInts$FieldInstanceReadWrite::getAndSet (28 bytes)
Event: 986.553 Thread 0x0000021df21f9710 nmethod 9814 0x0000021ddc2bfb90 code [0x0000021ddc2bfd80, 0x0000021ddc2c0308]
Event: 986.592 Thread 0x0000021df21f9710 9815       3       java.util.concurrent.atomic.AtomicBoolean::getAndSet (25 bytes)
Event: 986.596 Thread 0x0000021df21f9710 nmethod 9815 0x0000021ddc2c0510 code [0x0000021ddc2c0740, 0x0000021ddc2c0f18]
Event: 986.700 Thread 0x0000021df21f9710 9816       3       java.util.regex.Pattern::bitsOrSingle (106 bytes)
Event: 986.701 Thread 0x0000021df21f9710 nmethod 9816 0x0000021ddc2c1190 code [0x0000021ddc2c1380, 0x0000021ddc2c1978]
Event: 986.909 Thread 0x0000021df21f2d20 9817       4       java.lang.AbstractStringBuilder::append (54 bytes)

GC Heap History (20 events):
Event: 907.023 GC heap before
{Heap before GC invocations=28 (full 0):
 garbage-first heap   total 109568K, used 91352K [0x0000000080000000, 0x0000000100000000)
  region size 1024K, 34 young (34816K), 1 survivors (1024K)
 Metaspace       used 66865K, committed 67712K, reserved 491520K
  class space    used 9396K, committed 9792K, reserved 425984K
}
Event: 908.056 GC heap after
{Heap after GC invocations=29 (full 0):
 garbage-first heap   total 210944K, used 58654K [0x0000000080000000, 0x0000000100000000)
  region size 1024K, 2 young (2048K), 2 survivors (2048K)
 Metaspace       used 66865K, committed 67712K, reserved 491520K
  class space    used 9396K, committed 9792K, reserved 425984K
}
Event: 911.292 GC heap before
{Heap before GC invocations=30 (full 0):
 garbage-first heap   total 201728K, used 65822K [0x0000000080000000, 0x0000000100000000)
  region size 1024K, 9 young (9216K), 2 survivors (2048K)
 Metaspace       used 66973K, committed 67840K, reserved 491520K
  class space    used 9397K, committed 9792K, reserved 425984K
}
Event: 911.301 GC heap after
{Heap after GC invocations=31 (full 0):
 garbage-first heap   total 201728K, used 59305K [0x0000000080000000, 0x0000000100000000)
  region size 1024K, 1 young (1024K), 1 survivors (1024K)
 Metaspace       used 66973K, committed 67840K, reserved 491520K
  class space    used 9397K, committed 9792K, reserved 425984K
}
Event: 925.625 GC heap before
{Heap before GC invocations=31 (full 0):
 garbage-first heap   total 201728K, used 67497K [0x0000000080000000, 0x0000000100000000)
  region size 1024K, 9 young (9216K), 1 survivors (1024K)
 Metaspace       used 67123K, committed 67904K, reserved 491520K
  class space    used 9414K, committed 9792K, reserved 425984K
}
Event: 925.835 GC heap after
{Heap after GC invocations=32 (full 0):
 garbage-first heap   total 201728K, used 60118K [0x0000000080000000, 0x0000000100000000)
  region size 1024K, 2 young (2048K), 2 survivors (2048K)
 Metaspace       used 67123K, committed 67904K, reserved 491520K
  class space    used 9414K, committed 9792K, reserved 425984K
}
Event: 929.202 GC heap before
{Heap before GC invocations=32 (full 0):
 garbage-first heap   total 201728K, used 67286K [0x0000000080000000, 0x0000000100000000)
  region size 1024K, 9 young (9216K), 2 survivors (2048K)
 Metaspace       used 67128K, committed 67904K, reserved 491520K
  class space    used 9414K, committed 9792K, reserved 425984K
}
Event: 929.408 GC heap after
{Heap after GC invocations=33 (full 0):
 garbage-first heap   total 201728K, used 62006K [0x0000000080000000, 0x0000000100000000)
  region size 1024K, 2 young (2048K), 2 survivors (2048K)
 Metaspace       used 67128K, committed 67904K, reserved 491520K
  class space    used 9414K, committed 9792K, reserved 425984K
}
Event: 931.910 GC heap before
{Heap before GC invocations=33 (full 0):
 garbage-first heap   total 201728K, used 69174K [0x0000000080000000, 0x0000000100000000)
  region size 1024K, 9 young (9216K), 2 survivors (2048K)
 Metaspace       used 67181K, committed 68032K, reserved 491520K
  class space    used 9422K, committed 9856K, reserved 425984K
}
Event: 931.924 GC heap after
{Heap after GC invocations=34 (full 0):
 garbage-first heap   total 201728K, used 62639K [0x0000000080000000, 0x0000000100000000)
  region size 1024K, 2 young (2048K), 2 survivors (2048K)
 Metaspace       used 67181K, committed 68032K, reserved 491520K
  class space    used 9422K, committed 9856K, reserved 425984K
}
Event: 939.084 GC heap before
{Heap before GC invocations=34 (full 0):
 garbage-first heap   total 201728K, used 68783K [0x0000000080000000, 0x0000000100000000)
  region size 1024K, 9 young (9216K), 2 survivors (2048K)
 Metaspace       used 67449K, committed 68288K, reserved 491520K
  class space    used 9448K, committed 9856K, reserved 425984K
}
Event: 939.124 GC heap after
{Heap after GC invocations=35 (full 0):
 garbage-first heap   total 201728K, used 63542K [0x0000000080000000, 0x0000000100000000)
  region size 1024K, 1 young (1024K), 1 survivors (1024K)
 Metaspace       used 67449K, committed 68288K, reserved 491520K
  class space    used 9448K, committed 9856K, reserved 425984K
}
Event: 957.425 GC heap before
{Heap before GC invocations=35 (full 0):
 garbage-first heap   total 201728K, used 71734K [0x0000000080000000, 0x0000000100000000)
  region size 1024K, 9 young (9216K), 1 survivors (1024K)
 Metaspace       used 67591K, committed 68480K, reserved 491520K
  class space    used 9456K, committed 9856K, reserved 425984K
}
Event: 957.436 GC heap after
{Heap after GC invocations=36 (full 0):
 garbage-first heap   total 201728K, used 64291K [0x0000000080000000, 0x0000000100000000)
  region size 1024K, 2 young (2048K), 2 survivors (2048K)
 Metaspace       used 67591K, committed 68480K, reserved 491520K
  class space    used 9456K, committed 9856K, reserved 425984K
}
Event: 958.746 GC heap before
{Heap before GC invocations=36 (full 0):
 garbage-first heap   total 201728K, used 70435K [0x0000000080000000, 0x0000000100000000)
  region size 1024K, 9 young (9216K), 2 survivors (2048K)
 Metaspace       used 68162K, committed 69120K, reserved 491520K
  class space    used 9541K, committed 9984K, reserved 425984K
}
Event: 958.755 GC heap after
{Heap after GC invocations=37 (full 0):
 garbage-first heap   total 201728K, used 64399K [0x0000000080000000, 0x0000000100000000)
  region size 1024K, 1 young (1024K), 1 survivors (1024K)
 Metaspace       used 68162K, committed 69120K, reserved 491520K
  class space    used 9541K, committed 9984K, reserved 425984K
}
Event: 961.041 GC heap before
{Heap before GC invocations=37 (full 0):
 garbage-first heap   total 201728K, used 82831K [0x0000000080000000, 0x0000000100000000)
  region size 1024K, 19 young (19456K), 1 survivors (1024K)
 Metaspace       used 69719K, committed 70656K, reserved 491520K
  class space    used 9748K, committed 10176K, reserved 425984K
}
Event: 961.043 GC heap after
{Heap after GC invocations=38 (full 0):
 garbage-first heap   total 201728K, used 64801K [0x0000000080000000, 0x0000000100000000)
  region size 1024K, 1 young (1024K), 1 survivors (1024K)
 Metaspace       used 69719K, committed 70656K, reserved 491520K
  class space    used 9748K, committed 10176K, reserved 425984K
}
Event: 986.850 GC heap before
{Heap before GC invocations=38 (full 0):
 garbage-first heap   total 201728K, used 98593K [0x0000000080000000, 0x0000000100000000)
  region size 1024K, 34 young (34816K), 1 survivors (1024K)
 Metaspace       used 72393K, committed 73280K, reserved 491520K
  class space    used 10129K, committed 10560K, reserved 425984K
}
Event: 986.868 GC heap after
{Heap after GC invocations=39 (full 0):
 garbage-first heap   total 201728K, used 65797K [0x0000000080000000, 0x0000000100000000)
  region size 1024K, 2 young (2048K), 2 survivors (2048K)
 Metaspace       used 72393K, committed 73280K, reserved 491520K
  class space    used 10129K, committed 10560K, reserved 425984K
}

Dll operation events (15 events):
Event: 0.717 Loaded shared library C:\Program Files\Eclipse Adoptium\jdk-17.0.19.10-hotspot\bin\java.dll
Event: 2.005 Loaded shared library C:\Program Files\Eclipse Adoptium\jdk-17.0.19.10-hotspot\bin\jsvml.dll
Event: 2.846 Loaded shared library C:\Program Files\Eclipse Adoptium\jdk-17.0.19.10-hotspot\bin\zip.dll
Event: 2.849 Loaded shared library C:\Program Files\Eclipse Adoptium\jdk-17.0.19.10-hotspot\bin\instrument.dll
Event: 2.854 Loaded shared library C:\Program Files\Eclipse Adoptium\jdk-17.0.19.10-hotspot\bin\net.dll
Event: 2.857 Loaded shared library C:\Program Files\Eclipse Adoptium\jdk-17.0.19.10-hotspot\bin\nio.dll
Event: 2.873 Loaded shared library C:\Program Files\Eclipse Adoptium\jdk-17.0.19.10-hotspot\bin\zip.dll
Event: 5.232 Loaded shared library C:\Program Files\Eclipse Adoptium\jdk-17.0.19.10-hotspot\bin\jimage.dll
Event: 7.729 Loaded shared library C:\Program Files\Eclipse Adoptium\jdk-17.0.19.10-hotspot\bin\verify.dll
Event: 8.368 Loaded shared library C:\Users\USER\.gradle\native\1def1411415f61bf3af743bc5b6707747c0891f09f0c88961ee8f79bc544acac\windows-amd64\native-platform.dll
Event: 8.484 Loaded shared library C:\Users\USER\.gradle\native\0.2.7\x86_64-windows-gnu\gradle-fileevents.dll
Event: 16.653 Loaded shared library C:\Program Files\Eclipse Adoptium\jdk-17.0.19.10-hotspot\bin\management.dll
Event: 16.704 Loaded shared library C:\Program Files\Eclipse Adoptium\jdk-17.0.19.10-hotspot\bin\management_ext.dll
Event: 19.411 Loaded shared library C:\Program Files\Eclipse Adoptium\jdk-17.0.19.10-hotspot\bin\extnet.dll
Event: 26.053 Loaded shared library C:\Program Files\Eclipse Adoptium\jdk-17.0.19.10-hotspot\bin\sunmscapi.dll

Deoptimization events (20 events):
Event: 943.051 Thread 0x0000021df7aafbc0 DEOPT PACKING pc=0x0000021de319a6ac sp=0x000000c037cf65f0
Event: 943.051 Thread 0x0000021df7aafbc0 DEOPT UNPACKING pc=0x0000021de27269a3 sp=0x000000c037cf6570 mode 2
Event: 944.047 Thread 0x0000021df7aafbc0 DEOPT PACKING pc=0x0000021ddb90cf35 sp=0x000000c037cf6ac0
Event: 944.047 Thread 0x0000021df7aafbc0 DEOPT UNPACKING pc=0x0000021de2727143 sp=0x000000c037cf5fa0 mode 0
Event: 949.712 Thread 0x0000021df7aafbc0 Uncommon trap: trap_request=0xfffffff4 fr.pc=0x0000021de31b1a78 relative=0x00000000000000d8
Event: 949.712 Thread 0x0000021df7aafbc0 Uncommon trap: reason=null_check action=make_not_entrant pc=0x0000021de31b1a78 method=org.gradle.tooling.internal.provider.runner.ClientBuildEventGenerator$Disabled.accept(Lorg/gradle/internal/operations/BuildOperationDescriptor;)Lorg/gradle/tooling/inter
Event: 949.712 Thread 0x0000021df7aafbc0 DEOPT PACKING pc=0x0000021de31b1a78 sp=0x000000c037cf5a60
Event: 949.712 Thread 0x0000021df7aafbc0 DEOPT UNPACKING pc=0x0000021de27269a3 sp=0x000000c037cf59e8 mode 2
Event: 950.249 Thread 0x0000021df98a20f0 Uncommon trap: trap_request=0xffffff45 fr.pc=0x0000021de2da5e0c relative=0x00000000000013ac
Event: 950.261 Thread 0x0000021df98a20f0 Uncommon trap: reason=unstable_if action=reinterpret pc=0x0000021de2da5e0c method=java.util.concurrent.locks.ReentrantLock$NonfairSync.tryAcquire(I)Z @ 13 c2
Event: 950.261 Thread 0x0000021df98a20f0 DEOPT PACKING pc=0x0000021de2da5e0c sp=0x000000c0394fd310
Event: 950.273 Thread 0x0000021df98a20f0 DEOPT UNPACKING pc=0x0000021de27269a3 sp=0x000000c0394fd248 mode 2
Event: 956.539 Thread 0x0000021df7aafbc0 DEOPT PACKING pc=0x0000021ddbde22ad sp=0x000000c037cf7d00
Event: 956.539 Thread 0x0000021df7aafbc0 DEOPT UNPACKING pc=0x0000021de2727143 sp=0x000000c037cf7250 mode 0
Event: 959.205 Thread 0x0000021df7aafbc0 DEOPT PACKING pc=0x0000021ddb573ef2 sp=0x000000c037cf5320
Event: 959.206 Thread 0x0000021df7aafbc0 DEOPT UNPACKING pc=0x0000021de2727143 sp=0x000000c037cf4798 mode 0
Event: 959.207 Thread 0x0000021df7aafbc0 Uncommon trap: trap_request=0xffffffc6 fr.pc=0x0000021de2d07e5c relative=0x0000000000000a5c
Event: 959.207 Thread 0x0000021df7aafbc0 Uncommon trap: reason=bimorphic_or_optimized_type_check action=maybe_recompile pc=0x0000021de2d07e5c method=java.io.DataInputStream.readUnsignedShort()I @ 6 c2
Event: 959.207 Thread 0x0000021df7aafbc0 DEOPT PACKING pc=0x0000021de2d07e5c sp=0x000000c037cf4ac0
Event: 959.207 Thread 0x0000021df7aafbc0 DEOPT UNPACKING pc=0x0000021de27269a3 sp=0x000000c037cf4a88 mode 2

Classes loaded (20 events):
Event: 851.527 Loading class com/sun/org/apache/xerces/internal/utils/XMLSecurityPropertyManager$State
Event: 851.528 Loading class com/sun/org/apache/xerces/internal/utils/XMLSecurityPropertyManager$State done
Event: 851.528 Loading class com/sun/org/apache/xerces/internal/utils/XMLSecurityPropertyManager$Property
Event: 851.528 Loading class com/sun/org/apache/xerces/internal/utils/XMLSecurityPropertyManager$Property done
Event: 851.550 Loading class javax/xml/parsers/DocumentBuilderFactory
Event: 851.562 Loading class javax/xml/parsers/DocumentBuilderFactory done
Event: 851.562 Loading class javax/xml/parsers/FactoryFinder
Event: 851.625 Loading class javax/xml/parsers/FactoryFinder done
Event: 851.643 Loading class javax/xml/parsers/FactoryFinder$1
Event: 851.643 Loading class javax/xml/parsers/FactoryFinder$1 done
Event: 851.657 Loading class com/sun/org/apache/xerces/internal/jaxp/DocumentBuilderFactoryImpl
Event: 851.662 Loading class com/sun/org/apache/xerces/internal/jaxp/DocumentBuilderFactoryImpl done
Event: 852.521 Loading class java/util/regex/Pattern$SliceI
Event: 852.522 Loading class java/util/regex/Pattern$SliceI done
Event: 861.905 Loading class java/lang/Character$UnicodeBlock
Event: 861.930 Loading class java/lang/Character$Subset
Event: 861.930 Loading class java/lang/Character$Subset done
Event: 861.930 Loading class java/lang/Character$UnicodeBlock done
Event: 938.269 Loading class java/lang/AbstractMethodError
Event: 938.272 Loading class java/lang/AbstractMethodError done

Classes unloaded (0 events):
No events

Classes redefined (0 events):
No events

Internal exceptions (20 events):
Event: 958.094 Thread 0x0000021df7aafbc0 Exception <a 'java/lang/NoClassDefFoundError'{0x000000008c230668}: com/android/Version> (0x000000008c230668) 
thrown [s\src\hotspot\share\classfile\systemDictionary.cpp, line 245]
Event: 958.652 Thread 0x0000021df7aafbc0 Exception <a 'java/lang/NoSuchMethodError'{0x000000008be01ee8}: static Lorg/jetbrains/kotlin/gradle/plugin/internal/DefaultProjectIsolationStartParameterAccessor$Factory;.<clinit>()V> (0x000000008be01ee8) 
thrown [s\src\hotspot\share\prims\jni.cpp, line 1112]
Event: 958.663 Thread 0x0000021df7aafbc0 Exception <a 'java/lang/NoSuchMethodError'{0x000000008be1e298}: static Lorg/jetbrains/kotlin/gradle/plugin/internal/DefaultJavaExecTaskParametersCompatibility$Factory;.<clinit>()V> (0x000000008be1e298) 
thrown [s\src\hotspot\share\prims\jni.cpp, line 1112]
Event: 958.675 Thread 0x0000021df7aafbc0 Exception <a 'java/lang/NoSuchMethodError'{0x000000008be44dd8}: static Lorg/jetbrains/kotlin/gradle/plugin/internal/DefaultMavenPublicationComponentAccessorFactory;.<clinit>()V> (0x000000008be44dd8) 
thrown [s\src\hotspot\share\prims\jni.cpp, line 1112]
Event: 958.689 Thread 0x0000021df7aafbc0 Exception <a 'java/lang/NoSuchMethodError'{0x000000008be67ba0}: static Lorg/jetbrains/kotlin/gradle/plugin/internal/DefaultCompatibilityConventionRegistrar$Factory;.<clinit>()V> (0x000000008be67ba0) 
thrown [s\src\hotspot\share\prims\jni.cpp, line 1112]
Event: 958.698 Thread 0x0000021df7aafbc0 Exception <a 'java/lang/NoSuchMethodError'{0x000000008be84410}: static Lorg/jetbrains/kotlin/gradle/plugin/internal/DefaultConfigurationCacheStartParameterAccessorVariantFactory;.<clinit>()V> (0x000000008be84410) 
thrown [s\src\hotspot\share\prims\jni.cpp, line 1112]
Event: 959.147 Thread 0x0000021df7aafbc0 Exception <a 'java/lang/NoSuchMethodError'{0x000000008c01b870}: static Ljava/lang/Object;.<clinit>()V> (0x000000008c01b870) 
thrown [s\src\hotspot\share\prims\jni.cpp, line 1112]
Event: 959.171 Thread 0x0000021df7aafbc0 Exception <a 'java/lang/NoSuchMethodError'{0x000000008c066e40}: static Lorg/jetbrains/kotlin/gradle/plugin/statistics/MetricContainer;.<clinit>()V> (0x000000008c066e40) 
thrown [s\src\hotspot\share\prims\jni.cpp, line 1112]
Event: 984.414 Thread 0x0000021df7aafbc0 Exception <a 'java/lang/ClassNotFoundException'{0x000000008a985720}: org/jetbrains/kotlin/gradle/targets/js/npm/DefaultNpmDependencyExtensionBeanInfo> (0x000000008a985720) 
thrown [s\src\hotspot\share\classfile\systemDictionary.cpp, line 256]
Event: 984.416 Thread 0x0000021df7aafbc0 Exception <a 'java/lang/ClassNotFoundException'{0x000000008a98e6c8}: org/jetbrains/kotlin/gradle/targets/js/npm/DefaultNpmDependencyExtensionCustomizer> (0x000000008a98e6c8) 
thrown [s\src\hotspot\share\classfile\systemDictionary.cpp, line 256]
Event: 984.637 Thread 0x0000021df7aafbc0 Exception <a 'java/lang/ClassNotFoundException'{0x000000008a80e388}: org/jetbrains/kotlin/gradle/targets/js/npm/NpmDependencyExtensionKt$defaultNpmDependencyDelegate$1BeanInfo> (0x000000008a80e388) 
thrown [s\src\hotspot\share\classfile\systemDictionary.cpp, line 256]
Event: 984.637 Thread 0x0000021df7aafbc0 Exception <a 'java/lang/ClassNotFoundException'{0x000000008a817378}: org/jetbrains/kotlin/gradle/targets/js/npm/NpmDependencyExtensionDelegateBeanInfo> (0x000000008a817378) 
thrown [s\src\hotspot\share\classfile\systemDictionary.cpp, line 256]
Event: 984.637 Thread 0x0000021df7aafbc0 Exception <a 'java/lang/ClassNotFoundException'{0x000000008a820330}: org/jetbrains/kotlin/gradle/targets/js/npm/NpmDependencyExtensionDelegateCustomizer> (0x000000008a820330) 
thrown [s\src\hotspot\share\classfile\systemDictionary.cpp, line 256]
Event: 984.653 Thread 0x0000021df7aafbc0 Exception <a 'java/lang/ClassNotFoundException'{0x000000008a850d58}: org/jetbrains/kotlin/gradle/targets/js/npm/NpmDependencyExtensionKt$defaultNpmDependencyDelegate$1Customizer> (0x000000008a850d58) 
thrown [s\src\hotspot\share\classfile\systemDictionary.cpp, line 256]
Event: 984.702 Thread 0x0000021df7aafbc0 Exception <a 'java/lang/ClassNotFoundException'{0x000000008a889858}: org/jetbrains/kotlin/gradle/targets/js/npm/DefaultDevNpmDependencyExtensionBeanInfo> (0x000000008a889858) 
thrown [s\src\hotspot\share\classfile\systemDictionary.cpp, line 256]
Event: 984.727 Thread 0x0000021df7aafbc0 Exception <a 'java/lang/ClassNotFoundException'{0x000000008a892810}: org/jetbrains/kotlin/gradle/targets/js/npm/DefaultDevNpmDependencyExtensionCustomizer> (0x000000008a892810) 
thrown [s\src\hotspot\share\classfile\systemDictionary.cpp, line 256]
Event: 984.826 Thread 0x0000021df7aafbc0 Exception <a 'java/lang/ClassNotFoundException'{0x000000008a8d5c38}: org/jetbrains/kotlin/gradle/targets/js/npm/DefaultPeerNpmDependencyExtensionBeanInfo> (0x000000008a8d5c38) 
thrown [s\src\hotspot\share\classfile\systemDictionary.cpp, line 256]
Event: 984.826 Thread 0x0000021df7aafbc0 Exception <a 'java/lang/ClassNotFoundException'{0x000000008a8debf8}: org/jetbrains/kotlin/gradle/targets/js/npm/DefaultPeerNpmDependencyExtensionCustomizer> (0x000000008a8debf8) 
thrown [s\src\hotspot\share\classfile\systemDictionary.cpp, line 256]
Event: 984.938 Thread 0x0000021df7aafbc0 Exception <a 'java/lang/ClassNotFoundException'{0x000000008a72b558}: org/jetbrains/kotlin/gradle/targets/js/npm/DefaultPeerNpmDependencyExtension$delegate$1BeanInfo> (0x000000008a72b558) 
thrown [s\src\hotspot\share\classfile\systemDictionary.cpp, line 256]
Event: 984.938 Thread 0x0000021df7aafbc0 Exception <a 'java/lang/ClassNotFoundException'{0x000000008a734610}: org/jetbrains/kotlin/gradle/targets/js/npm/DefaultPeerNpmDependencyExtension$delegate$1Customizer> (0x000000008a734610) 
thrown [s\src\hotspot\share\classfile\systemDictionary.cpp, line 256]

VM Operations (20 events):
Event: 969.415 Executing VM operation: Cleanup
Event: 969.415 Executing VM operation: Cleanup done
Event: 971.429 Executing VM operation: Cleanup
Event: 971.444 Executing VM operation: Cleanup done
Event: 974.454 Executing VM operation: Cleanup
Event: 974.454 Executing VM operation: Cleanup done
Event: 975.456 Executing VM operation: Cleanup
Event: 975.456 Executing VM operation: Cleanup done
Event: 982.477 Executing VM operation: Cleanup
Event: 982.477 Executing VM operation: Cleanup done
Event: 983.491 Executing VM operation: Cleanup
Event: 983.507 Executing VM operation: Cleanup done
Event: 984.510 Executing VM operation: Cleanup
Event: 984.540 Executing VM operation: Cleanup done
Event: 985.542 Executing VM operation: Cleanup
Event: 985.557 Executing VM operation: Cleanup done
Event: 986.560 Executing VM operation: Cleanup
Event: 986.590 Executing VM operation: Cleanup done
Event: 986.849 Executing VM operation: G1CollectForAllocation
Event: 986.868 Executing VM operation: G1CollectForAllocation done

Memory protections (0 events):
No events

Nmethod flushes (20 events):
Event: 107.228 Thread 0x0000021df237a820 flushing  nmethod 0x0000021ddb958d10
Event: 107.228 Thread 0x0000021df237a820 flushing  nmethod 0x0000021ddb95fa10
Event: 107.228 Thread 0x0000021df237a820 flushing  nmethod 0x0000021ddb978490
Event: 107.228 Thread 0x0000021df237a820 flushing  nmethod 0x0000021ddb986510
Event: 107.228 Thread 0x0000021df237a820 flushing  nmethod 0x0000021ddb991690
Event: 107.228 Thread 0x0000021df237a820 flushing  nmethod 0x0000021ddb992210
Event: 107.228 Thread 0x0000021df237a820 flushing  nmethod 0x0000021ddb992a10
Event: 107.228 Thread 0x0000021df237a820 flushing  nmethod 0x0000021ddb993490
Event: 107.228 Thread 0x0000021df237a820 flushing  nmethod 0x0000021ddb994990
Event: 107.228 Thread 0x0000021df237a820 flushing  nmethod 0x0000021ddb996210
Event: 107.228 Thread 0x0000021df237a820 flushing  nmethod 0x0000021ddb99d290
Event: 107.228 Thread 0x0000021df237a820 flushing  nmethod 0x0000021ddb99e310
Event: 107.228 Thread 0x0000021df237a820 flushing  nmethod 0x0000021ddb9b3990
Event: 107.229 Thread 0x0000021df237a820 flushing  nmethod 0x0000021ddb9d0a10
Event: 107.229 Thread 0x0000021df237a820 flushing  nmethod 0x0000021ddb9e0810
Event: 107.229 Thread 0x0000021df237a820 flushing  nmethod 0x0000021ddba4b390
Event: 658.813 Thread 0x0000021df237a820 flushing  nmethod 0x0000021ddb235b10
Event: 658.831 Thread 0x0000021df237a820 flushing  nmethod 0x0000021ddb324d90
Event: 658.911 Thread 0x0000021df237a820 flushing  nmethod 0x0000021ddb51ba90
Event: 658.966 Thread 0x0000021df237a820 flushing  nmethod 0x0000021ddb608590

Events (20 events):
Event: 658.022 Thread 0x0000021df7aafbc0 Thread added: 0x0000021df989f360
Event: 658.023 Thread 0x0000021df7aafbc0 Thread added: 0x0000021df989e430
Event: 658.025 Thread 0x0000021df7aafbc0 Thread added: 0x0000021df98a0cb0
Event: 658.031 Thread 0x0000021df7aafbc0 Thread added: 0x0000021df989fd80
Event: 658.038 Thread 0x0000021df7aafbc0 Thread added: 0x0000021df98a0290
Event: 658.042 Thread 0x0000021df7aafbc0 Thread added: 0x0000021df989f870
Event: 658.047 Thread 0x0000021df7aafbc0 Thread added: 0x0000021df98a07a0
Event: 682.419 Thread 0x0000021df7fb2050 Thread exited: 0x0000021df7fb2050
Event: 803.388 Thread 0x0000021df7fb1b40 Thread exited: 0x0000021df7fb1b40
Event: 837.514 Thread 0x0000021df7aafbc0 Thread added: 0x0000021df98a11c0
Event: 852.947 Thread 0x0000021df7aafbc0 Thread added: 0x0000021df989ee50
Event: 892.838 Thread 0x0000021df7aad850 Thread added: 0x0000021df989df20
Event: 949.458 Thread 0x0000021df7aafbc0 Thread added: 0x0000021df98a20f0
Event: 949.459 Thread 0x0000021df7aafbc0 Thread added: 0x0000021df989e940
Event: 949.460 Thread 0x0000021df7aafbc0 Thread added: 0x0000021df98a2600
Event: 949.476 Thread 0x0000021df7aafbc0 Thread added: 0x0000021df98a4970
Event: 949.490 Thread 0x0000021df7aafbc0 Thread added: 0x0000021df98a2b10
Event: 949.491 Thread 0x0000021df7aafbc0 Thread added: 0x0000021df98a3020
Event: 949.522 Thread 0x0000021df7aafbc0 Thread added: 0x0000021df98a3530
Event: 959.310 Thread 0x0000021df7aafbc0 Thread added: 0x0000021df98a5390


Dynamic libraries:
0x00007ff6ce910000 - 0x00007ff6ce91e000 	C:\Program Files\Eclipse Adoptium\jdk-17.0.19.10-hotspot\bin\java.exe
0x00007ffa60140000 - 0x00007ffa603a6000 	C:\WINDOWS\SYSTEM32\ntdll.dll
0x00007ffa5f100000 - 0x00007ffa5f1c9000 	C:\WINDOWS\System32\KERNEL32.DLL
0x00007ffa5d5b0000 - 0x00007ffa5d9aa000 	C:\WINDOWS\System32\KERNELBASE.dll
0x00007ffa5d460000 - 0x00007ffa5d5ac000 	C:\WINDOWS\System32\ucrtbase.dll
0x00007ffa38040000 - 0x00007ffa38058000 	C:\Program Files\Eclipse Adoptium\jdk-17.0.19.10-hotspot\bin\jli.dll
0x00007ffa5fea0000 - 0x00007ffa60067000 	C:\WINDOWS\System32\USER32.dll
0x00007ffa5de80000 - 0x00007ffa5dea7000 	C:\WINDOWS\System32\win32u.dll
0x00007ffa5f280000 - 0x00007ffa5f2ab000 	C:\WINDOWS\System32\GDI32.dll
0x00007ffa5dc90000 - 0x00007ffa5ddbb000 	C:\WINDOWS\System32\gdi32full.dll
0x00007ffa5dbe0000 - 0x00007ffa5dc83000 	C:\WINDOWS\System32\msvcp_win.dll
0x00007ffa3f680000 - 0x00007ffa3f912000 	C:\WINDOWS\WinSxS\amd64_microsoft.windows.common-controls_6595b64144ccf1df_6.0.26100.8521_none_3e08b75ce33403b3\COMCTL32.dll
0x00007ffa5deb0000 - 0x00007ffa5df59000 	C:\WINDOWS\System32\msvcrt.dll
0x00007ffa38020000 - 0x00007ffa3803e000 	C:\Program Files\Eclipse Adoptium\jdk-17.0.19.10-hotspot\bin\VCRUNTIME140.dll
0x00007ffa5fc60000 - 0x00007ffa5fc92000 	C:\WINDOWS\System32\IMM32.DLL
0x00007ffa38010000 - 0x00007ffa3801c000 	C:\Program Files\Eclipse Adoptium\jdk-17.0.19.10-hotspot\bin\vcruntime140_1.dll
0x00007ffa1f700000 - 0x00007ffa1f78d000 	C:\Program Files\Eclipse Adoptium\jdk-17.0.19.10-hotspot\bin\msvcp140.dll
0x00007ff96b680000 - 0x00007ff96c2ec000 	C:\Program Files\Eclipse Adoptium\jdk-17.0.19.10-hotspot\bin\server\jvm.dll
0x00007ffa5fba0000 - 0x00007ffa5fc56000 	C:\WINDOWS\System32\ADVAPI32.dll
0x00007ffa5f1d0000 - 0x00007ffa5f27a000 	C:\WINDOWS\System32\sechost.dll
0x00007ffa5ed80000 - 0x00007ffa5ee98000 	C:\WINDOWS\System32\RPCRT4.dll
0x00007ffa60070000 - 0x00007ffa600f0000 	C:\WINDOWS\System32\WS2_32.dll
0x00007ffa5d230000 - 0x00007ffa5d28e000 	C:\WINDOWS\SYSTEM32\POWRPROF.dll
0x00007ffa54dd0000 - 0x00007ffa54e06000 	C:\WINDOWS\SYSTEM32\WINMM.dll
0x00007ffa4bf90000 - 0x00007ffa4bf9b000 	C:\WINDOWS\SYSTEM32\VERSION.dll
0x00007ffa5d210000 - 0x00007ffa5d224000 	C:\WINDOWS\SYSTEM32\UMPDC.dll
0x00007ffa5c160000 - 0x00007ffa5c17b000 	C:\WINDOWS\SYSTEM32\kernel.appcore.dll
0x00007ffa38000000 - 0x00007ffa3800a000 	C:\Program Files\Eclipse Adoptium\jdk-17.0.19.10-hotspot\bin\jimage.dll
0x00007ffa40390000 - 0x00007ffa405d2000 	C:\WINDOWS\SYSTEM32\DBGHELP.DLL
0x00007ffa5e1e0000 - 0x00007ffa5e563000 	C:\WINDOWS\System32\combase.dll
0x00007ffa5e040000 - 0x00007ffa5e119000 	C:\WINDOWS\System32\OLEAUT32.dll
0x00007ffa36930000 - 0x00007ffa3696b000 	C:\WINDOWS\SYSTEM32\dbgcore.DLL
0x00007ffa5d9b0000 - 0x00007ffa5da58000 	C:\WINDOWS\System32\bcryptPrimitives.dll
0x00007ffa292d0000 - 0x00007ffa292de000 	C:\Program Files\Eclipse Adoptium\jdk-17.0.19.10-hotspot\bin\instrument.dll
0x00007ffa1f6d0000 - 0x00007ffa1f6f5000 	C:\Program Files\Eclipse Adoptium\jdk-17.0.19.10-hotspot\bin\java.dll
0x00007ff9e45c0000 - 0x00007ff9e4697000 	C:\Program Files\Eclipse Adoptium\jdk-17.0.19.10-hotspot\bin\jsvml.dll
0x00007ffa5f390000 - 0x00007ffa5fb14000 	C:\WINDOWS\System32\SHELL32.dll
0x00007ffa5afb0000 - 0x00007ffa5b830000 	C:\WINDOWS\SYSTEM32\windows.storage.dll
0x00007ffa5e7f0000 - 0x00007ffa5e8e6000 	C:\WINDOWS\System32\SHCORE.dll
0x00007ffa5fb20000 - 0x00007ffa5fb87000 	C:\WINDOWS\System32\shlwapi.dll
0x00007ffa5d2f0000 - 0x00007ffa5d319000 	C:\WINDOWS\SYSTEM32\profapi.dll
0x00007ffa1f6b0000 - 0x00007ffa1f6c8000 	C:\Program Files\Eclipse Adoptium\jdk-17.0.19.10-hotspot\bin\zip.dll
0x00007ffa1e810000 - 0x00007ffa1e82a000 	C:\Program Files\Eclipse Adoptium\jdk-17.0.19.10-hotspot\bin\net.dll
0x00007ffa4f1b0000 - 0x00007ffa4f2d9000 	C:\WINDOWS\SYSTEM32\WINHTTP.dll
0x00007ffa5c6d0000 - 0x00007ffa5c73c000 	C:\WINDOWS\system32\mswsock.dll
0x00007ffa1c380000 - 0x00007ffa1c396000 	C:\Program Files\Eclipse Adoptium\jdk-17.0.19.10-hotspot\bin\nio.dll
0x00007ffa28f60000 - 0x00007ffa28f70000 	C:\Program Files\Eclipse Adoptium\jdk-17.0.19.10-hotspot\bin\verify.dll
0x00007ff9c4460000 - 0x00007ff9c4487000 	C:\Users\USER\.gradle\native\1def1411415f61bf3af743bc5b6707747c0891f09f0c88961ee8f79bc544acac\windows-amd64\native-platform.dll
0x00007ff9a2ec0000 - 0x00007ff9a2f38000 	C:\Users\USER\.gradle\native\0.2.7\x86_64-windows-gnu\gradle-fileevents.dll
0x00007ffa28e20000 - 0x00007ffa28e2a000 	C:\Program Files\Eclipse Adoptium\jdk-17.0.19.10-hotspot\bin\management.dll
0x00007ffa1f6a0000 - 0x00007ffa1f6ac000 	C:\Program Files\Eclipse Adoptium\jdk-17.0.19.10-hotspot\bin\management_ext.dll
0x00007ffa5e030000 - 0x00007ffa5e038000 	C:\WINDOWS\System32\PSAPI.DLL
0x00007ffa5bb00000 - 0x00007ffa5bb33000 	C:\WINDOWS\SYSTEM32\IPHLPAPI.DLL
0x00007ffa5e570000 - 0x00007ffa5e57a000 	C:\WINDOWS\System32\NSI.dll
0x00007ffa546d0000 - 0x00007ffa546ed000 	C:\WINDOWS\SYSTEM32\dhcpcsvc6.DLL
0x00007ffa54720000 - 0x00007ffa54745000 	C:\WINDOWS\SYSTEM32\dhcpcsvc.DLL
0x00007ffa5bb40000 - 0x00007ffa5bc8a000 	C:\WINDOWS\SYSTEM32\DNSAPI.dll
0x00007ffa5c4f0000 - 0x00007ffa5c4fd000 	C:\WINDOWS\SYSTEM32\DSPARSE.dll
0x00007ffa1e9b0000 - 0x00007ffa1e9b9000 	C:\Program Files\Eclipse Adoptium\jdk-17.0.19.10-hotspot\bin\extnet.dll
0x00007ffa5c9b0000 - 0x00007ffa5c9cb000 	C:\WINDOWS\SYSTEM32\CRYPTSP.dll
0x00007ffa5c0c0000 - 0x00007ffa5c0f9000 	C:\WINDOWS\system32\rsaenh.dll
0x00007ffa5c780000 - 0x00007ffa5c7b3000 	C:\WINDOWS\SYSTEM32\USERENV.dll
0x00007ffa5d2c0000 - 0x00007ffa5d2ea000 	C:\WINDOWS\SYSTEM32\bcrypt.dll
0x00007ffa5c9d0000 - 0x00007ffa5c9dc000 	C:\WINDOWS\SYSTEM32\CRYPTBASE.dll
0x00007ffa1e800000 - 0x00007ffa1e80e000 	C:\Program Files\Eclipse Adoptium\jdk-17.0.19.10-hotspot\bin\sunmscapi.dll
0x00007ffa5da60000 - 0x00007ffa5dbd8000 	C:\WINDOWS\System32\CRYPT32.dll
0x00007ffa5cbd0000 - 0x00007ffa5cc00000 	C:\WINDOWS\SYSTEM32\ncrypt.dll
0x00007ffa5cb80000 - 0x00007ffa5cbbf000 	C:\WINDOWS\SYSTEM32\NTASN1.dll
0x00007ffa31770000 - 0x00007ffa31778000 	C:\WINDOWS\system32\wshunix.dll

dbghelp: loaded successfully - version: 4.0.5 - missing functions: none
symbol engine: initialized successfully - sym options: 0x614 - pdb path: .;C:\Program Files\Eclipse Adoptium\jdk-17.0.19.10-hotspot\bin;C:\WINDOWS\SYSTEM32;C:\WINDOWS\WinSxS\amd64_microsoft.windows.common-controls_6595b64144ccf1df_6.0.26100.8521_none_3e08b75ce33403b3;C:\Program Files\Eclipse Adoptium\jdk-17.0.19.10-hotspot\bin\server;C:\Users\USER\.gradle\native\1def1411415f61bf3af743bc5b6707747c0891f09f0c88961ee8f79bc544acac\windows-amd64;C:\Users\USER\.gradle\native\0.2.7\x86_64-windows-gnu

VM Arguments:
jvm_args: --add-opens=java.base/java.lang=ALL-UNNAMED --add-opens=java.base/java.lang.invoke=ALL-UNNAMED --add-opens=java.base/java.util=ALL-UNNAMED --add-opens=java.prefs/java.util.prefs=ALL-UNNAMED --add-exports=jdk.compiler/com.sun.tools.javac.api=ALL-UNNAMED --add-exports=jdk.compiler/com.sun.tools.javac.util=ALL-UNNAMED --add-opens=java.base/java.util=ALL-UNNAMED --add-opens=java.prefs/java.util.prefs=ALL-UNNAMED --add-opens=java.base/java.nio.charset=ALL-UNNAMED --add-opens=java.base/java.net=ALL-UNNAMED --add-opens=java.base/java.util.concurrent.atomic=ALL-UNNAMED --add-opens=java.xml/javax.xml.namespace=ALL-UNNAMED -XX:MaxMetaspaceSize=512m -Xmx2048m -Dfile.encoding=UTF-8 -Duser.country=ZW -Duser.language=en -Duser.variant -javaagent:C:\Users\USER\.gradle\wrapper\dists\gradle-8.14.3-bin\cv11ve7ro1n3o1j4so8xd9n66\gradle-8.14.3\lib\agents\gradle-instrumentation-agent-8.14.3.jar 
java_command: org.gradle.launcher.daemon.bootstrap.GradleDaemon 8.14.3
java_class_path (initial): C:\Users\USER\.gradle\wrapper\dists\gradle-8.14.3-bin\cv11ve7ro1n3o1j4so8xd9n66\gradle-8.14.3\lib\gradle-daemon-main-8.14.3.jar
Launcher Type: SUN_STANDARD

[Global flags]
     intx CICompilerCount                          = 4                                         {product} {ergonomic}
   size_t CompressedClassSpaceSize                 = 436207616                                 {product} {ergonomic}
     uint ConcGCThreads                            = 2                                         {product} {ergonomic}
     uint G1ConcRefinementThreads                  = 8                                         {product} {ergonomic}
   size_t G1HeapRegionSize                         = 1048576                                   {product} {ergonomic}
    uintx GCDrainStackTargetSize                   = 64                                        {product} {ergonomic}
   size_t InitialHeapSize                          = 130023424                                 {product} {ergonomic}
   size_t MarkStackSize                            = 4194304                                   {product} {ergonomic}
   size_t MaxHeapSize                              = 2147483648                                {product} {command line}
   size_t MaxMetaspaceSize                         = 536870912                                 {product} {command line}
   size_t MaxNewSize                               = 1287651328                                {product} {ergonomic}
   size_t MinHeapDeltaBytes                        = 1048576                                   {product} {ergonomic}
   size_t MinHeapSize                              = 8388608                                   {product} {ergonomic}
    uintx NonNMethodCodeHeapSize                   = 5839372                                {pd product} {ergonomic}
    uintx NonProfiledCodeHeapSize                  = 122909434                              {pd product} {ergonomic}
    uintx ProfiledCodeHeapSize                     = 122909434                              {pd product} {ergonomic}
    uintx ReservedCodeCacheSize                    = 251658240                              {pd product} {ergonomic}
     bool SegmentedCodeCache                       = true                                      {product} {ergonomic}
   size_t SoftMaxHeapSize                          = 2147483648                             {manageable} {ergonomic}
     bool UseCompressedClassPointers               = true                           {product lp64_product} {ergonomic}
     bool UseCompressedOops                        = true                           {product lp64_product} {ergonomic}
     bool UseG1GC                                  = true                                      {product} {ergonomic}
     bool UseLargePagesIndividualAllocation        = false                                  {pd product} {ergonomic}

Logging:
Log output configuration:
 #0: stdout all=warning uptime,level,tags
 #1: stderr all=off uptime,level,tags

Environment Variables:
JAVA_HOME=C:\Program Files\Android\Android Studio\jbr
PATH=C:\Program Files\Eclipse Adoptium\jdk-17.0.19.10-hotspot\bin;C:\Program Files (x86)\Common Files\Intel\Shared Libraries\redist\intel64\compiler;C:\Program Files\Eclipse Adoptium\jdk-25.0.0.36-hotspot\bin;C:\Program Files (x86)\Common Files\Intel\Shared Files\cpp\bin\Intel64;C:\WINDOWS\system32;C:\WINDOWS;C:\WINDOWS\System32\Wbem;C:\WINDOWS\System32\WindowsPowerShell\v1.0\;C:\WINDOWS\System32\OpenSSH\;C:\ProgramData\chocolatey\bin;C:\Program Files\nodejs\;C:\Program Files\Git\cmd;C:\Users\USER\AppData\Local\Programs\Python\Python313\Scripts\;C:\Users\USER\AppData\Local\Programs\Python\Python313\;C:\Users\USER\AppData\Local\Microsoft\WindowsApps;C:\Users\USER\AppData\Local\Programs\Microsoft VS Code\bin;C:\Users\USER\AppData\Local\GitHubDesktop\bin;C:\Users\USER\AppData\Roaming\npm;C:\Users\USER\AppData\Local\Programs\mongosh\;
USERNAME=USER
OS=Windows_NT
PROCESSOR_IDENTIFIER=Intel64 Family 6 Model 186 Stepping 3, GenuineIntel
TMP=C:\Users\USER\AppData\Local\Temp
TEMP=C:\Users\USER\AppData\Local\Temp



Periodic native trim disabled


---------------  S Y S T E M  ---------------

OS:
 Windows 11 , 64 bit Build 26100 (10.0.26100.8521)
OS uptime: 0 days 1:05 hours

CPU: total 8 (initial active 8) (8 cores per cpu, 1 threads per core) family 6 model 186 stepping 3 microcode 0x6134, cx8, cmov, fxsr, mmx, 3dnowpref, sse, sse2, sse3, ssse3, sse4.1, sse4.2, popcnt, lzcnt, tsc, tscinvbit, avx, avx2, aes, erms, clmul, bmi1, bmi2, adx, sha, fma, vzeroupper, clflush, clflushopt, clwb
Processor Information for all 8 processors :
  Max Mhz: 1200, Current Mhz: 1200, Mhz Limit: 1200

Memory: 4k page, system-wide physical 7835M (197M free)
TotalPageFile size 31387M (AvailPageFile size 0M)
current process WorkingSet (physical memory assigned to process): 115M, peak: 189M
current process commit charge ("private bytes"): 433M, peak: 467M

vm_info: OpenJDK 64-Bit Server VM (17.0.19+10) for windows-amd64 JRE (17.0.19+10), built on Apr 25 2026 08:04:44 by "admin" with MS VC++ 17.12 (VS2022)

END.
